Archive member included to satisfy reference by file (symbol)

c:/program files (x86)/gnu tools arm embedded/5.4 2016q3/bin/../lib/gcc/arm-none-eabi/5.4.1/armv7-m\libgcc.a(_aeabi_uldivmod.o)
                              ..\obj\system.o (__aeabi_uldivmod)
c:/program files (x86)/gnu tools arm embedded/5.4 2016q3/bin/../lib/gcc/arm-none-eabi/5.4.1/armv7-m\libgcc.a(_udivmoddi4.o)
                              c:/program files (x86)/gnu tools arm embedded/5.4 2016q3/bin/../lib/gcc/arm-none-eabi/5.4.1/armv7-m\libgcc.a(_aeabi_uldivmod.o) (__udivmoddi4)
c:/program files (x86)/gnu tools arm embedded/5.4 2016q3/bin/../lib/gcc/arm-none-eabi/5.4.1/armv7-m\libgcc.a(unwind-arm.o)
                              ..\obj\spi.o (__aeabi_unwind_cpp_pr0)
c:/program files (x86)/gnu tools arm embedded/5.4 2016q3/bin/../lib/gcc/arm-none-eabi/5.4.1/armv7-m\libgcc.a(libunwind.o)
                              c:/program files (x86)/gnu tools arm embedded/5.4 2016q3/bin/../lib/gcc/arm-none-eabi/5.4.1/armv7-m\libgcc.a(unwind-arm.o) (restore_core_regs)
c:/program files (x86)/gnu tools arm embedded/5.4 2016q3/bin/../lib/gcc/arm-none-eabi/5.4.1/armv7-m\libgcc.a(pr-support.o)
                              c:/program files (x86)/gnu tools arm embedded/5.4 2016q3/bin/../lib/gcc/arm-none-eabi/5.4.1/armv7-m\libgcc.a(unwind-arm.o) (__gnu_unwind_execute)
c:/program files (x86)/gnu tools arm embedded/5.4 2016q3/bin/../lib/gcc/arm-none-eabi/5.4.1/armv7-m\libgcc.a(_dvmd_tls.o)
                              c:/program files (x86)/gnu tools arm embedded/5.4 2016q3/bin/../lib/gcc/arm-none-eabi/5.4.1/armv7-m\libgcc.a(_aeabi_uldivmod.o) (__aeabi_ldiv0)
c:/program files (x86)/gnu tools arm embedded/5.4 2016q3/bin/../lib/gcc/arm-none-eabi/5.4.1/../../../../arm-none-eabi/lib/armv7-m\libc.a(lib_a-memcpy.o)
                              c:/program files (x86)/gnu tools arm embedded/5.4 2016q3/bin/../lib/gcc/arm-none-eabi/5.4.1/armv7-m\libgcc.a(unwind-arm.o) (memcpy)
c:/program files (x86)/gnu tools arm embedded/5.4 2016q3/bin/../lib/gcc/arm-none-eabi/5.4.1/../../../../arm-none-eabi/lib/armv7-m\libc.a(lib_a-vsprintf.o)
                              ..\obj\usart.o (vsprintf)
c:/program files (x86)/gnu tools arm embedded/5.4 2016q3/bin/../lib/gcc/arm-none-eabi/5.4.1/../../../../arm-none-eabi/lib/armv7-m\libc.a(lib_a-impure.o)
                              c:/program files (x86)/gnu tools arm embedded/5.4 2016q3/bin/../lib/gcc/arm-none-eabi/5.4.1/../../../../arm-none-eabi/lib/armv7-m\libc.a(lib_a-vsprintf.o) (_impure_ptr)
c:/program files (x86)/gnu tools arm embedded/5.4 2016q3/bin/../lib/gcc/arm-none-eabi/5.4.1/../../../../arm-none-eabi/lib/armv7-m\libc.a(lib_a-svfprintf.o)
                              c:/program files (x86)/gnu tools arm embedded/5.4 2016q3/bin/../lib/gcc/arm-none-eabi/5.4.1/../../../../arm-none-eabi/lib/armv7-m\libc.a(lib_a-vsprintf.o) (_svfprintf_r)
c:/program files (x86)/gnu tools arm embedded/5.4 2016q3/bin/../lib/gcc/arm-none-eabi/5.4.1/../../../../arm-none-eabi/lib/armv7-m\libc.a(lib_a-dtoa.o)
                              c:/program files (x86)/gnu tools arm embedded/5.4 2016q3/bin/../lib/gcc/arm-none-eabi/5.4.1/../../../../arm-none-eabi/lib/armv7-m\libc.a(lib_a-svfprintf.o) (_dtoa_r)
c:/program files (x86)/gnu tools arm embedded/5.4 2016q3/bin/../lib/gcc/arm-none-eabi/5.4.1/../../../../arm-none-eabi/lib/armv7-m\libc.a(lib_a-localeconv.o)
                              c:/program files (x86)/gnu tools arm embedded/5.4 2016q3/bin/../lib/gcc/arm-none-eabi/5.4.1/../../../../arm-none-eabi/lib/armv7-m\libc.a(lib_a-svfprintf.o) (_localeconv_r)
c:/program files (x86)/gnu tools arm embedded/5.4 2016q3/bin/../lib/gcc/arm-none-eabi/5.4.1/../../../../arm-none-eabi/lib/armv7-m\libc.a(lib_a-mallocr.o)
                              c:/program files (x86)/gnu tools arm embedded/5.4 2016q3/bin/../lib/gcc/arm-none-eabi/5.4.1/../../../../arm-none-eabi/lib/armv7-m\libc.a(lib_a-svfprintf.o) (_malloc_r)
c:/program files (x86)/gnu tools arm embedded/5.4 2016q3/bin/../lib/gcc/arm-none-eabi/5.4.1/../../../../arm-none-eabi/lib/armv7-m\libc.a(lib_a-memchr-stub.o)
                              c:/program files (x86)/gnu tools arm embedded/5.4 2016q3/bin/../lib/gcc/arm-none-eabi/5.4.1/../../../../arm-none-eabi/lib/armv7-m\libc.a(lib_a-svfprintf.o) (memchr)
c:/program files (x86)/gnu tools arm embedded/5.4 2016q3/bin/../lib/gcc/arm-none-eabi/5.4.1/../../../../arm-none-eabi/lib/armv7-m\libc.a(lib_a-mlock.o)
                              c:/program files (x86)/gnu tools arm embedded/5.4 2016q3/bin/../lib/gcc/arm-none-eabi/5.4.1/../../../../arm-none-eabi/lib/armv7-m\libc.a(lib_a-mallocr.o) (__malloc_lock)
c:/program files (x86)/gnu tools arm embedded/5.4 2016q3/bin/../lib/gcc/arm-none-eabi/5.4.1/../../../../arm-none-eabi/lib/armv7-m\libc.a(lib_a-mprec.o)
                              c:/program files (x86)/gnu tools arm embedded/5.4 2016q3/bin/../lib/gcc/arm-none-eabi/5.4.1/../../../../arm-none-eabi/lib/armv7-m\libc.a(lib_a-dtoa.o) (_Balloc)
[...]
Memory Configuration

Name             Origin             Length             Attributes
rom              0x08000000         0x00010000         xr
ram              0x20000000         0x00005000         xrw
*default*        0x00000000         0xffffffff

Linker script and memory map

                0x20005000                _eram = 0x20005000

.text           0x08000000     0x9599
 *(.isr_vector)
 .isr_vector    0x08000000      0x10c ..\obj\startup_stm32f10x_md.o
                0x08000000                g_pfnVectors
 *(.text*)
 .text.SPI1_IRQHandler
                0x0800010c       0x50 ..\obj\spi.o
                0x0800010c                SPI1_IRQHandler
 .text.TIM_TimeBaseInit
                0x0800015c       0xf8 ..\obj\stm32f10x_tim.o
                0x0800015c                TIM_TimeBaseInit
 .text.TIM_OC1Init
                0x08000254      0x118 ..\obj\stm32f10x_tim.o
                0x08000254                TIM_OC1Init
 .text.TIM_OC2Init
                0x0800036c      0x110 ..\obj\stm32f10x_tim.o
                0x0800036c                TIM_OC2Init
 .text.TIM_OC3Init
                0x0800047c      0x10c ..\obj\stm32f10x_tim.o
                0x0800047c                TIM_OC3Init
 .text.TIM_OC4Init
                0x08000588       0xd0 ..\obj\stm32f10x_tim.o
                0x08000588                TIM_OC4Init
 .text.TIM_BDTRConfig
                0x08000658       0x50 ..\obj\stm32f10x_tim.o
                0x08000658                TIM_BDTRConfig
 .text.TIM_TimeBaseStructInit
                0x080006a8       0x34 ..\obj\stm32f10x_tim.o
                0x080006a8                TIM_TimeBaseStructInit
 .text.TIM_OCStructInit
                0x080006dc       0x44 ..\obj\stm32f10x_tim.o
                0x080006dc                TIM_OCStructInit
 .text.TIM_BDTRStructInit
                0x08000720       0x3c ..\obj\stm32f10x_tim.o
                0x08000720                TIM_BDTRStructInit
 .text.TIM_Cmd  0x0800075c       0x40 ..\obj\stm32f10x_tim.o
                0x0800075c                TIM_Cmd
 .text.TIM_ITConfig
                0x0800079c       0x48 ..\obj\stm32f10x_tim.o
                0x0800079c                TIM_ITConfig
 .text.TIM_EncoderInterfaceConfig
                0x080007e4       0x98 ..\obj\stm32f10x_tim.o
                0x080007e4                TIM_EncoderInterfaceConfig
 .text.TIM_ARRPreloadConfig
                0x0800087c       0x40 ..\obj\stm32f10x_tim.o
                0x0800087c                TIM_ARRPreloadConfig
 .text.TIM_ClearITPendingBit
                0x080008bc       0x20 ..\obj\stm32f10x_tim.o
                0x080008bc                TIM_ClearITPendingBit
 .text.SystemInit
                0x080008dc       0x68 ..\obj\system_stm32f10x.o
                0x080008dc                SystemInit
 .text.SetSysClock
                0x08000944        0xc ..\obj\system_stm32f10x.o
 .text.SetSysClockTo72
                0x08000950      0x100 ..\obj\system_stm32f10x.o
 .text._ZN3TIM8pwmSetupEP11TIM_TypeDefttt
                0x08000a50      0x138 ..\obj\tim.o
                0x08000a50                TIM::pwmSetup(TIM_TypeDef*, unsigned short, unsigned short, unsigned short)
 .text._ZN3TIM4dutyEt
                0x08000b88      0x110 ..\obj\tim.o
                0x08000b88                TIM::duty(unsigned short)
 .text._ZN3TIM12encoderSetupEP11TIM_TypeDef
                0x08000c98       0x8c ..\obj\tim.o
                0x08000c98                TIM::encoderSetup(TIM_TypeDef*)
 .text._ZN3TIM4readEv
                0x08000d24       0x68 ..\obj\tim.o
                0x08000d24                TIM::read()
 .text._ZN3TIM10timerSetupEP11TIM_TypeDef
                0x08000d8c       0xb4 ..\obj\tim.o
                0x08000d8c                TIM::timerSetup(TIM_TypeDef*)
 .text._Z9TIM1Setupt
                0x08000e40       0x78 ..\obj\tim.o
                0x08000e40                TIM1Setup(unsigned short)
 .text._Z9TIM2Setupt
                0x08000eb8       0x40 ..\obj\tim.o
                0x08000eb8                TIM2Setup(unsigned short)
 .text._Z9TIM3Setupt
                0x08000ef8       0x40 ..\obj\tim.o
                0x08000ef8                TIM3Setup(unsigned short)
 .text._Z9TIM4Setupt
                0x08000f38       0x40 ..\obj\tim.o
                0x08000f38                TIM4Setup(unsigned short)
 .text._Z11TIM1ITSetupt
                0x08000f78       0x3c ..\obj\tim.o
                0x08000f78                TIM1ITSetup(unsigned short)
 .text._Z11TIM2ITSetupt
                0x08000fb4       0x3c ..\obj\tim.o
                0x08000fb4                TIM2ITSetup(unsigned short)
 .text._Z11TIM3ITSetupt
                0x08000ff0       0x3c ..\obj\tim.o
                0x08000ff0                TIM3ITSetup(unsigned short)
 .text._Z11TIM4ITSetupt
                0x0800102c       0x3c ..\obj\tim.o
                0x0800102c                TIM4ITSetup(unsigned short)
 .text._Z11OC1PWMSetupP11TIM_TypeDeft
                0x08001068       0x4c ..\obj\tim.o
                0x08001068                OC1PWMSetup(TIM_TypeDef*, unsigned short)
 .text._Z11OC2PWMSetupP11TIM_TypeDeft
                0x080010b4       0x4c ..\obj\tim.o
                0x080010b4                OC2PWMSetup(TIM_TypeDef*, unsigned short)
 .text._Z11OC3PWMSetupP11TIM_TypeDeft
                0x08001100       0x4c ..\obj\tim.o
                0x08001100                OC3PWMSetup(TIM_TypeDef*, unsigned short)
 .text._Z11OC4PWMSetupP11TIM_TypeDeft
                0x0800114c       0x4c ..\obj\tim.o
                0x0800114c                OC4PWMSetup(TIM_TypeDef*, unsigned short)
 .text._Z10OC1DutySetP11TIM_TypeDeft
                0x08001198       0x1c ..\obj\tim.o
                0x08001198                OC1DutySet(TIM_TypeDef*, unsigned short)
 .text._Z10OC2DutySetP11TIM_TypeDeft
                0x080011b4       0x1c ..\obj\tim.o
                0x080011b4                OC2DutySet(TIM_TypeDef*, unsigned short)
 .text._Z10OC3DutySetP11TIM_TypeDeft
                0x080011d0       0x1c ..\obj\tim.o
                0x080011d0                OC3DutySet(TIM_TypeDef*, unsigned short)
 .text._Z10OC4DutySetP11TIM_TypeDeft
                0x080011ec       0x20 ..\obj\tim.o
                0x080011ec                OC4DutySet(TIM_TypeDef*, unsigned short)
 .text._Z16TIM1EncoderSetupv
                0x0800120c       0x54 ..\obj\tim.o
                0x0800120c                TIM1EncoderSetup()
 .text._Z16TIM2EncoderSetupv
                0x08001260       0x54 ..\obj\tim.o
                0x08001260                TIM2EncoderSetup()
 .text._Z16TIM3EncoderSetupv
                0x080012b4       0x50 ..\obj\tim.o
                0x080012b4                TIM3EncoderSetup()
 .text._Z16TIM4EncoderSetupv
                0x08001304       0x50 ..\obj\tim.o
                0x08001304                TIM4EncoderSetup()
 .text._Z8TIM1Readv
                0x08001354       0x24 ..\obj\tim.o
                0x08001354                TIM1Read()
 .text._Z8TIM2Readv
                0x08001378       0x24 ..\obj\tim.o
                0x08001378                TIM2Read()
 .text._Z8TIM3Readv
                0x0800139c       0x24 ..\obj\tim.o
                0x0800139c                TIM3Read()
 .text._Z8TIM4Readv
                0x080013c0       0x24 ..\obj\tim.o
                0x080013c0                TIM4Read()
 .text._Z16TIM1_ENCODER_IRQv
                0x080013e4       0x40 ..\obj\tim.o
                0x080013e4                TIM1_ENCODER_IRQ()
 .text._Z16TIM2_ENCODER_IRQv
                0x08001424       0x3c ..\obj\tim.o
                0x08001424                TIM2_ENCODER_IRQ()
 .text._Z16TIM3_ENCODER_IRQv
                0x08001460       0x40 ..\obj\tim.o
                0x08001460                TIM3_ENCODER_IRQ()
 .text._Z16TIM4_ENCODER_IRQv
                0x080014a0       0x40 ..\obj\tim.o
                0x080014a0                TIM4_ENCODER_IRQ()
 .text._Z19TIM1_TIM_Update_IRQv
                0x080014e0       0x1c ..\obj\tim.o
                0x080014e0                TIM1_TIM_Update_IRQ()
 .text._Z19TIM2_TIM_Update_IRQv
                0x080014fc       0x1c ..\obj\tim.o
                0x080014fc                TIM2_TIM_Update_IRQ()
 .text._Z19TIM3_TIM_Update_IRQv
                0x08001518       0x1c ..\obj\tim.o
                0x08001518                TIM3_TIM_Update_IRQ()
 .text._Z19TIM4_TIM_Update_IRQv
                0x08001534       0x1c ..\obj\tim.o
                0x08001534                TIM4_TIM_Update_IRQ()
 .text.TIM1_UP_IRQHandler
                0x08001550       0x40 ..\obj\tim.o
                0x08001550                TIM1_UP_IRQHandler
 .text.TIM2_IRQHandler
                0x08001590       0x54 ..\obj\tim.o
                0x08001590                TIM2_IRQHandler
 .text.TIM3_IRQHandler
                0x080015e4       0x50 ..\obj\tim.o
                0x080015e4                TIM3_IRQHandler
 .text.TIM4_IRQHandler
                0x08001634       0x50 ..\obj\tim.o
                0x08001634                TIM4_IRQHandler
 .text.Default_Reset_Handler
                0x08001684       0x60 ..\obj\startup_stm32f10x_md.o
                0x08001684                Default_Reset_Handler
                0x08001684                Reset_Handler
 .text.Default_Handler
                0x080016e4        0x8 ..\obj\startup_stm32f10x_md.o
                0x080016e4                EXTI2_IRQHandler
                0x080016e4                DebugMon_Handler
                0x080016e4                TIM1_CC_IRQHandler
                0x080016e4                HardFault_Handler
                0x080016e4                PVD_IRQHandler
                0x080016e4                PendSV_Handler
                0x080016e4                NMI_Handler
                0x080016e4                EXTI3_IRQHandler
                0x080016e4                EXTI0_IRQHandler
                0x080016e4                I2C2_EV_IRQHandler
                0x080016e4                UsageFault_Handler
                0x080016e4                ADC1_2_IRQHandler
                0x080016e4                TAMPER_IRQHandler
                0x080016e4                DMA1_Channel4_IRQHandler
                0x080016e4                RTC_IRQHandler
                0x080016e4                DMA1_Channel7_IRQHandler
                0x080016e4                CAN1_RX1_IRQHandler
                0x080016e4                I2C1_EV_IRQHandler
                0x080016e4                DMA1_Channel6_IRQHandler
                0x080016e4                RCC_IRQHandler
                0x080016e4                TIM1_TRG_COM_IRQHandler
                0x080016e4                DMA1_Channel1_IRQHandler
                0x080016e4                EXTI15_10_IRQHandler
                0x080016e4                EXTI9_5_IRQHandler
                0x080016e4                SPI2_IRQHandler
                0x080016e4                MemManage_Handler
                0x080016e4                SVC_Handler
                0x080016e4                DMA1_Channel5_IRQHandler
                0x080016e4                EXTI4_IRQHandler
                0x080016e4                USB_HP_CAN1_TX_IRQHandler
                0x080016e4                DMA1_Channel3_IRQHandler
                0x080016e4                WWDG_IRQHandler
                0x080016e4                TIM1_BRK_IRQHandler
                0x080016e4                EXTI1_IRQHandler
                0x080016e4                RTCAlarm_IRQHandler
                0x080016e4                I2C2_ER_IRQHandler
                0x080016e4                DMA1_Channel2_IRQHandler
                0x080016e4                CAN1_SCE_IRQHandler
                0x080016e4                FLASH_IRQHandler
                0x080016e4                BusFault_Handler
                0x080016e4                I2C1_ER_IRQHandler
                0x080016e4                USBWakeUp_IRQHandler
 .text.CAN_DeInit
                0x080016ec       0x48 ..\obj\stm32f10x_can.o
                0x080016ec                CAN_DeInit
 .text.CAN_Init
                0x08001734      0x1a0 ..\obj\stm32f10x_can.o
                0x08001734                CAN_Init
 .text.CAN_FilterInit
                0x080018d4      0x174 ..\obj\stm32f10x_can.o
                0x080018d4                CAN_FilterInit
 .text.CAN_StructInit
                0x08001a48       0x54 ..\obj\stm32f10x_can.o
                0x08001a48                CAN_StructInit
 .text.CAN_Receive
                0x08001a9c      0x174 ..\obj\stm32f10x_can.o
                0x08001a9c                CAN_Receive
 .text.CAN_ITConfig
                0x08001c10       0x3c ..\obj\stm32f10x_can.o
                0x08001c10                CAN_ITConfig
 .text.GPIO_Init
                0x08001c4c      0x178 ..\obj\stm32f10x_gpio.o
                0x08001c4c                GPIO_Init
 .text.GPIO_StructInit
                0x08001dc4       0x28 ..\obj\stm32f10x_gpio.o
                0x08001dc4                GPIO_StructInit
 .text.GPIO_ReadInputDataBit
                0x08001dec       0x34 ..\obj\stm32f10x_gpio.o
                0x08001dec                GPIO_ReadInputDataBit
 .text.GPIO_WriteBit
                0x08001e20       0x30 ..\obj\stm32f10x_gpio.o
                0x08001e20                GPIO_WriteBit
 .text.main     0x08001e50      0x6cc ..\obj\main.o
                0x08001e50                main
 .text.USB_LP_CAN1_RX0_IRQHandler
                0x0800251c      0x128 ..\obj\main.o
                0x0800251c                USB_LP_CAN1_RX0_IRQHandler
 .text.NVIC_SetPriority
                0x08002644       0x54 ..\obj\system.o
 .text.SysTick_Config
                0x08002698       0x44 ..\obj\system.o
 .text._Z5setupv
                0x080026dc       0x24 ..\obj\system.o
                0x080026dc                setup()
 .text._Z5delaym
                0x08002700       0x58 ..\obj\system.o
                0x08002700                delay(unsigned long)
 .text._Z6microsv
                0x08002758       0x2c ..\obj\system.o
                0x08002758                micros()
 .text._Z6millisv
                0x08002784       0x20 ..\obj\system.o
                0x08002784                millis()
 .text.SysTick_Handler
                0x080027a4       0x20 ..\obj\system.o
                0x080027a4                SysTick_Handler
 .text._ZN3CAN5setupEP11CAN_TypeDef
                0x080027c4       0x2c ..\obj\can.o
                0x080027c4                CAN::setup(CAN_TypeDef*)
 .text._ZN3CAN9filterAddEtttt
                0x080027f0       0x30 ..\obj\can.o
                0x080027f0                CAN::filterAdd(unsigned short, unsigned short, unsigned short, unsigned short)
 .text._Z9CAN1Setupv
                0x08002820       0x80 ..\obj\can.o
                0x08002820                CAN1Setup()
 .text._Z12CANFilterAddtttt
                0x080028a0       0x84 ..\obj\can.o
                0x080028a0                CANFilterAdd(unsigned short, unsigned short, unsigned short, unsigned short)
 .text.RCC_GetClocksFreq
                0x08002924      0x160 ..\obj\stm32f10x_rcc.o
                0x08002924                RCC_GetClocksFreq
 .text.RCC_APB2PeriphClockCmd
                0x08002a84       0x3c ..\obj\stm32f10x_rcc.o
                0x08002a84                RCC_APB2PeriphClockCmd
 .text.RCC_APB1PeriphClockCmd
                0x08002ac0       0x3c ..\obj\stm32f10x_rcc.o
                0x08002ac0                RCC_APB1PeriphClockCmd
 .text.RCC_APB1PeriphResetCmd
                0x08002afc       0x3c ..\obj\stm32f10x_rcc.o
                0x08002afc                RCC_APB1PeriphResetCmd
 .text._ZN4GPIO5setupEP12GPIO_TypeDeft16GPIOMode_TypeDef
                0x08002b38       0x7c ..\obj\gpio.o
                0x08002b38                GPIO::setup(GPIO_TypeDef*, unsigned short, GPIOMode_TypeDef)
 .text._ZN4GPIO5writeE9BitAction
                0x08002bb4       0x28 ..\obj\gpio.o
                0x08002bb4                GPIO::write(BitAction)
 .text._ZN4GPIO4readEv
                0x08002bdc       0x24 ..\obj\gpio.o
                0x08002bdc                GPIO::read()
 .text._ZN5MOTOR5setupER3TIMS1_
                0x08002c00       0x24 ..\obj\motor.o
                0x08002c00                MOTOR::setup(TIM&, TIM&)
 .text._ZN5MOTOR4dutyEl
                0x08002c24       0x74 ..\obj\motor.o
                0x08002c24                MOTOR::duty(long)
 .text.USART_Init
                0x08002c98      0x174 ..\obj\stm32f10x_usart.o
                0x08002c98                USART_Init
 .text.USART_StructInit
                0x08002e0c       0x38 ..\obj\stm32f10x_usart.o
                0x08002e0c                USART_StructInit
 .text.USART_Cmd
                0x08002e44       0x40 ..\obj\stm32f10x_usart.o
                0x08002e44                USART_Cmd
 .text.USART_ITConfig
                0x08002e84       0x90 ..\obj\stm32f10x_usart.o
                0x08002e84                USART_ITConfig
 .text.USART_SendData
                0x08002f14       0x24 ..\obj\stm32f10x_usart.o
                0x08002f14                USART_SendData
 .text.USART_ReceiveData
                0x08002f38       0x20 ..\obj\stm32f10x_usart.o
                0x08002f38                USART_ReceiveData
 .text.USART_GetITStatus
                0x08002f58       0xb4 ..\obj\stm32f10x_usart.o
                0x08002f58                USART_GetITStatus
 .text._sbrk    0x0800300c       0x3c ..\obj\syscalls.o
                0x0800300c                _sbrk
 .text.abort    0x08003048        0x8 ..\obj\syscalls.o
                0x08003048                abort
 .text.NVIC_Init
                0x08003050       0xc4 ..\obj\misc.o
                0x08003050                NVIC_Init
 .text.SPI_I2S_GetITStatus
                0x08003114       0x74 ..\obj\stm32f10x_spi.o
                0x08003114                SPI_I2S_GetITStatus
 .text.SPI_I2S_ClearITPendingBit
                0x08003188       0x34 ..\obj\stm32f10x_spi.o
                0x08003188                SPI_I2S_ClearITPendingBit
 .text._ZN5USART4putsEPKc
                0x080031bc       0x3c ..\obj\usart.o
                0x080031bc                USART::puts(char const*)
 .text._ZN5USART6printfEPKcz
                0x080031f8       0x40 ..\obj\usart.o
                0x080031f8                USART::printf(char const*, ...)
 .text._ZN5USART5setupEP13USART_TypeDefm
                0x08003238       0xb0 ..\obj\usart.o
                0x08003238                USART::setup(USART_TypeDef*, unsigned long)
 .text._ZN5USART4sendEc
                0x080032e8      0x17c ..\obj\usart.o
                0x080032e8                USART::send(char)
 .text._Z11USART1Setupm
                0x08003464       0x54 ..\obj\usart.o
                0x08003464                USART1Setup(unsigned long)
 .text._Z11USART2Setupm
                0x080034b8       0x54 ..\obj\usart.o
                0x080034b8                USART2Setup(unsigned long)
 .text._Z11USART3Setupm
                0x0800350c       0x54 ..\obj\usart.o
                0x0800350c                USART3Setup(unsigned long)
 .text._Z13USART1ITSetupt
                0x08003560       0x38 ..\obj\usart.o
                0x08003560                USART1ITSetup(unsigned short)
 .text._Z13USART2ITSetupt
                0x08003598       0x38 ..\obj\usart.o
                0x08003598                USART2ITSetup(unsigned short)
 .text._Z13USART3ITSetupt
                0x080035d0       0x38 ..\obj\usart.o
                0x080035d0                USART3ITSetup(unsigned short)
 .text.USART1_IRQHandler
                0x08003608       0xe8 ..\obj\usart.o
                0x08003608                USART1_IRQHandler
 .text.USART2_IRQHandler
                0x080036f0       0xe8 ..\obj\usart.o
                0x080036f0                USART2_IRQHandler
 .text.USART3_IRQHandler
                0x080037d8       0xe8 ..\obj\usart.o
                0x080037d8                USART3_IRQHandler
 .text          0x080038c0       0x30 c:/program files (x86)/gnu tools arm embedded/5.4 2016q3/bin/../lib/gcc/arm-none-eabi/5.4.1/armv7-m\libgcc.a(_aeabi_uldivmod.o)
                0x080038c0                __aeabi_uldivmod
 .text          0x080038f0      0x2ec c:/program files (x86)/gnu tools arm embedded/5.4 2016q3/bin/../lib/gcc/arm-none-eabi/5.4.1/armv7-m\libgcc.a(_udivmoddi4.o)
                0x080038f0                __udivmoddi4
 .text          0x08003bdc      0x9e4 c:/program files (x86)/gnu tools arm embedded/5.4 2016q3/bin/../lib/gcc/arm-none-eabi/5.4.1/armv7-m\libgcc.a(unwind-arm.o)
                0x08003e9c                _Unwind_GetCFA
                0x08003ea0                __gnu_Unwind_RaiseException
                0x08003f00                __gnu_Unwind_ForcedUnwind
                0x08003f14                __gnu_Unwind_Resume
                0x08003f58                __gnu_Unwind_Resume_or_Rethrow
                0x08003f6c                _Unwind_Complete
                0x08003f70                _Unwind_DeleteException
                0x08003f7c                _Unwind_VRS_Get
                0x08003fc8                _Unwind_VRS_Set
                0x08004018                __gnu_Unwind_Backtrace
                0x08004364                __aeabi_unwind_cpp_pr0
                0x08004368                __aeabi_unwind_cpp_pr1
                0x0800436c                __aeabi_unwind_cpp_pr2
                0x08004370                _Unwind_VRS_Pop
 .text          0x080045c0      0x1ac c:/program files (x86)/gnu tools arm embedded/5.4 2016q3/bin/../lib/gcc/arm-none-eabi/5.4.1/armv7-m\libgcc.a(libunwind.o)
                0x080045c0                __restore_core_regs
                0x080045c0                restore_core_regs
                0x080045d8                __gnu_Unwind_Restore_VFP
                0x080045e0                __gnu_Unwind_Save_VFP
                0x080045e8                __gnu_Unwind_Restore_VFP_D
                0x080045f0                __gnu_Unwind_Save_VFP_D
                0x080045f8                __gnu_Unwind_Restore_VFP_D_16_to_31
                0x08004600                __gnu_Unwind_Save_VFP_D_16_to_31
                0x08004608                __gnu_Unwind_Restore_WMMXD
                0x0800464c                __gnu_Unwind_Save_WMMXD
                0x08004690                __gnu_Unwind_Restore_WMMXC
                0x080046a4                __gnu_Unwind_Save_WMMXC
                0x080046b8                ___Unwind_RaiseException
                0x080046b8                _Unwind_RaiseException
                0x080046dc                _Unwind_Resume
                0x080046dc                ___Unwind_Resume
                0x08004700                _Unwind_Resume_or_Rethrow
                0x08004700                ___Unwind_Resume_or_Rethrow
                0x08004724                _Unwind_ForcedUnwind
                0x08004724                ___Unwind_ForcedUnwind
                0x08004748                ___Unwind_Backtrace
                0x08004748                _Unwind_Backtrace
 .text          0x0800476c      0x354 c:/program files (x86)/gnu tools arm embedded/5.4 2016q3/bin/../lib/gcc/arm-none-eabi/5.4.1/armv7-m\libgcc.a(pr-support.o)
                0x080047c4                __gnu_unwind_execute
                0x08004a68                __gnu_unwind_frame
                0x08004a90                _Unwind_GetRegionStart
                0x08004a9c                _Unwind_GetLanguageSpecificData
                0x08004ab0                _Unwind_GetTextRelBase
                0x08004ab8                _Unwind_GetDataRelBase
 .text          0x08004ac0        0x4 c:/program files (x86)/gnu tools arm embedded/5.4 2016q3/bin/../lib/gcc/arm-none-eabi/5.4.1/armv7-m\libgcc.a(_dvmd_tls.o)
                0x08004ac0                __aeabi_idiv0
                0x08004ac0                __aeabi_ldiv0
 .text          0x08004ac4       0xec c:/program files (x86)/gnu tools arm embedded/5.4 2016q3/bin/../lib/gcc/arm-none-eabi/5.4.1/../../../../arm-none-eabi/lib/armv7-m\libc.a(lib_a-memcpy.o)
                0x08004ac4                memcpy
 .text._vsprintf_r
                0x08004bb0       0x34 c:/program files (x86)/gnu tools arm embedded/5.4 2016q3/bin/../lib/gcc/arm-none-eabi/5.4.1/../../../../arm-none-eabi/lib/armv7-m\libc.a(lib_a-vsprintf.o)
                0x08004bb0                _vsprintf_r
 .text.vsprintf
                0x08004be4       0x18 c:/program files (x86)/gnu tools arm embedded/5.4 2016q3/bin/../lib/gcc/arm-none-eabi/5.4.1/../../../../arm-none-eabi/lib/armv7-m\libc.a(lib_a-vsprintf.o)
                0x08004be4                vsprintf
 .text._svfprintf_r
                0x08004bfc     0x1760 c:/program files (x86)/gnu tools arm embedded/5.4 2016q3/bin/../lib/gcc/arm-none-eabi/5.4.1/../../../../arm-none-eabi/lib/armv7-m\libc.a(lib_a-svfprintf.o)
                0x08004bfc                _svfprintf_r
 .text.quorem   0x0800635c      0x12c c:/program files (x86)/gnu tools arm embedded/5.4 2016q3/bin/../lib/gcc/arm-none-eabi/5.4.1/../../../../arm-none-eabi/lib/armv7-m\libc.a(lib_a-dtoa.o)
 .text._dtoa_r  0x08006488      0xe4c c:/program files (x86)/gnu tools arm embedded/5.4 2016q3/bin/../lib/gcc/arm-none-eabi/5.4.1/../../../../arm-none-eabi/lib/armv7-m\libc.a(lib_a-dtoa.o)
                0x08006488                _dtoa_r
 .text._localeconv_r
                0x080072d4       0x1c c:/program files (x86)/gnu tools arm embedded/5.4 2016q3/bin/../lib/gcc/arm-none-eabi/5.4.1/../../../../arm-none-eabi/lib/armv7-m\libc.a(lib_a-localeconv.o)
                0x080072d4                _localeconv_r
 .text._malloc_r
                0x080072f0      0x558 c:/program files (x86)/gnu tools arm embedded/5.4 2016q3/bin/../lib/gcc/arm-none-eabi/5.4.1/../../../../arm-none-eabi/lib/armv7-m\libc.a(lib_a-mallocr.o)
                0x080072f0                _malloc_r
 .text.memchr   0x08007848       0x8c c:/program files (x86)/gnu tools arm embedded/5.4 2016q3/bin/../lib/gcc/arm-none-eabi/5.4.1/../../../../arm-none-eabi/lib/armv7-m\libc.a(lib_a-memchr-stub.o)
                0x08007848                memchr
 .text.__malloc_lock
                0x080078d4        0x4 c:/program files (x86)/gnu tools arm embedded/5.4 2016q3/bin/../lib/gcc/arm-none-eabi/5.4.1/../../../../arm-none-eabi/lib/armv7-m\libc.a(lib_a-mlock.o)
                0x080078d4                __malloc_lock
 .text.__malloc_unlock
                0x080078d8        0x4 c:/program files (x86)/gnu tools arm embedded/5.4 2016q3/bin/../lib/gcc/arm-none-eabi/5.4.1/../../../../arm-none-eabi/lib/armv7-m\libc.a(lib_a-mlock.o)
                0x080078d8                __malloc_unlock
 .text._Balloc  0x080078dc       0x50 c:/program files (x86)/gnu tools arm embedded/5.4 2016q3/bin/../lib/gcc/arm-none-eabi/5.4.1/../../../../arm-none-eabi/lib/armv7-m\libc.a(lib_a-mprec.o)
                0x080078dc                _Balloc
 .text._Bfree   0x0800792c       0x14 c:/program files (x86)/gnu tools arm embedded/5.4 2016q3/bin/../lib/gcc/arm-none-eabi/5.4.1/../../../../arm-none-eabi/lib/armv7-m\libc.a(lib_a-mprec.o)
                0x0800792c                _Bfree
 .text.__multadd
                0x08007940       0x80 c:/program files (x86)/gnu tools arm embedded/5.4 2016q3/bin/../lib/gcc/arm-none-eabi/5.4.1/../../../../arm-none-eabi/lib/armv7-m\libc.a(lib_a-mprec.o)
                0x08007940                __multadd
 .text.__hi0bits
                0x080079c0       0x40 c:/program files (x86)/gnu tools arm embedded/5.4 2016q3/bin/../lib/gcc/arm-none-eabi/5.4.1/../../../../arm-none-eabi/lib/armv7-m\libc.a(lib_a-mprec.o)
                0x080079c0                __hi0bits
 .text.__lo0bits
                0x08007a00       0x5c c:/program files (x86)/gnu tools arm embedded/5.4 2016q3/bin/../lib/gcc/arm-none-eabi/5.4.1/../../../../arm-none-eabi/lib/armv7-m\libc.a(lib_a-mprec.o)
                0x08007a00                __lo0bits
 .text.__i2b    0x08007a5c       0x14 c:/program files (x86)/gnu tools arm embedded/5.4 2016q3/bin/../lib/gcc/arm-none-eabi/5.4.1/../../../../arm-none-eabi/lib/armv7-m\libc.a(lib_a-mprec.o)
                0x08007a5c                __i2b
 .text.__multiply
                0x08007a70      0x13c c:/program files (x86)/gnu tools arm embedded/5.4 2016q3/bin/../lib/gcc/arm-none-eabi/5.4.1/../../../../arm-none-eabi/lib/armv7-m\libc.a(lib_a-mprec.o)
                0x08007a70                __multiply
 .text.__pow5mult
                0x08007bac       0xa0 c:/program files (x86)/gnu tools arm embedded/5.4 2016q3/bin/../lib/gcc/arm-none-eabi/5.4.1/../../../../arm-none-eabi/lib/armv7-m\libc.a(lib_a-mprec.o)
                0x08007bac                __pow5mult
 .text.__lshift
                0x08007c4c       0xac c:/program files (x86)/gnu tools arm embedded/5.4 2016q3/bin/../lib/gcc/arm-none-eabi/5.4.1/../../../../arm-none-eabi/lib/armv7-m\libc.a(lib_a-mprec.o)
                0x08007c4c                __lshift
 .text.__mcmp   0x08007cf8       0x40 c:/program files (x86)/gnu tools arm embedded/5.4 2016q3/bin/../lib/gcc/arm-none-eabi/5.4.1/../../../../arm-none-eabi/lib/armv7-m\libc.a(lib_a-mprec.o)
                0x08007cf8                __mcmp
 .text.__mdiff  0x08007d38      0x128 c:/program files (x86)/gnu tools arm embedded/5.4 2016q3/bin/../lib/gcc/arm-none-eabi/5.4.1/../../../../arm-none-eabi/lib/armv7-m\libc.a(lib_a-mprec.o)
                0x08007d38                __mdiff
 .text.__d2b    0x08007e60       0xa8 c:/program files (x86)/gnu tools arm embedded/5.4 2016q3/bin/../lib/gcc/arm-none-eabi/5.4.1/../../../../arm-none-eabi/lib/armv7-m\libc.a(lib_a-mprec.o)
                0x08007e60                __d2b
 .text._sbrk_r  0x08007f08       0x24 c:/program files (x86)/gnu tools arm embedded/5.4 2016q3/bin/../lib/gcc/arm-none-eabi/5.4.1/../../../../arm-none-eabi/lib/armv7-m\libc.a(lib_a-sbrkr.o)
                0x08007f08                _sbrk_r
 .text.strlen   0x08007f2c       0x5c c:/program files (x86)/gnu tools arm embedded/5.4 2016q3/bin/../lib/gcc/arm-none-eabi/5.4.1/../../../../arm-none-eabi/lib/armv7-m\libc.a(lib_a-strlen-stub.o)
                0x08007f2c                strlen
 .text.__ssprint_r
                0x08007f88      0x100 c:/program files (x86)/gnu tools arm embedded/5.4 2016q3/bin/../lib/gcc/arm-none-eabi/5.4.1/../../../../arm-none-eabi/lib/armv7-m\libc.a(lib_a-svfiprintf.o)
                0x08007f88                __ssprint_r
 .text._calloc_r
                0x08008088       0x60 c:/program files (x86)/gnu tools arm embedded/5.4 2016q3/bin/../lib/gcc/arm-none-eabi/5.4.1/../../../../arm-none-eabi/lib/armv7-m\libc.a(lib_a-callocr.o)
                0x08008088                _calloc_r
 .text._malloc_trim_r
                0x080080e8       0x9c c:/program files (x86)/gnu tools arm embedded/5.4 2016q3/bin/../lib/gcc/arm-none-eabi/5.4.1/../../../../arm-none-eabi/lib/armv7-m\libc.a(lib_a-freer.o)
                0x080080e8                _malloc_trim_r
 .text._free_r  0x08008184      0x1d0 c:/program files (x86)/gnu tools arm embedded/5.4 2016q3/bin/../lib/gcc/arm-none-eabi/5.4.1/../../../../arm-none-eabi/lib/armv7-m\libc.a(lib_a-freer.o)
                0x08008184                _free_r
 .text.__ascii_mbtowc
                0x08008354       0x2c c:/program files (x86)/gnu tools arm embedded/5.4 2016q3/bin/../lib/gcc/arm-none-eabi/5.4.1/../../../../arm-none-eabi/lib/armv7-m\libc.a(lib_a-mbtowc_r.o)
                0x08008354                __ascii_mbtowc
 .text.memmove  0x08008380       0xc8 c:/program files (x86)/gnu tools arm embedded/5.4 2016q3/bin/../lib/gcc/arm-none-eabi/5.4.1/../../../../arm-none-eabi/lib/armv7-m\libc.a(lib_a-memmove.o)
                0x08008380                memmove
 .text.memset   0x08008448       0x9c c:/program files (x86)/gnu tools arm embedded/5.4 2016q3/bin/../lib/gcc/arm-none-eabi/5.4.1/../../../../arm-none-eabi/lib/armv7-m\libc.a(lib_a-memset.o)
                0x08008448                memset
 .text._realloc_r
                0x080084e4      0x3d4 c:/program files (x86)/gnu tools arm embedded/5.4 2016q3/bin/../lib/gcc/arm-none-eabi/5.4.1/../../../../arm-none-eabi/lib/armv7-m\libc.a(lib_a-reallocr.o)
                0x080084e4                _realloc_r
 .text.__ascii_wctomb
                0x080088b8       0x1c c:/program files (x86)/gnu tools arm embedded/5.4 2016q3/bin/../lib/gcc/arm-none-eabi/5.4.1/../../../../arm-none-eabi/lib/armv7-m\libc.a(lib_a-wctomb_r.o)
                0x080088b8                __ascii_wctomb
 .text          0x080088d4      0x370 c:/program files (x86)/gnu tools arm embedded/5.4 2016q3/bin/../lib/gcc/arm-none-eabi/5.4.1/armv7-m\libgcc.a(_arm_addsubdf3.o)
                0x080088d4                __aeabi_drsub
                0x080088dc                __aeabi_dsub
                0x080088dc                __subdf3
                0x080088e0                __aeabi_dadd
                0x080088e0                __adddf3
                0x08008b58                __floatunsidf
                0x08008b58                __aeabi_ui2d
                0x08008b78                __floatsidf
                0x08008b78                __aeabi_i2d
                0x08008b9c                __aeabi_f2d
                0x08008b9c                __extendsfdf2
                0x08008bd8                __floatundidf
                0x08008bd8                __aeabi_ul2d
                0x08008be8                __floatdidf
                0x08008be8                __aeabi_l2d
 .text          0x08008c44      0x424 c:/program files (x86)/gnu tools arm embedded/5.4 2016q3/bin/../lib/gcc/arm-none-eabi/5.4.1/armv7-m\libgcc.a(_arm_muldivdf3.o)
                0x08008c44                __aeabi_dmul
                0x08008c44                __muldf3
                0x08008e98                __divdf3
                0x08008e98                __aeabi_ddiv
 .text          0x08009068      0x110 c:/program files (x86)/gnu tools arm embedded/5.4 2016q3/bin/../lib/gcc/arm-none-eabi/5.4.1/armv7-m\libgcc.a(_arm_cmpdf2.o)
                0x08009068                __gtdf2
                0x08009068                __gedf2
                0x08009070                __ltdf2
                0x08009070                __ledf2
                0x08009078                __nedf2
                0x08009078                __eqdf2
                0x08009078                __cmpdf2
                0x080090f4                __aeabi_cdrcmple
                0x08009104                __aeabi_cdcmpeq
                0x08009104                __aeabi_cdcmple
                0x08009114                __aeabi_dcmpeq
                0x08009128                __aeabi_dcmplt
                0x0800913c                __aeabi_dcmple
                0x08009150                __aeabi_dcmpge
                0x08009164                __aeabi_dcmpgt
 .text          0x08009178       0x2c c:/program files (x86)/gnu tools arm embedded/5.4 2016q3/bin/../lib/gcc/arm-none-eabi/5.4.1/armv7-m\libgcc.a(_arm_unorddf2.o)
                0x08009178                __unorddf2
                0x08009178                __aeabi_dcmpun
 .text          0x080091a4       0x50 c:/program files (x86)/gnu tools arm embedded/5.4 2016q3/bin/../lib/gcc/arm-none-eabi/5.4.1/armv7-m\libgcc.a(_arm_fixdfsi.o)
                0x080091a4                __aeabi_d2iz
                0x080091a4                __fixdfsi
 *(.init)
 *(.fini)
 *crtbegin.o(.ctors)
 *crtbegin?.o(.ctors)
 *(EXCLUDE_FILE(*crtend.o *crtend?.o) .ctors)
 *(SORT(.ctors.*))
 *(.ctors)
 *crtbegin.o(.dtors)
 *crtbegin?.o(.dtors)
 *(EXCLUDE_FILE(*crtend.o *crtend?.o) .dtors)
 *(SORT(.dtors.*))
 *(.dtors)
 *(.rodata*)
 .rodata        0x080091f4      0x11c ..\obj\main.o
 .rodata.zeroes.7256
                0x08009310       0x10 c:/program files (x86)/gnu tools arm embedded/5.4 2016q3/bin/../lib/gcc/arm-none-eabi/5.4.1/../../../../arm-none-eabi/lib/armv7-m\libc.a(lib_a-svfprintf.o)
 .rodata.str1.4
                0x08009320       0x42 c:/program files (x86)/gnu tools arm embedded/5.4 2016q3/bin/../lib/gcc/arm-none-eabi/5.4.1/../../../../arm-none-eabi/lib/armv7-m\libc.a(lib_a-svfprintf.o)
 *fill*         0x08009362        0x2 
 .rodata.blanks.7255
                0x08009364       0x10 c:/program files (x86)/gnu tools arm embedded/5.4 2016q3/bin/../lib/gcc/arm-none-eabi/5.4.1/../../../../arm-none-eabi/lib/armv7-m\libc.a(lib_a-svfprintf.o)
 .rodata.str1.4
                0x08009374       0x10 c:/program files (x86)/gnu tools arm embedded/5.4 2016q3/bin/../lib/gcc/arm-none-eabi/5.4.1/../../../../arm-none-eabi/lib/armv7-m\libc.a(lib_a-dtoa.o)
                                 0x12 (size before relaxing)
 *fill*         0x08009384        0x4 
 .rodata.__mprec_tens
                0x08009388       0xc8 c:/program files (x86)/gnu tools arm embedded/5.4 2016q3/bin/../lib/gcc/arm-none-eabi/5.4.1/../../../../arm-none-eabi/lib/armv7-m\libc.a(lib_a-mprec.o)
                0x08009388                __mprec_tens
 .rodata.p05.6085
                0x08009450        0xc c:/program files (x86)/gnu tools arm embedded/5.4 2016q3/bin/../lib/gcc/arm-none-eabi/5.4.1/../../../../arm-none-eabi/lib/armv7-m\libc.a(lib_a-mprec.o)
 *fill*         0x0800945c        0x4 
 .rodata.__mprec_bigtens
                0x08009460       0x28 c:/program files (x86)/gnu tools arm embedded/5.4 2016q3/bin/../lib/gcc/arm-none-eabi/5.4.1/../../../../arm-none-eabi/lib/armv7-m\libc.a(lib_a-mprec.o)
                0x08009460                __mprec_bigtens
 .rodata.str1.4
                0x08009488       0x10 c:/program files (x86)/gnu tools arm embedded/5.4 2016q3/bin/../lib/gcc/arm-none-eabi/5.4.1/../../../../arm-none-eabi/lib/armv7-m\libc.a(lib_a-locale.o)
                                 0x12 (size before relaxing)
 .rodata._ctype_
                0x08009498      0x101 c:/program files (x86)/gnu tools arm embedded/5.4 2016q3/bin/../lib/gcc/arm-none-eabi/5.4.1/../../../../arm-none-eabi/lib/armv7-m\libc.a(lib_a-ctype_.o)
                0x08009498                _ctype_
 *(.eh_fram e*)

.glue_7         0x0800959c        0x0
 .glue_7        0x0800959c        0x0 linker stubs

.glue_7t        0x0800959c        0x0
 .glue_7t       0x0800959c        0x0 linker stubs

.vfp11_veneer   0x0800959c        0x0
 .vfp11_veneer  0x0800959c        0x0 linker stubs

.v4_bx          0x0800959c        0x0
 .v4_bx         0x0800959c        0x0 linker stubs

.iplt           0x0800959c        0x0
 .iplt          0x0800959c        0x0 ..\obj\spi.o

.ARM.extab      0x0800959c      0x204
 *(.ARM.extab* .gnu.linkonce.armextab.*)
 .ARM.extab.text._ZN3TIM8pwmSetupEP11TIM_TypeDefttt
                0x0800959c        0xc ..\obj\tim.o
 .ARM.extab.text._ZN3TIM12encoderSetupEP11TIM_TypeDef
                0x080095a8        0xc ..\obj\tim.o
 .ARM.extab.text._ZN3TIM10timerSetupEP11TIM_TypeDef
                0x080095b4        0xc ..\obj\tim.o
 .ARM.extab.text._Z9TIM1Setupt
                0x080095c0        0xc ..\obj\tim.o
 .ARM.extab.text._Z9TIM2Setupt
                0x080095cc        0xc ..\obj\tim.o
 .ARM.extab.text._Z9TIM3Setupt
                0x080095d8        0xc ..\obj\tim.o
 .ARM.extab.text._Z9TIM4Setupt
                0x080095e4        0xc ..\obj\tim.o
 .ARM.extab.text._Z11TIM1ITSetupt
                0x080095f0        0xc ..\obj\tim.o
 .ARM.extab.text._Z11TIM2ITSetupt
                0x080095fc        0xc ..\obj\tim.o
 .ARM.extab.text._Z11TIM3ITSetupt
                0x08009608        0xc ..\obj\tim.o
 .ARM.extab.text._Z11TIM4ITSetupt
                0x08009614        0xc ..\obj\tim.o
 .ARM.extab.text._Z11OC1PWMSetupP11TIM_TypeDeft
                0x08009620        0xc ..\obj\tim.o
 .ARM.extab.text._Z11OC2PWMSetupP11TIM_TypeDeft
                0x0800962c        0xc ..\obj\tim.o
 .ARM.extab.text._Z11OC3PWMSetupP11TIM_TypeDeft
                0x08009638        0xc ..\obj\tim.o
 .ARM.extab.text._Z11OC4PWMSetupP11TIM_TypeDeft
                0x08009644        0xc ..\obj\tim.o
 .ARM.extab.text._Z16TIM1EncoderSetupv
                0x08009650        0xc ..\obj\tim.o
 .ARM.extab.text._Z16TIM2EncoderSetupv
                0x0800965c        0xc ..\obj\tim.o
 .ARM.extab.text._Z16TIM3EncoderSetupv
                0x08009668        0xc ..\obj\tim.o
 .ARM.extab.text._Z16TIM4EncoderSetupv
                0x08009674        0xc ..\obj\tim.o
 .ARM.extab.text.USB_LP_CAN1_RX0_IRQHandler
                0x08009680        0xc ..\obj\main.o
 .ARM.extab.text._ZN3CAN5setupEP11CAN_TypeDef
                0x0800968c        0xc ..\obj\can.o
 .ARM.extab.text._ZN3CAN9filterAddEtttt
                0x08009698        0xc ..\obj\can.o
 .ARM.extab.text._Z9CAN1Setupv
                0x080096a4        0xc ..\obj\can.o
 .ARM.extab.text._Z12CANFilterAddtttt
                0x080096b0        0xc ..\obj\can.o
 .ARM.extab.text._ZN4GPIO5setupEP12GPIO_TypeDeft16GPIOMode_TypeDef
                0x080096bc        0xc ..\obj\gpio.o
 .ARM.extab.text._ZN4GPIO5writeE9BitAction
                0x080096c8        0xc ..\obj\gpio.o
 .ARM.extab.text._ZN4GPIO4readEv
                0x080096d4        0xc ..\obj\gpio.o
 .ARM.extab.text._ZN5MOTOR4dutyEl
                0x080096e0        0xc ..\obj\motor.o
 .ARM.extab.text._ZN5USART4putsEPKc
                0x080096ec        0xc ..\obj\usart.o
 .ARM.extab.text._ZN5USART6printfEPKcz
                0x080096f8        0xc ..\obj\usart.o
 .ARM.extab.text._ZN5USART5setupEP13USART_TypeDefm
                0x08009704        0xc ..\obj\usart.o
 .ARM.extab.text._ZN5USART4sendEc
                0x08009710        0xc ..\obj\usart.o
 .ARM.extab.text._Z11USART1Setupm
                0x0800971c        0xc ..\obj\usart.o
 .ARM.extab.text._Z11USART2Setupm
                0x08009728        0xc ..\obj\usart.o
 .ARM.extab.text._Z11USART3Setupm
                0x08009734        0xc ..\obj\usart.o
 .ARM.extab.text._Z13USART1ITSetupt
                0x08009740        0xc ..\obj\usart.o
 .ARM.extab.text._Z13USART2ITSetupt
                0x0800974c        0xc ..\obj\usart.o
 .ARM.extab.text._Z13USART3ITSetupt
                0x08009758        0xc ..\obj\usart.o
 .ARM.extab.text.USART1_IRQHandler
                0x08009764        0xc ..\obj\usart.o
 .ARM.extab.text.USART2_IRQHandler
                0x08009770        0xc ..\obj\usart.o
 .ARM.extab.text.USART3_IRQHandler
                0x0800977c        0xc ..\obj\usart.o
 .ARM.extab     0x08009788       0x18 c:/program files (x86)/gnu tools arm embedded/5.4 2016q3/bin/../lib/gcc/arm-none-eabi/5.4.1/armv7-m\libgcc.a(pr-support.o)
                0x080097a0                __exidx_start = .

.ARM.exidx      0x080097a0      0x268
 *(.ARM.exidx* .gnu.linkonce.armexidx.*)
 .ARM.exidx.text.SPI1_IRQHandler
                0x080097a0       0x10 ..\obj\spi.o
                                  0x8 (size before relaxing)
 .ARM.exidx.text._ZN3TIM8pwmSetupEP11TIM_TypeDefttt
                0x080097b0        0x8 ..\obj\tim.o
 .ARM.exidx.text._ZN3TIM4dutyEt
                0x080097b8        0x8 ..\obj\tim.o
 .ARM.exidx.text._ZN3TIM12encoderSetupEP11TIM_TypeDef
                0x080097c0        0x8 ..\obj\tim.o
 .ARM.exidx.text._ZN3TIM4readEv
                0x080097c8        0x8 ..\obj\tim.o
 .ARM.exidx.text._ZN3TIM10timerSetupEP11TIM_TypeDef
                0x080097d0        0x8 ..\obj\tim.o
 .ARM.exidx.text._Z9TIM1Setupt
                0x080097d8        0x8 ..\obj\tim.o
 .ARM.exidx.text._Z9TIM2Setupt
                0x080097e0        0x8 ..\obj\tim.o
 .ARM.exidx.text._Z9TIM3Setupt
                0x080097e8        0x8 ..\obj\tim.o
 .ARM.exidx.text._Z9TIM4Setupt
                0x080097f0        0x8 ..\obj\tim.o
 .ARM.exidx.text._Z11TIM1ITSetupt
                0x080097f8        0x8 ..\obj\tim.o
 .ARM.exidx.text._Z11TIM2ITSetupt
                0x08009800        0x8 ..\obj\tim.o
 .ARM.exidx.text._Z11TIM3ITSetupt
                0x08009808        0x8 ..\obj\tim.o
 .ARM.exidx.text._Z11TIM4ITSetupt
                0x08009810        0x8 ..\obj\tim.o
 .ARM.exidx.text._Z11OC1PWMSetupP11TIM_TypeDeft
                0x08009818        0x8 ..\obj\tim.o
 .ARM.exidx.text._Z11OC2PWMSetupP11TIM_TypeDeft
                0x08009820        0x8 ..\obj\tim.o
 .ARM.exidx.text._Z11OC3PWMSetupP11TIM_TypeDeft
                0x08009828        0x8 ..\obj\tim.o
 .ARM.exidx.text._Z11OC4PWMSetupP11TIM_TypeDeft
                0x08009830        0x8 ..\obj\tim.o
 .ARM.exidx.text._Z10OC1DutySetP11TIM_TypeDeft
                0x08009838        0x8 ..\obj\tim.o
 .ARM.exidx.text._Z10OC2DutySetP11TIM_TypeDeft
                0x08009840        0x0 ..\obj\tim.o
                                  0x8 (size before relaxing)
 .ARM.exidx.text._Z10OC3DutySetP11TIM_TypeDeft
                0x08009840        0x0 ..\obj\tim.o
                                  0x8 (size before relaxing)
 .ARM.exidx.text._Z10OC4DutySetP11TIM_TypeDeft
                0x08009840        0x0 ..\obj\tim.o
                                  0x8 (size before relaxing)
 .ARM.exidx.text._Z16TIM1EncoderSetupv
                0x08009840        0x8 ..\obj\tim.o
 .ARM.exidx.text._Z16TIM2EncoderSetupv
                0x08009848        0x8 ..\obj\tim.o
 .ARM.exidx.text._Z16TIM3EncoderSetupv
                0x08009850        0x8 ..\obj\tim.o
 .ARM.exidx.text._Z16TIM4EncoderSetupv
                0x08009858        0x8 ..\obj\tim.o
 .ARM.exidx.text._Z8TIM1Readv
                0x08009860        0x8 ..\obj\tim.o
 .ARM.exidx.text._Z8TIM2Readv
                0x08009868        0x0 ..\obj\tim.o
                                  0x8 (size before relaxing)
 .ARM.exidx.text._Z8TIM3Readv
                0x08009868        0x0 ..\obj\tim.o
                                  0x8 (size before relaxing)
 .ARM.exidx.text._Z8TIM4Readv
                0x08009868        0x0 ..\obj\tim.o
                                  0x8 (size before relaxing)
 .ARM.exidx.text._Z16TIM1_ENCODER_IRQv
                0x08009868        0x0 ..\obj\tim.o
                                  0x8 (size before relaxing)
 .ARM.exidx.text._Z16TIM2_ENCODER_IRQv
                0x08009868        0x0 ..\obj\tim.o
                                  0x8 (size before relaxing)
 .ARM.exidx.text._Z16TIM3_ENCODER_IRQv
                0x08009868        0x0 ..\obj\tim.o
                                  0x8 (size before relaxing)
 .ARM.exidx.text._Z16TIM4_ENCODER_IRQv
                0x08009868        0x0 ..\obj\tim.o
                                  0x8 (size before relaxing)
 .ARM.exidx.text._Z19TIM1_TIM_Update_IRQv
                0x08009868        0x0 ..\obj\tim.o
                                  0x8 (size before relaxing)
 .ARM.exidx.text._Z19TIM2_TIM_Update_IRQv
                0x08009868        0x0 ..\obj\tim.o
                                  0x8 (size before relaxing)
 .ARM.exidx.text._Z19TIM3_TIM_Update_IRQv
                0x08009868        0x0 ..\obj\tim.o
                                  0x8 (size before relaxing)
 .ARM.exidx.text._Z19TIM4_TIM_Update_IRQv
                0x08009868        0x0 ..\obj\tim.o
                                  0x8 (size before relaxing)
 .ARM.exidx.text.TIM1_UP_IRQHandler
                0x08009868        0x8 ..\obj\tim.o
 .ARM.exidx.text.TIM2_IRQHandler
                0x08009870        0x0 ..\obj\tim.o
                                  0x8 (size before relaxing)
 .ARM.exidx.text.TIM3_IRQHandler
                0x08009870        0x0 ..\obj\tim.o
                                  0x8 (size before relaxing)
 .ARM.exidx.text.TIM4_IRQHandler
                0x08009870        0x8 ..\obj\tim.o
 .ARM.exidx.text.main
                0x08009878        0x8 ..\obj\main.o
 .ARM.exidx.text.USB_LP_CAN1_RX0_IRQHandler
                0x08009880        0x8 ..\obj\main.o
 .ARM.exidx.text.NVIC_SetPriority
                0x08009888        0x8 ..\obj\system.o
 .ARM.exidx.text.SysTick_Config
                0x08009890        0x0 ..\obj\system.o
                                  0x8 (size before relaxing)
 .ARM.exidx.text._Z5setupv
                0x08009890        0x0 ..\obj\system.o
                                  0x8 (size before relaxing)
 .ARM.exidx.text._Z5delaym
                0x08009890        0x0 ..\obj\system.o
                                  0x8 (size before relaxing)
 .ARM.exidx.text._Z6microsv
                0x08009890        0x0 ..\obj\system.o
                                  0x8 (size before relaxing)
 .ARM.exidx.text._Z6millisv
                0x08009890        0x0 ..\obj\system.o
                                  0x8 (size before relaxing)
 .ARM.exidx.text.SysTick_Handler
                0x08009890        0x0 ..\obj\system.o
                                  0x8 (size before relaxing)
 .ARM.exidx.text._ZN3CAN5setupEP11CAN_TypeDef
                0x08009890        0x8 ..\obj\can.o
 .ARM.exidx.text._ZN3CAN9filterAddEtttt
                0x08009898        0x8 ..\obj\can.o
 .ARM.exidx.text._Z9CAN1Setupv
                0x080098a0        0x8 ..\obj\can.o
 .ARM.exidx.text._Z12CANFilterAddtttt
                0x080098a8       0x10 ..\obj\can.o
                                  0x8 (size before relaxing)
 .ARM.exidx.text._ZN4GPIO5setupEP12GPIO_TypeDeft16GPIOMode_TypeDef
                0x080098b8        0x8 ..\obj\gpio.o
 .ARM.exidx.text._ZN4GPIO5writeE9BitAction
                0x080098c0        0x8 ..\obj\gpio.o
 .ARM.exidx.text._ZN4GPIO4readEv
                0x080098c8        0x8 ..\obj\gpio.o
 .ARM.exidx.text._ZN5MOTOR5setupER3TIMS1_
                0x080098d0        0x8 ..\obj\motor.o
 .ARM.exidx.text._ZN5MOTOR4dutyEl
                0x080098d8       0x10 ..\obj\motor.o
                                  0x8 (size before relaxing)
 .ARM.exidx.text._ZN5USART4putsEPKc
                0x080098e8        0x8 ..\obj\usart.o
 .ARM.exidx.text._ZN5USART6printfEPKcz
                0x080098f0        0x8 ..\obj\usart.o
 .ARM.exidx.text._ZN5USART5setupEP13USART_TypeDefm
                0x080098f8        0x8 ..\obj\usart.o
 .ARM.exidx.text._ZN5USART4sendEc
                0x08009900        0x8 ..\obj\usart.o
 .ARM.exidx.text._Z11USART1Setupm
                0x08009908        0x8 ..\obj\usart.o
 .ARM.exidx.text._Z11USART2Setupm
                0x08009910        0x8 ..\obj\usart.o
 .ARM.exidx.text._Z11USART3Setupm
                0x08009918        0x8 ..\obj\usart.o
 .ARM.exidx.text._Z13USART1ITSetupt
                0x08009920        0x8 ..\obj\usart.o
 .ARM.exidx.text._Z13USART2ITSetupt
                0x08009928        0x8 ..\obj\usart.o
 .ARM.exidx.text._Z13USART3ITSetupt
                0x08009930        0x8 ..\obj\usart.o
 .ARM.exidx.text.USART1_IRQHandler
                0x08009938        0x8 ..\obj\usart.o
 .ARM.exidx.text.USART2_IRQHandler
                0x08009940        0x8 ..\obj\usart.o
 .ARM.exidx.text.USART3_IRQHandler
                0x08009948       0x10 ..\obj\usart.o
                                  0x8 (size before relaxing)
 .ARM.exidx     0x08009958        0x0 c:/program files (x86)/gnu tools arm embedded/5.4 2016q3/bin/../lib/gcc/arm-none-eabi/5.4.1/armv7-m\libgcc.a(_udivmoddi4.o)
                                  0x8 (size before relaxing)
 .ARM.exidx     0x08009958       0x78 c:/program files (x86)/gnu tools arm embedded/5.4 2016q3/bin/../lib/gcc/arm-none-eabi/5.4.1/armv7-m\libgcc.a(unwind-arm.o)
                                 0xd8 (size before relaxing)
 .ARM.exidx     0x080099d0       0x38 c:/program files (x86)/gnu tools arm embedded/5.4 2016q3/bin/../lib/gcc/arm-none-eabi/5.4.1/armv7-m\libgcc.a(pr-support.o)
                                 0x48 (size before relaxing)
                0x08009a08                __exidx_end = .
                0x08009a08                __etext = .
                0x08009a08                _sidata = __etext

.rel.dyn        0x08009a08        0x0
 .rel.iplt      0x08009a08        0x0 ..\obj\spi.o

.data           0x20000000      0x9d8 load address 0x08009a08
                0x20000000                __data_start__ = .
                0x20000000                _sdata = __data_start__
 *(vtable)
 *(.data*)
 .data          0x20000000       0x14 ..\obj\system_stm32f10x.o
                0x20000000                SystemCoreClock
                0x20000004                AHBPrescTable
 .data          0x20000014       0x14 ..\obj\stm32f10x_rcc.o
 .data          0x20000028        0x6 ..\obj\usart.o
                0x20000028                USART::usart1RxAddress
                0x2000002a                USART::usart2RxAddress
                0x2000002c                USART::usart3RxAddress
 *fill*         0x2000002e        0x2 
 .data.impure_data
                0x20000030      0x428 c:/program files (x86)/gnu tools arm embedded/5.4 2016q3/bin/../lib/gcc/arm-none-eabi/5.4.1/../../../../arm-none-eabi/lib/armv7-m\libc.a(lib_a-impure.o)
 .data._impure_ptr
                0x20000458        0x4 c:/program files (x86)/gnu tools arm embedded/5.4 2016q3/bin/../lib/gcc/arm-none-eabi/5.4.1/../../../../arm-none-eabi/lib/armv7-m\libc.a(lib_a-impure.o)
                0x20000458                _impure_ptr
 .data.__malloc_av_
                0x2000045c      0x408 c:/program files (x86)/gnu tools arm embedded/5.4 2016q3/bin/../lib/gcc/arm-none-eabi/5.4.1/../../../../arm-none-eabi/lib/armv7-m\libc.a(lib_a-mallocr.o)
                0x2000045c                __malloc_av_
 .data.__malloc_trim_threshold
                0x20000864        0x4 c:/program files (x86)/gnu tools arm embedded/5.4 2016q3/bin/../lib/gcc/arm-none-eabi/5.4.1/../../../../arm-none-eabi/lib/armv7-m\libc.a(lib_a-mallocr.o)
                0x20000864                __malloc_trim_threshold
 .data.__malloc_sbrk_base
                0x20000868        0x4 c:/program files (x86)/gnu tools arm embedded/5.4 2016q3/bin/../lib/gcc/arm-none-eabi/5.4.1/../../../../arm-none-eabi/lib/armv7-m\libc.a(lib_a-mallocr.o)
                0x20000868                __malloc_sbrk_base
 .data.__global_locale
                0x2000086c      0x16c c:/program files (x86)/gnu tools arm embedded/5.4 2016q3/bin/../lib/gcc/arm-none-eabi/5.4.1/../../../../arm-none-eabi/lib/armv7-m\libc.a(lib_a-locale.o)
                0x2000086c                __global_locale
                0x200009d8                . = ALIGN (0x4)
                [!provide]                PROVIDE (__preinit_array_start, .)
 *(.preinit_array)
                [!provide]                PROVIDE (__preinit_array_end, .)
                0x200009d8                . = ALIGN (0x4)
                [!provide]                PROVIDE (__init_array_start, .)
 *(SORT(.init_array.*))
 *(.init_array)
                [!provide]                PROVIDE (__init_array_end, .)
                0x200009d8                . = ALIGN (0x4)
                [!provide]                PROVIDE (__fini_array_start, .)
 *(SORT(.fini_array.*))
 *(.fini_array)
                [!provide]                PROVIDE (__fini_array_end, .)
 *(.jcr*)
                0x200009d8                . = ALIGN (0x4)
                0x200009d8                __data_end__ = .
                0x200009d8                _edata = __data_end__

.igot.plt       0x200009d8        0x0 load address 0x0800a3e0
 .igot.plt      0x200009d8        0x0 ..\obj\spi.o

.bss            0x200009d8      0x600 load address 0x0800a3e0
                0x200009d8                . = ALIGN (0x4)
                0x200009d8                __bss_start__ = .
                0x200009d8                _sbss = __bss_start__
 *(.bss*)
 .bss           0x200009d8       0x20 ..\obj\tim.o
                0x200009d8                TIM::tim1_mode
                0x200009dc                TIM::tim2_mode
                0x200009e0                TIM::tim3_mode
                0x200009e4                TIM::tim4_mode
                0x200009e8                TIM::tim1Cnt
                0x200009ec                TIM::tim2Cnt
                0x200009f0                TIM::tim3Cnt
                0x200009f4                TIM::tim4Cnt
 .bss           0x200009f8      0x27a ..\obj\main.o
                0x200009f8                rxFlag
                0x200009fa                encOld
                0x200009fc                encPwm
                0x20000a00                canData
                0x20000a08                canAddress
                0x20000a0c                enc
                0x20000a1c                outA_duty
                0x20000a20                outB_duty
                0x20000a28                motorTimeA
                0x20000a30                motorTimeB
                0x20000a38                intervalTime
                0x20000a40                timCnt
                0x20000a48                printTimer
                0x20000a50                RxMessage
                0x20000a64                encAa
                0x20000a70                encAb
                0x20000a7c                encBa
                0x20000a88                encBb
                0x20000a94                sw1
                0x20000aa0                sw2
                0x20000aac                buzzer
                0x20000ab8                ledA
                0x20000ac4                ledB
                0x20000ad0                sel1
                0x20000adc                sel2
                0x20000ae8                sel4
                0x20000af4                sel8
                0x20000b00                motorEN
                0x20000b0c                limitA1
                0x20000b18                limitA2
                0x20000b24                limitB1
                0x20000b30                limitB2
                0x20000b3c                usartTX
                0x20000b48                usartRX
                0x20000b54                canTX
                0x20000b60                canRX
                0x20000b6c                io0
                0x20000b78                io1
                0x20000b84                io2
                0x20000b90                io3
                0x20000b9c                pinPwmA
                0x20000ba8                pinPwmAN
                0x20000bb4                pinPwmB
                0x20000bc0                pinPwmBN
                0x20000bcc                pin13
                0x20000bd8                pin14
                0x20000be4                pin15
                0x20000bf0                timer
                0x20000bfc                pwmA
                0x20000c08                pwmAN
                0x20000c14                pwmB
                0x20000c20                pwmBN
                0x20000c2c                encA
                0x20000c38                encB
                0x20000c44                serial
                0x20000c48                motorA
                0x20000c50                motorB
                0x20000c58                can1
                0x20000c70                motorModeA
                0x20000c71                motorModeB
 *fill*         0x20000c72        0x6 
 .bss           0x20000c78        0x8 ..\obj\system.o
 .bss           0x20000c80        0x2 ..\obj\can.o
 *fill*         0x20000c82        0x2 
 .bss           0x20000c84        0x4 ..\obj\syscalls.o
 .bss           0x20000c88      0x318 ..\obj\usart.o
                0x20000c88                USART::usart1RxBuffer
                0x20000d08                USART::usart1ReadAddress
                0x20000d0c                USART::usart2RxBuffer
                0x20000d8c                USART::usart2ReadAddress
                0x20000d90                USART::usart3RxBuffer
                0x20000e10                USART::usart3ReadAddress
                0x20000e14                USART::usart1TxBuffer
                0x20000e94                USART::usart1TxSendAddress
                0x20000e96                USART::usart1TxWriteAddress
                0x20000e98                USART::usart2TxBuffer
                0x20000f18                USART::usart2TxSendAddress
                0x20000f1a                USART::usart2TxWriteAddress
                0x20000f1c                USART::usart3TxBuffer
                0x20000f9c                USART::usart3TxSendAddress
                0x20000f9e                USART::usart3TxWriteAddress
 .bss.__malloc_max_total_mem
                0x20000fa0        0x4 c:/program files (x86)/gnu tools arm embedded/5.4 2016q3/bin/../lib/gcc/arm-none-eabi/5.4.1/../../../../arm-none-eabi/lib/armv7-m\libc.a(lib_a-mallocr.o)
                0x20000fa0                __malloc_max_total_mem
 .bss.__malloc_max_sbrked_mem
                0x20000fa4        0x4 c:/program files (x86)/gnu tools arm embedded/5.4 2016q3/bin/../lib/gcc/arm-none-eabi/5.4.1/../../../../arm-none-eabi/lib/armv7-m\libc.a(lib_a-mallocr.o)
                0x20000fa4                __malloc_max_sbrked_mem
 .bss.__malloc_top_pad
                0x20000fa8        0x4 c:/program files (x86)/gnu tools arm embedded/5.4 2016q3/bin/../lib/gcc/arm-none-eabi/5.4.1/../../../../arm-none-eabi/lib/armv7-m\libc.a(lib_a-mallocr.o)
                0x20000fa8                __malloc_top_pad
 .bss.__malloc_current_mallinfo
                0x20000fac       0x28 c:/program files (x86)/gnu tools arm embedded/5.4 2016q3/bin/../lib/gcc/arm-none-eabi/5.4.1/../../../../arm-none-eabi/lib/armv7-m\libc.a(lib_a-mallocr.o)
                0x20000fac                __malloc_current_mallinfo
 *(COMMON)
 COMMON         0x20000fd4        0x4 c:/program files (x86)/gnu tools arm embedded/5.4 2016q3/bin/../lib/gcc/arm-none-eabi/5.4.1/../../../../arm-none-eabi/lib/armv7-m\libc.a(lib_a-reent.o)
                0x20000fd4                errno
                0x20000fd8                . = ALIGN (0x4)
                0x20000fd8                __bss_end__ = .
                0x20000fd8                _ebss = __bss_end__

.heap           0x20000fd8        0x0
                0x20000fd8                __end__ = .
                0x20000fd8                _end = __end__
                0x20000fd8                end = __end__
 *(.heap*)
                0x20000fd8                __HeapLimit = .

.co_stack       0x20000fd8      0x400 load address 0x0800a9e0
                0x20000fd8                . = ALIGN (0x8)
 *(.co_stack .co_stack.*)
 .co_stack      0x20000fd8      0x400 ..\obj\startup_stm32f10x_md.o
                0x20000fd8                pulStack
                0x20005000                __StackTop = (ORIGIN (ram) + LENGTH (ram))
                0x20004c00                __StackLimit = (__StackTop - SIZEOF (.co_stack))
                [!provide]                PROVIDE (__stack, __StackTop)
                0x00000001                ASSERT ((__StackLimit >= __HeapLimit), region ram  overflowed with stack)
LOAD ..\obj\spi.o
LOAD ..\obj\stm32f10x_tim.o
LOAD ..\obj\iwdg.o
LOAD ..\obj\system_stm32f10x.o
LOAD ..\obj\tim.o
LOAD ..\obj\canEncoder.o
LOAD ..\obj\startup_stm32f10x_md.o
LOAD ..\obj\stm32f10x_can.o
LOAD ..\obj\stm32f10x_gpio.o
LOAD ..\obj\canValve.o
LOAD ..\obj\main.o
LOAD ..\obj\system.o
LOAD ..\obj\can.o
LOAD ..\obj\stm32f10x_rcc.o
LOAD ..\obj\gpio.o
LOAD ..\obj\motor.o
LOAD ..\obj\stm32f10x_exti.o
LOAD ..\obj\stm32f10x_adc.o
LOAD ..\obj\remap.o
LOAD ..\obj\stm32f10x_usart.o
LOAD ..\obj\syscalls.o
LOAD ..\obj\adc.o
LOAD ..\obj\app.o
LOAD ..\obj\misc.o
LOAD ..\obj\stm32f10x_spi.o
LOAD ..\obj\usart.o
LOAD ..\obj\stm32f10x_iwdg.o
LOAD c:/program files (x86)/gnu tools arm embedded/5.4 2016q3/bin/../lib/gcc/arm-none-eabi/5.4.1/../../../../arm-none-eabi/lib/armv7-m\libm.a
LOAD c:/program files (x86)/gnu tools arm embedded/5.4 2016q3/bin/../lib/gcc/arm-none-eabi/5.4.1/armv7-m\libgcc.a
LOAD c:/program files (x86)/gnu tools arm embedded/5.4 2016q3/bin/../lib/gcc/arm-none-eabi/5.4.1/../../../../arm-none-eabi/lib/armv7-m\libc.a
LOAD c:/program files (x86)/gnu tools arm embedded/5.4 2016q3/bin/../lib/gcc/arm-none-eabi/5.4.1/../../../../arm-none-eabi/lib/armv7-m\libstdc++.a
START GROUP
LOAD c:/program files (x86)/gnu tools arm embedded/5.4 2016q3/bin/../lib/gcc/arm-none-eabi/5.4.1/armv7-m\libgcc.a
LOAD c:/program files (x86)/gnu tools arm embedded/5.4 2016q3/bin/../lib/gcc/arm-none-eabi/5.4.1/../../../../arm-none-eabi/lib/armv7-m\libg.a
LOAD c:/program files (x86)/gnu tools arm embedded/5.4 2016q3/bin/../lib/gcc/arm-none-eabi/5.4.1/../../../../arm-none-eabi/lib/armv7-m\libc.a
END GROUP
OUTPUT(F103_48.elf elf32-littlearm)

.debug_info     0x00000000     0xa6e3
 .debug_info    0x00000000      0x494 ..\obj\spi.o
 .debug_info    0x00000494     0x1c60 ..\obj\stm32f10x_tim.o
 .debug_info    0x000020f4      0x49c ..\obj\system_stm32f10x.o
 .debug_info    0x00002590     0x103b ..\obj\tim.o
 .debug_info    0x000035cb      0x101 ..\obj\startup_stm32f10x_md.o
 .debug_info    0x000036cc      0xba4 ..\obj\stm32f10x_can.o
 .debug_info    0x00004270      0x6f6 ..\obj\stm32f10x_gpio.o
 .debug_info    0x00004966     0x1234 ..\obj\main.o
 .debug_info    0x00005b9a      0x65d ..\obj\system.o
 .debug_info    0x000061f7      0xa31 ..\obj\can.o
 .debug_info    0x00006c28      0x8a3 ..\obj\stm32f10x_rcc.o
 .debug_info    0x000074cb      0x4d0 ..\obj\gpio.o
 .debug_info    0x0000799b      0x5f3 ..\obj\motor.o
 .debug_info    0x00007f8e      0x9f0 ..\obj\stm32f10x_usart.o
 .debug_info    0x0000897e      0x458 ..\obj\syscalls.o
 .debug_info    0x00008dd6      0x556 ..\obj\misc.o
 .debug_info    0x0000932c      0x8fb ..\obj\stm32f10x_spi.o
 .debug_info    0x00009c27      0xabc ..\obj\usart.o

.debug_abbrev   0x00000000     0x1e86
 .debug_abbrev  0x00000000      0x129 ..\obj\spi.o
 .debug_abbrev  0x00000129      0x1b2 ..\obj\stm32f10x_tim.o
 .debug_abbrev  0x000002db      0x14e ..\obj\system_stm32f10x.o
 .debug_abbrev  0x00000429      0x2ba ..\obj\tim.o
 .debug_abbrev  0x000006e3       0xae ..\obj\startup_stm32f10x_md.o
 .debug_abbrev  0x00000791      0x1f5 ..\obj\stm32f10x_can.o
 .debug_abbrev  0x00000986      0x1cc ..\obj\stm32f10x_gpio.o
 .debug_abbrev  0x00000b52      0x258 ..\obj\main.o
 .debug_abbrev  0x00000daa      0x1dc ..\obj\system.o
 .debug_abbrev  0x00000f86      0x201 ..\obj\can.o
 .debug_abbrev  0x00001187      0x1bc ..\obj\stm32f10x_rcc.o
 .debug_abbrev  0x00001343      0x1ca ..\obj\gpio.o
 .debug_abbrev  0x0000150d      0x1ba ..\obj\motor.o
 .debug_abbrev  0x000016c7      0x164 ..\obj\stm32f10x_usart.o
 .debug_abbrev  0x0000182b       0xe5 ..\obj\syscalls.o
 .debug_abbrev  0x00001910      0x147 ..\obj\misc.o
 .debug_abbrev  0x00001a57      0x180 ..\obj\stm32f10x_spi.o
 .debug_abbrev  0x00001bd7      0x2af ..\obj\usart.o

.debug_aranges  0x00000000      0xbf8
 .debug_aranges
                0x00000000       0x28 ..\obj\spi.o
 .debug_aranges
                0x00000028      0x2f0 ..\obj\stm32f10x_tim.o
 .debug_aranges
                0x00000318       0x38 ..\obj\system_stm32f10x.o
 .debug_aranges
                0x00000350      0x188 ..\obj\tim.o
 .debug_aranges
                0x000004d8       0x28 ..\obj\startup_stm32f10x_md.o
 .debug_aranges
                0x00000500       0xe0 ..\obj\stm32f10x_can.o
 .debug_aranges
                0x000005e0       0xa8 ..\obj\stm32f10x_gpio.o
 .debug_aranges
                0x00000688       0x28 ..\obj\main.o
 .debug_aranges
                0x000006b0       0x50 ..\obj\system.o
 .debug_aranges
                0x00000700       0x58 ..\obj\can.o
 .debug_aranges
                0x00000758      0x118 ..\obj\stm32f10x_rcc.o
 .debug_aranges
                0x00000870       0x58 ..\obj\gpio.o
 .debug_aranges
                0x000008c8       0x28 ..\obj\motor.o
 .debug_aranges
                0x000008f0      0x100 ..\obj\stm32f10x_usart.o
 .debug_aranges
                0x000009f0       0x60 ..\obj\syscalls.o
 .debug_aranges
                0x00000a50       0x40 ..\obj\misc.o
 .debug_aranges
                0x00000a90       0xd0 ..\obj\stm32f10x_spi.o
 .debug_aranges
                0x00000b60       0x98 ..\obj\usart.o

.debug_ranges   0x00000000      0xad8
 .debug_ranges  0x00000000       0x18 ..\obj\spi.o
 .debug_ranges  0x00000018      0x2e0 ..\obj\stm32f10x_tim.o
 .debug_ranges  0x000002f8       0x28 ..\obj\system_stm32f10x.o
 .debug_ranges  0x00000320      0x178 ..\obj\tim.o
 .debug_ranges  0x00000498       0x18 ..\obj\startup_stm32f10x_md.o
 .debug_ranges  0x000004b0       0xd0 ..\obj\stm32f10x_can.o
 .debug_ranges  0x00000580       0x98 ..\obj\stm32f10x_gpio.o
 .debug_ranges  0x00000618       0x18 ..\obj\main.o
 .debug_ranges  0x00000630       0x40 ..\obj\system.o
 .debug_ranges  0x00000670       0x48 ..\obj\can.o
 .debug_ranges  0x000006b8      0x108 ..\obj\stm32f10x_rcc.o
 .debug_ranges  0x000007c0       0x48 ..\obj\gpio.o
 .debug_ranges  0x00000808       0x18 ..\obj\motor.o
 .debug_ranges  0x00000820       0xf0 ..\obj\stm32f10x_usart.o
 .debug_ranges  0x00000910       0x50 ..\obj\syscalls.o
 .debug_ranges  0x00000960       0x30 ..\obj\misc.o
 .debug_ranges  0x00000990       0xc0 ..\obj\stm32f10x_spi.o
 .debug_ranges  0x00000a50       0x88 ..\obj\usart.o

.debug_line     0x00000000     0x4977
 .debug_line    0x00000000      0x2a6 ..\obj\spi.o
 .debug_line    0x000002a6      0xb98 ..\obj\stm32f10x_tim.o
 .debug_line    0x00000e3e      0x246 ..\obj\system_stm32f10x.o
 .debug_line    0x00001084      0x703 ..\obj\tim.o
 .debug_line    0x00001787       0xb3 ..\obj\startup_stm32f10x_md.o
 .debug_line    0x0000183a      0x5b2 ..\obj\stm32f10x_can.o
 .debug_line    0x00001dec      0x418 ..\obj\stm32f10x_gpio.o
 .debug_line    0x00002204      0x3a8 ..\obj\main.o
 .debug_line    0x000025ac      0x281 ..\obj\system.o
 .debug_line    0x0000282d      0x345 ..\obj\can.o
 .debug_line    0x00002b72      0x513 ..\obj\stm32f10x_rcc.o
 .debug_line    0x00003085      0x31b ..\obj\gpio.o
 .debug_line    0x000033a0      0x264 ..\obj\motor.o
 .debug_line    0x00003604      0x4fa ..\obj\stm32f10x_usart.o
 .debug_line    0x00003afe      0x1ff ..\obj\syscalls.o
 .debug_line    0x00003cfd      0x28b ..\obj\misc.o
 .debug_line    0x00003f88      0x475 ..\obj\stm32f10x_spi.o
 .debug_line    0x000043fd      0x57a ..\obj\usart.o

.debug_str      0x00000000     0x3fee
 .debug_str     0x00000000      0x67b ..\obj\spi.o
                                0x718 (size before relaxing)
 .debug_str     0x0000067b      0xbd6 ..\obj\stm32f10x_tim.o
                                0xdf6 (size before relaxing)
 .debug_str     0x00001251      0x175 ..\obj\system_stm32f10x.o
                                0x308 (size before relaxing)
 .debug_str     0x000013c6      0x859 ..\obj\tim.o
                               0x106f (size before relaxing)
 .debug_str     0x00001c1f       0xce ..\obj\startup_stm32f10x_md.o
                                0x165 (size before relaxing)
 .debug_str     0x00001ced      0x4a4 ..\obj\stm32f10x_can.o
                                0x747 (size before relaxing)
 .debug_str     0x00002191      0x344 ..\obj\stm32f10x_gpio.o
                                0x532 (size before relaxing)
 .debug_str     0x000024d5      0x5ea ..\obj\main.o
                                0xc59 (size before relaxing)
 .debug_str     0x00002abf      0x13a ..\obj\system.o
                                0x67d (size before relaxing)
 .debug_str     0x00002bf9      0x122 ..\obj\can.o
                                0x9c9 (size before relaxing)
 .debug_str     0x00002d1b      0x3df ..\obj\stm32f10x_rcc.o
                                0x633 (size before relaxing)
 .debug_str     0x000030fa      0x136 ..\obj\gpio.o
                                0x528 (size before relaxing)
 .debug_str     0x00003230       0x70 ..\obj\motor.o
                                0x531 (size before relaxing)
 .debug_str     0x000032a0      0x41b ..\obj\stm32f10x_usart.o
                                0x6a9 (size before relaxing)
 .debug_str     0x000036bb      0x18f ..\obj\syscalls.o
                                0x352 (size before relaxing)
 .debug_str     0x0000384a      0x11c ..\obj\misc.o
                                0x3d7 (size before relaxing)
 .debug_str     0x00003966      0x2d6 ..\obj\stm32f10x_spi.o
                                0x616 (size before relaxing)
 .debug_str     0x00003c3c      0x3b2 ..\obj\usart.o
                                0xc34 (size before relaxing)

.comment        0x00000000       0x6e
 .comment       0x00000000       0x6e ..\obj\spi.o
                                 0x6f (size before relaxing)
 .comment       0x0000006e       0x6f ..\obj\stm32f10x_tim.o
 .comment       0x0000006e       0x6f ..\obj\system_stm32f10x.o
 .comment       0x0000006e       0x6f ..\obj\tim.o
 .comment       0x0000006e       0x6f ..\obj\startup_stm32f10x_md.o
 .comment       0x0000006e       0x6f ..\obj\stm32f10x_can.o
 .comment       0x0000006e       0x6f ..\obj\stm32f10x_gpio.o
 .comment       0x0000006e       0x6f ..\obj\main.o
 .comment       0x0000006e       0x6f ..\obj\system.o
 .comment       0x0000006e       0x6f ..\obj\can.o
 .comment       0x0000006e       0x6f ..\obj\stm32f10x_rcc.o
 .comment       0x0000006e       0x6f ..\obj\gpio.o
 .comment       0x0000006e       0x6f ..\obj\motor.o
 .comment       0x0000006e       0x6f ..\obj\stm32f10x_usart.o
 .comment       0x0000006e       0x6f ..\obj\syscalls.o
 .comment       0x0000006e       0x6f ..\obj\misc.o
 .comment       0x0000006e       0x6f ..\obj\stm32f10x_spi.o
 .comment       0x0000006e       0x6f ..\obj\usart.o

.ARM.attributes
                0x00000000       0x31
 .ARM.attributes
                0x00000000       0x33 ..\obj\spi.o
 .ARM.attributes
                0x00000033       0x33 ..\obj\stm32f10x_tim.o
 .ARM.attributes
                0x00000066       0x33 ..\obj\system_stm32f10x.o
 .ARM.attributes
                0x00000099       0x33 ..\obj\tim.o
 .ARM.attributes
                0x000000cc       0x33 ..\obj\startup_stm32f10x_md.o
 .ARM.attributes
                0x000000ff       0x33 ..\obj\stm32f10x_can.o
 .ARM.attributes
                0x00000132       0x33 ..\obj\stm32f10x_gpio.o
 .ARM.attributes
                0x00000165       0x33 ..\obj\main.o
 .ARM.attributes
                0x00000198       0x33 ..\obj\system.o
 .ARM.attributes
                0x000001cb       0x33 ..\obj\can.o
 .ARM.attributes
                0x000001fe       0x33 ..\obj\stm32f10x_rcc.o
 .ARM.attributes
                0x00000231       0x33 ..\obj\gpio.o
 .ARM.attributes
                0x00000264       0x33 ..\obj\motor.o
 .ARM.attributes
                0x00000297       0x33 ..\obj\stm32f10x_usart.o
 .ARM.attributes
                0x000002ca       0x33 ..\obj\syscalls.o
 .ARM.attributes
                0x000002fd       0x33 ..\obj\misc.o
 .ARM.attributes
                0x00000330       0x33 ..\obj\stm32f10x_spi.o
 .ARM.attributes
                0x00000363       0x33 ..\obj\usart.o
 .ARM.attributes
                0x00000396       0x1d c:/program files (x86)/gnu tools arm embedded/5.4 2016q3/bin/../lib/gcc/arm-none-eabi/5.4.1/armv7-m\libgcc.a(_aeabi_uldivmod.o)
 .ARM.attributes
                0x000003b3       0x2d c:/program files (x86)/gnu tools arm embedded/5.4 2016q3/bin/../lib/gcc/arm-none-eabi/5.4.1/armv7-m\libgcc.a(_udivmoddi4.o)
 .ARM.attributes
                0x000003e0       0x1d c:/program files (x86)/gnu tools arm embedded/5.4 2016q3/bin/../lib/gcc/arm-none-eabi/5.4.1/armv7-m\libgcc.a(_dvmd_tls.o)
 .ARM.attributes
                0x000003fd       0x1b c:/program files (x86)/gnu tools arm embedded/5.4 2016q3/bin/../lib/gcc/arm-none-eabi/5.4.1/../../../../arm-none-eabi/lib/armv7-m\libc.a(lib_a-memcpy.o)
 .ARM.attributes
                0x00000418       0x2d c:/program files (x86)/gnu tools arm embedded/5.4 2016q3/bin/../lib/gcc/arm-none-eabi/5.4.1/../../../../arm-none-eabi/lib/armv7-m\libc.a(lib_a-vsprintf.o)
 .ARM.attributes
                0x00000445       0x2d c:/program files (x86)/gnu tools arm embedded/5.4 2016q3/bin/../lib/gcc/arm-none-eabi/5.4.1/../../../../arm-none-eabi/lib/armv7-m\libc.a(lib_a-impure.o)
 .ARM.attributes
                0x00000472       0x2d c:/program files (x86)/gnu tools arm embedded/5.4 2016q3/bin/../lib/gcc/arm-none-eabi/5.4.1/../../../../arm-none-eabi/lib/armv7-m\libc.a(lib_a-svfprintf.o)
 .ARM.attributes
                0x0000049f       0x2d c:/program files (x86)/gnu tools arm embedded/5.4 2016q3/bin/../lib/gcc/arm-none-eabi/5.4.1/../../../../arm-none-eabi/lib/armv7-m\libc.a(lib_a-dtoa.o)
 .ARM.attributes
                0x000004cc       0x2d c:/program files (x86)/gnu tools arm embedded/5.4 2016q3/bin/../lib/gcc/arm-none-eabi/5.4.1/../../../../arm-none-eabi/lib/armv7-m\libc.a(lib_a-localeconv.o)
 .ARM.attributes
                0x000004f9       0x2d c:/program files (x86)/gnu tools arm embedded/5.4 2016q3/bin/../lib/gcc/arm-none-eabi/5.4.1/../../../../arm-none-eabi/lib/armv7-m\libc.a(lib_a-mallocr.o)
 .ARM.attributes
                0x00000526       0x2d c:/program files (x86)/gnu tools arm embedded/5.4 2016q3/bin/../lib/gcc/arm-none-eabi/5.4.1/../../../../arm-none-eabi/lib/armv7-m\libc.a(lib_a-memchr-stub.o)
 .ARM.attributes
                0x00000553       0x2d c:/program files (x86)/gnu tools arm embedded/5.4 2016q3/bin/../lib/gcc/arm-none-eabi/5.4.1/../../../../arm-none-eabi/lib/armv7-m\libc.a(lib_a-mlock.o)
 .ARM.attributes
                0x00000580       0x2d c:/program files (x86)/gnu tools arm embedded/5.4 2016q3/bin/../lib/gcc/arm-none-eabi/5.4.1/../../../../arm-none-eabi/lib/armv7-m\libc.a(lib_a-mprec.o)
 .ARM.attributes
                0x000005ad       0x2d c:/program files (x86)/gnu tools arm embedded/5.4 2016q3/bin/../lib/gcc/arm-none-eabi/5.4.1/../../../../arm-none-eabi/lib/armv7-m\libc.a(lib_a-sbrkr.o)
 .ARM.attributes
                0x000005da       0x2d c:/program files (x86)/gnu tools arm embedded/5.4 2016q3/bin/../lib/gcc/arm-none-eabi/5.4.1/../../../../arm-none-eabi/lib/armv7-m\libc.a(lib_a-strlen-stub.o)
 .ARM.attributes
                0x00000607       0x2d c:/program files (x86)/gnu tools arm embedded/5.4 2016q3/bin/../lib/gcc/arm-none-eabi/5.4.1/../../../../arm-none-eabi/lib/armv7-m\libc.a(lib_a-svfiprintf.o)
 .ARM.attributes
                0x00000634       0x2d c:/program files (x86)/gnu tools arm embedded/5.4 2016q3/bin/../lib/gcc/arm-none-eabi/5.4.1/../../../../arm-none-eabi/lib/armv7-m\libc.a(lib_a-callocr.o)
 .ARM.attributes
                0x00000661       0x2d c:/program files (x86)/gnu tools arm embedded/5.4 2016q3/bin/../lib/gcc/arm-none-eabi/5.4.1/../../../../arm-none-eabi/lib/armv7-m\libc.a(lib_a-freer.o)
 .ARM.attributes
                0x0000068e       0x2d c:/program files (x86)/gnu tools arm embedded/5.4 2016q3/bin/../lib/gcc/arm-none-eabi/5.4.1/../../../../arm-none-eabi/lib/armv7-m\libc.a(lib_a-locale.o)
 .ARM.attributes
                0x000006bb       0x2d c:/program files (x86)/gnu tools arm embedded/5.4 2016q3/bin/../lib/gcc/arm-none-eabi/5.4.1/../../../../arm-none-eabi/lib/armv7-m\libc.a(lib_a-mbtowc_r.o)
 .ARM.attributes
                0x000006e8       0x2d c:/program files (x86)/gnu tools arm embedded/5.4 2016q3/bin/../lib/gcc/arm-none-eabi/5.4.1/../../../../arm-none-eabi/lib/armv7-m\libc.a(lib_a-memmove.o)
 .ARM.attributes
                0x00000715       0x2d c:/program files (x86)/gnu tools arm embedded/5.4 2016q3/bin/../lib/gcc/arm-none-eabi/5.4.1/../../../../arm-none-eabi/lib/armv7-m\libc.a(lib_a-memset.o)
 .ARM.attributes
                0x00000742       0x2d c:/program files (x86)/gnu tools arm embedded/5.4 2016q3/bin/../lib/gcc/arm-none-eabi/5.4.1/../../../../arm-none-eabi/lib/armv7-m\libc.a(lib_a-reallocr.o)
 .ARM.attributes
                0x0000076f       0x2d c:/program files (x86)/gnu tools arm embedded/5.4 2016q3/bin/../lib/gcc/arm-none-eabi/5.4.1/../../../../arm-none-eabi/lib/armv7-m\libc.a(lib_a-reent.o)
 .ARM.attributes
                0x0000079c       0x2d c:/program files (x86)/gnu tools arm embedded/5.4 2016q3/bin/../lib/gcc/arm-none-eabi/5.4.1/../../../../arm-none-eabi/lib/armv7-m\libc.a(lib_a-wctomb_r.o)
 .ARM.attributes
                0x000007c9       0x2d c:/program files (x86)/gnu tools arm embedded/5.4 2016q3/bin/../lib/gcc/arm-none-eabi/5.4.1/../../../../arm-none-eabi/lib/armv7-m\libc.a(lib_a-ctype_.o)
 .ARM.attributes
                0x000007f6       0x1d c:/program files (x86)/gnu tools arm embedded/5.4 2016q3/bin/../lib/gcc/arm-none-eabi/5.4.1/armv7-m\libgcc.a(_arm_addsubdf3.o)
 .ARM.attributes
                0x00000813       0x1d c:/program files (x86)/gnu tools arm embedded/5.4 2016q3/bin/../lib/gcc/arm-none-eabi/5.4.1/armv7-m\libgcc.a(_arm_muldivdf3.o)
 .ARM.attributes
                0x00000830       0x1d c:/program files (x86)/gnu tools arm embedded/5.4 2016q3/bin/../lib/gcc/arm-none-eabi/5.4.1/armv7-m\libgcc.a(_arm_cmpdf2.o)
 .ARM.attributes
                0x0000084d       0x1d c:/program files (x86)/gnu tools arm embedded/5.4 2016q3/bin/../lib/gcc/arm-none-eabi/5.4.1/armv7-m\libgcc.a(_arm_unorddf2.o)
 .ARM.attributes
                0x0000086a       0x1d c:/program files (x86)/gnu tools arm embedded/5.4 2016q3/bin/../lib/gcc/arm-none-eabi/5.4.1/armv7-m\libgcc.a(_arm_fixdfsi.o)

.debug_frame    0x00000000     0x3aac
 .debug_frame   0x00000000       0x50 ..\obj\spi.o
 .debug_frame   0x00000050      0xe2c ..\obj\stm32f10x_tim.o
 .debug_frame   0x00000e7c       0x98 ..\obj\system_stm32f10x.o
 .debug_frame   0x00000f14      0x640 ..\obj\tim.o
 .debug_frame   0x00001554       0x4c ..\obj\startup_stm32f10x_md.o
 .debug_frame   0x000015a0      0x3f0 ..\obj\stm32f10x_can.o
 .debug_frame   0x00001990      0x2d0 ..\obj\stm32f10x_gpio.o
 .debug_frame   0x00001c60       0x54 ..\obj\main.o
 .debug_frame   0x00001cb4      0x108 ..\obj\system.o
 .debug_frame   0x00001dbc      0x134 ..\obj\can.o
 .debug_frame   0x00001ef0      0x4f4 ..\obj\stm32f10x_rcc.o
 .debug_frame   0x000023e4      0x128 ..\obj\gpio.o
 .debug_frame   0x0000250c       0x5c ..\obj\motor.o
 .debug_frame   0x00002568      0x490 ..\obj\stm32f10x_usart.o
 .debug_frame   0x000029f8      0x168 ..\obj\syscalls.o
 .debug_frame   0x00002b60       0xd8 ..\obj\misc.o
 .debug_frame   0x00002c38      0x3a0 ..\obj\stm32f10x_spi.o
 .debug_frame   0x00002fd8      0x27c ..\obj\usart.o
 .debug_frame   0x00003254       0x2c c:/program files (x86)/gnu tools arm embedded/5.4 2016q3/bin/../lib/gcc/arm-none-eabi/5.4.1/armv7-m\libgcc.a(_aeabi_uldivmod.o)
 .debug_frame   0x00003280       0x38 c:/program files (x86)/gnu tools arm embedded/5.4 2016q3/bin/../lib/gcc/arm-none-eabi/5.4.1/armv7-m\libgcc.a(_udivmoddi4.o)
 .debug_frame   0x000032b8       0x50 c:/program files (x86)/gnu tools arm embedded/5.4 2016q3/bin/../lib/gcc/arm-none-eabi/5.4.1/../../../../arm-none-eabi/lib/armv7-m\libc.a(lib_a-vsprintf.o)
 .debug_frame   0x00003308       0x44 c:/program files (x86)/gnu tools arm embedded/5.4 2016q3/bin/../lib/gcc/arm-none-eabi/5.4.1/../../../../arm-none-eabi/lib/armv7-m\libc.a(lib_a-svfprintf.o)
 .debug_frame   0x0000334c       0x84 c:/program files (x86)/gnu tools arm embedded/5.4 2016q3/bin/../lib/gcc/arm-none-eabi/5.4.1/../../../../arm-none-eabi/lib/armv7-m\libc.a(lib_a-dtoa.o)
 .debug_frame   0x000033d0       0x40 c:/program files (x86)/gnu tools arm embedded/5.4 2016q3/bin/../lib/gcc/arm-none-eabi/5.4.1/../../../../arm-none-eabi/lib/armv7-m\libc.a(lib_a-localeconv.o)
 .debug_frame   0x00003410       0x54 c:/program files (x86)/gnu tools arm embedded/5.4 2016q3/bin/../lib/gcc/arm-none-eabi/5.4.1/../../../../arm-none-eabi/lib/armv7-m\libc.a(lib_a-mallocr.o)
 .debug_frame   0x00003464       0x34 c:/program files (x86)/gnu tools arm embedded/5.4 2016q3/bin/../lib/gcc/arm-none-eabi/5.4.1/../../../../arm-none-eabi/lib/armv7-m\libc.a(lib_a-memchr-stub.o)
 .debug_frame   0x00003498       0x30 c:/program files (x86)/gnu tools arm embedded/5.4 2016q3/bin/../lib/gcc/arm-none-eabi/5.4.1/../../../../arm-none-eabi/lib/armv7-m\libc.a(lib_a-mlock.o)
 .debug_frame   0x000034c8      0x264 c:/program files (x86)/gnu tools arm embedded/5.4 2016q3/bin/../lib/gcc/arm-none-eabi/5.4.1/../../../../arm-none-eabi/lib/armv7-m\libc.a(lib_a-mprec.o)
 .debug_frame   0x0000372c       0x2c c:/program files (x86)/gnu tools arm embedded/5.4 2016q3/bin/../lib/gcc/arm-none-eabi/5.4.1/../../../../arm-none-eabi/lib/armv7-m\libc.a(lib_a-sbrkr.o)
 .debug_frame   0x00003758       0x20 c:/program files (x86)/gnu tools arm embedded/5.4 2016q3/bin/../lib/gcc/arm-none-eabi/5.4.1/../../../../arm-none-eabi/lib/armv7-m\libc.a(lib_a-strlen-stub.o)
 .debug_frame   0x00003778       0x78 c:/program files (x86)/gnu tools arm embedded/5.4 2016q3/bin/../lib/gcc/arm-none-eabi/5.4.1/../../../../arm-none-eabi/lib/armv7-m\libc.a(lib_a-svfiprintf.o)
 .debug_frame   0x000037f0       0x28 c:/program files (x86)/gnu tools arm embedded/5.4 2016q3/bin/../lib/gcc/arm-none-eabi/5.4.1/../../../../arm-none-eabi/lib/armv7-m\libc.a(lib_a-callocr.o)
 .debug_frame   0x00003818       0x74 c:/program files (x86)/gnu tools arm embedded/5.4 2016q3/bin/../lib/gcc/arm-none-eabi/5.4.1/../../../../arm-none-eabi/lib/armv7-m\libc.a(lib_a-freer.o)
 .debug_frame   0x0000388c       0x84 c:/program files (x86)/gnu tools arm embedded/5.4 2016q3/bin/../lib/gcc/arm-none-eabi/5.4.1/../../../../arm-none-eabi/lib/armv7-m\libc.a(lib_a-locale.o)
 .debug_frame   0x00003910       0x4c c:/program files (x86)/gnu tools arm embedded/5.4 2016q3/bin/../lib/gcc/arm-none-eabi/5.4.1/../../../../arm-none-eabi/lib/armv7-m\libc.a(lib_a-mbtowc_r.o)
 .debug_frame   0x0000395c       0x30 c:/program files (x86)/gnu tools arm embedded/5.4 2016q3/bin/../lib/gcc/arm-none-eabi/5.4.1/../../../../arm-none-eabi/lib/armv7-m\libc.a(lib_a-memmove.o)
 .debug_frame   0x0000398c       0x34 c:/program files (x86)/gnu tools arm embedded/5.4 2016q3/bin/../lib/gcc/arm-none-eabi/5.4.1/../../../../arm-none-eabi/lib/armv7-m\libc.a(lib_a-memset.o)
 .debug_frame   0x000039c0       0x58 c:/program files (x86)/gnu tools arm embedded/5.4 2016q3/bin/../lib/gcc/arm-none-eabi/5.4.1/../../../../arm-none-eabi/lib/armv7-m\libc.a(lib_a-reallocr.o)
 .debug_frame   0x00003a18       0x58 c:/program files (x86)/gnu tools arm embedded/5.4 2016q3/bin/../lib/gcc/arm-none-eabi/5.4.1/../../../../arm-none-eabi/lib/armv7-m\libc.a(lib_a-reent.o)
 .debug_frame   0x00003a70       0x3c c:/program files (x86)/gnu tools arm embedded/5.4 2016q3/bin/../lib/gcc/arm-none-eabi/5.4.1/../../../../arm-none-eabi/lib/armv7-m\libc.a(lib_a-wctomb_r.o)
