Archive member included to satisfy reference by file (symbol)

c:/program files (x86)/gnu tools arm embedded/5.4 2016q3/bin/../lib/gcc/arm-none-eabi/5.4.1/armv7-m\libgcc.a(_aeabi_uldivmod.o)
                              ..\obj\system.o (__aeabi_uldivmod)
c:/program files (x86)/gnu tools arm embedded/5.4 2016q3/bin/../lib/gcc/arm-none-eabi/5.4.1/armv7-m\libgcc.a(_udivmoddi4.o)
                              c:/program files (x86)/gnu tools arm embedded/5.4 2016q3/bin/../lib/gcc/arm-none-eabi/5.4.1/armv7-m\libgcc.a(_aeabi_uldivmod.o) (__udivmoddi4)
c:/program files (x86)/gnu tools arm embedded/5.4 2016q3/bin/../lib/gcc/arm-none-eabi/5.4.1/armv7-m\libgcc.a(unwind-arm.o)
                              ..\obj\spi.o (__aeabi_unwind_cpp_pr0)
c:/program files (x86)/gnu tools arm embedded/5.4 2016q3/bin/../lib/gcc/arm-none-eabi/5.4.1/armv7-m\libgcc.a(libunwind.o)
                              c:/program files (x86)/gnu tools arm embedded/5.4 2016q3/bin/../lib/gcc/arm-none-eabi/5.4.1/armv7-m\libgcc.a(unwind-arm.o) (restore_core_regs)
c:/program files (x86)/gnu tools arm embedded/5.4 2016q3/bin/../lib/gcc/arm-none-eabi/5.4.1/armv7-m\libgcc.a(pr-support.o)
                              c:/program files (x86)/gnu tools arm embedded/5.4 2016q3/bin/../lib/gcc/arm-none-eabi/5.4.1/armv7-m\libgcc.a(unwind-arm.o) (__gnu_unwind_execute)
c:/program files (x86)/gnu tools arm embedded/5.4 2016q3/bin/../lib/gcc/arm-none-eabi/5.4.1/armv7-m\libgcc.a(_dvmd_tls.o)
                              c:/program files (x86)/gnu tools arm embedded/5.4 2016q3/bin/../lib/gcc/arm-none-eabi/5.4.1/armv7-m\libgcc.a(_aeabi_uldivmod.o) (__aeabi_ldiv0)
c:/program files (x86)/gnu tools arm embedded/5.4 2016q3/bin/../lib/gcc/arm-none-eabi/5.4.1/../../../../arm-none-eabi/lib/armv7-m\libc.a(lib_a-memcpy.o)
                              c:/program files (x86)/gnu tools arm embedded/5.4 2016q3/bin/../lib/gcc/arm-none-eabi/5.4.1/armv7-m\libgcc.a(unwind-arm.o) (memcpy)
c:/program files (x86)/gnu tools arm embedded/5.4 2016q3/bin/../lib/gcc/arm-none-eabi/5.4.1/../../../../arm-none-eabi/lib/armv7-m\libc.a(lib_a-vsprintf.o)
                              ..\obj\usart.o (vsprintf)
c:/program files (x86)/gnu tools arm embedded/5.4 2016q3/bin/../lib/gcc/arm-none-eabi/5.4.1/../../../../arm-none-eabi/lib/armv7-m\libc.a(lib_a-impure.o)
                              c:/program files (x86)/gnu tools arm embedded/5.4 2016q3/bin/../lib/gcc/arm-none-eabi/5.4.1/../../../../arm-none-eabi/lib/armv7-m\libc.a(lib_a-vsprintf.o) (_impure_ptr)
c:/program files (x86)/gnu tools arm embedded/5.4 2016q3/bin/../lib/gcc/arm-none-eabi/5.4.1/../../../../arm-none-eabi/lib/armv7-m\libc.a(lib_a-svfprintf.o)
                              c:/program files (x86)/gnu tools arm embedded/5.4 2016q3/bin/../lib/gcc/arm-none-eabi/5.4.1/../../../../arm-none-eabi/lib/armv7-m\libc.a(lib_a-vsprintf.o) (_svfprintf_r)
c:/program files (x86)/gnu tools arm embedded/5.4 2016q3/bin/../lib/gcc/arm-none-eabi/5.4.1/../../../../arm-none-eabi/lib/armv7-m\libc.a(lib_a-dtoa.o)
                              c:/program files (x86)/gnu tools arm embedded/5.4 2016q3/bin/../lib/gcc/arm-none-eabi/5.4.1/../../../../arm-none-eabi/lib/armv7-m\libc.a(lib_a-svfprintf.o) (_dtoa_r)
c:/program files (x86)/gnu tools arm embedded/5.4 2016q3/bin/../lib/gcc/arm-none-eabi/5.4.1/../../../../arm-none-eabi/lib/armv7-m\libc.a(lib_a-localeconv.o)
                              c:/program files (x86)/gnu tools arm embedded/5.4 2016q3/bin/../lib/gcc/arm-none-eabi/5.4.1/../../../../arm-none-eabi/lib/armv7-m\libc.a(lib_a-svfprintf.o) (_localeconv_r)
c:/program files (x86)/gnu tools arm embedded/5.4 2016q3/bin/../lib/gcc/arm-none-eabi/5.4.1/../../../../arm-none-eabi/lib/armv7-m\libc.a(lib_a-mallocr.o)
                              c:/program files (x86)/gnu tools arm embedded/5.4 2016q3/bin/../lib/gcc/arm-none-eabi/5.4.1/../../../../arm-none-eabi/lib/armv7-m\libc.a(lib_a-svfprintf.o) (_malloc_r)
c:/program files (x86)/gnu tools arm embedded/5.4 2016q3/bin/../lib/gcc/arm-none-eabi/5.4.1/../../../../arm-none-eabi/lib/armv7-m\libc.a(lib_a-memchr-stub.o)
                              c:/program files (x86)/gnu tools arm embedded/5.4 2016q3/bin/../lib/gcc/arm-none-eabi/5.4.1/../../../../arm-none-eabi/lib/armv7-m\libc.a(lib_a-svfprintf.o) (memchr)
c:/program files (x86)/gnu tools arm embedded/5.4 2016q3/bin/../lib/gcc/arm-none-eabi/5.4.1/../../../../arm-none-eabi/lib/armv7-m\libc.a(lib_a-mlock.o)
                              c:/program files (x86)/gnu tools arm embedded/5.4 2016q3/bin/../lib/gcc/arm-none-eabi/5.4.1/../../../../arm-none-eabi/lib/armv7-m\libc.a(lib_a-mallocr.o) (__malloc_lock)
c:/program files (x86)/gnu tools arm embedded/5.4 2016q3/bin/../lib/gcc/arm-none-eabi/5.4.1/../../../../arm-none-eabi/lib/armv7-m\libc.a(lib_a-mprec.o)
                              c:/program files (x86)/gnu tools arm embedded/5.4 2016q3/bin/../lib/gcc/arm-none-eabi/5.4.1/../../../../arm-none-eabi/lib/armv7-m\libc.a(lib_a-dtoa.o) (_Balloc)
[...]
Memory Configuration

Name             Origin             Length             Attributes
rom              0x08000000         0x00010000         xr
ram              0x20000000         0x00005000         xrw
*default*        0x00000000         0xffffffff

Linker script and memory map

                0x20005000                _eram = 0x20005000

.text           0x08000000     0x9439
 *(.isr_vector)
 .isr_vector    0x08000000      0x10c ..\obj\startup_stm32f10x_md.o
                0x08000000                g_pfnVectors
 *(.text*)
 .text.SPI1_IRQHandler
                0x0800010c       0x50 ..\obj\spi.o
                0x0800010c                SPI1_IRQHandler
 .text.TIM_TimeBaseInit
                0x0800015c       0xf8 ..\obj\stm32f10x_tim.o
                0x0800015c                TIM_TimeBaseInit
 .text.TIM_OC1Init
                0x08000254      0x118 ..\obj\stm32f10x_tim.o
                0x08000254                TIM_OC1Init
 .text.TIM_OC2Init
                0x0800036c      0x110 ..\obj\stm32f10x_tim.o
                0x0800036c                TIM_OC2Init
 .text.TIM_OC3Init
                0x0800047c      0x10c ..\obj\stm32f10x_tim.o
                0x0800047c                TIM_OC3Init
 .text.TIM_OC4Init
                0x08000588       0xd0 ..\obj\stm32f10x_tim.o
                0x08000588                TIM_OC4Init
 .text.TIM_BDTRConfig
                0x08000658       0x50 ..\obj\stm32f10x_tim.o
                0x08000658                TIM_BDTRConfig
 .text.TIM_TimeBaseStructInit
                0x080006a8       0x34 ..\obj\stm32f10x_tim.o
                0x080006a8                TIM_TimeBaseStructInit
 .text.TIM_OCStructInit
                0x080006dc       0x44 ..\obj\stm32f10x_tim.o
                0x080006dc                TIM_OCStructInit
 .text.TIM_BDTRStructInit
                0x08000720       0x3c ..\obj\stm32f10x_tim.o
                0x08000720                TIM_BDTRStructInit
 .text.TIM_Cmd  0x0800075c       0x40 ..\obj\stm32f10x_tim.o
                0x0800075c                TIM_Cmd
 .text.TIM_ITConfig
                0x0800079c       0x48 ..\obj\stm32f10x_tim.o
                0x0800079c                TIM_ITConfig
 .text.TIM_EncoderInterfaceConfig
                0x080007e4       0x98 ..\obj\stm32f10x_tim.o
                0x080007e4                TIM_EncoderInterfaceConfig
 .text.TIM_ARRPreloadConfig
                0x0800087c       0x40 ..\obj\stm32f10x_tim.o
                0x0800087c                TIM_ARRPreloadConfig
 .text.TIM_ClearITPendingBit
                0x080008bc       0x20 ..\obj\stm32f10x_tim.o
                0x080008bc                TIM_ClearITPendingBit
 .text.SystemInit
                0x080008dc       0x68 ..\obj\system_stm32f10x.o
                0x080008dc                SystemInit
 .text.SetSysClock
                0x08000944        0xc ..\obj\system_stm32f10x.o
 .text.SetSysClockTo72
                0x08000950      0x100 ..\obj\system_stm32f10x.o
 .text._ZN3TIM8pwmSetupEP11TIM_TypeDefttt
                0x08000a50      0x138 ..\obj\tim.o
                0x08000a50                TIM::pwmSetup(TIM_TypeDef*, unsigned short, unsigned short, unsigned short)
 .text._ZN3TIM4dutyEt
                0x08000b88      0x110 ..\obj\tim.o
                0x08000b88                TIM::duty(unsigned short)
 .text._ZN3TIM12encoderSetupEP11TIM_TypeDef
                0x08000c98       0x8c ..\obj\tim.o
                0x08000c98                TIM::encoderSetup(TIM_TypeDef*)
 .text._ZN3TIM10timerSetupEP11TIM_TypeDef
                0x08000d24       0xb4 ..\obj\tim.o
                0x08000d24                TIM::timerSetup(TIM_TypeDef*)
 .text._Z9TIM1Setupt
                0x08000dd8       0x78 ..\obj\tim.o
                0x08000dd8                TIM1Setup(unsigned short)
 .text._Z9TIM2Setupt
                0x08000e50       0x40 ..\obj\tim.o
                0x08000e50                TIM2Setup(unsigned short)
 .text._Z9TIM3Setupt
                0x08000e90       0x40 ..\obj\tim.o
                0x08000e90                TIM3Setup(unsigned short)
 .text._Z9TIM4Setupt
                0x08000ed0       0x40 ..\obj\tim.o
                0x08000ed0                TIM4Setup(unsigned short)
 .text._Z11TIM1ITSetupt
                0x08000f10       0x3c ..\obj\tim.o
                0x08000f10                TIM1ITSetup(unsigned short)
 .text._Z11TIM2ITSetupt
                0x08000f4c       0x3c ..\obj\tim.o
                0x08000f4c                TIM2ITSetup(unsigned short)
 .text._Z11TIM3ITSetupt
                0x08000f88       0x3c ..\obj\tim.o
                0x08000f88                TIM3ITSetup(unsigned short)
 .text._Z11TIM4ITSetupt
                0x08000fc4       0x3c ..\obj\tim.o
                0x08000fc4                TIM4ITSetup(unsigned short)
 .text._Z11OC1PWMSetupP11TIM_TypeDeft
                0x08001000       0x4c ..\obj\tim.o
                0x08001000                OC1PWMSetup(TIM_TypeDef*, unsigned short)
 .text._Z11OC2PWMSetupP11TIM_TypeDeft
                0x0800104c       0x4c ..\obj\tim.o
                0x0800104c                OC2PWMSetup(TIM_TypeDef*, unsigned short)
 .text._Z11OC3PWMSetupP11TIM_TypeDeft
                0x08001098       0x4c ..\obj\tim.o
                0x08001098                OC3PWMSetup(TIM_TypeDef*, unsigned short)
 .text._Z11OC4PWMSetupP11TIM_TypeDeft
                0x080010e4       0x4c ..\obj\tim.o
                0x080010e4                OC4PWMSetup(TIM_TypeDef*, unsigned short)
 .text._Z10OC1DutySetP11TIM_TypeDeft
                0x08001130       0x1c ..\obj\tim.o
                0x08001130                OC1DutySet(TIM_TypeDef*, unsigned short)
 .text._Z10OC2DutySetP11TIM_TypeDeft
                0x0800114c       0x1c ..\obj\tim.o
                0x0800114c                OC2DutySet(TIM_TypeDef*, unsigned short)
 .text._Z10OC3DutySetP11TIM_TypeDeft
                0x08001168       0x1c ..\obj\tim.o
                0x08001168                OC3DutySet(TIM_TypeDef*, unsigned short)
 .text._Z10OC4DutySetP11TIM_TypeDeft
                0x08001184       0x20 ..\obj\tim.o
                0x08001184                OC4DutySet(TIM_TypeDef*, unsigned short)
 .text._Z16TIM1EncoderSetupv
                0x080011a4       0x54 ..\obj\tim.o
                0x080011a4                TIM1EncoderSetup()
 .text._Z16TIM2EncoderSetupv
                0x080011f8       0x54 ..\obj\tim.o
                0x080011f8                TIM2EncoderSetup()
 .text._Z16TIM3EncoderSetupv
                0x0800124c       0x50 ..\obj\tim.o
                0x0800124c                TIM3EncoderSetup()
 .text._Z16TIM4EncoderSetupv
                0x0800129c       0x50 ..\obj\tim.o
                0x0800129c                TIM4EncoderSetup()
 .text._Z16TIM1_ENCODER_IRQv
                0x080012ec       0x40 ..\obj\tim.o
                0x080012ec                TIM1_ENCODER_IRQ()
 .text._Z16TIM2_ENCODER_IRQv
                0x0800132c       0x3c ..\obj\tim.o
                0x0800132c                TIM2_ENCODER_IRQ()
 .text._Z16TIM3_ENCODER_IRQv
                0x08001368       0x40 ..\obj\tim.o
                0x08001368                TIM3_ENCODER_IRQ()
 .text._Z16TIM4_ENCODER_IRQv
                0x080013a8       0x40 ..\obj\tim.o
                0x080013a8                TIM4_ENCODER_IRQ()
 .text._Z19TIM1_TIM_Update_IRQv
                0x080013e8       0x1c ..\obj\tim.o
                0x080013e8                TIM1_TIM_Update_IRQ()
 .text._Z19TIM2_TIM_Update_IRQv
                0x08001404       0x1c ..\obj\tim.o
                0x08001404                TIM2_TIM_Update_IRQ()
 .text._Z19TIM3_TIM_Update_IRQv
                0x08001420       0x1c ..\obj\tim.o
                0x08001420                TIM3_TIM_Update_IRQ()
 .text._Z19TIM4_TIM_Update_IRQv
                0x0800143c       0x1c ..\obj\tim.o
                0x0800143c                TIM4_TIM_Update_IRQ()
 .text.TIM1_UP_IRQHandler
                0x08001458       0x40 ..\obj\tim.o
                0x08001458                TIM1_UP_IRQHandler
 .text.TIM2_IRQHandler
                0x08001498       0x40 ..\obj\tim.o
                0x08001498                TIM2_IRQHandler
 .text.TIM3_IRQHandler
                0x080014d8       0x40 ..\obj\tim.o
                0x080014d8                TIM3_IRQHandler
 .text.TIM4_IRQHandler
                0x08001518       0x40 ..\obj\tim.o
                0x08001518                TIM4_IRQHandler
 .text.Default_Reset_Handler
                0x08001558       0x60 ..\obj\startup_stm32f10x_md.o
                0x08001558                Default_Reset_Handler
                0x08001558                Reset_Handler
 .text.Default_Handler
                0x080015b8        0x8 ..\obj\startup_stm32f10x_md.o
                0x080015b8                EXTI2_IRQHandler
                0x080015b8                DebugMon_Handler
                0x080015b8                TIM1_CC_IRQHandler
                0x080015b8                HardFault_Handler
                0x080015b8                PVD_IRQHandler
                0x080015b8                PendSV_Handler
                0x080015b8                NMI_Handler
                0x080015b8                EXTI3_IRQHandler
                0x080015b8                EXTI0_IRQHandler
                0x080015b8                I2C2_EV_IRQHandler
                0x080015b8                UsageFault_Handler
                0x080015b8                ADC1_2_IRQHandler
                0x080015b8                TAMPER_IRQHandler
                0x080015b8                DMA1_Channel4_IRQHandler
                0x080015b8                RTC_IRQHandler
                0x080015b8                DMA1_Channel7_IRQHandler
                0x080015b8                CAN1_RX1_IRQHandler
                0x080015b8                I2C1_EV_IRQHandler
                0x080015b8                DMA1_Channel6_IRQHandler
                0x080015b8                RCC_IRQHandler
                0x080015b8                TIM1_TRG_COM_IRQHandler
                0x080015b8                DMA1_Channel1_IRQHandler
                0x080015b8                EXTI15_10_IRQHandler
                0x080015b8                EXTI9_5_IRQHandler
                0x080015b8                SPI2_IRQHandler
                0x080015b8                MemManage_Handler
                0x080015b8                SVC_Handler
                0x080015b8                DMA1_Channel5_IRQHandler
                0x080015b8                EXTI4_IRQHandler
                0x080015b8                USB_HP_CAN1_TX_IRQHandler
                0x080015b8                DMA1_Channel3_IRQHandler
                0x080015b8                WWDG_IRQHandler
                0x080015b8                TIM1_BRK_IRQHandler
                0x080015b8                EXTI1_IRQHandler
                0x080015b8                RTCAlarm_IRQHandler
                0x080015b8                I2C2_ER_IRQHandler
                0x080015b8                DMA1_Channel2_IRQHandler
                0x080015b8                CAN1_SCE_IRQHandler
                0x080015b8                FLASH_IRQHandler
                0x080015b8                BusFault_Handler
                0x080015b8                I2C1_ER_IRQHandler
                0x080015b8                USBWakeUp_IRQHandler
 .text.CAN_DeInit
                0x080015c0       0x48 ..\obj\stm32f10x_can.o
                0x080015c0                CAN_DeInit
 .text.CAN_Init
                0x08001608      0x1a0 ..\obj\stm32f10x_can.o
                0x08001608                CAN_Init
 .text.CAN_FilterInit
                0x080017a8      0x174 ..\obj\stm32f10x_can.o
                0x080017a8                CAN_FilterInit
 .text.CAN_StructInit
                0x0800191c       0x54 ..\obj\stm32f10x_can.o
                0x0800191c                CAN_StructInit
 .text.CAN_Transmit
                0x08001970      0x194 ..\obj\stm32f10x_can.o
                0x08001970                CAN_Transmit
 .text.CAN_Receive
                0x08001b04      0x174 ..\obj\stm32f10x_can.o
                0x08001b04                CAN_Receive
 .text.CAN_ITConfig
                0x08001c78       0x3c ..\obj\stm32f10x_can.o
                0x08001c78                CAN_ITConfig
 .text.GPIO_Init
                0x08001cb4      0x178 ..\obj\stm32f10x_gpio.o
                0x08001cb4                GPIO_Init
 .text.GPIO_StructInit
                0x08001e2c       0x28 ..\obj\stm32f10x_gpio.o
                0x08001e2c                GPIO_StructInit
 .text.GPIO_ReadInputDataBit
                0x08001e54       0x34 ..\obj\stm32f10x_gpio.o
                0x08001e54                GPIO_ReadInputDataBit
 .text.GPIO_WriteBit
                0x08001e88       0x30 ..\obj\stm32f10x_gpio.o
                0x08001e88                GPIO_WriteBit
 .text._ZN5MOTORC2Ev
                0x08001eb8       0x1c ..\obj\main.o
                0x08001eb8                MOTOR::MOTOR()
                0x08001eb8                MOTOR::MOTOR()
 .text.main     0x08001ed4      0x628 ..\obj\main.o
                0x08001ed4                main
 .text.USB_LP_CAN1_RX0_IRQHandler
                0x080024fc       0x2c ..\obj\main.o
                0x080024fc                USB_LP_CAN1_RX0_IRQHandler
 .text._Z41__static_initialization_and_destruction_0ii
                0x08002528       0x38 ..\obj\main.o
 .text._GLOBAL__sub_I_rxFlag
                0x08002560       0x10 ..\obj\main.o
 .text.NVIC_SetPriority
                0x08002570       0x54 ..\obj\system.o
 .text.SysTick_Config
                0x080025c4       0x44 ..\obj\system.o
 .text._Z5setupv
                0x08002608       0x24 ..\obj\system.o
                0x08002608                setup()
 .text.SysTick_Handler
                0x0800262c       0x38 ..\obj\system.o
                0x0800262c                SysTick_Handler
 .text._Z5delaym
                0x08002664       0x2c ..\obj\system.o
                0x08002664                delay(unsigned long)
 .text._Z9CAN1Setupv
                0x08002690       0x80 ..\obj\can.o
                0x08002690                CAN1Setup()
 .text._Z8CAN1SendthPh
                0x08002710       0x74 ..\obj\can.o
                0x08002710                CAN1Send(unsigned short, unsigned char, unsigned char*)
 .text._Z13CAN1FilterAddtttt
                0x08002784       0x84 ..\obj\can.o
                0x08002784                CAN1FilterAdd(unsigned short, unsigned short, unsigned short, unsigned short)
 .text.RCC_GetClocksFreq
                0x08002808      0x160 ..\obj\stm32f10x_rcc.o
                0x08002808                RCC_GetClocksFreq
 .text.RCC_APB2PeriphClockCmd
                0x08002968       0x3c ..\obj\stm32f10x_rcc.o
                0x08002968                RCC_APB2PeriphClockCmd
 .text.RCC_APB1PeriphClockCmd
                0x080029a4       0x3c ..\obj\stm32f10x_rcc.o
                0x080029a4                RCC_APB1PeriphClockCmd
 .text.RCC_APB1PeriphResetCmd
                0x080029e0       0x3c ..\obj\stm32f10x_rcc.o
                0x080029e0                RCC_APB1PeriphResetCmd
 .text._ZN4GPIO5setupEP12GPIO_TypeDeft16GPIOMode_TypeDef
                0x08002a1c       0x7c ..\obj\gpio.o
                0x08002a1c                GPIO::setup(GPIO_TypeDef*, unsigned short, GPIOMode_TypeDef)
 .text._ZN4GPIO5writeE9BitAction
                0x08002a98       0x28 ..\obj\gpio.o
                0x08002a98                GPIO::write(BitAction)
 .text._ZN4GPIO4readEv
                0x08002ac0       0x24 ..\obj\gpio.o
                0x08002ac0                GPIO::read()
 .text.USART_Init
                0x08002ae4      0x174 ..\obj\stm32f10x_usart.o
                0x08002ae4                USART_Init
 .text.USART_StructInit
                0x08002c58       0x38 ..\obj\stm32f10x_usart.o
                0x08002c58                USART_StructInit
 .text.USART_Cmd
                0x08002c90       0x40 ..\obj\stm32f10x_usart.o
                0x08002c90                USART_Cmd
 .text.USART_ITConfig
                0x08002cd0       0x90 ..\obj\stm32f10x_usart.o
                0x08002cd0                USART_ITConfig
 .text.USART_SendData
                0x08002d60       0x24 ..\obj\stm32f10x_usart.o
                0x08002d60                USART_SendData
 .text.USART_ReceiveData
                0x08002d84       0x20 ..\obj\stm32f10x_usart.o
                0x08002d84                USART_ReceiveData
 .text.USART_GetITStatus
                0x08002da4       0xb4 ..\obj\stm32f10x_usart.o
                0x08002da4                USART_GetITStatus
 .text._sbrk    0x08002e58       0x3c ..\obj\syscalls.o
                0x08002e58                _sbrk
 .text.abort    0x08002e94        0x8 ..\obj\syscalls.o
                0x08002e94                abort
 .text._ZN5MOTOR5setupER3TIMS1_
                0x08002e9c       0x24 ..\obj\app.o
                0x08002e9c                MOTOR::setup(TIM&, TIM&)
 .text._ZN5MOTOR4dutyEl
                0x08002ec0       0x7c ..\obj\app.o
                0x08002ec0                MOTOR::duty(long)
 .text.NVIC_Init
                0x08002f3c       0xc4 ..\obj\misc.o
                0x08002f3c                NVIC_Init
 .text.SPI_I2S_GetITStatus
                0x08003000       0x74 ..\obj\stm32f10x_spi.o
                0x08003000                SPI_I2S_GetITStatus
 .text.SPI_I2S_ClearITPendingBit
                0x08003074       0x34 ..\obj\stm32f10x_spi.o
                0x08003074                SPI_I2S_ClearITPendingBit
 .text._ZN5USART4putsEPKc
                0x080030a8       0x3c ..\obj\usart.o
                0x080030a8                USART::puts(char const*)
 .text._ZN5USART6printfEPKcz
                0x080030e4       0x40 ..\obj\usart.o
                0x080030e4                USART::printf(char const*, ...)
 .text._ZN5USART5setupEP13USART_TypeDefm
                0x08003124       0xb0 ..\obj\usart.o
                0x08003124                USART::setup(USART_TypeDef*, unsigned long)
 .text._ZN5USART4sendEc
                0x080031d4      0x17c ..\obj\usart.o
                0x080031d4                USART::send(char)
 .text._Z11USART1Setupm
                0x08003350       0x54 ..\obj\usart.o
                0x08003350                USART1Setup(unsigned long)
 .text._Z11USART2Setupm
                0x080033a4       0x54 ..\obj\usart.o
                0x080033a4                USART2Setup(unsigned long)
 .text._Z11USART3Setupm
                0x080033f8       0x54 ..\obj\usart.o
                0x080033f8                USART3Setup(unsigned long)
 .text._Z13USART1ITSetupt
                0x0800344c       0x38 ..\obj\usart.o
                0x0800344c                USART1ITSetup(unsigned short)
 .text._Z13USART2ITSetupt
                0x08003484       0x38 ..\obj\usart.o
                0x08003484                USART2ITSetup(unsigned short)
 .text._Z13USART3ITSetupt
                0x080034bc       0x38 ..\obj\usart.o
                0x080034bc                USART3ITSetup(unsigned short)
 .text.USART1_IRQHandler
                0x080034f4       0xe8 ..\obj\usart.o
                0x080034f4                USART1_IRQHandler
 .text.USART2_IRQHandler
                0x080035dc       0xe8 ..\obj\usart.o
                0x080035dc                USART2_IRQHandler
 .text.USART3_IRQHandler
                0x080036c4       0xe8 ..\obj\usart.o
                0x080036c4                USART3_IRQHandler
 .text          0x080037ac       0x30 c:/program files (x86)/gnu tools arm embedded/5.4 2016q3/bin/../lib/gcc/arm-none-eabi/5.4.1/armv7-m\libgcc.a(_aeabi_uldivmod.o)
                0x080037ac                __aeabi_uldivmod
 .text          0x080037dc      0x2ec c:/program files (x86)/gnu tools arm embedded/5.4 2016q3/bin/../lib/gcc/arm-none-eabi/5.4.1/armv7-m\libgcc.a(_udivmoddi4.o)
                0x080037dc                __udivmoddi4
 .text          0x08003ac8      0x9e4 c:/program files (x86)/gnu tools arm embedded/5.4 2016q3/bin/../lib/gcc/arm-none-eabi/5.4.1/armv7-m\libgcc.a(unwind-arm.o)
                0x08003d88                _Unwind_GetCFA
                0x08003d8c                __gnu_Unwind_RaiseException
                0x08003dec                __gnu_Unwind_ForcedUnwind
                0x08003e00                __gnu_Unwind_Resume
                0x08003e44                __gnu_Unwind_Resume_or_Rethrow
                0x08003e58                _Unwind_Complete
                0x08003e5c                _Unwind_DeleteException
                0x08003e68                _Unwind_VRS_Get
                0x08003eb4                _Unwind_VRS_Set
                0x08003f04                __gnu_Unwind_Backtrace
                0x08004250                __aeabi_unwind_cpp_pr0
                0x08004254                __aeabi_unwind_cpp_pr1
                0x08004258                __aeabi_unwind_cpp_pr2
                0x0800425c                _Unwind_VRS_Pop
 .text          0x080044ac      0x1ac c:/program files (x86)/gnu tools arm embedded/5.4 2016q3/bin/../lib/gcc/arm-none-eabi/5.4.1/armv7-m\libgcc.a(libunwind.o)
                0x080044ac                __restore_core_regs
                0x080044ac                restore_core_regs
                0x080044c4                __gnu_Unwind_Restore_VFP
                0x080044cc                __gnu_Unwind_Save_VFP
                0x080044d4                __gnu_Unwind_Restore_VFP_D
                0x080044dc                __gnu_Unwind_Save_VFP_D
                0x080044e4                __gnu_Unwind_Restore_VFP_D_16_to_31
                0x080044ec                __gnu_Unwind_Save_VFP_D_16_to_31
                0x080044f4                __gnu_Unwind_Restore_WMMXD
                0x08004538                __gnu_Unwind_Save_WMMXD
                0x0800457c                __gnu_Unwind_Restore_WMMXC
                0x08004590                __gnu_Unwind_Save_WMMXC
                0x080045a4                ___Unwind_RaiseException
                0x080045a4                _Unwind_RaiseException
                0x080045c8                _Unwind_Resume
                0x080045c8                ___Unwind_Resume
                0x080045ec                _Unwind_Resume_or_Rethrow
                0x080045ec                ___Unwind_Resume_or_Rethrow
                0x08004610                _Unwind_ForcedUnwind
                0x08004610                ___Unwind_ForcedUnwind
                0x08004634                ___Unwind_Backtrace
                0x08004634                _Unwind_Backtrace
 .text          0x08004658      0x354 c:/program files (x86)/gnu tools arm embedded/5.4 2016q3/bin/../lib/gcc/arm-none-eabi/5.4.1/armv7-m\libgcc.a(pr-support.o)
                0x080046b0                __gnu_unwind_execute
                0x08004954                __gnu_unwind_frame
                0x0800497c                _Unwind_GetRegionStart
                0x08004988                _Unwind_GetLanguageSpecificData
                0x0800499c                _Unwind_GetTextRelBase
                0x080049a4                _Unwind_GetDataRelBase
 .text          0x080049ac        0x4 c:/program files (x86)/gnu tools arm embedded/5.4 2016q3/bin/../lib/gcc/arm-none-eabi/5.4.1/armv7-m\libgcc.a(_dvmd_tls.o)
                0x080049ac                __aeabi_idiv0
                0x080049ac                __aeabi_ldiv0
 .text          0x080049b0       0xec c:/program files (x86)/gnu tools arm embedded/5.4 2016q3/bin/../lib/gcc/arm-none-eabi/5.4.1/../../../../arm-none-eabi/lib/armv7-m\libc.a(lib_a-memcpy.o)
                0x080049b0                memcpy
 .text._vsprintf_r
                0x08004a9c       0x34 c:/program files (x86)/gnu tools arm embedded/5.4 2016q3/bin/../lib/gcc/arm-none-eabi/5.4.1/../../../../arm-none-eabi/lib/armv7-m\libc.a(lib_a-vsprintf.o)
                0x08004a9c                _vsprintf_r
 .text.vsprintf
                0x08004ad0       0x18 c:/program files (x86)/gnu tools arm embedded/5.4 2016q3/bin/../lib/gcc/arm-none-eabi/5.4.1/../../../../arm-none-eabi/lib/armv7-m\libc.a(lib_a-vsprintf.o)
                0x08004ad0                vsprintf
 .text._svfprintf_r
                0x08004ae8     0x1760 c:/program files (x86)/gnu tools arm embedded/5.4 2016q3/bin/../lib/gcc/arm-none-eabi/5.4.1/../../../../arm-none-eabi/lib/armv7-m\libc.a(lib_a-svfprintf.o)
                0x08004ae8                _svfprintf_r
 .text.quorem   0x08006248      0x12c c:/program files (x86)/gnu tools arm embedded/5.4 2016q3/bin/../lib/gcc/arm-none-eabi/5.4.1/../../../../arm-none-eabi/lib/armv7-m\libc.a(lib_a-dtoa.o)
 *fill*         0x08006374        0x4 
 .text._dtoa_r  0x08006378      0xe4c c:/program files (x86)/gnu tools arm embedded/5.4 2016q3/bin/../lib/gcc/arm-none-eabi/5.4.1/../../../../arm-none-eabi/lib/armv7-m\libc.a(lib_a-dtoa.o)
                0x08006378                _dtoa_r
 .text._localeconv_r
                0x080071c4       0x1c c:/program files (x86)/gnu tools arm embedded/5.4 2016q3/bin/../lib/gcc/arm-none-eabi/5.4.1/../../../../arm-none-eabi/lib/armv7-m\libc.a(lib_a-localeconv.o)
                0x080071c4                _localeconv_r
 .text._malloc_r
                0x080071e0      0x558 c:/program files (x86)/gnu tools arm embedded/5.4 2016q3/bin/../lib/gcc/arm-none-eabi/5.4.1/../../../../arm-none-eabi/lib/armv7-m\libc.a(lib_a-mallocr.o)
                0x080071e0                _malloc_r
 .text.memchr   0x08007738       0x8c c:/program files (x86)/gnu tools arm embedded/5.4 2016q3/bin/../lib/gcc/arm-none-eabi/5.4.1/../../../../arm-none-eabi/lib/armv7-m\libc.a(lib_a-memchr-stub.o)
                0x08007738                memchr
 .text.__malloc_lock
                0x080077c4        0x4 c:/program files (x86)/gnu tools arm embedded/5.4 2016q3/bin/../lib/gcc/arm-none-eabi/5.4.1/../../../../arm-none-eabi/lib/armv7-m\libc.a(lib_a-mlock.o)
                0x080077c4                __malloc_lock
 .text.__malloc_unlock
                0x080077c8        0x4 c:/program files (x86)/gnu tools arm embedded/5.4 2016q3/bin/../lib/gcc/arm-none-eabi/5.4.1/../../../../arm-none-eabi/lib/armv7-m\libc.a(lib_a-mlock.o)
                0x080077c8                __malloc_unlock
 .text._Balloc  0x080077cc       0x50 c:/program files (x86)/gnu tools arm embedded/5.4 2016q3/bin/../lib/gcc/arm-none-eabi/5.4.1/../../../../arm-none-eabi/lib/armv7-m\libc.a(lib_a-mprec.o)
                0x080077cc                _Balloc
 .text._Bfree   0x0800781c       0x14 c:/program files (x86)/gnu tools arm embedded/5.4 2016q3/bin/../lib/gcc/arm-none-eabi/5.4.1/../../../../arm-none-eabi/lib/armv7-m\libc.a(lib_a-mprec.o)
                0x0800781c                _Bfree
 .text.__multadd
                0x08007830       0x80 c:/program files (x86)/gnu tools arm embedded/5.4 2016q3/bin/../lib/gcc/arm-none-eabi/5.4.1/../../../../arm-none-eabi/lib/armv7-m\libc.a(lib_a-mprec.o)
                0x08007830                __multadd
 .text.__hi0bits
                0x080078b0       0x40 c:/program files (x86)/gnu tools arm embedded/5.4 2016q3/bin/../lib/gcc/arm-none-eabi/5.4.1/../../../../arm-none-eabi/lib/armv7-m\libc.a(lib_a-mprec.o)
                0x080078b0                __hi0bits
 .text.__lo0bits
                0x080078f0       0x5c c:/program files (x86)/gnu tools arm embedded/5.4 2016q3/bin/../lib/gcc/arm-none-eabi/5.4.1/../../../../arm-none-eabi/lib/armv7-m\libc.a(lib_a-mprec.o)
                0x080078f0                __lo0bits
 .text.__i2b    0x0800794c       0x14 c:/program files (x86)/gnu tools arm embedded/5.4 2016q3/bin/../lib/gcc/arm-none-eabi/5.4.1/../../../../arm-none-eabi/lib/armv7-m\libc.a(lib_a-mprec.o)
                0x0800794c                __i2b
 .text.__multiply
                0x08007960      0x13c c:/program files (x86)/gnu tools arm embedded/5.4 2016q3/bin/../lib/gcc/arm-none-eabi/5.4.1/../../../../arm-none-eabi/lib/armv7-m\libc.a(lib_a-mprec.o)
                0x08007960                __multiply
 .text.__pow5mult
                0x08007a9c       0xa0 c:/program files (x86)/gnu tools arm embedded/5.4 2016q3/bin/../lib/gcc/arm-none-eabi/5.4.1/../../../../arm-none-eabi/lib/armv7-m\libc.a(lib_a-mprec.o)
                0x08007a9c                __pow5mult
 .text.__lshift
                0x08007b3c       0xac c:/program files (x86)/gnu tools arm embedded/5.4 2016q3/bin/../lib/gcc/arm-none-eabi/5.4.1/../../../../arm-none-eabi/lib/armv7-m\libc.a(lib_a-mprec.o)
                0x08007b3c                __lshift
 .text.__mcmp   0x08007be8       0x40 c:/program files (x86)/gnu tools arm embedded/5.4 2016q3/bin/../lib/gcc/arm-none-eabi/5.4.1/../../../../arm-none-eabi/lib/armv7-m\libc.a(lib_a-mprec.o)
                0x08007be8                __mcmp
 .text.__mdiff  0x08007c28      0x128 c:/program files (x86)/gnu tools arm embedded/5.4 2016q3/bin/../lib/gcc/arm-none-eabi/5.4.1/../../../../arm-none-eabi/lib/armv7-m\libc.a(lib_a-mprec.o)
                0x08007c28                __mdiff
 .text.__d2b    0x08007d50       0xa8 c:/program files (x86)/gnu tools arm embedded/5.4 2016q3/bin/../lib/gcc/arm-none-eabi/5.4.1/../../../../arm-none-eabi/lib/armv7-m\libc.a(lib_a-mprec.o)
                0x08007d50                __d2b
 .text._sbrk_r  0x08007df8       0x24 c:/program files (x86)/gnu tools arm embedded/5.4 2016q3/bin/../lib/gcc/arm-none-eabi/5.4.1/../../../../arm-none-eabi/lib/armv7-m\libc.a(lib_a-sbrkr.o)
                0x08007df8                _sbrk_r
 .text.strlen   0x08007e1c       0x5c c:/program files (x86)/gnu tools arm embedded/5.4 2016q3/bin/../lib/gcc/arm-none-eabi/5.4.1/../../../../arm-none-eabi/lib/armv7-m\libc.a(lib_a-strlen-stub.o)
                0x08007e1c                strlen
 .text.__ssprint_r
                0x08007e78      0x100 c:/program files (x86)/gnu tools arm embedded/5.4 2016q3/bin/../lib/gcc/arm-none-eabi/5.4.1/../../../../arm-none-eabi/lib/armv7-m\libc.a(lib_a-svfiprintf.o)
                0x08007e78                __ssprint_r
 .text._calloc_r
                0x08007f78       0x60 c:/program files (x86)/gnu tools arm embedded/5.4 2016q3/bin/../lib/gcc/arm-none-eabi/5.4.1/../../../../arm-none-eabi/lib/armv7-m\libc.a(lib_a-callocr.o)
                0x08007f78                _calloc_r
 .text._malloc_trim_r
                0x08007fd8       0x9c c:/program files (x86)/gnu tools arm embedded/5.4 2016q3/bin/../lib/gcc/arm-none-eabi/5.4.1/../../../../arm-none-eabi/lib/armv7-m\libc.a(lib_a-freer.o)
                0x08007fd8                _malloc_trim_r
 .text._free_r  0x08008074      0x1d0 c:/program files (x86)/gnu tools arm embedded/5.4 2016q3/bin/../lib/gcc/arm-none-eabi/5.4.1/../../../../arm-none-eabi/lib/armv7-m\libc.a(lib_a-freer.o)
                0x08008074                _free_r
 .text.__ascii_mbtowc
                0x08008244       0x2c c:/program files (x86)/gnu tools arm embedded/5.4 2016q3/bin/../lib/gcc/arm-none-eabi/5.4.1/../../../../arm-none-eabi/lib/armv7-m\libc.a(lib_a-mbtowc_r.o)
                0x08008244                __ascii_mbtowc
 .text.memmove  0x08008270       0xc8 c:/program files (x86)/gnu tools arm embedded/5.4 2016q3/bin/../lib/gcc/arm-none-eabi/5.4.1/../../../../arm-none-eabi/lib/armv7-m\libc.a(lib_a-memmove.o)
                0x08008270                memmove
 .text.memset   0x08008338       0x9c c:/program files (x86)/gnu tools arm embedded/5.4 2016q3/bin/../lib/gcc/arm-none-eabi/5.4.1/../../../../arm-none-eabi/lib/armv7-m\libc.a(lib_a-memset.o)
                0x08008338                memset
 .text._realloc_r
                0x080083d4      0x3d4 c:/program files (x86)/gnu tools arm embedded/5.4 2016q3/bin/../lib/gcc/arm-none-eabi/5.4.1/../../../../arm-none-eabi/lib/armv7-m\libc.a(lib_a-reallocr.o)
                0x080083d4                _realloc_r
 .text.__ascii_wctomb
                0x080087a8       0x1c c:/program files (x86)/gnu tools arm embedded/5.4 2016q3/bin/../lib/gcc/arm-none-eabi/5.4.1/../../../../arm-none-eabi/lib/armv7-m\libc.a(lib_a-wctomb_r.o)
                0x080087a8                __ascii_wctomb
 .text          0x080087c4      0x370 c:/program files (x86)/gnu tools arm embedded/5.4 2016q3/bin/../lib/gcc/arm-none-eabi/5.4.1/armv7-m\libgcc.a(_arm_addsubdf3.o)
                0x080087c4                __aeabi_drsub
                0x080087cc                __aeabi_dsub
                0x080087cc                __subdf3
                0x080087d0                __aeabi_dadd
                0x080087d0                __adddf3
                0x08008a48                __floatunsidf
                0x08008a48                __aeabi_ui2d
                0x08008a68                __floatsidf
                0x08008a68                __aeabi_i2d
                0x08008a8c                __aeabi_f2d
                0x08008a8c                __extendsfdf2
                0x08008ac8                __floatundidf
                0x08008ac8                __aeabi_ul2d
                0x08008ad8                __floatdidf
                0x08008ad8                __aeabi_l2d
 .text          0x08008b34      0x424 c:/program files (x86)/gnu tools arm embedded/5.4 2016q3/bin/../lib/gcc/arm-none-eabi/5.4.1/armv7-m\libgcc.a(_arm_muldivdf3.o)
                0x08008b34                __aeabi_dmul
                0x08008b34                __muldf3
                0x08008d88                __divdf3
                0x08008d88                __aeabi_ddiv
 .text          0x08008f58      0x110 c:/program files (x86)/gnu tools arm embedded/5.4 2016q3/bin/../lib/gcc/arm-none-eabi/5.4.1/armv7-m\libgcc.a(_arm_cmpdf2.o)
                0x08008f58                __gtdf2
                0x08008f58                __gedf2
                0x08008f60                __ltdf2
                0x08008f60                __ledf2
                0x08008f68                __nedf2
                0x08008f68                __eqdf2
                0x08008f68                __cmpdf2
                0x08008fe4                __aeabi_cdrcmple
                0x08008ff4                __aeabi_cdcmpeq
                0x08008ff4                __aeabi_cdcmple
                0x08009004                __aeabi_dcmpeq
                0x08009018                __aeabi_dcmplt
                0x0800902c                __aeabi_dcmple
                0x08009040                __aeabi_dcmpge
                0x08009054                __aeabi_dcmpgt
 .text          0x08009068       0x2c c:/program files (x86)/gnu tools arm embedded/5.4 2016q3/bin/../lib/gcc/arm-none-eabi/5.4.1/armv7-m\libgcc.a(_arm_unorddf2.o)
                0x08009068                __unorddf2
                0x08009068                __aeabi_dcmpun
 .text          0x08009094       0x50 c:/program files (x86)/gnu tools arm embedded/5.4 2016q3/bin/../lib/gcc/arm-none-eabi/5.4.1/armv7-m\libgcc.a(_arm_fixdfsi.o)
                0x08009094                __aeabi_d2iz
                0x08009094                __fixdfsi
 *(.init)
 *(.fini)
 *crtbegin.o(.ctors)
 *crtbegin?.o(.ctors)
 *(EXCLUDE_FILE(*crtend.o *crtend?.o) .ctors)
 *(SORT(.ctors.*))
 *(.ctors)
 *crtbegin.o(.dtors)
 *crtbegin?.o(.dtors)
 *(EXCLUDE_FILE(*crtend.o *crtend?.o) .dtors)
 *(SORT(.dtors.*))
 *(.dtors)
 *(.rodata*)
 .rodata        0x080090e4       0xce ..\obj\main.o
 *fill*         0x080091b2        0x2 
 .rodata.zeroes.7256
                0x080091b4       0x10 c:/program files (x86)/gnu tools arm embedded/5.4 2016q3/bin/../lib/gcc/arm-none-eabi/5.4.1/../../../../arm-none-eabi/lib/armv7-m\libc.a(lib_a-svfprintf.o)
 .rodata.str1.4
                0x080091c4       0x42 c:/program files (x86)/gnu tools arm embedded/5.4 2016q3/bin/../lib/gcc/arm-none-eabi/5.4.1/../../../../arm-none-eabi/lib/armv7-m\libc.a(lib_a-svfprintf.o)
 *fill*         0x08009206        0x2 
 .rodata.blanks.7255
                0x08009208       0x10 c:/program files (x86)/gnu tools arm embedded/5.4 2016q3/bin/../lib/gcc/arm-none-eabi/5.4.1/../../../../arm-none-eabi/lib/armv7-m\libc.a(lib_a-svfprintf.o)
 .rodata.str1.4
                0x08009218       0x10 c:/program files (x86)/gnu tools arm embedded/5.4 2016q3/bin/../lib/gcc/arm-none-eabi/5.4.1/../../../../arm-none-eabi/lib/armv7-m\libc.a(lib_a-dtoa.o)
                                 0x12 (size before relaxing)
 .rodata.__mprec_tens
                0x08009228       0xc8 c:/program files (x86)/gnu tools arm embedded/5.4 2016q3/bin/../lib/gcc/arm-none-eabi/5.4.1/../../../../arm-none-eabi/lib/armv7-m\libc.a(lib_a-mprec.o)
                0x08009228                __mprec_tens
 .rodata.p05.6085
                0x080092f0        0xc c:/program files (x86)/gnu tools arm embedded/5.4 2016q3/bin/../lib/gcc/arm-none-eabi/5.4.1/../../../../arm-none-eabi/lib/armv7-m\libc.a(lib_a-mprec.o)
 *fill*         0x080092fc        0x4 
 .rodata.__mprec_bigtens
                0x08009300       0x28 c:/program files (x86)/gnu tools arm embedded/5.4 2016q3/bin/../lib/gcc/arm-none-eabi/5.4.1/../../../../arm-none-eabi/lib/armv7-m\libc.a(lib_a-mprec.o)
                0x08009300                __mprec_bigtens
 .rodata.str1.4
                0x08009328       0x10 c:/program files (x86)/gnu tools arm embedded/5.4 2016q3/bin/../lib/gcc/arm-none-eabi/5.4.1/../../../../arm-none-eabi/lib/armv7-m\libc.a(lib_a-locale.o)
                                 0x12 (size before relaxing)
 .rodata._ctype_
                0x08009338      0x101 c:/program files (x86)/gnu tools arm embedded/5.4 2016q3/bin/../lib/gcc/arm-none-eabi/5.4.1/../../../../arm-none-eabi/lib/armv7-m\libc.a(lib_a-ctype_.o)
                0x08009338                _ctype_
 *(.eh_fram e*)

.glue_7         0x0800943c        0x0
 .glue_7        0x0800943c        0x0 linker stubs

.glue_7t        0x0800943c        0x0
 .glue_7t       0x0800943c        0x0 linker stubs

.vfp11_veneer   0x0800943c        0x0
 .vfp11_veneer  0x0800943c        0x0 linker stubs

.v4_bx          0x0800943c        0x0
 .v4_bx         0x0800943c        0x0 linker stubs

.iplt           0x0800943c        0x0
 .iplt          0x0800943c        0x0 ..\obj\spi.o

.ARM.extab      0x0800943c      0x1ec
 *(.ARM.extab* .gnu.linkonce.armextab.*)
 .ARM.extab.text._ZN3TIM8pwmSetupEP11TIM_TypeDefttt
                0x0800943c        0xc ..\obj\tim.o
 .ARM.extab.text._ZN3TIM12encoderSetupEP11TIM_TypeDef
                0x08009448        0xc ..\obj\tim.o
 .ARM.extab.text._ZN3TIM10timerSetupEP11TIM_TypeDef
                0x08009454        0xc ..\obj\tim.o
 .ARM.extab.text._Z9TIM1Setupt
                0x08009460        0xc ..\obj\tim.o
 .ARM.extab.text._Z9TIM2Setupt
                0x0800946c        0xc ..\obj\tim.o
 .ARM.extab.text._Z9TIM3Setupt
                0x08009478        0xc ..\obj\tim.o
 .ARM.extab.text._Z9TIM4Setupt
                0x08009484        0xc ..\obj\tim.o
 .ARM.extab.text._Z11TIM1ITSetupt
                0x08009490        0xc ..\obj\tim.o
 .ARM.extab.text._Z11TIM2ITSetupt
                0x0800949c        0xc ..\obj\tim.o
 .ARM.extab.text._Z11TIM3ITSetupt
                0x080094a8        0xc ..\obj\tim.o
 .ARM.extab.text._Z11TIM4ITSetupt
                0x080094b4        0xc ..\obj\tim.o
 .ARM.extab.text._Z11OC1PWMSetupP11TIM_TypeDeft
                0x080094c0        0xc ..\obj\tim.o
 .ARM.extab.text._Z11OC2PWMSetupP11TIM_TypeDeft
                0x080094cc        0xc ..\obj\tim.o
 .ARM.extab.text._Z11OC3PWMSetupP11TIM_TypeDeft
                0x080094d8        0xc ..\obj\tim.o
 .ARM.extab.text._Z11OC4PWMSetupP11TIM_TypeDeft
                0x080094e4        0xc ..\obj\tim.o
 .ARM.extab.text._Z16TIM1EncoderSetupv
                0x080094f0        0xc ..\obj\tim.o
 .ARM.extab.text._Z16TIM2EncoderSetupv
                0x080094fc        0xc ..\obj\tim.o
 .ARM.extab.text._Z16TIM3EncoderSetupv
                0x08009508        0xc ..\obj\tim.o
 .ARM.extab.text._Z16TIM4EncoderSetupv
                0x08009514        0xc ..\obj\tim.o
 .ARM.extab.text._ZN5MOTORC2Ev
                0x08009520        0x0 ..\obj\main.o
 .ARM.extab.text._Z9CAN1Setupv
                0x08009520        0xc ..\obj\can.o
 .ARM.extab.text._Z8CAN1SendthPh
                0x0800952c        0xc ..\obj\can.o
 .ARM.extab.text._Z13CAN1FilterAddtttt
                0x08009538        0xc ..\obj\can.o
 .ARM.extab.text._ZN4GPIO5setupEP12GPIO_TypeDeft16GPIOMode_TypeDef
                0x08009544        0xc ..\obj\gpio.o
 .ARM.extab.text._ZN4GPIO5writeE9BitAction
                0x08009550        0xc ..\obj\gpio.o
 .ARM.extab.text._ZN4GPIO4readEv
                0x0800955c        0xc ..\obj\gpio.o
 .ARM.extab.text._ZN5MOTOR4dutyEl
                0x08009568        0xc ..\obj\app.o
 .ARM.extab.text._ZN5USART4putsEPKc
                0x08009574        0xc ..\obj\usart.o
 .ARM.extab.text._ZN5USART6printfEPKcz
                0x08009580        0xc ..\obj\usart.o
 .ARM.extab.text._ZN5USART5setupEP13USART_TypeDefm
                0x0800958c        0xc ..\obj\usart.o
 .ARM.extab.text._ZN5USART4sendEc
                0x08009598        0xc ..\obj\usart.o
 .ARM.extab.text._Z11USART1Setupm
                0x080095a4        0xc ..\obj\usart.o
 .ARM.extab.text._Z11USART2Setupm
                0x080095b0        0xc ..\obj\usart.o
 .ARM.extab.text._Z11USART3Setupm
                0x080095bc        0xc ..\obj\usart.o
 .ARM.extab.text._Z13USART1ITSetupt
                0x080095c8        0xc ..\obj\usart.o
 .ARM.extab.text._Z13USART2ITSetupt
                0x080095d4        0xc ..\obj\usart.o
 .ARM.extab.text._Z13USART3ITSetupt
                0x080095e0        0xc ..\obj\usart.o
 .ARM.extab.text.USART1_IRQHandler
                0x080095ec        0xc ..\obj\usart.o
 .ARM.extab.text.USART2_IRQHandler
                0x080095f8        0xc ..\obj\usart.o
 .ARM.extab.text.USART3_IRQHandler
                0x08009604        0xc ..\obj\usart.o
 .ARM.extab     0x08009610       0x18 c:/program files (x86)/gnu tools arm embedded/5.4 2016q3/bin/../lib/gcc/arm-none-eabi/5.4.1/armv7-m\libgcc.a(pr-support.o)
                0x08009628                __exidx_start = .

.ARM.exidx      0x08009628      0x258
 *(.ARM.exidx* .gnu.linkonce.armexidx.*)
 .ARM.exidx.text.SPI1_IRQHandler
                0x08009628       0x10 ..\obj\spi.o
                                  0x8 (size before relaxing)
 .ARM.exidx.text._ZN3TIM8pwmSetupEP11TIM_TypeDefttt
                0x08009638        0x8 ..\obj\tim.o
 .ARM.exidx.text._ZN3TIM4dutyEt
                0x08009640        0x8 ..\obj\tim.o
 .ARM.exidx.text._ZN3TIM12encoderSetupEP11TIM_TypeDef
                0x08009648        0x8 ..\obj\tim.o
 .ARM.exidx.text._ZN3TIM10timerSetupEP11TIM_TypeDef
                0x08009650        0x8 ..\obj\tim.o
 .ARM.exidx.text._Z9TIM1Setupt
                0x08009658        0x8 ..\obj\tim.o
 .ARM.exidx.text._Z9TIM2Setupt
                0x08009660        0x8 ..\obj\tim.o
 .ARM.exidx.text._Z9TIM3Setupt
                0x08009668        0x8 ..\obj\tim.o
 .ARM.exidx.text._Z9TIM4Setupt
                0x08009670        0x8 ..\obj\tim.o
 .ARM.exidx.text._Z11TIM1ITSetupt
                0x08009678        0x8 ..\obj\tim.o
 .ARM.exidx.text._Z11TIM2ITSetupt
                0x08009680        0x8 ..\obj\tim.o
 .ARM.exidx.text._Z11TIM3ITSetupt
                0x08009688        0x8 ..\obj\tim.o
 .ARM.exidx.text._Z11TIM4ITSetupt
                0x08009690        0x8 ..\obj\tim.o
 .ARM.exidx.text._Z11OC1PWMSetupP11TIM_TypeDeft
                0x08009698        0x8 ..\obj\tim.o
 .ARM.exidx.text._Z11OC2PWMSetupP11TIM_TypeDeft
                0x080096a0        0x8 ..\obj\tim.o
 .ARM.exidx.text._Z11OC3PWMSetupP11TIM_TypeDeft
                0x080096a8        0x8 ..\obj\tim.o
 .ARM.exidx.text._Z11OC4PWMSetupP11TIM_TypeDeft
                0x080096b0        0x8 ..\obj\tim.o
 .ARM.exidx.text._Z10OC1DutySetP11TIM_TypeDeft
                0x080096b8        0x8 ..\obj\tim.o
 .ARM.exidx.text._Z10OC2DutySetP11TIM_TypeDeft
                0x080096c0        0x0 ..\obj\tim.o
                                  0x8 (size before relaxing)
 .ARM.exidx.text._Z10OC3DutySetP11TIM_TypeDeft
                0x080096c0        0x0 ..\obj\tim.o
                                  0x8 (size before relaxing)
 .ARM.exidx.text._Z10OC4DutySetP11TIM_TypeDeft
                0x080096c0        0x0 ..\obj\tim.o
                                  0x8 (size before relaxing)
 .ARM.exidx.text._Z16TIM1EncoderSetupv
                0x080096c0        0x8 ..\obj\tim.o
 .ARM.exidx.text._Z16TIM2EncoderSetupv
                0x080096c8        0x8 ..\obj\tim.o
 .ARM.exidx.text._Z16TIM3EncoderSetupv
                0x080096d0        0x8 ..\obj\tim.o
 .ARM.exidx.text._Z16TIM4EncoderSetupv
                0x080096d8        0x8 ..\obj\tim.o
 .ARM.exidx.text._Z16TIM1_ENCODER_IRQv
                0x080096e0        0x8 ..\obj\tim.o
 .ARM.exidx.text._Z16TIM2_ENCODER_IRQv
                0x080096e8        0x0 ..\obj\tim.o
                                  0x8 (size before relaxing)
 .ARM.exidx.text._Z16TIM3_ENCODER_IRQv
                0x080096e8        0x0 ..\obj\tim.o
                                  0x8 (size before relaxing)
 .ARM.exidx.text._Z16TIM4_ENCODER_IRQv
                0x080096e8        0x0 ..\obj\tim.o
                                  0x8 (size before relaxing)
 .ARM.exidx.text._Z19TIM1_TIM_Update_IRQv
                0x080096e8        0x0 ..\obj\tim.o
                                  0x8 (size before relaxing)
 .ARM.exidx.text._Z19TIM2_TIM_Update_IRQv
                0x080096e8        0x0 ..\obj\tim.o
                                  0x8 (size before relaxing)
 .ARM.exidx.text._Z19TIM3_TIM_Update_IRQv
                0x080096e8        0x0 ..\obj\tim.o
                                  0x8 (size before relaxing)
 .ARM.exidx.text._Z19TIM4_TIM_Update_IRQv
                0x080096e8        0x0 ..\obj\tim.o
                                  0x8 (size before relaxing)
 .ARM.exidx.text.TIM1_UP_IRQHandler
                0x080096e8        0x8 ..\obj\tim.o
 .ARM.exidx.text.TIM2_IRQHandler
                0x080096f0        0x0 ..\obj\tim.o
                                  0x8 (size before relaxing)
 .ARM.exidx.text.TIM3_IRQHandler
                0x080096f0        0x0 ..\obj\tim.o
                                  0x8 (size before relaxing)
 .ARM.exidx.text.TIM4_IRQHandler
                0x080096f0        0x8 ..\obj\tim.o
 .ARM.exidx.text._ZN5MOTORC2Ev
                0x080096f8        0x0 ..\obj\main.o
                                  0x8 (size before relaxing)
 .ARM.exidx.text.main
                0x080096f8        0x8 ..\obj\main.o
 .ARM.exidx.text.USB_LP_CAN1_RX0_IRQHandler
                0x08009700        0x8 ..\obj\main.o
 .ARM.exidx.text._Z41__static_initialization_and_destruction_0ii
                0x08009708        0x8 ..\obj\main.o
 .ARM.exidx.text._GLOBAL__sub_I_rxFlag
                0x08009710        0x0 ..\obj\main.o
                                  0x8 (size before relaxing)
 .ARM.exidx.text.NVIC_SetPriority
                0x08009710        0x0 ..\obj\system.o
                                  0x8 (size before relaxing)
 .ARM.exidx.text.SysTick_Config
                0x08009710        0x0 ..\obj\system.o
                                  0x8 (size before relaxing)
 .ARM.exidx.text._Z5setupv
                0x08009710        0x0 ..\obj\system.o
                                  0x8 (size before relaxing)
 .ARM.exidx.text.SysTick_Handler
                0x08009710        0x0 ..\obj\system.o
                                  0x8 (size before relaxing)
 .ARM.exidx.text._Z5delaym
                0x08009710        0x0 ..\obj\system.o
                                  0x8 (size before relaxing)
 .ARM.exidx.text._Z9CAN1Setupv
                0x08009710        0x8 ..\obj\can.o
 .ARM.exidx.text._Z8CAN1SendthPh
                0x08009718        0x8 ..\obj\can.o
 .ARM.exidx.text._Z13CAN1FilterAddtttt
                0x08009720       0x10 ..\obj\can.o
                                  0x8 (size before relaxing)
 .ARM.exidx.text._ZN4GPIO5setupEP12GPIO_TypeDeft16GPIOMode_TypeDef
                0x08009730        0x8 ..\obj\gpio.o
 .ARM.exidx.text._ZN4GPIO5writeE9BitAction
                0x08009738        0x8 ..\obj\gpio.o
 .ARM.exidx.text._ZN4GPIO4readEv
                0x08009740       0x10 ..\obj\gpio.o
                                  0x8 (size before relaxing)
 .ARM.exidx.text._ZN5MOTOR5setupER3TIMS1_
                0x08009750        0x0 ..\obj\app.o
                                  0x8 (size before relaxing)
 .ARM.exidx.text._ZN5MOTOR4dutyEl
                0x08009750       0x10 ..\obj\app.o
                                  0x8 (size before relaxing)
 .ARM.exidx.text._ZN5USART4putsEPKc
                0x08009760        0x8 ..\obj\usart.o
 .ARM.exidx.text._ZN5USART6printfEPKcz
                0x08009768        0x8 ..\obj\usart.o
 .ARM.exidx.text._ZN5USART5setupEP13USART_TypeDefm
                0x08009770        0x8 ..\obj\usart.o
 .ARM.exidx.text._ZN5USART4sendEc
                0x08009778        0x8 ..\obj\usart.o
 .ARM.exidx.text._Z11USART1Setupm
                0x08009780        0x8 ..\obj\usart.o
 .ARM.exidx.text._Z11USART2Setupm
                0x08009788        0x8 ..\obj\usart.o
 .ARM.exidx.text._Z11USART3Setupm
                0x08009790        0x8 ..\obj\usart.o
 .ARM.exidx.text._Z13USART1ITSetupt
                0x08009798        0x8 ..\obj\usart.o
 .ARM.exidx.text._Z13USART2ITSetupt
                0x080097a0        0x8 ..\obj\usart.o
 .ARM.exidx.text._Z13USART3ITSetupt
                0x080097a8        0x8 ..\obj\usart.o
 .ARM.exidx.text.USART1_IRQHandler
                0x080097b0        0x8 ..\obj\usart.o
 .ARM.exidx.text.USART2_IRQHandler
                0x080097b8        0x8 ..\obj\usart.o
 .ARM.exidx.text.USART3_IRQHandler
                0x080097c0       0x10 ..\obj\usart.o
                                  0x8 (size before relaxing)
 .ARM.exidx     0x080097d0        0x0 c:/program files (x86)/gnu tools arm embedded/5.4 2016q3/bin/../lib/gcc/arm-none-eabi/5.4.1/armv7-m\libgcc.a(_udivmoddi4.o)
                                  0x8 (size before relaxing)
 .ARM.exidx     0x080097d0       0x78 c:/program files (x86)/gnu tools arm embedded/5.4 2016q3/bin/../lib/gcc/arm-none-eabi/5.4.1/armv7-m\libgcc.a(unwind-arm.o)
                                 0xd8 (size before relaxing)
 .ARM.exidx     0x08009848       0x38 c:/program files (x86)/gnu tools arm embedded/5.4 2016q3/bin/../lib/gcc/arm-none-eabi/5.4.1/armv7-m\libgcc.a(pr-support.o)
                                 0x48 (size before relaxing)
                0x08009880                __exidx_end = .
                0x08009880                __etext = .
                0x08009880                _sidata = __etext

.rel.dyn        0x08009880        0x0
 .rel.iplt      0x08009880        0x0 ..\obj\spi.o

.data           0x20000000      0x9dc load address 0x08009880
                0x20000000                __data_start__ = .
                0x20000000                _sdata = __data_start__
 *(vtable)
 *(.data*)
 .data          0x20000000       0x14 ..\obj\system_stm32f10x.o
                0x20000000                SystemCoreClock
                0x20000004                AHBPrescTable
 .data          0x20000014       0x14 ..\obj\stm32f10x_rcc.o
 .data          0x20000028        0x6 ..\obj\usart.o
                0x20000028                USART::usart1RxAddress
                0x2000002a                USART::usart2RxAddress
                0x2000002c                USART::usart3RxAddress
 *fill*         0x2000002e        0x2 
 .data.impure_data
                0x20000030      0x428 c:/program files (x86)/gnu tools arm embedded/5.4 2016q3/bin/../lib/gcc/arm-none-eabi/5.4.1/../../../../arm-none-eabi/lib/armv7-m\libc.a(lib_a-impure.o)
 .data._impure_ptr
                0x20000458        0x4 c:/program files (x86)/gnu tools arm embedded/5.4 2016q3/bin/../lib/gcc/arm-none-eabi/5.4.1/../../../../arm-none-eabi/lib/armv7-m\libc.a(lib_a-impure.o)
                0x20000458                _impure_ptr
 .data.__malloc_av_
                0x2000045c      0x408 c:/program files (x86)/gnu tools arm embedded/5.4 2016q3/bin/../lib/gcc/arm-none-eabi/5.4.1/../../../../arm-none-eabi/lib/armv7-m\libc.a(lib_a-mallocr.o)
                0x2000045c                __malloc_av_
 .data.__malloc_trim_threshold
                0x20000864        0x4 c:/program files (x86)/gnu tools arm embedded/5.4 2016q3/bin/../lib/gcc/arm-none-eabi/5.4.1/../../../../arm-none-eabi/lib/armv7-m\libc.a(lib_a-mallocr.o)
                0x20000864                __malloc_trim_threshold
 .data.__malloc_sbrk_base
                0x20000868        0x4 c:/program files (x86)/gnu tools arm embedded/5.4 2016q3/bin/../lib/gcc/arm-none-eabi/5.4.1/../../../../arm-none-eabi/lib/armv7-m\libc.a(lib_a-mallocr.o)
                0x20000868                __malloc_sbrk_base
 .data.__global_locale
                0x2000086c      0x16c c:/program files (x86)/gnu tools arm embedded/5.4 2016q3/bin/../lib/gcc/arm-none-eabi/5.4.1/../../../../arm-none-eabi/lib/armv7-m\libc.a(lib_a-locale.o)
                0x2000086c                __global_locale
                0x200009d8                . = ALIGN (0x4)
                [!provide]                PROVIDE (__preinit_array_start, .)
 *(.preinit_array)
                [!provide]                PROVIDE (__preinit_array_end, .)
                0x200009d8                . = ALIGN (0x4)
                [!provide]                PROVIDE (__init_array_start, .)
 *(SORT(.init_array.*))
 *(.init_array)
 .init_array    0x200009d8        0x4 ..\obj\main.o
                [!provide]                PROVIDE (__init_array_end, .)
                0x200009dc                . = ALIGN (0x4)
                [!provide]                PROVIDE (__fini_array_start, .)
 *(SORT(.fini_array.*))
 *(.fini_array)
                [!provide]                PROVIDE (__fini_array_end, .)
 *(.jcr*)
                0x200009dc                . = ALIGN (0x4)
                0x200009dc                __data_end__ = .
                0x200009dc                _edata = __data_end__

.igot.plt       0x200009dc        0x0 load address 0x0800a25c
 .igot.plt      0x200009dc        0x0 ..\obj\spi.o

.bss            0x200009e0      0x5a0 load address 0x0800a260
                0x200009e0                . = ALIGN (0x4)
                0x200009e0                __bss_start__ = .
                0x200009e0                _sbss = __bss_start__
 *(.bss*)
 .bss           0x200009e0       0x20 ..\obj\tim.o
                0x200009e0                TIM::tim1_mode
                0x200009e4                TIM::tim2_mode
                0x200009e8                TIM::tim3_mode
                0x200009ec                TIM::tim4_mode
                0x200009f0                TIM::tim1Cnt
                0x200009f4                TIM::tim2Cnt
                0x200009f8                TIM::tim3Cnt
                0x200009fc                TIM::tim4Cnt
 .bss           0x20000a00      0x214 ..\obj\main.o
                0x20000a00                rxFlag
                0x20000a02                encOld
                0x20000a04                encPwm
                0x20000a08                canData
                0x20000a10                canAddress
                0x20000a18                intervalTime
                0x20000a20                timCnt
                0x20000a28                RxMessage
                0x20000a3c                encAa
                0x20000a48                encAb
                0x20000a54                encBa
                0x20000a60                encBb
                0x20000a6c                sw1
                0x20000a78                sw2
                0x20000a84                buzzer
                0x20000a90                ledA
                0x20000a9c                ledB
                0x20000aa8                sel1
                0x20000ab4                sel2
                0x20000ac0                sel4
                0x20000acc                sel8
                0x20000ad8                motorEN
                0x20000ae4                limitA1
                0x20000af0                limitA2
                0x20000afc                limitB1
                0x20000b08                limitB2
                0x20000b14                usartTX
                0x20000b20                usartRX
                0x20000b2c                canTX
                0x20000b38                canRX
                0x20000b44                io0
                0x20000b50                io1
                0x20000b5c                io2
                0x20000b68                io3
                0x20000b74                pinPwmA
                0x20000b80                pinPwmAN
                0x20000b8c                pinPwmB
                0x20000b98                pinPwmBN
                0x20000ba4                timer
                0x20000bb0                pwmA
                0x20000bbc                pwmAN
                0x20000bc8                pwmB
                0x20000bd4                pwmBN
                0x20000be0                encA
                0x20000bec                encB
                0x20000bf8                serial
                0x20000bfc                motorA
                0x20000c08                motorB
 *fill*         0x20000c14        0x4 
 .bss           0x20000c18       0x10 ..\obj\system.o
 .bss           0x20000c28        0x2 ..\obj\can.o
 *fill*         0x20000c2a        0x2 
 .bss           0x20000c2c        0x4 ..\obj\syscalls.o
 .bss           0x20000c30      0x318 ..\obj\usart.o
                0x20000c30                USART::usart1RxBuffer
                0x20000cb0                USART::usart1ReadAddress
                0x20000cb4                USART::usart2RxBuffer
                0x20000d34                USART::usart2ReadAddress
                0x20000d38                USART::usart3RxBuffer
                0x20000db8                USART::usart3ReadAddress
                0x20000dbc                USART::usart1TxBuffer
                0x20000e3c                USART::usart1TxSendAddress
                0x20000e3e                USART::usart1TxWriteAddress
                0x20000e40                USART::usart2TxBuffer
                0x20000ec0                USART::usart2TxSendAddress
                0x20000ec2                USART::usart2TxWriteAddress
                0x20000ec4                USART::usart3TxBuffer
                0x20000f44                USART::usart3TxSendAddress
                0x20000f46                USART::usart3TxWriteAddress
 .bss.__malloc_max_total_mem
                0x20000f48        0x4 c:/program files (x86)/gnu tools arm embedded/5.4 2016q3/bin/../lib/gcc/arm-none-eabi/5.4.1/../../../../arm-none-eabi/lib/armv7-m\libc.a(lib_a-mallocr.o)
                0x20000f48                __malloc_max_total_mem
 .bss.__malloc_max_sbrked_mem
                0x20000f4c        0x4 c:/program files (x86)/gnu tools arm embedded/5.4 2016q3/bin/../lib/gcc/arm-none-eabi/5.4.1/../../../../arm-none-eabi/lib/armv7-m\libc.a(lib_a-mallocr.o)
                0x20000f4c                __malloc_max_sbrked_mem
 .bss.__malloc_top_pad
                0x20000f50        0x4 c:/program files (x86)/gnu tools arm embedded/5.4 2016q3/bin/../lib/gcc/arm-none-eabi/5.4.1/../../../../arm-none-eabi/lib/armv7-m\libc.a(lib_a-mallocr.o)
                0x20000f50                __malloc_top_pad
 .bss.__malloc_current_mallinfo
                0x20000f54       0x28 c:/program files (x86)/gnu tools arm embedded/5.4 2016q3/bin/../lib/gcc/arm-none-eabi/5.4.1/../../../../arm-none-eabi/lib/armv7-m\libc.a(lib_a-mallocr.o)
                0x20000f54                __malloc_current_mallinfo
 *(COMMON)
 COMMON         0x20000f7c        0x4 c:/program files (x86)/gnu tools arm embedded/5.4 2016q3/bin/../lib/gcc/arm-none-eabi/5.4.1/../../../../arm-none-eabi/lib/armv7-m\libc.a(lib_a-reent.o)
                0x20000f7c                errno
                0x20000f80                . = ALIGN (0x4)
                0x20000f80                __bss_end__ = .
                0x20000f80                _ebss = __bss_end__

.heap           0x20000f80        0x0
                0x20000f80                __end__ = .
                0x20000f80                _end = __end__
                0x20000f80                end = __end__
 *(.heap*)
                0x20000f80                __HeapLimit = .

.co_stack       0x20000f80      0x400 load address 0x0800a800
                0x20000f80                . = ALIGN (0x8)
 *(.co_stack .co_stack.*)
 .co_stack      0x20000f80      0x400 ..\obj\startup_stm32f10x_md.o
                0x20000f80                pulStack
                0x20005000                __StackTop = (ORIGIN (ram) + LENGTH (ram))
                0x20004c00                __StackLimit = (__StackTop - SIZEOF (.co_stack))
                [!provide]                PROVIDE (__stack, __StackTop)
                0x00000001                ASSERT ((__StackLimit >= __HeapLimit), region ram  overflowed with stack)
LOAD ..\obj\spi.o
LOAD ..\obj\stm32f10x_tim.o
LOAD ..\obj\system_stm32f10x.o
LOAD ..\obj\tim.o
LOAD ..\obj\startup_stm32f10x_md.o
LOAD ..\obj\stm32f10x_can.o
LOAD ..\obj\stm32f10x_gpio.o
LOAD ..\obj\main.o
LOAD ..\obj\system.o
LOAD ..\obj\can.o
LOAD ..\obj\stm32f10x_rcc.o
LOAD ..\obj\gpio.o
LOAD ..\obj\stm32f10x_exti.o
LOAD ..\obj\stm32f10x_adc.o
LOAD ..\obj\remap.o
LOAD ..\obj\stm32f10x_usart.o
LOAD ..\obj\syscalls.o
LOAD ..\obj\adc.o
LOAD ..\obj\app.o
LOAD ..\obj\misc.o
LOAD ..\obj\stm32f10x_spi.o
LOAD ..\obj\usart.o
LOAD c:/program files (x86)/gnu tools arm embedded/5.4 2016q3/bin/../lib/gcc/arm-none-eabi/5.4.1/../../../../arm-none-eabi/lib/armv7-m\libm.a
LOAD c:/program files (x86)/gnu tools arm embedded/5.4 2016q3/bin/../lib/gcc/arm-none-eabi/5.4.1/armv7-m\libgcc.a
LOAD c:/program files (x86)/gnu tools arm embedded/5.4 2016q3/bin/../lib/gcc/arm-none-eabi/5.4.1/../../../../arm-none-eabi/lib/armv7-m\libc.a
LOAD c:/program files (x86)/gnu tools arm embedded/5.4 2016q3/bin/../lib/gcc/arm-none-eabi/5.4.1/../../../../arm-none-eabi/lib/armv7-m\libstdc++.a
START GROUP
LOAD c:/program files (x86)/gnu tools arm embedded/5.4 2016q3/bin/../lib/gcc/arm-none-eabi/5.4.1/armv7-m\libgcc.a
LOAD c:/program files (x86)/gnu tools arm embedded/5.4 2016q3/bin/../lib/gcc/arm-none-eabi/5.4.1/../../../../arm-none-eabi/lib/armv7-m\libg.a
LOAD c:/program files (x86)/gnu tools arm embedded/5.4 2016q3/bin/../lib/gcc/arm-none-eabi/5.4.1/../../../../arm-none-eabi/lib/armv7-m\libc.a
END GROUP
OUTPUT(F103_48.elf elf32-littlearm)

.debug_info     0x00000000     0xa317
 .debug_info    0x00000000      0x494 ..\obj\spi.o
 .debug_info    0x00000494     0x1c60 ..\obj\stm32f10x_tim.o
 .debug_info    0x000020f4      0x49c ..\obj\system_stm32f10x.o
 .debug_info    0x00002590     0x100e ..\obj\tim.o
 .debug_info    0x0000359e      0x101 ..\obj\startup_stm32f10x_md.o
 .debug_info    0x0000369f      0xba4 ..\obj\stm32f10x_can.o
 .debug_info    0x00004243      0x6f6 ..\obj\stm32f10x_gpio.o
 .debug_info    0x00004939     0x10ef ..\obj\main.o
 .debug_info    0x00005a28      0x660 ..\obj\system.o
 .debug_info    0x00006088      0x7a1 ..\obj\can.o
 .debug_info    0x00006829      0x8a3 ..\obj\stm32f10x_rcc.o
 .debug_info    0x000070cc      0x4d0 ..\obj\gpio.o
 .debug_info    0x0000759c      0x9f0 ..\obj\stm32f10x_usart.o
 .debug_info    0x00007f8c      0x458 ..\obj\syscalls.o
 .debug_info    0x000083e4      0x626 ..\obj\app.o
 .debug_info    0x00008a0a      0x556 ..\obj\misc.o
 .debug_info    0x00008f60      0x8fb ..\obj\stm32f10x_spi.o
 .debug_info    0x0000985b      0xabc ..\obj\usart.o

.debug_abbrev   0x00000000     0x1e58
 .debug_abbrev  0x00000000      0x129 ..\obj\spi.o
 .debug_abbrev  0x00000129      0x1b2 ..\obj\stm32f10x_tim.o
 .debug_abbrev  0x000002db      0x14e ..\obj\system_stm32f10x.o
 .debug_abbrev  0x00000429      0x2a2 ..\obj\tim.o
 .debug_abbrev  0x000006cb       0xae ..\obj\startup_stm32f10x_md.o
 .debug_abbrev  0x00000779      0x1f5 ..\obj\stm32f10x_can.o
 .debug_abbrev  0x0000096e      0x1cc ..\obj\stm32f10x_gpio.o
 .debug_abbrev  0x00000b3a      0x2ca ..\obj\main.o
 .debug_abbrev  0x00000e04      0x1dc ..\obj\system.o
 .debug_abbrev  0x00000fe0      0x179 ..\obj\can.o
 .debug_abbrev  0x00001159      0x1bc ..\obj\stm32f10x_rcc.o
 .debug_abbrev  0x00001315      0x1ca ..\obj\gpio.o
 .debug_abbrev  0x000014df      0x164 ..\obj\stm32f10x_usart.o
 .debug_abbrev  0x00001643       0xe5 ..\obj\syscalls.o
 .debug_abbrev  0x00001728      0x1ba ..\obj\app.o
 .debug_abbrev  0x000018e2      0x147 ..\obj\misc.o
 .debug_abbrev  0x00001a29      0x180 ..\obj\stm32f10x_spi.o
 .debug_abbrev  0x00001ba9      0x2af ..\obj\usart.o

.debug_aranges  0x00000000      0xbf0
 .debug_aranges
                0x00000000       0x28 ..\obj\spi.o
 .debug_aranges
                0x00000028      0x2f0 ..\obj\stm32f10x_tim.o
 .debug_aranges
                0x00000318       0x38 ..\obj\system_stm32f10x.o
 .debug_aranges
                0x00000350      0x188 ..\obj\tim.o
 .debug_aranges
                0x000004d8       0x28 ..\obj\startup_stm32f10x_md.o
 .debug_aranges
                0x00000500       0xe0 ..\obj\stm32f10x_can.o
 .debug_aranges
                0x000005e0       0xa8 ..\obj\stm32f10x_gpio.o
 .debug_aranges
                0x00000688       0x40 ..\obj\main.o
 .debug_aranges
                0x000006c8       0x50 ..\obj\system.o
 .debug_aranges
                0x00000718       0x30 ..\obj\can.o
 .debug_aranges
                0x00000748      0x118 ..\obj\stm32f10x_rcc.o
 .debug_aranges
                0x00000860       0x58 ..\obj\gpio.o
 .debug_aranges
                0x000008b8      0x100 ..\obj\stm32f10x_usart.o
 .debug_aranges
                0x000009b8       0x60 ..\obj\syscalls.o
 .debug_aranges
                0x00000a18       0x30 ..\obj\app.o
 .debug_aranges
                0x00000a48       0x40 ..\obj\misc.o
 .debug_aranges
                0x00000a88       0xd0 ..\obj\stm32f10x_spi.o
 .debug_aranges
                0x00000b58       0x98 ..\obj\usart.o

.debug_ranges   0x00000000      0xad0
 .debug_ranges  0x00000000       0x18 ..\obj\spi.o
 .debug_ranges  0x00000018      0x2e0 ..\obj\stm32f10x_tim.o
 .debug_ranges  0x000002f8       0x28 ..\obj\system_stm32f10x.o
 .debug_ranges  0x00000320      0x178 ..\obj\tim.o
 .debug_ranges  0x00000498       0x18 ..\obj\startup_stm32f10x_md.o
 .debug_ranges  0x000004b0       0xd0 ..\obj\stm32f10x_can.o
 .debug_ranges  0x00000580       0x98 ..\obj\stm32f10x_gpio.o
 .debug_ranges  0x00000618       0x30 ..\obj\main.o
 .debug_ranges  0x00000648       0x40 ..\obj\system.o
 .debug_ranges  0x00000688       0x20 ..\obj\can.o
 .debug_ranges  0x000006a8      0x108 ..\obj\stm32f10x_rcc.o
 .debug_ranges  0x000007b0       0x48 ..\obj\gpio.o
 .debug_ranges  0x000007f8       0xf0 ..\obj\stm32f10x_usart.o
 .debug_ranges  0x000008e8       0x50 ..\obj\syscalls.o
 .debug_ranges  0x00000938       0x20 ..\obj\app.o
 .debug_ranges  0x00000958       0x30 ..\obj\misc.o
 .debug_ranges  0x00000988       0xc0 ..\obj\stm32f10x_spi.o
 .debug_ranges  0x00000a48       0x88 ..\obj\usart.o

.debug_line     0x00000000     0x4813
 .debug_line    0x00000000      0x29d ..\obj\spi.o
 .debug_line    0x0000029d      0xb98 ..\obj\stm32f10x_tim.o
 .debug_line    0x00000e35      0x246 ..\obj\system_stm32f10x.o
 .debug_line    0x0000107b      0x6c6 ..\obj\tim.o
 .debug_line    0x00001741       0xb3 ..\obj\startup_stm32f10x_md.o
 .debug_line    0x000017f4      0x5b2 ..\obj\stm32f10x_can.o
 .debug_line    0x00001da6      0x418 ..\obj\stm32f10x_gpio.o
 .debug_line    0x000021be      0x36e ..\obj\main.o
 .debug_line    0x0000252c      0x279 ..\obj\system.o
 .debug_line    0x000027a5      0x290 ..\obj\can.o
 .debug_line    0x00002a35      0x513 ..\obj\stm32f10x_rcc.o
 .debug_line    0x00002f48      0x309 ..\obj\gpio.o
 .debug_line    0x00003251      0x4fa ..\obj\stm32f10x_usart.o
 .debug_line    0x0000374b      0x1ff ..\obj\syscalls.o
 .debug_line    0x0000394a      0x261 ..\obj\app.o
 .debug_line    0x00003bab      0x28b ..\obj\misc.o
 .debug_line    0x00003e36      0x475 ..\obj\stm32f10x_spi.o
 .debug_line    0x000042ab      0x568 ..\obj\usart.o

.debug_str      0x00000000     0x3f51
 .debug_str     0x00000000      0x672 ..\obj\spi.o
                                0x70f (size before relaxing)
 .debug_str     0x00000672      0xbd6 ..\obj\stm32f10x_tim.o
                                0xdf6 (size before relaxing)
 .debug_str     0x00001248      0x175 ..\obj\system_stm32f10x.o
                                0x308 (size before relaxing)
 .debug_str     0x000013bd      0x867 ..\obj\tim.o
                               0x107d (size before relaxing)
 .debug_str     0x00001c24       0xce ..\obj\startup_stm32f10x_md.o
                                0x165 (size before relaxing)
 .debug_str     0x00001cf2      0x4ae ..\obj\stm32f10x_can.o
                                0x747 (size before relaxing)
 .debug_str     0x000021a0      0x344 ..\obj\stm32f10x_gpio.o
                                0x532 (size before relaxing)
 .debug_str     0x000024e4      0x580 ..\obj\main.o
                                0xbcd (size before relaxing)
 .debug_str     0x00002a64      0x133 ..\obj\system.o
                                0x676 (size before relaxing)
 .debug_str     0x00002b97      0x104 ..\obj\can.o
                                0x8fb (size before relaxing)
 .debug_str     0x00002c9b      0x3df ..\obj\stm32f10x_rcc.o
                                0x633 (size before relaxing)
 .debug_str     0x0000307a      0x12d ..\obj\gpio.o
                                0x51f (size before relaxing)
 .debug_str     0x000031a7      0x41b ..\obj\stm32f10x_usart.o
                                0x6a9 (size before relaxing)
 .debug_str     0x000035c2      0x18f ..\obj\syscalls.o
                                0x352 (size before relaxing)
 .debug_str     0x00003751       0x65 ..\obj\app.o
                                0x52e (size before relaxing)
 .debug_str     0x000037b6      0x11c ..\obj\misc.o
                                0x3d7 (size before relaxing)
 .debug_str     0x000038d2      0x2d6 ..\obj\stm32f10x_spi.o
                                0x616 (size before relaxing)
 .debug_str     0x00003ba8      0x3a9 ..\obj\usart.o
                                0xc2b (size before relaxing)

.comment        0x00000000       0x6e
 .comment       0x00000000       0x6e ..\obj\spi.o
                                 0x6f (size before relaxing)
 .comment       0x0000006e       0x6f ..\obj\stm32f10x_tim.o
 .comment       0x0000006e       0x6f ..\obj\system_stm32f10x.o
 .comment       0x0000006e       0x6f ..\obj\tim.o
 .comment       0x0000006e       0x6f ..\obj\startup_stm32f10x_md.o
 .comment       0x0000006e       0x6f ..\obj\stm32f10x_can.o
 .comment       0x0000006e       0x6f ..\obj\stm32f10x_gpio.o
 .comment       0x0000006e       0x6f ..\obj\main.o
 .comment       0x0000006e       0x6f ..\obj\system.o
 .comment       0x0000006e       0x6f ..\obj\can.o
 .comment       0x0000006e       0x6f ..\obj\stm32f10x_rcc.o
 .comment       0x0000006e       0x6f ..\obj\gpio.o
 .comment       0x0000006e       0x6f ..\obj\stm32f10x_usart.o
 .comment       0x0000006e       0x6f ..\obj\syscalls.o
 .comment       0x0000006e       0x6f ..\obj\app.o
 .comment       0x0000006e       0x6f ..\obj\misc.o
 .comment       0x0000006e       0x6f ..\obj\stm32f10x_spi.o
 .comment       0x0000006e       0x6f ..\obj\usart.o

.ARM.attributes
                0x00000000       0x31
 .ARM.attributes
                0x00000000       0x33 ..\obj\spi.o
 .ARM.attributes
                0x00000033       0x33 ..\obj\stm32f10x_tim.o
 .ARM.attributes
                0x00000066       0x33 ..\obj\system_stm32f10x.o
 .ARM.attributes
                0x00000099       0x33 ..\obj\tim.o
 .ARM.attributes
                0x000000cc       0x33 ..\obj\startup_stm32f10x_md.o
 .ARM.attributes
                0x000000ff       0x33 ..\obj\stm32f10x_can.o
 .ARM.attributes
                0x00000132       0x33 ..\obj\stm32f10x_gpio.o
 .ARM.attributes
                0x00000165       0x33 ..\obj\main.o
 .ARM.attributes
                0x00000198       0x33 ..\obj\system.o
 .ARM.attributes
                0x000001cb       0x33 ..\obj\can.o
 .ARM.attributes
                0x000001fe       0x33 ..\obj\stm32f10x_rcc.o
 .ARM.attributes
                0x00000231       0x33 ..\obj\gpio.o
 .ARM.attributes
                0x00000264       0x33 ..\obj\stm32f10x_usart.o
 .ARM.attributes
                0x00000297       0x33 ..\obj\syscalls.o
 .ARM.attributes
                0x000002ca       0x33 ..\obj\app.o
 .ARM.attributes
                0x000002fd       0x33 ..\obj\misc.o
 .ARM.attributes
                0x00000330       0x33 ..\obj\stm32f10x_spi.o
 .ARM.attributes
                0x00000363       0x33 ..\obj\usart.o
 .ARM.attributes
                0x00000396       0x1d c:/program files (x86)/gnu tools arm embedded/5.4 2016q3/bin/../lib/gcc/arm-none-eabi/5.4.1/armv7-m\libgcc.a(_aeabi_uldivmod.o)
 .ARM.attributes
                0x000003b3       0x2d c:/program files (x86)/gnu tools arm embedded/5.4 2016q3/bin/../lib/gcc/arm-none-eabi/5.4.1/armv7-m\libgcc.a(_udivmoddi4.o)
 .ARM.attributes
                0x000003e0       0x1d c:/program files (x86)/gnu tools arm embedded/5.4 2016q3/bin/../lib/gcc/arm-none-eabi/5.4.1/armv7-m\libgcc.a(_dvmd_tls.o)
 .ARM.attributes
                0x000003fd       0x1b c:/program files (x86)/gnu tools arm embedded/5.4 2016q3/bin/../lib/gcc/arm-none-eabi/5.4.1/../../../../arm-none-eabi/lib/armv7-m\libc.a(lib_a-memcpy.o)
 .ARM.attributes
                0x00000418       0x2d c:/program files (x86)/gnu tools arm embedded/5.4 2016q3/bin/../lib/gcc/arm-none-eabi/5.4.1/../../../../arm-none-eabi/lib/armv7-m\libc.a(lib_a-vsprintf.o)
 .ARM.attributes
                0x00000445       0x2d c:/program files (x86)/gnu tools arm embedded/5.4 2016q3/bin/../lib/gcc/arm-none-eabi/5.4.1/../../../../arm-none-eabi/lib/armv7-m\libc.a(lib_a-impure.o)
 .ARM.attributes
                0x00000472       0x2d c:/program files (x86)/gnu tools arm embedded/5.4 2016q3/bin/../lib/gcc/arm-none-eabi/5.4.1/../../../../arm-none-eabi/lib/armv7-m\libc.a(lib_a-svfprintf.o)
 .ARM.attributes
                0x0000049f       0x2d c:/program files (x86)/gnu tools arm embedded/5.4 2016q3/bin/../lib/gcc/arm-none-eabi/5.4.1/../../../../arm-none-eabi/lib/armv7-m\libc.a(lib_a-dtoa.o)
 .ARM.attributes
                0x000004cc       0x2d c:/program files (x86)/gnu tools arm embedded/5.4 2016q3/bin/../lib/gcc/arm-none-eabi/5.4.1/../../../../arm-none-eabi/lib/armv7-m\libc.a(lib_a-localeconv.o)
 .ARM.attributes
                0x000004f9       0x2d c:/program files (x86)/gnu tools arm embedded/5.4 2016q3/bin/../lib/gcc/arm-none-eabi/5.4.1/../../../../arm-none-eabi/lib/armv7-m\libc.a(lib_a-mallocr.o)
 .ARM.attributes
                0x00000526       0x2d c:/program files (x86)/gnu tools arm embedded/5.4 2016q3/bin/../lib/gcc/arm-none-eabi/5.4.1/../../../../arm-none-eabi/lib/armv7-m\libc.a(lib_a-memchr-stub.o)
 .ARM.attributes
                0x00000553       0x2d c:/program files (x86)/gnu tools arm embedded/5.4 2016q3/bin/../lib/gcc/arm-none-eabi/5.4.1/../../../../arm-none-eabi/lib/armv7-m\libc.a(lib_a-mlock.o)
 .ARM.attributes
                0x00000580       0x2d c:/program files (x86)/gnu tools arm embedded/5.4 2016q3/bin/../lib/gcc/arm-none-eabi/5.4.1/../../../../arm-none-eabi/lib/armv7-m\libc.a(lib_a-mprec.o)
 .ARM.attributes
                0x000005ad       0x2d c:/program files (x86)/gnu tools arm embedded/5.4 2016q3/bin/../lib/gcc/arm-none-eabi/5.4.1/../../../../arm-none-eabi/lib/armv7-m\libc.a(lib_a-sbrkr.o)
 .ARM.attributes
                0x000005da       0x2d c:/program files (x86)/gnu tools arm embedded/5.4 2016q3/bin/../lib/gcc/arm-none-eabi/5.4.1/../../../../arm-none-eabi/lib/armv7-m\libc.a(lib_a-strlen-stub.o)
 .ARM.attributes
                0x00000607       0x2d c:/program files (x86)/gnu tools arm embedded/5.4 2016q3/bin/../lib/gcc/arm-none-eabi/5.4.1/../../../../arm-none-eabi/lib/armv7-m\libc.a(lib_a-svfiprintf.o)
 .ARM.attributes
                0x00000634       0x2d c:/program files (x86)/gnu tools arm embedded/5.4 2016q3/bin/../lib/gcc/arm-none-eabi/5.4.1/../../../../arm-none-eabi/lib/armv7-m\libc.a(lib_a-callocr.o)
 .ARM.attributes
                0x00000661       0x2d c:/program files (x86)/gnu tools arm embedded/5.4 2016q3/bin/../lib/gcc/arm-none-eabi/5.4.1/../../../../arm-none-eabi/lib/armv7-m\libc.a(lib_a-freer.o)
 .ARM.attributes
                0x0000068e       0x2d c:/program files (x86)/gnu tools arm embedded/5.4 2016q3/bin/../lib/gcc/arm-none-eabi/5.4.1/../../../../arm-none-eabi/lib/armv7-m\libc.a(lib_a-locale.o)
 .ARM.attributes
                0x000006bb       0x2d c:/program files (x86)/gnu tools arm embedded/5.4 2016q3/bin/../lib/gcc/arm-none-eabi/5.4.1/../../../../arm-none-eabi/lib/armv7-m\libc.a(lib_a-mbtowc_r.o)
 .ARM.attributes
                0x000006e8       0x2d c:/program files (x86)/gnu tools arm embedded/5.4 2016q3/bin/../lib/gcc/arm-none-eabi/5.4.1/../../../../arm-none-eabi/lib/armv7-m\libc.a(lib_a-memmove.o)
 .ARM.attributes
                0x00000715       0x2d c:/program files (x86)/gnu tools arm embedded/5.4 2016q3/bin/../lib/gcc/arm-none-eabi/5.4.1/../../../../arm-none-eabi/lib/armv7-m\libc.a(lib_a-memset.o)
 .ARM.attributes
                0x00000742       0x2d c:/program files (x86)/gnu tools arm embedded/5.4 2016q3/bin/../lib/gcc/arm-none-eabi/5.4.1/../../../../arm-none-eabi/lib/armv7-m\libc.a(lib_a-reallocr.o)
 .ARM.attributes
                0x0000076f       0x2d c:/program files (x86)/gnu tools arm embedded/5.4 2016q3/bin/../lib/gcc/arm-none-eabi/5.4.1/../../../../arm-none-eabi/lib/armv7-m\libc.a(lib_a-reent.o)
 .ARM.attributes
                0x0000079c       0x2d c:/program files (x86)/gnu tools arm embedded/5.4 2016q3/bin/../lib/gcc/arm-none-eabi/5.4.1/../../../../arm-none-eabi/lib/armv7-m\libc.a(lib_a-wctomb_r.o)
 .ARM.attributes
                0x000007c9       0x2d c:/program files (x86)/gnu tools arm embedded/5.4 2016q3/bin/../lib/gcc/arm-none-eabi/5.4.1/../../../../arm-none-eabi/lib/armv7-m\libc.a(lib_a-ctype_.o)
 .ARM.attributes
                0x000007f6       0x1d c:/program files (x86)/gnu tools arm embedded/5.4 2016q3/bin/../lib/gcc/arm-none-eabi/5.4.1/armv7-m\libgcc.a(_arm_addsubdf3.o)
 .ARM.attributes
                0x00000813       0x1d c:/program files (x86)/gnu tools arm embedded/5.4 2016q3/bin/../lib/gcc/arm-none-eabi/5.4.1/armv7-m\libgcc.a(_arm_muldivdf3.o)
 .ARM.attributes
                0x00000830       0x1d c:/program files (x86)/gnu tools arm embedded/5.4 2016q3/bin/../lib/gcc/arm-none-eabi/5.4.1/armv7-m\libgcc.a(_arm_cmpdf2.o)
 .ARM.attributes
                0x0000084d       0x1d c:/program files (x86)/gnu tools arm embedded/5.4 2016q3/bin/../lib/gcc/arm-none-eabi/5.4.1/armv7-m\libgcc.a(_arm_unorddf2.o)
 .ARM.attributes
                0x0000086a       0x1d c:/program files (x86)/gnu tools arm embedded/5.4 2016q3/bin/../lib/gcc/arm-none-eabi/5.4.1/armv7-m\libgcc.a(_arm_fixdfsi.o)

.debug_frame    0x00000000     0x3a78
 .debug_frame   0x00000000       0x50 ..\obj\spi.o
 .debug_frame   0x00000050      0xe2c ..\obj\stm32f10x_tim.o
 .debug_frame   0x00000e7c       0x98 ..\obj\system_stm32f10x.o
 .debug_frame   0x00000f14      0x638 ..\obj\tim.o
 .debug_frame   0x0000154c       0x4c ..\obj\startup_stm32f10x_md.o
 .debug_frame   0x00001598      0x3f0 ..\obj\stm32f10x_can.o
 .debug_frame   0x00001988      0x2d0 ..\obj\stm32f10x_gpio.o
 .debug_frame   0x00001c58       0xb8 ..\obj\main.o
 .debug_frame   0x00001d10      0x108 ..\obj\system.o
 .debug_frame   0x00001e18       0x80 ..\obj\can.o
 .debug_frame   0x00001e98      0x4f4 ..\obj\stm32f10x_rcc.o
 .debug_frame   0x0000238c      0x128 ..\obj\gpio.o
 .debug_frame   0x000024b4      0x490 ..\obj\stm32f10x_usart.o
 .debug_frame   0x00002944      0x168 ..\obj\syscalls.o
 .debug_frame   0x00002aac       0x80 ..\obj\app.o
 .debug_frame   0x00002b2c       0xd8 ..\obj\misc.o
 .debug_frame   0x00002c04      0x3a0 ..\obj\stm32f10x_spi.o
 .debug_frame   0x00002fa4      0x27c ..\obj\usart.o
 .debug_frame   0x00003220       0x2c c:/program files (x86)/gnu tools arm embedded/5.4 2016q3/bin/../lib/gcc/arm-none-eabi/5.4.1/armv7-m\libgcc.a(_aeabi_uldivmod.o)
 .debug_frame   0x0000324c       0x38 c:/program files (x86)/gnu tools arm embedded/5.4 2016q3/bin/../lib/gcc/arm-none-eabi/5.4.1/armv7-m\libgcc.a(_udivmoddi4.o)
 .debug_frame   0x00003284       0x50 c:/program files (x86)/gnu tools arm embedded/5.4 2016q3/bin/../lib/gcc/arm-none-eabi/5.4.1/../../../../arm-none-eabi/lib/armv7-m\libc.a(lib_a-vsprintf.o)
 .debug_frame   0x000032d4       0x44 c:/program files (x86)/gnu tools arm embedded/5.4 2016q3/bin/../lib/gcc/arm-none-eabi/5.4.1/../../../../arm-none-eabi/lib/armv7-m\libc.a(lib_a-svfprintf.o)
 .debug_frame   0x00003318       0x84 c:/program files (x86)/gnu tools arm embedded/5.4 2016q3/bin/../lib/gcc/arm-none-eabi/5.4.1/../../../../arm-none-eabi/lib/armv7-m\libc.a(lib_a-dtoa.o)
 .debug_frame   0x0000339c       0x40 c:/program files (x86)/gnu tools arm embedded/5.4 2016q3/bin/../lib/gcc/arm-none-eabi/5.4.1/../../../../arm-none-eabi/lib/armv7-m\libc.a(lib_a-localeconv.o)
 .debug_frame   0x000033dc       0x54 c:/program files (x86)/gnu tools arm embedded/5.4 2016q3/bin/../lib/gcc/arm-none-eabi/5.4.1/../../../../arm-none-eabi/lib/armv7-m\libc.a(lib_a-mallocr.o)
 .debug_frame   0x00003430       0x34 c:/program files (x86)/gnu tools arm embedded/5.4 2016q3/bin/../lib/gcc/arm-none-eabi/5.4.1/../../../../arm-none-eabi/lib/armv7-m\libc.a(lib_a-memchr-stub.o)
 .debug_frame   0x00003464       0x30 c:/program files (x86)/gnu tools arm embedded/5.4 2016q3/bin/../lib/gcc/arm-none-eabi/5.4.1/../../../../arm-none-eabi/lib/armv7-m\libc.a(lib_a-mlock.o)
 .debug_frame   0x00003494      0x264 c:/program files (x86)/gnu tools arm embedded/5.4 2016q3/bin/../lib/gcc/arm-none-eabi/5.4.1/../../../../arm-none-eabi/lib/armv7-m\libc.a(lib_a-mprec.o)
 .debug_frame   0x000036f8       0x2c c:/program files (x86)/gnu tools arm embedded/5.4 2016q3/bin/../lib/gcc/arm-none-eabi/5.4.1/../../../../arm-none-eabi/lib/armv7-m\libc.a(lib_a-sbrkr.o)
 .debug_frame   0x00003724       0x20 c:/program files (x86)/gnu tools arm embedded/5.4 2016q3/bin/../lib/gcc/arm-none-eabi/5.4.1/../../../../arm-none-eabi/lib/armv7-m\libc.a(lib_a-strlen-stub.o)
 .debug_frame   0x00003744       0x78 c:/program files (x86)/gnu tools arm embedded/5.4 2016q3/bin/../lib/gcc/arm-none-eabi/5.4.1/../../../../arm-none-eabi/lib/armv7-m\libc.a(lib_a-svfiprintf.o)
 .debug_frame   0x000037bc       0x28 c:/program files (x86)/gnu tools arm embedded/5.4 2016q3/bin/../lib/gcc/arm-none-eabi/5.4.1/../../../../arm-none-eabi/lib/armv7-m\libc.a(lib_a-callocr.o)
 .debug_frame   0x000037e4       0x74 c:/program files (x86)/gnu tools arm embedded/5.4 2016q3/bin/../lib/gcc/arm-none-eabi/5.4.1/../../../../arm-none-eabi/lib/armv7-m\libc.a(lib_a-freer.o)
 .debug_frame   0x00003858       0x84 c:/program files (x86)/gnu tools arm embedded/5.4 2016q3/bin/../lib/gcc/arm-none-eabi/5.4.1/../../../../arm-none-eabi/lib/armv7-m\libc.a(lib_a-locale.o)
 .debug_frame   0x000038dc       0x4c c:/program files (x86)/gnu tools arm embedded/5.4 2016q3/bin/../lib/gcc/arm-none-eabi/5.4.1/../../../../arm-none-eabi/lib/armv7-m\libc.a(lib_a-mbtowc_r.o)
 .debug_frame   0x00003928       0x30 c:/program files (x86)/gnu tools arm embedded/5.4 2016q3/bin/../lib/gcc/arm-none-eabi/5.4.1/../../../../arm-none-eabi/lib/armv7-m\libc.a(lib_a-memmove.o)
 .debug_frame   0x00003958       0x34 c:/program files (x86)/gnu tools arm embedded/5.4 2016q3/bin/../lib/gcc/arm-none-eabi/5.4.1/../../../../arm-none-eabi/lib/armv7-m\libc.a(lib_a-memset.o)
 .debug_frame   0x0000398c       0x58 c:/program files (x86)/gnu tools arm embedded/5.4 2016q3/bin/../lib/gcc/arm-none-eabi/5.4.1/../../../../arm-none-eabi/lib/armv7-m\libc.a(lib_a-reallocr.o)
 .debug_frame   0x000039e4       0x58 c:/program files (x86)/gnu tools arm embedded/5.4 2016q3/bin/../lib/gcc/arm-none-eabi/5.4.1/../../../../arm-none-eabi/lib/armv7-m\libc.a(lib_a-reent.o)
 .debug_frame   0x00003a3c       0x3c c:/program files (x86)/gnu tools arm embedded/5.4 2016q3/bin/../lib/gcc/arm-none-eabi/5.4.1/../../../../arm-none-eabi/lib/armv7-m\libc.a(lib_a-wctomb_r.o)
