Archive member included to satisfy reference by file (symbol)

c:/program files (x86)/gnu tools arm embedded/5.4 2016q3/bin/../lib/gcc/arm-none-eabi/5.4.1/armv7-m\libgcc.a(_aeabi_uldivmod.o)
                              ..\obj\system.o (__aeabi_uldivmod)
c:/program files (x86)/gnu tools arm embedded/5.4 2016q3/bin/../lib/gcc/arm-none-eabi/5.4.1/armv7-m\libgcc.a(_udivmoddi4.o)
                              c:/program files (x86)/gnu tools arm embedded/5.4 2016q3/bin/../lib/gcc/arm-none-eabi/5.4.1/armv7-m\libgcc.a(_aeabi_uldivmod.o) (__udivmoddi4)
c:/program files (x86)/gnu tools arm embedded/5.4 2016q3/bin/../lib/gcc/arm-none-eabi/5.4.1/armv7-m\libgcc.a(unwind-arm.o)
                              ..\obj\spi.o (__aeabi_unwind_cpp_pr0)
c:/program files (x86)/gnu tools arm embedded/5.4 2016q3/bin/../lib/gcc/arm-none-eabi/5.4.1/armv7-m\libgcc.a(libunwind.o)
                              c:/program files (x86)/gnu tools arm embedded/5.4 2016q3/bin/../lib/gcc/arm-none-eabi/5.4.1/armv7-m\libgcc.a(unwind-arm.o) (restore_core_regs)
c:/program files (x86)/gnu tools arm embedded/5.4 2016q3/bin/../lib/gcc/arm-none-eabi/5.4.1/armv7-m\libgcc.a(pr-support.o)
                              c:/program files (x86)/gnu tools arm embedded/5.4 2016q3/bin/../lib/gcc/arm-none-eabi/5.4.1/armv7-m\libgcc.a(unwind-arm.o) (__gnu_unwind_execute)
c:/program files (x86)/gnu tools arm embedded/5.4 2016q3/bin/../lib/gcc/arm-none-eabi/5.4.1/armv7-m\libgcc.a(_dvmd_tls.o)
                              c:/program files (x86)/gnu tools arm embedded/5.4 2016q3/bin/../lib/gcc/arm-none-eabi/5.4.1/armv7-m\libgcc.a(_aeabi_uldivmod.o) (__aeabi_ldiv0)
c:/program files (x86)/gnu tools arm embedded/5.4 2016q3/bin/../lib/gcc/arm-none-eabi/5.4.1/../../../../arm-none-eabi/lib/armv7-m\libc.a(lib_a-memcpy.o)
                              c:/program files (x86)/gnu tools arm embedded/5.4 2016q3/bin/../lib/gcc/arm-none-eabi/5.4.1/armv7-m\libgcc.a(unwind-arm.o) (memcpy)
c:/program files (x86)/gnu tools arm embedded/5.4 2016q3/bin/../lib/gcc/arm-none-eabi/5.4.1/../../../../arm-none-eabi/lib/armv7-m\libc.a(lib_a-vsprintf.o)
                              ..\obj\usart.o (vsprintf)
c:/program files (x86)/gnu tools arm embedded/5.4 2016q3/bin/../lib/gcc/arm-none-eabi/5.4.1/../../../../arm-none-eabi/lib/armv7-m\libc.a(lib_a-impure.o)
                              c:/program files (x86)/gnu tools arm embedded/5.4 2016q3/bin/../lib/gcc/arm-none-eabi/5.4.1/../../../../arm-none-eabi/lib/armv7-m\libc.a(lib_a-vsprintf.o) (_impure_ptr)
c:/program files (x86)/gnu tools arm embedded/5.4 2016q3/bin/../lib/gcc/arm-none-eabi/5.4.1/../../../../arm-none-eabi/lib/armv7-m\libc.a(lib_a-svfprintf.o)
                              c:/program files (x86)/gnu tools arm embedded/5.4 2016q3/bin/../lib/gcc/arm-none-eabi/5.4.1/../../../../arm-none-eabi/lib/armv7-m\libc.a(lib_a-vsprintf.o) (_svfprintf_r)
c:/program files (x86)/gnu tools arm embedded/5.4 2016q3/bin/../lib/gcc/arm-none-eabi/5.4.1/../../../../arm-none-eabi/lib/armv7-m\libc.a(lib_a-dtoa.o)
                              c:/program files (x86)/gnu tools arm embedded/5.4 2016q3/bin/../lib/gcc/arm-none-eabi/5.4.1/../../../../arm-none-eabi/lib/armv7-m\libc.a(lib_a-svfprintf.o) (_dtoa_r)
c:/program files (x86)/gnu tools arm embedded/5.4 2016q3/bin/../lib/gcc/arm-none-eabi/5.4.1/../../../../arm-none-eabi/lib/armv7-m\libc.a(lib_a-localeconv.o)
                              c:/program files (x86)/gnu tools arm embedded/5.4 2016q3/bin/../lib/gcc/arm-none-eabi/5.4.1/../../../../arm-none-eabi/lib/armv7-m\libc.a(lib_a-svfprintf.o) (_localeconv_r)
c:/program files (x86)/gnu tools arm embedded/5.4 2016q3/bin/../lib/gcc/arm-none-eabi/5.4.1/../../../../arm-none-eabi/lib/armv7-m\libc.a(lib_a-mallocr.o)
                              c:/program files (x86)/gnu tools arm embedded/5.4 2016q3/bin/../lib/gcc/arm-none-eabi/5.4.1/../../../../arm-none-eabi/lib/armv7-m\libc.a(lib_a-svfprintf.o) (_malloc_r)
c:/program files (x86)/gnu tools arm embedded/5.4 2016q3/bin/../lib/gcc/arm-none-eabi/5.4.1/../../../../arm-none-eabi/lib/armv7-m\libc.a(lib_a-memchr-stub.o)
                              c:/program files (x86)/gnu tools arm embedded/5.4 2016q3/bin/../lib/gcc/arm-none-eabi/5.4.1/../../../../arm-none-eabi/lib/armv7-m\libc.a(lib_a-svfprintf.o) (memchr)
c:/program files (x86)/gnu tools arm embedded/5.4 2016q3/bin/../lib/gcc/arm-none-eabi/5.4.1/../../../../arm-none-eabi/lib/armv7-m\libc.a(lib_a-mlock.o)
                              c:/program files (x86)/gnu tools arm embedded/5.4 2016q3/bin/../lib/gcc/arm-none-eabi/5.4.1/../../../../arm-none-eabi/lib/armv7-m\libc.a(lib_a-mallocr.o) (__malloc_lock)
c:/program files (x86)/gnu tools arm embedded/5.4 2016q3/bin/../lib/gcc/arm-none-eabi/5.4.1/../../../../arm-none-eabi/lib/armv7-m\libc.a(lib_a-mprec.o)
                              c:/program files (x86)/gnu tools arm embedded/5.4 2016q3/bin/../lib/gcc/arm-none-eabi/5.4.1/../../../../arm-none-eabi/lib/armv7-m\libc.a(lib_a-dtoa.o) (_Balloc)
[...]
Memory Configuration

Name             Origin             Length             Attributes
rom              0x08000000         0x00010000         xr
ram              0x20000000         0x00005000         xrw
*default*        0x00000000         0xffffffff

Linker script and memory map

                0x20005000                _eram = 0x20005000

.text           0x08000000     0x94c9
 *(.isr_vector)
 .isr_vector    0x08000000      0x10c ..\obj\startup_stm32f10x_md.o
                0x08000000                g_pfnVectors
 *(.text*)
 .text.SPI1_IRQHandler
                0x0800010c       0x50 ..\obj\spi.o
                0x0800010c                SPI1_IRQHandler
 .text.TIM_TimeBaseInit
                0x0800015c       0xf8 ..\obj\stm32f10x_tim.o
                0x0800015c                TIM_TimeBaseInit
 .text.TIM_OC1Init
                0x08000254      0x118 ..\obj\stm32f10x_tim.o
                0x08000254                TIM_OC1Init
 .text.TIM_OC2Init
                0x0800036c      0x110 ..\obj\stm32f10x_tim.o
                0x0800036c                TIM_OC2Init
 .text.TIM_OC3Init
                0x0800047c      0x10c ..\obj\stm32f10x_tim.o
                0x0800047c                TIM_OC3Init
 .text.TIM_OC4Init
                0x08000588       0xd0 ..\obj\stm32f10x_tim.o
                0x08000588                TIM_OC4Init
 .text.TIM_BDTRConfig
                0x08000658       0x50 ..\obj\stm32f10x_tim.o
                0x08000658                TIM_BDTRConfig
 .text.TIM_TimeBaseStructInit
                0x080006a8       0x34 ..\obj\stm32f10x_tim.o
                0x080006a8                TIM_TimeBaseStructInit
 .text.TIM_OCStructInit
                0x080006dc       0x44 ..\obj\stm32f10x_tim.o
                0x080006dc                TIM_OCStructInit
 .text.TIM_BDTRStructInit
                0x08000720       0x3c ..\obj\stm32f10x_tim.o
                0x08000720                TIM_BDTRStructInit
 .text.TIM_Cmd  0x0800075c       0x40 ..\obj\stm32f10x_tim.o
                0x0800075c                TIM_Cmd
 .text.TIM_ITConfig
                0x0800079c       0x48 ..\obj\stm32f10x_tim.o
                0x0800079c                TIM_ITConfig
 .text.TIM_EncoderInterfaceConfig
                0x080007e4       0x98 ..\obj\stm32f10x_tim.o
                0x080007e4                TIM_EncoderInterfaceConfig
 .text.TIM_ARRPreloadConfig
                0x0800087c       0x40 ..\obj\stm32f10x_tim.o
                0x0800087c                TIM_ARRPreloadConfig
 .text.TIM_ClearITPendingBit
                0x080008bc       0x20 ..\obj\stm32f10x_tim.o
                0x080008bc                TIM_ClearITPendingBit
 .text.SystemInit
                0x080008dc       0x68 ..\obj\system_stm32f10x.o
                0x080008dc                SystemInit
 .text.SetSysClock
                0x08000944        0xc ..\obj\system_stm32f10x.o
 .text.SetSysClockTo72
                0x08000950      0x100 ..\obj\system_stm32f10x.o
 .text._ZN3TIM8pwmSetupEP11TIM_TypeDefttt
                0x08000a50      0x138 ..\obj\tim.o
                0x08000a50                TIM::pwmSetup(TIM_TypeDef*, unsigned short, unsigned short, unsigned short)
 .text._ZN3TIM4dutyEt
                0x08000b88      0x110 ..\obj\tim.o
                0x08000b88                TIM::duty(unsigned short)
 .text._ZN3TIM12encoderSetupEP11TIM_TypeDef
                0x08000c98       0x8c ..\obj\tim.o
                0x08000c98                TIM::encoderSetup(TIM_TypeDef*)
 .text._ZN3TIM10timerSetupEP11TIM_TypeDef
                0x08000d24       0xb4 ..\obj\tim.o
                0x08000d24                TIM::timerSetup(TIM_TypeDef*)
 .text._Z9TIM1Setupt
                0x08000dd8       0x78 ..\obj\tim.o
                0x08000dd8                TIM1Setup(unsigned short)
 .text._Z9TIM2Setupt
                0x08000e50       0x40 ..\obj\tim.o
                0x08000e50                TIM2Setup(unsigned short)
 .text._Z9TIM3Setupt
                0x08000e90       0x40 ..\obj\tim.o
                0x08000e90                TIM3Setup(unsigned short)
 .text._Z9TIM4Setupt
                0x08000ed0       0x40 ..\obj\tim.o
                0x08000ed0                TIM4Setup(unsigned short)
 .text._Z11TIM1ITSetupt
                0x08000f10       0x3c ..\obj\tim.o
                0x08000f10                TIM1ITSetup(unsigned short)
 .text._Z11TIM2ITSetupt
                0x08000f4c       0x3c ..\obj\tim.o
                0x08000f4c                TIM2ITSetup(unsigned short)
 .text._Z11TIM3ITSetupt
                0x08000f88       0x3c ..\obj\tim.o
                0x08000f88                TIM3ITSetup(unsigned short)
 .text._Z11TIM4ITSetupt
                0x08000fc4       0x3c ..\obj\tim.o
                0x08000fc4                TIM4ITSetup(unsigned short)
 .text._Z11OC1PWMSetupP11TIM_TypeDeft
                0x08001000       0x4c ..\obj\tim.o
                0x08001000                OC1PWMSetup(TIM_TypeDef*, unsigned short)
 .text._Z11OC2PWMSetupP11TIM_TypeDeft
                0x0800104c       0x4c ..\obj\tim.o
                0x0800104c                OC2PWMSetup(TIM_TypeDef*, unsigned short)
 .text._Z11OC3PWMSetupP11TIM_TypeDeft
                0x08001098       0x4c ..\obj\tim.o
                0x08001098                OC3PWMSetup(TIM_TypeDef*, unsigned short)
 .text._Z11OC4PWMSetupP11TIM_TypeDeft
                0x080010e4       0x4c ..\obj\tim.o
                0x080010e4                OC4PWMSetup(TIM_TypeDef*, unsigned short)
 .text._Z10OC1DutySetP11TIM_TypeDeft
                0x08001130       0x1c ..\obj\tim.o
                0x08001130                OC1DutySet(TIM_TypeDef*, unsigned short)
 .text._Z10OC2DutySetP11TIM_TypeDeft
                0x0800114c       0x1c ..\obj\tim.o
                0x0800114c                OC2DutySet(TIM_TypeDef*, unsigned short)
 .text._Z10OC3DutySetP11TIM_TypeDeft
                0x08001168       0x1c ..\obj\tim.o
                0x08001168                OC3DutySet(TIM_TypeDef*, unsigned short)
 .text._Z10OC4DutySetP11TIM_TypeDeft
                0x08001184       0x20 ..\obj\tim.o
                0x08001184                OC4DutySet(TIM_TypeDef*, unsigned short)
 .text._Z16TIM1EncoderSetupv
                0x080011a4       0x54 ..\obj\tim.o
                0x080011a4                TIM1EncoderSetup()
 .text._Z16TIM2EncoderSetupv
                0x080011f8       0x54 ..\obj\tim.o
                0x080011f8                TIM2EncoderSetup()
 .text._Z16TIM3EncoderSetupv
                0x0800124c       0x50 ..\obj\tim.o
                0x0800124c                TIM3EncoderSetup()
 .text._Z16TIM4EncoderSetupv
                0x0800129c       0x50 ..\obj\tim.o
                0x0800129c                TIM4EncoderSetup()
 .text._Z16TIM1_ENCODER_IRQv
                0x080012ec       0x40 ..\obj\tim.o
                0x080012ec                TIM1_ENCODER_IRQ()
 .text._Z16TIM2_ENCODER_IRQv
                0x0800132c       0x3c ..\obj\tim.o
                0x0800132c                TIM2_ENCODER_IRQ()
 .text._Z16TIM3_ENCODER_IRQv
                0x08001368       0x40 ..\obj\tim.o
                0x08001368                TIM3_ENCODER_IRQ()
 .text._Z16TIM4_ENCODER_IRQv
                0x080013a8       0x40 ..\obj\tim.o
                0x080013a8                TIM4_ENCODER_IRQ()
 .text._Z19TIM1_TIM_Update_IRQv
                0x080013e8       0x1c ..\obj\tim.o
                0x080013e8                TIM1_TIM_Update_IRQ()
 .text._Z19TIM2_TIM_Update_IRQv
                0x08001404       0x1c ..\obj\tim.o
                0x08001404                TIM2_TIM_Update_IRQ()
 .text._Z19TIM3_TIM_Update_IRQv
                0x08001420       0x1c ..\obj\tim.o
                0x08001420                TIM3_TIM_Update_IRQ()
 .text._Z19TIM4_TIM_Update_IRQv
                0x0800143c       0x1c ..\obj\tim.o
                0x0800143c                TIM4_TIM_Update_IRQ()
 .text.TIM1_UP_IRQHandler
                0x08001458       0x40 ..\obj\tim.o
                0x08001458                TIM1_UP_IRQHandler
 .text.TIM2_IRQHandler
                0x08001498       0x54 ..\obj\tim.o
                0x08001498                TIM2_IRQHandler
 .text.TIM3_IRQHandler
                0x080014ec       0x50 ..\obj\tim.o
                0x080014ec                TIM3_IRQHandler
 .text.TIM4_IRQHandler
                0x0800153c       0x50 ..\obj\tim.o
                0x0800153c                TIM4_IRQHandler
 .text.Default_Reset_Handler
                0x0800158c       0x60 ..\obj\startup_stm32f10x_md.o
                0x0800158c                Default_Reset_Handler
                0x0800158c                Reset_Handler
 .text.Default_Handler
                0x080015ec        0x8 ..\obj\startup_stm32f10x_md.o
                0x080015ec                EXTI2_IRQHandler
                0x080015ec                DebugMon_Handler
                0x080015ec                TIM1_CC_IRQHandler
                0x080015ec                HardFault_Handler
                0x080015ec                PVD_IRQHandler
                0x080015ec                PendSV_Handler
                0x080015ec                NMI_Handler
                0x080015ec                EXTI3_IRQHandler
                0x080015ec                EXTI0_IRQHandler
                0x080015ec                I2C2_EV_IRQHandler
                0x080015ec                UsageFault_Handler
                0x080015ec                ADC1_2_IRQHandler
                0x080015ec                TAMPER_IRQHandler
                0x080015ec                DMA1_Channel4_IRQHandler
                0x080015ec                RTC_IRQHandler
                0x080015ec                DMA1_Channel7_IRQHandler
                0x080015ec                CAN1_RX1_IRQHandler
                0x080015ec                I2C1_EV_IRQHandler
                0x080015ec                DMA1_Channel6_IRQHandler
                0x080015ec                RCC_IRQHandler
                0x080015ec                TIM1_TRG_COM_IRQHandler
                0x080015ec                DMA1_Channel1_IRQHandler
                0x080015ec                EXTI15_10_IRQHandler
                0x080015ec                EXTI9_5_IRQHandler
                0x080015ec                SPI2_IRQHandler
                0x080015ec                MemManage_Handler
                0x080015ec                SVC_Handler
                0x080015ec                DMA1_Channel5_IRQHandler
                0x080015ec                EXTI4_IRQHandler
                0x080015ec                USB_HP_CAN1_TX_IRQHandler
                0x080015ec                DMA1_Channel3_IRQHandler
                0x080015ec                WWDG_IRQHandler
                0x080015ec                TIM1_BRK_IRQHandler
                0x080015ec                EXTI1_IRQHandler
                0x080015ec                RTCAlarm_IRQHandler
                0x080015ec                I2C2_ER_IRQHandler
                0x080015ec                DMA1_Channel2_IRQHandler
                0x080015ec                CAN1_SCE_IRQHandler
                0x080015ec                FLASH_IRQHandler
                0x080015ec                BusFault_Handler
                0x080015ec                I2C1_ER_IRQHandler
                0x080015ec                USBWakeUp_IRQHandler
 .text.CAN_DeInit
                0x080015f4       0x48 ..\obj\stm32f10x_can.o
                0x080015f4                CAN_DeInit
 .text.CAN_Init
                0x0800163c      0x1a0 ..\obj\stm32f10x_can.o
                0x0800163c                CAN_Init
 .text.CAN_FilterInit
                0x080017dc      0x174 ..\obj\stm32f10x_can.o
                0x080017dc                CAN_FilterInit
 .text.CAN_StructInit
                0x08001950       0x54 ..\obj\stm32f10x_can.o
                0x08001950                CAN_StructInit
 .text.CAN_Transmit
                0x080019a4      0x194 ..\obj\stm32f10x_can.o
                0x080019a4                CAN_Transmit
 .text.CAN_Receive
                0x08001b38      0x174 ..\obj\stm32f10x_can.o
                0x08001b38                CAN_Receive
 .text.CAN_ITConfig
                0x08001cac       0x3c ..\obj\stm32f10x_can.o
                0x08001cac                CAN_ITConfig
 .text.GPIO_Init
                0x08001ce8      0x178 ..\obj\stm32f10x_gpio.o
                0x08001ce8                GPIO_Init
 .text.GPIO_StructInit
                0x08001e60       0x28 ..\obj\stm32f10x_gpio.o
                0x08001e60                GPIO_StructInit
 .text.GPIO_ReadInputDataBit
                0x08001e88       0x34 ..\obj\stm32f10x_gpio.o
                0x08001e88                GPIO_ReadInputDataBit
 .text.GPIO_WriteBit
                0x08001ebc       0x30 ..\obj\stm32f10x_gpio.o
                0x08001ebc                GPIO_WriteBit
 .text.main     0x08001eec      0x620 ..\obj\main.o
                0x08001eec                main
 .text.USB_LP_CAN1_RX0_IRQHandler
                0x0800250c       0x28 ..\obj\main.o
                0x0800250c                USB_LP_CAN1_RX0_IRQHandler
 .text.NVIC_SetPriority
                0x08002534       0x54 ..\obj\system.o
 .text.SysTick_Config
                0x08002588       0x44 ..\obj\system.o
 .text._Z5setupv
                0x080025cc       0x24 ..\obj\system.o
                0x080025cc                setup()
 .text._Z5delaym
                0x080025f0       0x58 ..\obj\system.o
                0x080025f0                delay(unsigned long)
 .text._Z6microsv
                0x08002648       0x2c ..\obj\system.o
                0x08002648                micros()
 .text.SysTick_Handler
                0x08002674       0x20 ..\obj\system.o
                0x08002674                SysTick_Handler
 .text._ZN3CAN5setupEP11CAN_TypeDef
                0x08002694       0x2c ..\obj\can.o
                0x08002694                CAN::setup(CAN_TypeDef*)
 .text._ZN3CAN4sendEthPh
                0x080026c0       0x34 ..\obj\can.o
                0x080026c0                CAN::send(unsigned short, unsigned char, unsigned char*)
 .text._ZN3CAN9filterAddEtttt
                0x080026f4       0x30 ..\obj\can.o
                0x080026f4                CAN::filterAdd(unsigned short, unsigned short, unsigned short, unsigned short)
 .text._ZN3CAN7receiveEP8CanRxMsg
                0x08002724       0x2c ..\obj\can.o
                0x08002724                CAN::receive(CanRxMsg*)
 .text._Z9CAN1Setupv
                0x08002750       0x80 ..\obj\can.o
                0x08002750                CAN1Setup()
 .text._Z8CAN1SendthPh
                0x080027d0       0x74 ..\obj\can.o
                0x080027d0                CAN1Send(unsigned short, unsigned char, unsigned char*)
 .text._Z12CANFilterAddtttt
                0x08002844       0x84 ..\obj\can.o
                0x08002844                CANFilterAdd(unsigned short, unsigned short, unsigned short, unsigned short)
 .text.RCC_GetClocksFreq
                0x080028c8      0x160 ..\obj\stm32f10x_rcc.o
                0x080028c8                RCC_GetClocksFreq
 .text.RCC_APB2PeriphClockCmd
                0x08002a28       0x3c ..\obj\stm32f10x_rcc.o
                0x08002a28                RCC_APB2PeriphClockCmd
 .text.RCC_APB1PeriphClockCmd
                0x08002a64       0x3c ..\obj\stm32f10x_rcc.o
                0x08002a64                RCC_APB1PeriphClockCmd
 .text.RCC_APB1PeriphResetCmd
                0x08002aa0       0x3c ..\obj\stm32f10x_rcc.o
                0x08002aa0                RCC_APB1PeriphResetCmd
 .text._ZN4GPIO5setupEP12GPIO_TypeDeft16GPIOMode_TypeDef
                0x08002adc       0x7c ..\obj\gpio.o
                0x08002adc                GPIO::setup(GPIO_TypeDef*, unsigned short, GPIOMode_TypeDef)
 .text._ZN4GPIO5writeE9BitAction
                0x08002b58       0x28 ..\obj\gpio.o
                0x08002b58                GPIO::write(BitAction)
 .text._ZN4GPIO4readEv
                0x08002b80       0x24 ..\obj\gpio.o
                0x08002b80                GPIO::read()
 .text._ZN5MOTOR5setupER3TIMS1_
                0x08002ba4       0x24 ..\obj\motor.o
                0x08002ba4                MOTOR::setup(TIM&, TIM&)
 .text._ZN5MOTOR4dutyEl
                0x08002bc8       0x74 ..\obj\motor.o
                0x08002bc8                MOTOR::duty(long)
 .text.USART_Init
                0x08002c3c      0x174 ..\obj\stm32f10x_usart.o
                0x08002c3c                USART_Init
 .text.USART_StructInit
                0x08002db0       0x38 ..\obj\stm32f10x_usart.o
                0x08002db0                USART_StructInit
 .text.USART_Cmd
                0x08002de8       0x40 ..\obj\stm32f10x_usart.o
                0x08002de8                USART_Cmd
 .text.USART_ITConfig
                0x08002e28       0x90 ..\obj\stm32f10x_usart.o
                0x08002e28                USART_ITConfig
 .text.USART_SendData
                0x08002eb8       0x24 ..\obj\stm32f10x_usart.o
                0x08002eb8                USART_SendData
 .text.USART_ReceiveData
                0x08002edc       0x20 ..\obj\stm32f10x_usart.o
                0x08002edc                USART_ReceiveData
 .text.USART_GetITStatus
                0x08002efc       0xb4 ..\obj\stm32f10x_usart.o
                0x08002efc                USART_GetITStatus
 .text._sbrk    0x08002fb0       0x3c ..\obj\syscalls.o
                0x08002fb0                _sbrk
 .text.abort    0x08002fec        0x8 ..\obj\syscalls.o
                0x08002fec                abort
 .text.NVIC_Init
                0x08002ff4       0xc4 ..\obj\misc.o
                0x08002ff4                NVIC_Init
 .text.SPI_I2S_GetITStatus
                0x080030b8       0x74 ..\obj\stm32f10x_spi.o
                0x080030b8                SPI_I2S_GetITStatus
 .text.SPI_I2S_ClearITPendingBit
                0x0800312c       0x34 ..\obj\stm32f10x_spi.o
                0x0800312c                SPI_I2S_ClearITPendingBit
 .text._ZN5USART4putsEPKc
                0x08003160       0x3c ..\obj\usart.o
                0x08003160                USART::puts(char const*)
 .text._ZN5USART6printfEPKcz
                0x0800319c       0x40 ..\obj\usart.o
                0x0800319c                USART::printf(char const*, ...)
 .text._ZN5USART5setupEP13USART_TypeDefm
                0x080031dc       0xb0 ..\obj\usart.o
                0x080031dc                USART::setup(USART_TypeDef*, unsigned long)
 .text._ZN5USART4sendEc
                0x0800328c      0x17c ..\obj\usart.o
                0x0800328c                USART::send(char)
 .text._Z11USART1Setupm
                0x08003408       0x54 ..\obj\usart.o
                0x08003408                USART1Setup(unsigned long)
 .text._Z11USART2Setupm
                0x0800345c       0x54 ..\obj\usart.o
                0x0800345c                USART2Setup(unsigned long)
 .text._Z11USART3Setupm
                0x080034b0       0x54 ..\obj\usart.o
                0x080034b0                USART3Setup(unsigned long)
 .text._Z13USART1ITSetupt
                0x08003504       0x38 ..\obj\usart.o
                0x08003504                USART1ITSetup(unsigned short)
 .text._Z13USART2ITSetupt
                0x0800353c       0x38 ..\obj\usart.o
                0x0800353c                USART2ITSetup(unsigned short)
 .text._Z13USART3ITSetupt
                0x08003574       0x38 ..\obj\usart.o
                0x08003574                USART3ITSetup(unsigned short)
 .text.USART1_IRQHandler
                0x080035ac       0xe8 ..\obj\usart.o
                0x080035ac                USART1_IRQHandler
 .text.USART2_IRQHandler
                0x08003694       0xe8 ..\obj\usart.o
                0x08003694                USART2_IRQHandler
 .text.USART3_IRQHandler
                0x0800377c       0xe8 ..\obj\usart.o
                0x0800377c                USART3_IRQHandler
 .text          0x08003864       0x30 c:/program files (x86)/gnu tools arm embedded/5.4 2016q3/bin/../lib/gcc/arm-none-eabi/5.4.1/armv7-m\libgcc.a(_aeabi_uldivmod.o)
                0x08003864                __aeabi_uldivmod
 .text          0x08003894      0x2ec c:/program files (x86)/gnu tools arm embedded/5.4 2016q3/bin/../lib/gcc/arm-none-eabi/5.4.1/armv7-m\libgcc.a(_udivmoddi4.o)
                0x08003894                __udivmoddi4
 .text          0x08003b80      0x9e4 c:/program files (x86)/gnu tools arm embedded/5.4 2016q3/bin/../lib/gcc/arm-none-eabi/5.4.1/armv7-m\libgcc.a(unwind-arm.o)
                0x08003e40                _Unwind_GetCFA
                0x08003e44                __gnu_Unwind_RaiseException
                0x08003ea4                __gnu_Unwind_ForcedUnwind
                0x08003eb8                __gnu_Unwind_Resume
                0x08003efc                __gnu_Unwind_Resume_or_Rethrow
                0x08003f10                _Unwind_Complete
                0x08003f14                _Unwind_DeleteException
                0x08003f20                _Unwind_VRS_Get
                0x08003f6c                _Unwind_VRS_Set
                0x08003fbc                __gnu_Unwind_Backtrace
                0x08004308                __aeabi_unwind_cpp_pr0
                0x0800430c                __aeabi_unwind_cpp_pr1
                0x08004310                __aeabi_unwind_cpp_pr2
                0x08004314                _Unwind_VRS_Pop
 .text          0x08004564      0x1ac c:/program files (x86)/gnu tools arm embedded/5.4 2016q3/bin/../lib/gcc/arm-none-eabi/5.4.1/armv7-m\libgcc.a(libunwind.o)
                0x08004564                __restore_core_regs
                0x08004564                restore_core_regs
                0x0800457c                __gnu_Unwind_Restore_VFP
                0x08004584                __gnu_Unwind_Save_VFP
                0x0800458c                __gnu_Unwind_Restore_VFP_D
                0x08004594                __gnu_Unwind_Save_VFP_D
                0x0800459c                __gnu_Unwind_Restore_VFP_D_16_to_31
                0x080045a4                __gnu_Unwind_Save_VFP_D_16_to_31
                0x080045ac                __gnu_Unwind_Restore_WMMXD
                0x080045f0                __gnu_Unwind_Save_WMMXD
                0x08004634                __gnu_Unwind_Restore_WMMXC
                0x08004648                __gnu_Unwind_Save_WMMXC
                0x0800465c                ___Unwind_RaiseException
                0x0800465c                _Unwind_RaiseException
                0x08004680                _Unwind_Resume
                0x08004680                ___Unwind_Resume
                0x080046a4                _Unwind_Resume_or_Rethrow
                0x080046a4                ___Unwind_Resume_or_Rethrow
                0x080046c8                _Unwind_ForcedUnwind
                0x080046c8                ___Unwind_ForcedUnwind
                0x080046ec                ___Unwind_Backtrace
                0x080046ec                _Unwind_Backtrace
 .text          0x08004710      0x354 c:/program files (x86)/gnu tools arm embedded/5.4 2016q3/bin/../lib/gcc/arm-none-eabi/5.4.1/armv7-m\libgcc.a(pr-support.o)
                0x08004768                __gnu_unwind_execute
                0x08004a0c                __gnu_unwind_frame
                0x08004a34                _Unwind_GetRegionStart
                0x08004a40                _Unwind_GetLanguageSpecificData
                0x08004a54                _Unwind_GetTextRelBase
                0x08004a5c                _Unwind_GetDataRelBase
 .text          0x08004a64        0x4 c:/program files (x86)/gnu tools arm embedded/5.4 2016q3/bin/../lib/gcc/arm-none-eabi/5.4.1/armv7-m\libgcc.a(_dvmd_tls.o)
                0x08004a64                __aeabi_idiv0
                0x08004a64                __aeabi_ldiv0
 .text          0x08004a68       0xec c:/program files (x86)/gnu tools arm embedded/5.4 2016q3/bin/../lib/gcc/arm-none-eabi/5.4.1/../../../../arm-none-eabi/lib/armv7-m\libc.a(lib_a-memcpy.o)
                0x08004a68                memcpy
 .text._vsprintf_r
                0x08004b54       0x34 c:/program files (x86)/gnu tools arm embedded/5.4 2016q3/bin/../lib/gcc/arm-none-eabi/5.4.1/../../../../arm-none-eabi/lib/armv7-m\libc.a(lib_a-vsprintf.o)
                0x08004b54                _vsprintf_r
 .text.vsprintf
                0x08004b88       0x18 c:/program files (x86)/gnu tools arm embedded/5.4 2016q3/bin/../lib/gcc/arm-none-eabi/5.4.1/../../../../arm-none-eabi/lib/armv7-m\libc.a(lib_a-vsprintf.o)
                0x08004b88                vsprintf
 .text._svfprintf_r
                0x08004ba0     0x1760 c:/program files (x86)/gnu tools arm embedded/5.4 2016q3/bin/../lib/gcc/arm-none-eabi/5.4.1/../../../../arm-none-eabi/lib/armv7-m\libc.a(lib_a-svfprintf.o)
                0x08004ba0                _svfprintf_r
 .text.quorem   0x08006300      0x12c c:/program files (x86)/gnu tools arm embedded/5.4 2016q3/bin/../lib/gcc/arm-none-eabi/5.4.1/../../../../arm-none-eabi/lib/armv7-m\libc.a(lib_a-dtoa.o)
 *fill*         0x0800642c        0x4 
 .text._dtoa_r  0x08006430      0xe4c c:/program files (x86)/gnu tools arm embedded/5.4 2016q3/bin/../lib/gcc/arm-none-eabi/5.4.1/../../../../arm-none-eabi/lib/armv7-m\libc.a(lib_a-dtoa.o)
                0x08006430                _dtoa_r
 .text._localeconv_r
                0x0800727c       0x1c c:/program files (x86)/gnu tools arm embedded/5.4 2016q3/bin/../lib/gcc/arm-none-eabi/5.4.1/../../../../arm-none-eabi/lib/armv7-m\libc.a(lib_a-localeconv.o)
                0x0800727c                _localeconv_r
 .text._malloc_r
                0x08007298      0x558 c:/program files (x86)/gnu tools arm embedded/5.4 2016q3/bin/../lib/gcc/arm-none-eabi/5.4.1/../../../../arm-none-eabi/lib/armv7-m\libc.a(lib_a-mallocr.o)
                0x08007298                _malloc_r
 .text.memchr   0x080077f0       0x8c c:/program files (x86)/gnu tools arm embedded/5.4 2016q3/bin/../lib/gcc/arm-none-eabi/5.4.1/../../../../arm-none-eabi/lib/armv7-m\libc.a(lib_a-memchr-stub.o)
                0x080077f0                memchr
 .text.__malloc_lock
                0x0800787c        0x4 c:/program files (x86)/gnu tools arm embedded/5.4 2016q3/bin/../lib/gcc/arm-none-eabi/5.4.1/../../../../arm-none-eabi/lib/armv7-m\libc.a(lib_a-mlock.o)
                0x0800787c                __malloc_lock
 .text.__malloc_unlock
                0x08007880        0x4 c:/program files (x86)/gnu tools arm embedded/5.4 2016q3/bin/../lib/gcc/arm-none-eabi/5.4.1/../../../../arm-none-eabi/lib/armv7-m\libc.a(lib_a-mlock.o)
                0x08007880                __malloc_unlock
 .text._Balloc  0x08007884       0x50 c:/program files (x86)/gnu tools arm embedded/5.4 2016q3/bin/../lib/gcc/arm-none-eabi/5.4.1/../../../../arm-none-eabi/lib/armv7-m\libc.a(lib_a-mprec.o)
                0x08007884                _Balloc
 .text._Bfree   0x080078d4       0x14 c:/program files (x86)/gnu tools arm embedded/5.4 2016q3/bin/../lib/gcc/arm-none-eabi/5.4.1/../../../../arm-none-eabi/lib/armv7-m\libc.a(lib_a-mprec.o)
                0x080078d4                _Bfree
 .text.__multadd
                0x080078e8       0x80 c:/program files (x86)/gnu tools arm embedded/5.4 2016q3/bin/../lib/gcc/arm-none-eabi/5.4.1/../../../../arm-none-eabi/lib/armv7-m\libc.a(lib_a-mprec.o)
                0x080078e8                __multadd
 .text.__hi0bits
                0x08007968       0x40 c:/program files (x86)/gnu tools arm embedded/5.4 2016q3/bin/../lib/gcc/arm-none-eabi/5.4.1/../../../../arm-none-eabi/lib/armv7-m\libc.a(lib_a-mprec.o)
                0x08007968                __hi0bits
 .text.__lo0bits
                0x080079a8       0x5c c:/program files (x86)/gnu tools arm embedded/5.4 2016q3/bin/../lib/gcc/arm-none-eabi/5.4.1/../../../../arm-none-eabi/lib/armv7-m\libc.a(lib_a-mprec.o)
                0x080079a8                __lo0bits
 .text.__i2b    0x08007a04       0x14 c:/program files (x86)/gnu tools arm embedded/5.4 2016q3/bin/../lib/gcc/arm-none-eabi/5.4.1/../../../../arm-none-eabi/lib/armv7-m\libc.a(lib_a-mprec.o)
                0x08007a04                __i2b
 .text.__multiply
                0x08007a18      0x13c c:/program files (x86)/gnu tools arm embedded/5.4 2016q3/bin/../lib/gcc/arm-none-eabi/5.4.1/../../../../arm-none-eabi/lib/armv7-m\libc.a(lib_a-mprec.o)
                0x08007a18                __multiply
 .text.__pow5mult
                0x08007b54       0xa0 c:/program files (x86)/gnu tools arm embedded/5.4 2016q3/bin/../lib/gcc/arm-none-eabi/5.4.1/../../../../arm-none-eabi/lib/armv7-m\libc.a(lib_a-mprec.o)
                0x08007b54                __pow5mult
 .text.__lshift
                0x08007bf4       0xac c:/program files (x86)/gnu tools arm embedded/5.4 2016q3/bin/../lib/gcc/arm-none-eabi/5.4.1/../../../../arm-none-eabi/lib/armv7-m\libc.a(lib_a-mprec.o)
                0x08007bf4                __lshift
 .text.__mcmp   0x08007ca0       0x40 c:/program files (x86)/gnu tools arm embedded/5.4 2016q3/bin/../lib/gcc/arm-none-eabi/5.4.1/../../../../arm-none-eabi/lib/armv7-m\libc.a(lib_a-mprec.o)
                0x08007ca0                __mcmp
 .text.__mdiff  0x08007ce0      0x128 c:/program files (x86)/gnu tools arm embedded/5.4 2016q3/bin/../lib/gcc/arm-none-eabi/5.4.1/../../../../arm-none-eabi/lib/armv7-m\libc.a(lib_a-mprec.o)
                0x08007ce0                __mdiff
 .text.__d2b    0x08007e08       0xa8 c:/program files (x86)/gnu tools arm embedded/5.4 2016q3/bin/../lib/gcc/arm-none-eabi/5.4.1/../../../../arm-none-eabi/lib/armv7-m\libc.a(lib_a-mprec.o)
                0x08007e08                __d2b
 .text._sbrk_r  0x08007eb0       0x24 c:/program files (x86)/gnu tools arm embedded/5.4 2016q3/bin/../lib/gcc/arm-none-eabi/5.4.1/../../../../arm-none-eabi/lib/armv7-m\libc.a(lib_a-sbrkr.o)
                0x08007eb0                _sbrk_r
 .text.strlen   0x08007ed4       0x5c c:/program files (x86)/gnu tools arm embedded/5.4 2016q3/bin/../lib/gcc/arm-none-eabi/5.4.1/../../../../arm-none-eabi/lib/armv7-m\libc.a(lib_a-strlen-stub.o)
                0x08007ed4                strlen
 .text.__ssprint_r
                0x08007f30      0x100 c:/program files (x86)/gnu tools arm embedded/5.4 2016q3/bin/../lib/gcc/arm-none-eabi/5.4.1/../../../../arm-none-eabi/lib/armv7-m\libc.a(lib_a-svfiprintf.o)
                0x08007f30                __ssprint_r
 .text._calloc_r
                0x08008030       0x60 c:/program files (x86)/gnu tools arm embedded/5.4 2016q3/bin/../lib/gcc/arm-none-eabi/5.4.1/../../../../arm-none-eabi/lib/armv7-m\libc.a(lib_a-callocr.o)
                0x08008030                _calloc_r
 .text._malloc_trim_r
                0x08008090       0x9c c:/program files (x86)/gnu tools arm embedded/5.4 2016q3/bin/../lib/gcc/arm-none-eabi/5.4.1/../../../../arm-none-eabi/lib/armv7-m\libc.a(lib_a-freer.o)
                0x08008090                _malloc_trim_r
 .text._free_r  0x0800812c      0x1d0 c:/program files (x86)/gnu tools arm embedded/5.4 2016q3/bin/../lib/gcc/arm-none-eabi/5.4.1/../../../../arm-none-eabi/lib/armv7-m\libc.a(lib_a-freer.o)
                0x0800812c                _free_r
 .text.__ascii_mbtowc
                0x080082fc       0x2c c:/program files (x86)/gnu tools arm embedded/5.4 2016q3/bin/../lib/gcc/arm-none-eabi/5.4.1/../../../../arm-none-eabi/lib/armv7-m\libc.a(lib_a-mbtowc_r.o)
                0x080082fc                __ascii_mbtowc
 .text.memmove  0x08008328       0xc8 c:/program files (x86)/gnu tools arm embedded/5.4 2016q3/bin/../lib/gcc/arm-none-eabi/5.4.1/../../../../arm-none-eabi/lib/armv7-m\libc.a(lib_a-memmove.o)
                0x08008328                memmove
 .text.memset   0x080083f0       0x9c c:/program files (x86)/gnu tools arm embedded/5.4 2016q3/bin/../lib/gcc/arm-none-eabi/5.4.1/../../../../arm-none-eabi/lib/armv7-m\libc.a(lib_a-memset.o)
                0x080083f0                memset
 .text._realloc_r
                0x0800848c      0x3d4 c:/program files (x86)/gnu tools arm embedded/5.4 2016q3/bin/../lib/gcc/arm-none-eabi/5.4.1/../../../../arm-none-eabi/lib/armv7-m\libc.a(lib_a-reallocr.o)
                0x0800848c                _realloc_r
 .text.__ascii_wctomb
                0x08008860       0x1c c:/program files (x86)/gnu tools arm embedded/5.4 2016q3/bin/../lib/gcc/arm-none-eabi/5.4.1/../../../../arm-none-eabi/lib/armv7-m\libc.a(lib_a-wctomb_r.o)
                0x08008860                __ascii_wctomb
 .text          0x0800887c      0x370 c:/program files (x86)/gnu tools arm embedded/5.4 2016q3/bin/../lib/gcc/arm-none-eabi/5.4.1/armv7-m\libgcc.a(_arm_addsubdf3.o)
                0x0800887c                __aeabi_drsub
                0x08008884                __aeabi_dsub
                0x08008884                __subdf3
                0x08008888                __aeabi_dadd
                0x08008888                __adddf3
                0x08008b00                __floatunsidf
                0x08008b00                __aeabi_ui2d
                0x08008b20                __floatsidf
                0x08008b20                __aeabi_i2d
                0x08008b44                __aeabi_f2d
                0x08008b44                __extendsfdf2
                0x08008b80                __floatundidf
                0x08008b80                __aeabi_ul2d
                0x08008b90                __floatdidf
                0x08008b90                __aeabi_l2d
 .text          0x08008bec      0x424 c:/program files (x86)/gnu tools arm embedded/5.4 2016q3/bin/../lib/gcc/arm-none-eabi/5.4.1/armv7-m\libgcc.a(_arm_muldivdf3.o)
                0x08008bec                __aeabi_dmul
                0x08008bec                __muldf3
                0x08008e40                __divdf3
                0x08008e40                __aeabi_ddiv
 .text          0x08009010      0x110 c:/program files (x86)/gnu tools arm embedded/5.4 2016q3/bin/../lib/gcc/arm-none-eabi/5.4.1/armv7-m\libgcc.a(_arm_cmpdf2.o)
                0x08009010                __gtdf2
                0x08009010                __gedf2
                0x08009018                __ltdf2
                0x08009018                __ledf2
                0x08009020                __nedf2
                0x08009020                __eqdf2
                0x08009020                __cmpdf2
                0x0800909c                __aeabi_cdrcmple
                0x080090ac                __aeabi_cdcmpeq
                0x080090ac                __aeabi_cdcmple
                0x080090bc                __aeabi_dcmpeq
                0x080090d0                __aeabi_dcmplt
                0x080090e4                __aeabi_dcmple
                0x080090f8                __aeabi_dcmpge
                0x0800910c                __aeabi_dcmpgt
 .text          0x08009120       0x2c c:/program files (x86)/gnu tools arm embedded/5.4 2016q3/bin/../lib/gcc/arm-none-eabi/5.4.1/armv7-m\libgcc.a(_arm_unorddf2.o)
                0x08009120                __unorddf2
                0x08009120                __aeabi_dcmpun
 .text          0x0800914c       0x50 c:/program files (x86)/gnu tools arm embedded/5.4 2016q3/bin/../lib/gcc/arm-none-eabi/5.4.1/armv7-m\libgcc.a(_arm_fixdfsi.o)
                0x0800914c                __aeabi_d2iz
                0x0800914c                __fixdfsi
 *(.init)
 *(.fini)
 *crtbegin.o(.ctors)
 *crtbegin?.o(.ctors)
 *(EXCLUDE_FILE(*crtend.o *crtend?.o) .ctors)
 *(SORT(.ctors.*))
 *(.ctors)
 *crtbegin.o(.dtors)
 *crtbegin?.o(.dtors)
 *(EXCLUDE_FILE(*crtend.o *crtend?.o) .dtors)
 *(SORT(.dtors.*))
 *(.dtors)
 *(.rodata*)
 .rodata        0x0800919c       0xa5 ..\obj\main.o
 *fill*         0x08009241        0x3 
 .rodata.zeroes.7256
                0x08009244       0x10 c:/program files (x86)/gnu tools arm embedded/5.4 2016q3/bin/../lib/gcc/arm-none-eabi/5.4.1/../../../../arm-none-eabi/lib/armv7-m\libc.a(lib_a-svfprintf.o)
 .rodata.str1.4
                0x08009254       0x42 c:/program files (x86)/gnu tools arm embedded/5.4 2016q3/bin/../lib/gcc/arm-none-eabi/5.4.1/../../../../arm-none-eabi/lib/armv7-m\libc.a(lib_a-svfprintf.o)
 *fill*         0x08009296        0x2 
 .rodata.blanks.7255
                0x08009298       0x10 c:/program files (x86)/gnu tools arm embedded/5.4 2016q3/bin/../lib/gcc/arm-none-eabi/5.4.1/../../../../arm-none-eabi/lib/armv7-m\libc.a(lib_a-svfprintf.o)
 .rodata.str1.4
                0x080092a8       0x10 c:/program files (x86)/gnu tools arm embedded/5.4 2016q3/bin/../lib/gcc/arm-none-eabi/5.4.1/../../../../arm-none-eabi/lib/armv7-m\libc.a(lib_a-dtoa.o)
                                 0x12 (size before relaxing)
 .rodata.__mprec_tens
                0x080092b8       0xc8 c:/program files (x86)/gnu tools arm embedded/5.4 2016q3/bin/../lib/gcc/arm-none-eabi/5.4.1/../../../../arm-none-eabi/lib/armv7-m\libc.a(lib_a-mprec.o)
                0x080092b8                __mprec_tens
 .rodata.p05.6085
                0x08009380        0xc c:/program files (x86)/gnu tools arm embedded/5.4 2016q3/bin/../lib/gcc/arm-none-eabi/5.4.1/../../../../arm-none-eabi/lib/armv7-m\libc.a(lib_a-mprec.o)
 *fill*         0x0800938c        0x4 
 .rodata.__mprec_bigtens
                0x08009390       0x28 c:/program files (x86)/gnu tools arm embedded/5.4 2016q3/bin/../lib/gcc/arm-none-eabi/5.4.1/../../../../arm-none-eabi/lib/armv7-m\libc.a(lib_a-mprec.o)
                0x08009390                __mprec_bigtens
 .rodata.str1.4
                0x080093b8       0x10 c:/program files (x86)/gnu tools arm embedded/5.4 2016q3/bin/../lib/gcc/arm-none-eabi/5.4.1/../../../../arm-none-eabi/lib/armv7-m\libc.a(lib_a-locale.o)
                                 0x12 (size before relaxing)
 .rodata._ctype_
                0x080093c8      0x101 c:/program files (x86)/gnu tools arm embedded/5.4 2016q3/bin/../lib/gcc/arm-none-eabi/5.4.1/../../../../arm-none-eabi/lib/armv7-m\libc.a(lib_a-ctype_.o)
                0x080093c8                _ctype_
 *(.eh_fram e*)

.glue_7         0x080094cc        0x0
 .glue_7        0x080094cc        0x0 linker stubs

.glue_7t        0x080094cc        0x0
 .glue_7t       0x080094cc        0x0 linker stubs

.vfp11_veneer   0x080094cc        0x0
 .vfp11_veneer  0x080094cc        0x0 linker stubs

.v4_bx          0x080094cc        0x0
 .v4_bx         0x080094cc        0x0 linker stubs

.iplt           0x080094cc        0x0
 .iplt          0x080094cc        0x0 ..\obj\spi.o

.ARM.extab      0x080094cc      0x228
 *(.ARM.extab* .gnu.linkonce.armextab.*)
 .ARM.extab.text._ZN3TIM8pwmSetupEP11TIM_TypeDefttt
                0x080094cc        0xc ..\obj\tim.o
 .ARM.extab.text._ZN3TIM12encoderSetupEP11TIM_TypeDef
                0x080094d8        0xc ..\obj\tim.o
 .ARM.extab.text._ZN3TIM10timerSetupEP11TIM_TypeDef
                0x080094e4        0xc ..\obj\tim.o
 .ARM.extab.text._Z9TIM1Setupt
                0x080094f0        0xc ..\obj\tim.o
 .ARM.extab.text._Z9TIM2Setupt
                0x080094fc        0xc ..\obj\tim.o
 .ARM.extab.text._Z9TIM3Setupt
                0x08009508        0xc ..\obj\tim.o
 .ARM.extab.text._Z9TIM4Setupt
                0x08009514        0xc ..\obj\tim.o
 .ARM.extab.text._Z11TIM1ITSetupt
                0x08009520        0xc ..\obj\tim.o
 .ARM.extab.text._Z11TIM2ITSetupt
                0x0800952c        0xc ..\obj\tim.o
 .ARM.extab.text._Z11TIM3ITSetupt
                0x08009538        0xc ..\obj\tim.o
 .ARM.extab.text._Z11TIM4ITSetupt
                0x08009544        0xc ..\obj\tim.o
 .ARM.extab.text._Z11OC1PWMSetupP11TIM_TypeDeft
                0x08009550        0xc ..\obj\tim.o
 .ARM.extab.text._Z11OC2PWMSetupP11TIM_TypeDeft
                0x0800955c        0xc ..\obj\tim.o
 .ARM.extab.text._Z11OC3PWMSetupP11TIM_TypeDeft
                0x08009568        0xc ..\obj\tim.o
 .ARM.extab.text._Z11OC4PWMSetupP11TIM_TypeDeft
                0x08009574        0xc ..\obj\tim.o
 .ARM.extab.text._Z16TIM1EncoderSetupv
                0x08009580        0xc ..\obj\tim.o
 .ARM.extab.text._Z16TIM2EncoderSetupv
                0x0800958c        0xc ..\obj\tim.o
 .ARM.extab.text._Z16TIM3EncoderSetupv
                0x08009598        0xc ..\obj\tim.o
 .ARM.extab.text._Z16TIM4EncoderSetupv
                0x080095a4        0xc ..\obj\tim.o
 .ARM.extab.text.main
                0x080095b0        0xc ..\obj\main.o
 .ARM.extab.text._ZN3CAN5setupEP11CAN_TypeDef
                0x080095bc        0xc ..\obj\can.o
 .ARM.extab.text._ZN3CAN4sendEthPh
                0x080095c8        0xc ..\obj\can.o
 .ARM.extab.text._ZN3CAN9filterAddEtttt
                0x080095d4        0xc ..\obj\can.o
 .ARM.extab.text._ZN3CAN7receiveEP8CanRxMsg
                0x080095e0        0xc ..\obj\can.o
 .ARM.extab.text._Z9CAN1Setupv
                0x080095ec        0xc ..\obj\can.o
 .ARM.extab.text._Z8CAN1SendthPh
                0x080095f8        0xc ..\obj\can.o
 .ARM.extab.text._Z12CANFilterAddtttt
                0x08009604        0xc ..\obj\can.o
 .ARM.extab.text._ZN4GPIO5setupEP12GPIO_TypeDeft16GPIOMode_TypeDef
                0x08009610        0xc ..\obj\gpio.o
 .ARM.extab.text._ZN4GPIO5writeE9BitAction
                0x0800961c        0xc ..\obj\gpio.o
 .ARM.extab.text._ZN4GPIO4readEv
                0x08009628        0xc ..\obj\gpio.o
 .ARM.extab.text._ZN5MOTOR4dutyEl
                0x08009634        0xc ..\obj\motor.o
 .ARM.extab.text._ZN5USART4putsEPKc
                0x08009640        0xc ..\obj\usart.o
 .ARM.extab.text._ZN5USART6printfEPKcz
                0x0800964c        0xc ..\obj\usart.o
 .ARM.extab.text._ZN5USART5setupEP13USART_TypeDefm
                0x08009658        0xc ..\obj\usart.o
 .ARM.extab.text._ZN5USART4sendEc
                0x08009664        0xc ..\obj\usart.o
 .ARM.extab.text._Z11USART1Setupm
                0x08009670        0xc ..\obj\usart.o
 .ARM.extab.text._Z11USART2Setupm
                0x0800967c        0xc ..\obj\usart.o
 .ARM.extab.text._Z11USART3Setupm
                0x08009688        0xc ..\obj\usart.o
 .ARM.extab.text._Z13USART1ITSetupt
                0x08009694        0xc ..\obj\usart.o
 .ARM.extab.text._Z13USART2ITSetupt
                0x080096a0        0xc ..\obj\usart.o
 .ARM.extab.text._Z13USART3ITSetupt
                0x080096ac        0xc ..\obj\usart.o
 .ARM.extab.text.USART1_IRQHandler
                0x080096b8        0xc ..\obj\usart.o
 .ARM.extab.text.USART2_IRQHandler
                0x080096c4        0xc ..\obj\usart.o
 .ARM.extab.text.USART3_IRQHandler
                0x080096d0        0xc ..\obj\usart.o
 .ARM.extab     0x080096dc       0x18 c:/program files (x86)/gnu tools arm embedded/5.4 2016q3/bin/../lib/gcc/arm-none-eabi/5.4.1/armv7-m\libgcc.a(pr-support.o)
                0x080096f4                __exidx_start = .

.ARM.exidx      0x080096f4      0x278
 *(.ARM.exidx* .gnu.linkonce.armexidx.*)
 .ARM.exidx.text.SPI1_IRQHandler
                0x080096f4       0x10 ..\obj\spi.o
                                  0x8 (size before relaxing)
 .ARM.exidx.text._ZN3TIM8pwmSetupEP11TIM_TypeDefttt
                0x08009704        0x8 ..\obj\tim.o
 .ARM.exidx.text._ZN3TIM4dutyEt
                0x0800970c        0x8 ..\obj\tim.o
 .ARM.exidx.text._ZN3TIM12encoderSetupEP11TIM_TypeDef
                0x08009714        0x8 ..\obj\tim.o
 .ARM.exidx.text._ZN3TIM10timerSetupEP11TIM_TypeDef
                0x0800971c        0x8 ..\obj\tim.o
 .ARM.exidx.text._Z9TIM1Setupt
                0x08009724        0x8 ..\obj\tim.o
 .ARM.exidx.text._Z9TIM2Setupt
                0x0800972c        0x8 ..\obj\tim.o
 .ARM.exidx.text._Z9TIM3Setupt
                0x08009734        0x8 ..\obj\tim.o
 .ARM.exidx.text._Z9TIM4Setupt
                0x0800973c        0x8 ..\obj\tim.o
 .ARM.exidx.text._Z11TIM1ITSetupt
                0x08009744        0x8 ..\obj\tim.o
 .ARM.exidx.text._Z11TIM2ITSetupt
                0x0800974c        0x8 ..\obj\tim.o
 .ARM.exidx.text._Z11TIM3ITSetupt
                0x08009754        0x8 ..\obj\tim.o
 .ARM.exidx.text._Z11TIM4ITSetupt
                0x0800975c        0x8 ..\obj\tim.o
 .ARM.exidx.text._Z11OC1PWMSetupP11TIM_TypeDeft
                0x08009764        0x8 ..\obj\tim.o
 .ARM.exidx.text._Z11OC2PWMSetupP11TIM_TypeDeft
                0x0800976c        0x8 ..\obj\tim.o
 .ARM.exidx.text._Z11OC3PWMSetupP11TIM_TypeDeft
                0x08009774        0x8 ..\obj\tim.o
 .ARM.exidx.text._Z11OC4PWMSetupP11TIM_TypeDeft
                0x0800977c        0x8 ..\obj\tim.o
 .ARM.exidx.text._Z10OC1DutySetP11TIM_TypeDeft
                0x08009784        0x8 ..\obj\tim.o
 .ARM.exidx.text._Z10OC2DutySetP11TIM_TypeDeft
                0x0800978c        0x0 ..\obj\tim.o
                                  0x8 (size before relaxing)
 .ARM.exidx.text._Z10OC3DutySetP11TIM_TypeDeft
                0x0800978c        0x0 ..\obj\tim.o
                                  0x8 (size before relaxing)
 .ARM.exidx.text._Z10OC4DutySetP11TIM_TypeDeft
                0x0800978c        0x0 ..\obj\tim.o
                                  0x8 (size before relaxing)
 .ARM.exidx.text._Z16TIM1EncoderSetupv
                0x0800978c        0x8 ..\obj\tim.o
 .ARM.exidx.text._Z16TIM2EncoderSetupv
                0x08009794        0x8 ..\obj\tim.o
 .ARM.exidx.text._Z16TIM3EncoderSetupv
                0x0800979c        0x8 ..\obj\tim.o
 .ARM.exidx.text._Z16TIM4EncoderSetupv
                0x080097a4        0x8 ..\obj\tim.o
 .ARM.exidx.text._Z16TIM1_ENCODER_IRQv
                0x080097ac        0x8 ..\obj\tim.o
 .ARM.exidx.text._Z16TIM2_ENCODER_IRQv
                0x080097b4        0x0 ..\obj\tim.o
                                  0x8 (size before relaxing)
 .ARM.exidx.text._Z16TIM3_ENCODER_IRQv
                0x080097b4        0x0 ..\obj\tim.o
                                  0x8 (size before relaxing)
 .ARM.exidx.text._Z16TIM4_ENCODER_IRQv
                0x080097b4        0x0 ..\obj\tim.o
                                  0x8 (size before relaxing)
 .ARM.exidx.text._Z19TIM1_TIM_Update_IRQv
                0x080097b4        0x0 ..\obj\tim.o
                                  0x8 (size before relaxing)
 .ARM.exidx.text._Z19TIM2_TIM_Update_IRQv
                0x080097b4        0x0 ..\obj\tim.o
                                  0x8 (size before relaxing)
 .ARM.exidx.text._Z19TIM3_TIM_Update_IRQv
                0x080097b4        0x0 ..\obj\tim.o
                                  0x8 (size before relaxing)
 .ARM.exidx.text._Z19TIM4_TIM_Update_IRQv
                0x080097b4        0x0 ..\obj\tim.o
                                  0x8 (size before relaxing)
 .ARM.exidx.text.TIM1_UP_IRQHandler
                0x080097b4        0x8 ..\obj\tim.o
 .ARM.exidx.text.TIM2_IRQHandler
                0x080097bc        0x0 ..\obj\tim.o
                                  0x8 (size before relaxing)
 .ARM.exidx.text.TIM3_IRQHandler
                0x080097bc        0x0 ..\obj\tim.o
                                  0x8 (size before relaxing)
 .ARM.exidx.text.TIM4_IRQHandler
                0x080097bc        0x8 ..\obj\tim.o
 .ARM.exidx.text.main
                0x080097c4        0x8 ..\obj\main.o
 .ARM.exidx.text.USB_LP_CAN1_RX0_IRQHandler
                0x080097cc        0x8 ..\obj\main.o
 .ARM.exidx.text.NVIC_SetPriority
                0x080097d4        0x8 ..\obj\system.o
 .ARM.exidx.text.SysTick_Config
                0x080097dc        0x0 ..\obj\system.o
                                  0x8 (size before relaxing)
 .ARM.exidx.text._Z5setupv
                0x080097dc        0x0 ..\obj\system.o
                                  0x8 (size before relaxing)
 .ARM.exidx.text._Z5delaym
                0x080097dc        0x0 ..\obj\system.o
                                  0x8 (size before relaxing)
 .ARM.exidx.text._Z6microsv
                0x080097dc        0x0 ..\obj\system.o
                                  0x8 (size before relaxing)
 .ARM.exidx.text.SysTick_Handler
                0x080097dc        0x0 ..\obj\system.o
                                  0x8 (size before relaxing)
 .ARM.exidx.text._ZN3CAN5setupEP11CAN_TypeDef
                0x080097dc        0x8 ..\obj\can.o
 .ARM.exidx.text._ZN3CAN4sendEthPh
                0x080097e4        0x8 ..\obj\can.o
 .ARM.exidx.text._ZN3CAN9filterAddEtttt
                0x080097ec        0x8 ..\obj\can.o
 .ARM.exidx.text._ZN3CAN7receiveEP8CanRxMsg
                0x080097f4        0x8 ..\obj\can.o
 .ARM.exidx.text._Z9CAN1Setupv
                0x080097fc        0x8 ..\obj\can.o
 .ARM.exidx.text._Z8CAN1SendthPh
                0x08009804        0x8 ..\obj\can.o
 .ARM.exidx.text._Z12CANFilterAddtttt
                0x0800980c       0x10 ..\obj\can.o
                                  0x8 (size before relaxing)
 .ARM.exidx.text._ZN4GPIO5setupEP12GPIO_TypeDeft16GPIOMode_TypeDef
                0x0800981c        0x8 ..\obj\gpio.o
 .ARM.exidx.text._ZN4GPIO5writeE9BitAction
                0x08009824        0x8 ..\obj\gpio.o
 .ARM.exidx.text._ZN4GPIO4readEv
                0x0800982c        0x8 ..\obj\gpio.o
 .ARM.exidx.text._ZN5MOTOR5setupER3TIMS1_
                0x08009834        0x8 ..\obj\motor.o
 .ARM.exidx.text._ZN5MOTOR4dutyEl
                0x0800983c       0x10 ..\obj\motor.o
                                  0x8 (size before relaxing)
 .ARM.exidx.text._ZN5USART4putsEPKc
                0x0800984c        0x8 ..\obj\usart.o
 .ARM.exidx.text._ZN5USART6printfEPKcz
                0x08009854        0x8 ..\obj\usart.o
 .ARM.exidx.text._ZN5USART5setupEP13USART_TypeDefm
                0x0800985c        0x8 ..\obj\usart.o
 .ARM.exidx.text._ZN5USART4sendEc
                0x08009864        0x8 ..\obj\usart.o
 .ARM.exidx.text._Z11USART1Setupm
                0x0800986c        0x8 ..\obj\usart.o
 .ARM.exidx.text._Z11USART2Setupm
                0x08009874        0x8 ..\obj\usart.o
 .ARM.exidx.text._Z11USART3Setupm
                0x0800987c        0x8 ..\obj\usart.o
 .ARM.exidx.text._Z13USART1ITSetupt
                0x08009884        0x8 ..\obj\usart.o
 .ARM.exidx.text._Z13USART2ITSetupt
                0x0800988c        0x8 ..\obj\usart.o
 .ARM.exidx.text._Z13USART3ITSetupt
                0x08009894        0x8 ..\obj\usart.o
 .ARM.exidx.text.USART1_IRQHandler
                0x0800989c        0x8 ..\obj\usart.o
 .ARM.exidx.text.USART2_IRQHandler
                0x080098a4        0x8 ..\obj\usart.o
 .ARM.exidx.text.USART3_IRQHandler
                0x080098ac       0x10 ..\obj\usart.o
                                  0x8 (size before relaxing)
 .ARM.exidx     0x080098bc        0x0 c:/program files (x86)/gnu tools arm embedded/5.4 2016q3/bin/../lib/gcc/arm-none-eabi/5.4.1/armv7-m\libgcc.a(_udivmoddi4.o)
                                  0x8 (size before relaxing)
 .ARM.exidx     0x080098bc       0x78 c:/program files (x86)/gnu tools arm embedded/5.4 2016q3/bin/../lib/gcc/arm-none-eabi/5.4.1/armv7-m\libgcc.a(unwind-arm.o)
                                 0xd8 (size before relaxing)
 .ARM.exidx     0x08009934       0x38 c:/program files (x86)/gnu tools arm embedded/5.4 2016q3/bin/../lib/gcc/arm-none-eabi/5.4.1/armv7-m\libgcc.a(pr-support.o)
                                 0x48 (size before relaxing)
                0x0800996c                __exidx_end = .
                0x0800996c                __etext = .
                0x0800996c                _sidata = __etext

.rel.dyn        0x0800996c        0x0
 .rel.iplt      0x0800996c        0x0 ..\obj\spi.o

.data           0x20000000      0x9d8 load address 0x0800996c
                0x20000000                __data_start__ = .
                0x20000000                _sdata = __data_start__
 *(vtable)
 *(.data*)
 .data          0x20000000       0x14 ..\obj\system_stm32f10x.o
                0x20000000                SystemCoreClock
                0x20000004                AHBPrescTable
 .data          0x20000014       0x14 ..\obj\stm32f10x_rcc.o
 .data          0x20000028        0x6 ..\obj\usart.o
                0x20000028                USART::usart1RxAddress
                0x2000002a                USART::usart2RxAddress
                0x2000002c                USART::usart3RxAddress
 *fill*         0x2000002e        0x2 
 .data.impure_data
                0x20000030      0x428 c:/program files (x86)/gnu tools arm embedded/5.4 2016q3/bin/../lib/gcc/arm-none-eabi/5.4.1/../../../../arm-none-eabi/lib/armv7-m\libc.a(lib_a-impure.o)
 .data._impure_ptr
                0x20000458        0x4 c:/program files (x86)/gnu tools arm embedded/5.4 2016q3/bin/../lib/gcc/arm-none-eabi/5.4.1/../../../../arm-none-eabi/lib/armv7-m\libc.a(lib_a-impure.o)
                0x20000458                _impure_ptr
 .data.__malloc_av_
                0x2000045c      0x408 c:/program files (x86)/gnu tools arm embedded/5.4 2016q3/bin/../lib/gcc/arm-none-eabi/5.4.1/../../../../arm-none-eabi/lib/armv7-m\libc.a(lib_a-mallocr.o)
                0x2000045c                __malloc_av_
 .data.__malloc_trim_threshold
                0x20000864        0x4 c:/program files (x86)/gnu tools arm embedded/5.4 2016q3/bin/../lib/gcc/arm-none-eabi/5.4.1/../../../../arm-none-eabi/lib/armv7-m\libc.a(lib_a-mallocr.o)
                0x20000864                __malloc_trim_threshold
 .data.__malloc_sbrk_base
                0x20000868        0x4 c:/program files (x86)/gnu tools arm embedded/5.4 2016q3/bin/../lib/gcc/arm-none-eabi/5.4.1/../../../../arm-none-eabi/lib/armv7-m\libc.a(lib_a-mallocr.o)
                0x20000868                __malloc_sbrk_base
 .data.__global_locale
                0x2000086c      0x16c c:/program files (x86)/gnu tools arm embedded/5.4 2016q3/bin/../lib/gcc/arm-none-eabi/5.4.1/../../../../arm-none-eabi/lib/armv7-m\libc.a(lib_a-locale.o)
                0x2000086c                __global_locale
                0x200009d8                . = ALIGN (0x4)
                [!provide]                PROVIDE (__preinit_array_start, .)
 *(.preinit_array)
                [!provide]                PROVIDE (__preinit_array_end, .)
                0x200009d8                . = ALIGN (0x4)
                [!provide]                PROVIDE (__init_array_start, .)
 *(SORT(.init_array.*))
 *(.init_array)
                [!provide]                PROVIDE (__init_array_end, .)
                0x200009d8                . = ALIGN (0x4)
                [!provide]                PROVIDE (__fini_array_start, .)
 *(SORT(.fini_array.*))
 *(.fini_array)
                [!provide]                PROVIDE (__fini_array_end, .)
 *(.jcr*)
                0x200009d8                . = ALIGN (0x4)
                0x200009d8                __data_end__ = .
                0x200009d8                _edata = __data_end__

.igot.plt       0x200009d8        0x0 load address 0x0800a344
 .igot.plt      0x200009d8        0x0 ..\obj\spi.o

.bss            0x200009d8      0x5b8 load address 0x0800a348
                0x200009d8                . = ALIGN (0x4)
                0x200009d8                __bss_start__ = .
                0x200009d8                _sbss = __bss_start__
 *(.bss*)
 .bss           0x200009d8       0x20 ..\obj\tim.o
                0x200009d8                TIM::tim1_mode
                0x200009dc                TIM::tim2_mode
                0x200009e0                TIM::tim3_mode
                0x200009e4                TIM::tim4_mode
                0x200009e8                TIM::tim1Cnt
                0x200009ec                TIM::tim2Cnt
                0x200009f0                TIM::tim3Cnt
                0x200009f4                TIM::tim4Cnt
 .bss           0x200009f8      0x234 ..\obj\main.o
                0x200009f8                rxFlag
                0x200009fa                encOld
                0x200009fc                encPwm
                0x20000a00                canData
                0x20000a08                canAddress
                0x20000a0c                enc
                0x20000a20                intervalTime
                0x20000a28                timCnt
                0x20000a30                RxMessage
                0x20000a44                encAa
                0x20000a50                encAb
                0x20000a5c                encBa
                0x20000a68                encBb
                0x20000a74                sw1
                0x20000a80                sw2
                0x20000a8c                buzzer
                0x20000a98                ledA
                0x20000aa4                ledB
                0x20000ab0                sel1
                0x20000abc                sel2
                0x20000ac8                sel4
                0x20000ad4                sel8
                0x20000ae0                motorEN
                0x20000aec                limitA1
                0x20000af8                limitA2
                0x20000b04                limitB1
                0x20000b10                limitB2
                0x20000b1c                usartTX
                0x20000b28                usartRX
                0x20000b34                canTX
                0x20000b40                canRX
                0x20000b4c                io0
                0x20000b58                io1
                0x20000b64                io2
                0x20000b70                io3
                0x20000b7c                pinPwmA
                0x20000b88                pinPwmAN
                0x20000b94                pinPwmB
                0x20000ba0                pinPwmBN
                0x20000bac                timer
                0x20000bb8                pwmA
                0x20000bc4                pwmAN
                0x20000bd0                pwmB
                0x20000bdc                pwmBN
                0x20000be8                encA
                0x20000bf4                encB
                0x20000c00                serial
                0x20000c04                motorA
                0x20000c0c                motorB
                0x20000c14                can1
 *fill*         0x20000c2c        0x4 
 .bss           0x20000c30        0x8 ..\obj\system.o
 .bss           0x20000c38        0x2 ..\obj\can.o
 *fill*         0x20000c3a        0x2 
 .bss           0x20000c3c        0x4 ..\obj\syscalls.o
 .bss           0x20000c40      0x318 ..\obj\usart.o
                0x20000c40                USART::usart1RxBuffer
                0x20000cc0                USART::usart1ReadAddress
                0x20000cc4                USART::usart2RxBuffer
                0x20000d44                USART::usart2ReadAddress
                0x20000d48                USART::usart3RxBuffer
                0x20000dc8                USART::usart3ReadAddress
                0x20000dcc                USART::usart1TxBuffer
                0x20000e4c                USART::usart1TxSendAddress
                0x20000e4e                USART::usart1TxWriteAddress
                0x20000e50                USART::usart2TxBuffer
                0x20000ed0                USART::usart2TxSendAddress
                0x20000ed2                USART::usart2TxWriteAddress
                0x20000ed4                USART::usart3TxBuffer
                0x20000f54                USART::usart3TxSendAddress
                0x20000f56                USART::usart3TxWriteAddress
 .bss.__malloc_max_total_mem
                0x20000f58        0x4 c:/program files (x86)/gnu tools arm embedded/5.4 2016q3/bin/../lib/gcc/arm-none-eabi/5.4.1/../../../../arm-none-eabi/lib/armv7-m\libc.a(lib_a-mallocr.o)
                0x20000f58                __malloc_max_total_mem
 .bss.__malloc_max_sbrked_mem
                0x20000f5c        0x4 c:/program files (x86)/gnu tools arm embedded/5.4 2016q3/bin/../lib/gcc/arm-none-eabi/5.4.1/../../../../arm-none-eabi/lib/armv7-m\libc.a(lib_a-mallocr.o)
                0x20000f5c                __malloc_max_sbrked_mem
 .bss.__malloc_top_pad
                0x20000f60        0x4 c:/program files (x86)/gnu tools arm embedded/5.4 2016q3/bin/../lib/gcc/arm-none-eabi/5.4.1/../../../../arm-none-eabi/lib/armv7-m\libc.a(lib_a-mallocr.o)
                0x20000f60                __malloc_top_pad
 .bss.__malloc_current_mallinfo
                0x20000f64       0x28 c:/program files (x86)/gnu tools arm embedded/5.4 2016q3/bin/../lib/gcc/arm-none-eabi/5.4.1/../../../../arm-none-eabi/lib/armv7-m\libc.a(lib_a-mallocr.o)
                0x20000f64                __malloc_current_mallinfo
 *(COMMON)
 COMMON         0x20000f8c        0x4 c:/program files (x86)/gnu tools arm embedded/5.4 2016q3/bin/../lib/gcc/arm-none-eabi/5.4.1/../../../../arm-none-eabi/lib/armv7-m\libc.a(lib_a-reent.o)
                0x20000f8c                errno
                0x20000f90                . = ALIGN (0x4)
                0x20000f90                __bss_end__ = .
                0x20000f90                _ebss = __bss_end__

.heap           0x20000f90        0x0
                0x20000f90                __end__ = .
                0x20000f90                _end = __end__
                0x20000f90                end = __end__
 *(.heap*)
                0x20000f90                __HeapLimit = .

.co_stack       0x20000f90      0x400 load address 0x0800a900
                0x20000f90                . = ALIGN (0x8)
 *(.co_stack .co_stack.*)
 .co_stack      0x20000f90      0x400 ..\obj\startup_stm32f10x_md.o
                0x20000f90                pulStack
                0x20005000                __StackTop = (ORIGIN (ram) + LENGTH (ram))
                0x20004c00                __StackLimit = (__StackTop - SIZEOF (.co_stack))
                [!provide]                PROVIDE (__stack, __StackTop)
                0x00000001                ASSERT ((__StackLimit >= __HeapLimit), region ram  overflowed with stack)
LOAD ..\obj\spi.o
LOAD ..\obj\stm32f10x_tim.o
LOAD ..\obj\iwdg.o
LOAD ..\obj\system_stm32f10x.o
LOAD ..\obj\tim.o
LOAD ..\obj\canEncoder.o
LOAD ..\obj\startup_stm32f10x_md.o
LOAD ..\obj\stm32f10x_can.o
LOAD ..\obj\stm32f10x_gpio.o
LOAD ..\obj\canValve.o
LOAD ..\obj\main.o
LOAD ..\obj\system.o
LOAD ..\obj\can.o
LOAD ..\obj\stm32f10x_rcc.o
LOAD ..\obj\gpio.o
LOAD ..\obj\motor.o
LOAD ..\obj\stm32f10x_exti.o
LOAD ..\obj\stm32f10x_adc.o
LOAD ..\obj\remap.o
LOAD ..\obj\stm32f10x_usart.o
LOAD ..\obj\syscalls.o
LOAD ..\obj\adc.o
LOAD ..\obj\app.o
LOAD ..\obj\misc.o
LOAD ..\obj\stm32f10x_spi.o
LOAD ..\obj\usart.o
LOAD ..\obj\stm32f10x_iwdg.o
LOAD c:/program files (x86)/gnu tools arm embedded/5.4 2016q3/bin/../lib/gcc/arm-none-eabi/5.4.1/../../../../arm-none-eabi/lib/armv7-m\libm.a
LOAD c:/program files (x86)/gnu tools arm embedded/5.4 2016q3/bin/../lib/gcc/arm-none-eabi/5.4.1/armv7-m\libgcc.a
LOAD c:/program files (x86)/gnu tools arm embedded/5.4 2016q3/bin/../lib/gcc/arm-none-eabi/5.4.1/../../../../arm-none-eabi/lib/armv7-m\libc.a
LOAD c:/program files (x86)/gnu tools arm embedded/5.4 2016q3/bin/../lib/gcc/arm-none-eabi/5.4.1/../../../../arm-none-eabi/lib/armv7-m\libstdc++.a
START GROUP
LOAD c:/program files (x86)/gnu tools arm embedded/5.4 2016q3/bin/../lib/gcc/arm-none-eabi/5.4.1/armv7-m\libgcc.a
LOAD c:/program files (x86)/gnu tools arm embedded/5.4 2016q3/bin/../lib/gcc/arm-none-eabi/5.4.1/../../../../arm-none-eabi/lib/armv7-m\libg.a
LOAD c:/program files (x86)/gnu tools arm embedded/5.4 2016q3/bin/../lib/gcc/arm-none-eabi/5.4.1/../../../../arm-none-eabi/lib/armv7-m\libc.a
END GROUP
OUTPUT(F103_48.elf elf32-littlearm)

.debug_info     0x00000000     0xa666
 .debug_info    0x00000000      0x494 ..\obj\spi.o
 .debug_info    0x00000494     0x1c60 ..\obj\stm32f10x_tim.o
 .debug_info    0x000020f4      0x49c ..\obj\system_stm32f10x.o
 .debug_info    0x00002590     0x1051 ..\obj\tim.o
 .debug_info    0x000035e1      0x101 ..\obj\startup_stm32f10x_md.o
 .debug_info    0x000036e2      0xba4 ..\obj\stm32f10x_can.o
 .debug_info    0x00004286      0x6f6 ..\obj\stm32f10x_gpio.o
 .debug_info    0x0000497c     0x11a1 ..\obj\main.o
 .debug_info    0x00005b1d      0x65d ..\obj\system.o
 .debug_info    0x0000617a      0xa31 ..\obj\can.o
 .debug_info    0x00006bab      0x8a3 ..\obj\stm32f10x_rcc.o
 .debug_info    0x0000744e      0x4d0 ..\obj\gpio.o
 .debug_info    0x0000791e      0x5f3 ..\obj\motor.o
 .debug_info    0x00007f11      0x9f0 ..\obj\stm32f10x_usart.o
 .debug_info    0x00008901      0x458 ..\obj\syscalls.o
 .debug_info    0x00008d59      0x556 ..\obj\misc.o
 .debug_info    0x000092af      0x8fb ..\obj\stm32f10x_spi.o
 .debug_info    0x00009baa      0xabc ..\obj\usart.o

.debug_abbrev   0x00000000     0x1e8f
 .debug_abbrev  0x00000000      0x129 ..\obj\spi.o
 .debug_abbrev  0x00000129      0x1b2 ..\obj\stm32f10x_tim.o
 .debug_abbrev  0x000002db      0x14e ..\obj\system_stm32f10x.o
 .debug_abbrev  0x00000429      0x2ba ..\obj\tim.o
 .debug_abbrev  0x000006e3       0xae ..\obj\startup_stm32f10x_md.o
 .debug_abbrev  0x00000791      0x1f5 ..\obj\stm32f10x_can.o
 .debug_abbrev  0x00000986      0x1cc ..\obj\stm32f10x_gpio.o
 .debug_abbrev  0x00000b52      0x261 ..\obj\main.o
 .debug_abbrev  0x00000db3      0x1dc ..\obj\system.o
 .debug_abbrev  0x00000f8f      0x201 ..\obj\can.o
 .debug_abbrev  0x00001190      0x1bc ..\obj\stm32f10x_rcc.o
 .debug_abbrev  0x0000134c      0x1ca ..\obj\gpio.o
 .debug_abbrev  0x00001516      0x1ba ..\obj\motor.o
 .debug_abbrev  0x000016d0      0x164 ..\obj\stm32f10x_usart.o
 .debug_abbrev  0x00001834       0xe5 ..\obj\syscalls.o
 .debug_abbrev  0x00001919      0x147 ..\obj\misc.o
 .debug_abbrev  0x00001a60      0x180 ..\obj\stm32f10x_spi.o
 .debug_abbrev  0x00001be0      0x2af ..\obj\usart.o

.debug_aranges  0x00000000      0xc00
 .debug_aranges
                0x00000000       0x28 ..\obj\spi.o
 .debug_aranges
                0x00000028      0x2f0 ..\obj\stm32f10x_tim.o
 .debug_aranges
                0x00000318       0x38 ..\obj\system_stm32f10x.o
 .debug_aranges
                0x00000350      0x190 ..\obj\tim.o
 .debug_aranges
                0x000004e0       0x28 ..\obj\startup_stm32f10x_md.o
 .debug_aranges
                0x00000508       0xe0 ..\obj\stm32f10x_can.o
 .debug_aranges
                0x000005e8       0xa8 ..\obj\stm32f10x_gpio.o
 .debug_aranges
                0x00000690       0x28 ..\obj\main.o
 .debug_aranges
                0x000006b8       0x50 ..\obj\system.o
 .debug_aranges
                0x00000708       0x58 ..\obj\can.o
 .debug_aranges
                0x00000760      0x118 ..\obj\stm32f10x_rcc.o
 .debug_aranges
                0x00000878       0x58 ..\obj\gpio.o
 .debug_aranges
                0x000008d0       0x28 ..\obj\motor.o
 .debug_aranges
                0x000008f8      0x100 ..\obj\stm32f10x_usart.o
 .debug_aranges
                0x000009f8       0x60 ..\obj\syscalls.o
 .debug_aranges
                0x00000a58       0x40 ..\obj\misc.o
 .debug_aranges
                0x00000a98       0xd0 ..\obj\stm32f10x_spi.o
 .debug_aranges
                0x00000b68       0x98 ..\obj\usart.o

.debug_ranges   0x00000000      0xae0
 .debug_ranges  0x00000000       0x18 ..\obj\spi.o
 .debug_ranges  0x00000018      0x2e0 ..\obj\stm32f10x_tim.o
 .debug_ranges  0x000002f8       0x28 ..\obj\system_stm32f10x.o
 .debug_ranges  0x00000320      0x180 ..\obj\tim.o
 .debug_ranges  0x000004a0       0x18 ..\obj\startup_stm32f10x_md.o
 .debug_ranges  0x000004b8       0xd0 ..\obj\stm32f10x_can.o
 .debug_ranges  0x00000588       0x98 ..\obj\stm32f10x_gpio.o
 .debug_ranges  0x00000620       0x18 ..\obj\main.o
 .debug_ranges  0x00000638       0x40 ..\obj\system.o
 .debug_ranges  0x00000678       0x48 ..\obj\can.o
 .debug_ranges  0x000006c0      0x108 ..\obj\stm32f10x_rcc.o
 .debug_ranges  0x000007c8       0x48 ..\obj\gpio.o
 .debug_ranges  0x00000810       0x18 ..\obj\motor.o
 .debug_ranges  0x00000828       0xf0 ..\obj\stm32f10x_usart.o
 .debug_ranges  0x00000918       0x50 ..\obj\syscalls.o
 .debug_ranges  0x00000968       0x30 ..\obj\misc.o
 .debug_ranges  0x00000998       0xc0 ..\obj\stm32f10x_spi.o
 .debug_ranges  0x00000a58       0x88 ..\obj\usart.o

.debug_line     0x00000000     0x4964
 .debug_line    0x00000000      0x2a6 ..\obj\spi.o
 .debug_line    0x000002a6      0xb98 ..\obj\stm32f10x_tim.o
 .debug_line    0x00000e3e      0x246 ..\obj\system_stm32f10x.o
 .debug_line    0x00001084      0x714 ..\obj\tim.o
 .debug_line    0x00001798       0xb3 ..\obj\startup_stm32f10x_md.o
 .debug_line    0x0000184b      0x5b2 ..\obj\stm32f10x_can.o
 .debug_line    0x00001dfd      0x418 ..\obj\stm32f10x_gpio.o
 .debug_line    0x00002215      0x384 ..\obj\main.o
 .debug_line    0x00002599      0x281 ..\obj\system.o
 .debug_line    0x0000281a      0x345 ..\obj\can.o
 .debug_line    0x00002b5f      0x513 ..\obj\stm32f10x_rcc.o
 .debug_line    0x00003072      0x31b ..\obj\gpio.o
 .debug_line    0x0000338d      0x264 ..\obj\motor.o
 .debug_line    0x000035f1      0x4fa ..\obj\stm32f10x_usart.o
 .debug_line    0x00003aeb      0x1ff ..\obj\syscalls.o
 .debug_line    0x00003cea      0x28b ..\obj\misc.o
 .debug_line    0x00003f75      0x475 ..\obj\stm32f10x_spi.o
 .debug_line    0x000043ea      0x57a ..\obj\usart.o

.debug_str      0x00000000     0x3fc8
 .debug_str     0x00000000      0x67b ..\obj\spi.o
                                0x718 (size before relaxing)
 .debug_str     0x0000067b      0xbd6 ..\obj\stm32f10x_tim.o
                                0xdf6 (size before relaxing)
 .debug_str     0x00001251      0x175 ..\obj\system_stm32f10x.o
                                0x308 (size before relaxing)
 .debug_str     0x000013c6      0x886 ..\obj\tim.o
                               0x109c (size before relaxing)
 .debug_str     0x00001c4c       0xce ..\obj\startup_stm32f10x_md.o
                                0x165 (size before relaxing)
 .debug_str     0x00001d1a      0x4a4 ..\obj\stm32f10x_can.o
                                0x747 (size before relaxing)
 .debug_str     0x000021be      0x344 ..\obj\stm32f10x_gpio.o
                                0x532 (size before relaxing)
 .debug_str     0x00002502      0x597 ..\obj\main.o
                                0xc06 (size before relaxing)
 .debug_str     0x00002a99      0x13a ..\obj\system.o
                                0x67d (size before relaxing)
 .debug_str     0x00002bd3      0x122 ..\obj\can.o
                                0x9c9 (size before relaxing)
 .debug_str     0x00002cf5      0x3df ..\obj\stm32f10x_rcc.o
                                0x633 (size before relaxing)
 .debug_str     0x000030d4      0x136 ..\obj\gpio.o
                                0x528 (size before relaxing)
 .debug_str     0x0000320a       0x70 ..\obj\motor.o
                                0x531 (size before relaxing)
 .debug_str     0x0000327a      0x41b ..\obj\stm32f10x_usart.o
                                0x6a9 (size before relaxing)
 .debug_str     0x00003695      0x18f ..\obj\syscalls.o
                                0x352 (size before relaxing)
 .debug_str     0x00003824      0x11c ..\obj\misc.o
                                0x3d7 (size before relaxing)
 .debug_str     0x00003940      0x2d6 ..\obj\stm32f10x_spi.o
                                0x616 (size before relaxing)
 .debug_str     0x00003c16      0x3b2 ..\obj\usart.o
                                0xc34 (size before relaxing)

.comment        0x00000000       0x6e
 .comment       0x00000000       0x6e ..\obj\spi.o
                                 0x6f (size before relaxing)
 .comment       0x0000006e       0x6f ..\obj\stm32f10x_tim.o
 .comment       0x0000006e       0x6f ..\obj\system_stm32f10x.o
 .comment       0x0000006e       0x6f ..\obj\tim.o
 .comment       0x0000006e       0x6f ..\obj\startup_stm32f10x_md.o
 .comment       0x0000006e       0x6f ..\obj\stm32f10x_can.o
 .comment       0x0000006e       0x6f ..\obj\stm32f10x_gpio.o
 .comment       0x0000006e       0x6f ..\obj\main.o
 .comment       0x0000006e       0x6f ..\obj\system.o
 .comment       0x0000006e       0x6f ..\obj\can.o
 .comment       0x0000006e       0x6f ..\obj\stm32f10x_rcc.o
 .comment       0x0000006e       0x6f ..\obj\gpio.o
 .comment       0x0000006e       0x6f ..\obj\motor.o
 .comment       0x0000006e       0x6f ..\obj\stm32f10x_usart.o
 .comment       0x0000006e       0x6f ..\obj\syscalls.o
 .comment       0x0000006e       0x6f ..\obj\misc.o
 .comment       0x0000006e       0x6f ..\obj\stm32f10x_spi.o
 .comment       0x0000006e       0x6f ..\obj\usart.o

.ARM.attributes
                0x00000000       0x31
 .ARM.attributes
                0x00000000       0x33 ..\obj\spi.o
 .ARM.attributes
                0x00000033       0x33 ..\obj\stm32f10x_tim.o
 .ARM.attributes
                0x00000066       0x33 ..\obj\system_stm32f10x.o
 .ARM.attributes
                0x00000099       0x33 ..\obj\tim.o
 .ARM.attributes
                0x000000cc       0x33 ..\obj\startup_stm32f10x_md.o
 .ARM.attributes
                0x000000ff       0x33 ..\obj\stm32f10x_can.o
 .ARM.attributes
                0x00000132       0x33 ..\obj\stm32f10x_gpio.o
 .ARM.attributes
                0x00000165       0x33 ..\obj\main.o
 .ARM.attributes
                0x00000198       0x33 ..\obj\system.o
 .ARM.attributes
                0x000001cb       0x33 ..\obj\can.o
 .ARM.attributes
                0x000001fe       0x33 ..\obj\stm32f10x_rcc.o
 .ARM.attributes
                0x00000231       0x33 ..\obj\gpio.o
 .ARM.attributes
                0x00000264       0x33 ..\obj\motor.o
 .ARM.attributes
                0x00000297       0x33 ..\obj\stm32f10x_usart.o
 .ARM.attributes
                0x000002ca       0x33 ..\obj\syscalls.o
 .ARM.attributes
                0x000002fd       0x33 ..\obj\misc.o
 .ARM.attributes
                0x00000330       0x33 ..\obj\stm32f10x_spi.o
 .ARM.attributes
                0x00000363       0x33 ..\obj\usart.o
 .ARM.attributes
                0x00000396       0x1d c:/program files (x86)/gnu tools arm embedded/5.4 2016q3/bin/../lib/gcc/arm-none-eabi/5.4.1/armv7-m\libgcc.a(_aeabi_uldivmod.o)
 .ARM.attributes
                0x000003b3       0x2d c:/program files (x86)/gnu tools arm embedded/5.4 2016q3/bin/../lib/gcc/arm-none-eabi/5.4.1/armv7-m\libgcc.a(_udivmoddi4.o)
 .ARM.attributes
                0x000003e0       0x1d c:/program files (x86)/gnu tools arm embedded/5.4 2016q3/bin/../lib/gcc/arm-none-eabi/5.4.1/armv7-m\libgcc.a(_dvmd_tls.o)
 .ARM.attributes
                0x000003fd       0x1b c:/program files (x86)/gnu tools arm embedded/5.4 2016q3/bin/../lib/gcc/arm-none-eabi/5.4.1/../../../../arm-none-eabi/lib/armv7-m\libc.a(lib_a-memcpy.o)
 .ARM.attributes
                0x00000418       0x2d c:/program files (x86)/gnu tools arm embedded/5.4 2016q3/bin/../lib/gcc/arm-none-eabi/5.4.1/../../../../arm-none-eabi/lib/armv7-m\libc.a(lib_a-vsprintf.o)
 .ARM.attributes
                0x00000445       0x2d c:/program files (x86)/gnu tools arm embedded/5.4 2016q3/bin/../lib/gcc/arm-none-eabi/5.4.1/../../../../arm-none-eabi/lib/armv7-m\libc.a(lib_a-impure.o)
 .ARM.attributes
                0x00000472       0x2d c:/program files (x86)/gnu tools arm embedded/5.4 2016q3/bin/../lib/gcc/arm-none-eabi/5.4.1/../../../../arm-none-eabi/lib/armv7-m\libc.a(lib_a-svfprintf.o)
 .ARM.attributes
                0x0000049f       0x2d c:/program files (x86)/gnu tools arm embedded/5.4 2016q3/bin/../lib/gcc/arm-none-eabi/5.4.1/../../../../arm-none-eabi/lib/armv7-m\libc.a(lib_a-dtoa.o)
 .ARM.attributes
                0x000004cc       0x2d c:/program files (x86)/gnu tools arm embedded/5.4 2016q3/bin/../lib/gcc/arm-none-eabi/5.4.1/../../../../arm-none-eabi/lib/armv7-m\libc.a(lib_a-localeconv.o)
 .ARM.attributes
                0x000004f9       0x2d c:/program files (x86)/gnu tools arm embedded/5.4 2016q3/bin/../lib/gcc/arm-none-eabi/5.4.1/../../../../arm-none-eabi/lib/armv7-m\libc.a(lib_a-mallocr.o)
 .ARM.attributes
                0x00000526       0x2d c:/program files (x86)/gnu tools arm embedded/5.4 2016q3/bin/../lib/gcc/arm-none-eabi/5.4.1/../../../../arm-none-eabi/lib/armv7-m\libc.a(lib_a-memchr-stub.o)
 .ARM.attributes
                0x00000553       0x2d c:/program files (x86)/gnu tools arm embedded/5.4 2016q3/bin/../lib/gcc/arm-none-eabi/5.4.1/../../../../arm-none-eabi/lib/armv7-m\libc.a(lib_a-mlock.o)
 .ARM.attributes
                0x00000580       0x2d c:/program files (x86)/gnu tools arm embedded/5.4 2016q3/bin/../lib/gcc/arm-none-eabi/5.4.1/../../../../arm-none-eabi/lib/armv7-m\libc.a(lib_a-mprec.o)
 .ARM.attributes
                0x000005ad       0x2d c:/program files (x86)/gnu tools arm embedded/5.4 2016q3/bin/../lib/gcc/arm-none-eabi/5.4.1/../../../../arm-none-eabi/lib/armv7-m\libc.a(lib_a-sbrkr.o)
 .ARM.attributes
                0x000005da       0x2d c:/program files (x86)/gnu tools arm embedded/5.4 2016q3/bin/../lib/gcc/arm-none-eabi/5.4.1/../../../../arm-none-eabi/lib/armv7-m\libc.a(lib_a-strlen-stub.o)
 .ARM.attributes
                0x00000607       0x2d c:/program files (x86)/gnu tools arm embedded/5.4 2016q3/bin/../lib/gcc/arm-none-eabi/5.4.1/../../../../arm-none-eabi/lib/armv7-m\libc.a(lib_a-svfiprintf.o)
 .ARM.attributes
                0x00000634       0x2d c:/program files (x86)/gnu tools arm embedded/5.4 2016q3/bin/../lib/gcc/arm-none-eabi/5.4.1/../../../../arm-none-eabi/lib/armv7-m\libc.a(lib_a-callocr.o)
 .ARM.attributes
                0x00000661       0x2d c:/program files (x86)/gnu tools arm embedded/5.4 2016q3/bin/../lib/gcc/arm-none-eabi/5.4.1/../../../../arm-none-eabi/lib/armv7-m\libc.a(lib_a-freer.o)
 .ARM.attributes
                0x0000068e       0x2d c:/program files (x86)/gnu tools arm embedded/5.4 2016q3/bin/../lib/gcc/arm-none-eabi/5.4.1/../../../../arm-none-eabi/lib/armv7-m\libc.a(lib_a-locale.o)
 .ARM.attributes
                0x000006bb       0x2d c:/program files (x86)/gnu tools arm embedded/5.4 2016q3/bin/../lib/gcc/arm-none-eabi/5.4.1/../../../../arm-none-eabi/lib/armv7-m\libc.a(lib_a-mbtowc_r.o)
 .ARM.attributes
                0x000006e8       0x2d c:/program files (x86)/gnu tools arm embedded/5.4 2016q3/bin/../lib/gcc/arm-none-eabi/5.4.1/../../../../arm-none-eabi/lib/armv7-m\libc.a(lib_a-memmove.o)
 .ARM.attributes
                0x00000715       0x2d c:/program files (x86)/gnu tools arm embedded/5.4 2016q3/bin/../lib/gcc/arm-none-eabi/5.4.1/../../../../arm-none-eabi/lib/armv7-m\libc.a(lib_a-memset.o)
 .ARM.attributes
                0x00000742       0x2d c:/program files (x86)/gnu tools arm embedded/5.4 2016q3/bin/../lib/gcc/arm-none-eabi/5.4.1/../../../../arm-none-eabi/lib/armv7-m\libc.a(lib_a-reallocr.o)
 .ARM.attributes
                0x0000076f       0x2d c:/program files (x86)/gnu tools arm embedded/5.4 2016q3/bin/../lib/gcc/arm-none-eabi/5.4.1/../../../../arm-none-eabi/lib/armv7-m\libc.a(lib_a-reent.o)
 .ARM.attributes
                0x0000079c       0x2d c:/program files (x86)/gnu tools arm embedded/5.4 2016q3/bin/../lib/gcc/arm-none-eabi/5.4.1/../../../../arm-none-eabi/lib/armv7-m\libc.a(lib_a-wctomb_r.o)
 .ARM.attributes
                0x000007c9       0x2d c:/program files (x86)/gnu tools arm embedded/5.4 2016q3/bin/../lib/gcc/arm-none-eabi/5.4.1/../../../../arm-none-eabi/lib/armv7-m\libc.a(lib_a-ctype_.o)
 .ARM.attributes
                0x000007f6       0x1d c:/program files (x86)/gnu tools arm embedded/5.4 2016q3/bin/../lib/gcc/arm-none-eabi/5.4.1/armv7-m\libgcc.a(_arm_addsubdf3.o)
 .ARM.attributes
                0x00000813       0x1d c:/program files (x86)/gnu tools arm embedded/5.4 2016q3/bin/../lib/gcc/arm-none-eabi/5.4.1/armv7-m\libgcc.a(_arm_muldivdf3.o)
 .ARM.attributes
                0x00000830       0x1d c:/program files (x86)/gnu tools arm embedded/5.4 2016q3/bin/../lib/gcc/arm-none-eabi/5.4.1/armv7-m\libgcc.a(_arm_cmpdf2.o)
 .ARM.attributes
                0x0000084d       0x1d c:/program files (x86)/gnu tools arm embedded/5.4 2016q3/bin/../lib/gcc/arm-none-eabi/5.4.1/armv7-m\libgcc.a(_arm_unorddf2.o)
 .ARM.attributes
                0x0000086a       0x1d c:/program files (x86)/gnu tools arm embedded/5.4 2016q3/bin/../lib/gcc/arm-none-eabi/5.4.1/armv7-m\libgcc.a(_arm_fixdfsi.o)

.debug_frame    0x00000000     0x3ac8
 .debug_frame   0x00000000       0x50 ..\obj\spi.o
 .debug_frame   0x00000050      0xe2c ..\obj\stm32f10x_tim.o
 .debug_frame   0x00000e7c       0x98 ..\obj\system_stm32f10x.o
 .debug_frame   0x00000f14      0x660 ..\obj\tim.o
 .debug_frame   0x00001574       0x4c ..\obj\startup_stm32f10x_md.o
 .debug_frame   0x000015c0      0x3f0 ..\obj\stm32f10x_can.o
 .debug_frame   0x000019b0      0x2d0 ..\obj\stm32f10x_gpio.o
 .debug_frame   0x00001c80       0x50 ..\obj\main.o
 .debug_frame   0x00001cd0      0x108 ..\obj\system.o
 .debug_frame   0x00001dd8      0x134 ..\obj\can.o
 .debug_frame   0x00001f0c      0x4f4 ..\obj\stm32f10x_rcc.o
 .debug_frame   0x00002400      0x128 ..\obj\gpio.o
 .debug_frame   0x00002528       0x5c ..\obj\motor.o
 .debug_frame   0x00002584      0x490 ..\obj\stm32f10x_usart.o
 .debug_frame   0x00002a14      0x168 ..\obj\syscalls.o
 .debug_frame   0x00002b7c       0xd8 ..\obj\misc.o
 .debug_frame   0x00002c54      0x3a0 ..\obj\stm32f10x_spi.o
 .debug_frame   0x00002ff4      0x27c ..\obj\usart.o
 .debug_frame   0x00003270       0x2c c:/program files (x86)/gnu tools arm embedded/5.4 2016q3/bin/../lib/gcc/arm-none-eabi/5.4.1/armv7-m\libgcc.a(_aeabi_uldivmod.o)
 .debug_frame   0x0000329c       0x38 c:/program files (x86)/gnu tools arm embedded/5.4 2016q3/bin/../lib/gcc/arm-none-eabi/5.4.1/armv7-m\libgcc.a(_udivmoddi4.o)
 .debug_frame   0x000032d4       0x50 c:/program files (x86)/gnu tools arm embedded/5.4 2016q3/bin/../lib/gcc/arm-none-eabi/5.4.1/../../../../arm-none-eabi/lib/armv7-m\libc.a(lib_a-vsprintf.o)
 .debug_frame   0x00003324       0x44 c:/program files (x86)/gnu tools arm embedded/5.4 2016q3/bin/../lib/gcc/arm-none-eabi/5.4.1/../../../../arm-none-eabi/lib/armv7-m\libc.a(lib_a-svfprintf.o)
 .debug_frame   0x00003368       0x84 c:/program files (x86)/gnu tools arm embedded/5.4 2016q3/bin/../lib/gcc/arm-none-eabi/5.4.1/../../../../arm-none-eabi/lib/armv7-m\libc.a(lib_a-dtoa.o)
 .debug_frame   0x000033ec       0x40 c:/program files (x86)/gnu tools arm embedded/5.4 2016q3/bin/../lib/gcc/arm-none-eabi/5.4.1/../../../../arm-none-eabi/lib/armv7-m\libc.a(lib_a-localeconv.o)
 .debug_frame   0x0000342c       0x54 c:/program files (x86)/gnu tools arm embedded/5.4 2016q3/bin/../lib/gcc/arm-none-eabi/5.4.1/../../../../arm-none-eabi/lib/armv7-m\libc.a(lib_a-mallocr.o)
 .debug_frame   0x00003480       0x34 c:/program files (x86)/gnu tools arm embedded/5.4 2016q3/bin/../lib/gcc/arm-none-eabi/5.4.1/../../../../arm-none-eabi/lib/armv7-m\libc.a(lib_a-memchr-stub.o)
 .debug_frame   0x000034b4       0x30 c:/program files (x86)/gnu tools arm embedded/5.4 2016q3/bin/../lib/gcc/arm-none-eabi/5.4.1/../../../../arm-none-eabi/lib/armv7-m\libc.a(lib_a-mlock.o)
 .debug_frame   0x000034e4      0x264 c:/program files (x86)/gnu tools arm embedded/5.4 2016q3/bin/../lib/gcc/arm-none-eabi/5.4.1/../../../../arm-none-eabi/lib/armv7-m\libc.a(lib_a-mprec.o)
 .debug_frame   0x00003748       0x2c c:/program files (x86)/gnu tools arm embedded/5.4 2016q3/bin/../lib/gcc/arm-none-eabi/5.4.1/../../../../arm-none-eabi/lib/armv7-m\libc.a(lib_a-sbrkr.o)
 .debug_frame   0x00003774       0x20 c:/program files (x86)/gnu tools arm embedded/5.4 2016q3/bin/../lib/gcc/arm-none-eabi/5.4.1/../../../../arm-none-eabi/lib/armv7-m\libc.a(lib_a-strlen-stub.o)
 .debug_frame   0x00003794       0x78 c:/program files (x86)/gnu tools arm embedded/5.4 2016q3/bin/../lib/gcc/arm-none-eabi/5.4.1/../../../../arm-none-eabi/lib/armv7-m\libc.a(lib_a-svfiprintf.o)
 .debug_frame   0x0000380c       0x28 c:/program files (x86)/gnu tools arm embedded/5.4 2016q3/bin/../lib/gcc/arm-none-eabi/5.4.1/../../../../arm-none-eabi/lib/armv7-m\libc.a(lib_a-callocr.o)
 .debug_frame   0x00003834       0x74 c:/program files (x86)/gnu tools arm embedded/5.4 2016q3/bin/../lib/gcc/arm-none-eabi/5.4.1/../../../../arm-none-eabi/lib/armv7-m\libc.a(lib_a-freer.o)
 .debug_frame   0x000038a8       0x84 c:/program files (x86)/gnu tools arm embedded/5.4 2016q3/bin/../lib/gcc/arm-none-eabi/5.4.1/../../../../arm-none-eabi/lib/armv7-m\libc.a(lib_a-locale.o)
 .debug_frame   0x0000392c       0x4c c:/program files (x86)/gnu tools arm embedded/5.4 2016q3/bin/../lib/gcc/arm-none-eabi/5.4.1/../../../../arm-none-eabi/lib/armv7-m\libc.a(lib_a-mbtowc_r.o)
 .debug_frame   0x00003978       0x30 c:/program files (x86)/gnu tools arm embedded/5.4 2016q3/bin/../lib/gcc/arm-none-eabi/5.4.1/../../../../arm-none-eabi/lib/armv7-m\libc.a(lib_a-memmove.o)
 .debug_frame   0x000039a8       0x34 c:/program files (x86)/gnu tools arm embedded/5.4 2016q3/bin/../lib/gcc/arm-none-eabi/5.4.1/../../../../arm-none-eabi/lib/armv7-m\libc.a(lib_a-memset.o)
 .debug_frame   0x000039dc       0x58 c:/program files (x86)/gnu tools arm embedded/5.4 2016q3/bin/../lib/gcc/arm-none-eabi/5.4.1/../../../../arm-none-eabi/lib/armv7-m\libc.a(lib_a-reallocr.o)
 .debug_frame   0x00003a34       0x58 c:/program files (x86)/gnu tools arm embedded/5.4 2016q3/bin/../lib/gcc/arm-none-eabi/5.4.1/../../../../arm-none-eabi/lib/armv7-m\libc.a(lib_a-reent.o)
 .debug_frame   0x00003a8c       0x3c c:/program files (x86)/gnu tools arm embedded/5.4 2016q3/bin/../lib/gcc/arm-none-eabi/5.4.1/../../../../arm-none-eabi/lib/armv7-m\libc.a(lib_a-wctomb_r.o)
