Archive member included to satisfy reference by file (symbol)

c:/program files (x86)/gnu tools arm embedded/5.4 2016q3/bin/../lib/gcc/arm-none-eabi/5.4.1/armv7-m\libgcc.a(_aeabi_uldivmod.o)
                              ..\obj\system.o (__aeabi_uldivmod)
c:/program files (x86)/gnu tools arm embedded/5.4 2016q3/bin/../lib/gcc/arm-none-eabi/5.4.1/armv7-m\libgcc.a(_udivmoddi4.o)
                              c:/program files (x86)/gnu tools arm embedded/5.4 2016q3/bin/../lib/gcc/arm-none-eabi/5.4.1/armv7-m\libgcc.a(_aeabi_uldivmod.o) (__udivmoddi4)
c:/program files (x86)/gnu tools arm embedded/5.4 2016q3/bin/../lib/gcc/arm-none-eabi/5.4.1/armv7-m\libgcc.a(unwind-arm.o)
                              ..\obj\spi.o (__aeabi_unwind_cpp_pr0)
c:/program files (x86)/gnu tools arm embedded/5.4 2016q3/bin/../lib/gcc/arm-none-eabi/5.4.1/armv7-m\libgcc.a(libunwind.o)
                              c:/program files (x86)/gnu tools arm embedded/5.4 2016q3/bin/../lib/gcc/arm-none-eabi/5.4.1/armv7-m\libgcc.a(unwind-arm.o) (restore_core_regs)
c:/program files (x86)/gnu tools arm embedded/5.4 2016q3/bin/../lib/gcc/arm-none-eabi/5.4.1/armv7-m\libgcc.a(pr-support.o)
                              c:/program files (x86)/gnu tools arm embedded/5.4 2016q3/bin/../lib/gcc/arm-none-eabi/5.4.1/armv7-m\libgcc.a(unwind-arm.o) (__gnu_unwind_execute)
c:/program files (x86)/gnu tools arm embedded/5.4 2016q3/bin/../lib/gcc/arm-none-eabi/5.4.1/armv7-m\libgcc.a(_dvmd_tls.o)
                              c:/program files (x86)/gnu tools arm embedded/5.4 2016q3/bin/../lib/gcc/arm-none-eabi/5.4.1/armv7-m\libgcc.a(_aeabi_uldivmod.o) (__aeabi_ldiv0)
c:/program files (x86)/gnu tools arm embedded/5.4 2016q3/bin/../lib/gcc/arm-none-eabi/5.4.1/../../../../arm-none-eabi/lib/armv7-m\libc.a(lib_a-memcpy.o)
                              c:/program files (x86)/gnu tools arm embedded/5.4 2016q3/bin/../lib/gcc/arm-none-eabi/5.4.1/armv7-m\libgcc.a(unwind-arm.o) (memcpy)
c:/program files (x86)/gnu tools arm embedded/5.4 2016q3/bin/../lib/gcc/arm-none-eabi/5.4.1/../../../../arm-none-eabi/lib/armv7-m\libc.a(lib_a-vsprintf.o)
                              ..\obj\usart.o (vsprintf)
c:/program files (x86)/gnu tools arm embedded/5.4 2016q3/bin/../lib/gcc/arm-none-eabi/5.4.1/../../../../arm-none-eabi/lib/armv7-m\libc.a(lib_a-impure.o)
                              c:/program files (x86)/gnu tools arm embedded/5.4 2016q3/bin/../lib/gcc/arm-none-eabi/5.4.1/../../../../arm-none-eabi/lib/armv7-m\libc.a(lib_a-vsprintf.o) (_impure_ptr)
c:/program files (x86)/gnu tools arm embedded/5.4 2016q3/bin/../lib/gcc/arm-none-eabi/5.4.1/../../../../arm-none-eabi/lib/armv7-m\libc.a(lib_a-svfprintf.o)
                              c:/program files (x86)/gnu tools arm embedded/5.4 2016q3/bin/../lib/gcc/arm-none-eabi/5.4.1/../../../../arm-none-eabi/lib/armv7-m\libc.a(lib_a-vsprintf.o) (_svfprintf_r)
c:/program files (x86)/gnu tools arm embedded/5.4 2016q3/bin/../lib/gcc/arm-none-eabi/5.4.1/../../../../arm-none-eabi/lib/armv7-m\libc.a(lib_a-dtoa.o)
                              c:/program files (x86)/gnu tools arm embedded/5.4 2016q3/bin/../lib/gcc/arm-none-eabi/5.4.1/../../../../arm-none-eabi/lib/armv7-m\libc.a(lib_a-svfprintf.o) (_dtoa_r)
c:/program files (x86)/gnu tools arm embedded/5.4 2016q3/bin/../lib/gcc/arm-none-eabi/5.4.1/../../../../arm-none-eabi/lib/armv7-m\libc.a(lib_a-localeconv.o)
                              c:/program files (x86)/gnu tools arm embedded/5.4 2016q3/bin/../lib/gcc/arm-none-eabi/5.4.1/../../../../arm-none-eabi/lib/armv7-m\libc.a(lib_a-svfprintf.o) (_localeconv_r)
c:/program files (x86)/gnu tools arm embedded/5.4 2016q3/bin/../lib/gcc/arm-none-eabi/5.4.1/../../../../arm-none-eabi/lib/armv7-m\libc.a(lib_a-mallocr.o)
                              c:/program files (x86)/gnu tools arm embedded/5.4 2016q3/bin/../lib/gcc/arm-none-eabi/5.4.1/../../../../arm-none-eabi/lib/armv7-m\libc.a(lib_a-svfprintf.o) (_malloc_r)
c:/program files (x86)/gnu tools arm embedded/5.4 2016q3/bin/../lib/gcc/arm-none-eabi/5.4.1/../../../../arm-none-eabi/lib/armv7-m\libc.a(lib_a-memchr-stub.o)
                              c:/program files (x86)/gnu tools arm embedded/5.4 2016q3/bin/../lib/gcc/arm-none-eabi/5.4.1/../../../../arm-none-eabi/lib/armv7-m\libc.a(lib_a-svfprintf.o) (memchr)
c:/program files (x86)/gnu tools arm embedded/5.4 2016q3/bin/../lib/gcc/arm-none-eabi/5.4.1/../../../../arm-none-eabi/lib/armv7-m\libc.a(lib_a-mlock.o)
                              c:/program files (x86)/gnu tools arm embedded/5.4 2016q3/bin/../lib/gcc/arm-none-eabi/5.4.1/../../../../arm-none-eabi/lib/armv7-m\libc.a(lib_a-mallocr.o) (__malloc_lock)
c:/program files (x86)/gnu tools arm embedded/5.4 2016q3/bin/../lib/gcc/arm-none-eabi/5.4.1/../../../../arm-none-eabi/lib/armv7-m\libc.a(lib_a-mprec.o)
                              c:/program files (x86)/gnu tools arm embedded/5.4 2016q3/bin/../lib/gcc/arm-none-eabi/5.4.1/../../../../arm-none-eabi/lib/armv7-m\libc.a(lib_a-dtoa.o) (_Balloc)
[...]
Memory Configuration

Name             Origin             Length             Attributes
rom              0x08000000         0x00010000         xr
ram              0x20000000         0x00005000         xrw
*default*        0x00000000         0xffffffff

Linker script and memory map

                0x20005000                _eram = 0x20005000

.text           0x08000000     0x9391
 *(.isr_vector)
 .isr_vector    0x08000000      0x10c ..\obj\startup_stm32f10x_md.o
                0x08000000                g_pfnVectors
 *(.text*)
 .text.SPI1_IRQHandler
                0x0800010c       0x50 ..\obj\spi.o
                0x0800010c                SPI1_IRQHandler
 .text.TIM_TimeBaseInit
                0x0800015c       0xf8 ..\obj\stm32f10x_tim.o
                0x0800015c                TIM_TimeBaseInit
 .text.TIM_OC1Init
                0x08000254      0x118 ..\obj\stm32f10x_tim.o
                0x08000254                TIM_OC1Init
 .text.TIM_OC2Init
                0x0800036c      0x110 ..\obj\stm32f10x_tim.o
                0x0800036c                TIM_OC2Init
 .text.TIM_OC3Init
                0x0800047c      0x10c ..\obj\stm32f10x_tim.o
                0x0800047c                TIM_OC3Init
 .text.TIM_OC4Init
                0x08000588       0xd0 ..\obj\stm32f10x_tim.o
                0x08000588                TIM_OC4Init
 .text.TIM_BDTRConfig
                0x08000658       0x50 ..\obj\stm32f10x_tim.o
                0x08000658                TIM_BDTRConfig
 .text.TIM_TimeBaseStructInit
                0x080006a8       0x34 ..\obj\stm32f10x_tim.o
                0x080006a8                TIM_TimeBaseStructInit
 .text.TIM_OCStructInit
                0x080006dc       0x44 ..\obj\stm32f10x_tim.o
                0x080006dc                TIM_OCStructInit
 .text.TIM_BDTRStructInit
                0x08000720       0x3c ..\obj\stm32f10x_tim.o
                0x08000720                TIM_BDTRStructInit
 .text.TIM_Cmd  0x0800075c       0x40 ..\obj\stm32f10x_tim.o
                0x0800075c                TIM_Cmd
 .text.TIM_ITConfig
                0x0800079c       0x48 ..\obj\stm32f10x_tim.o
                0x0800079c                TIM_ITConfig
 .text.TIM_EncoderInterfaceConfig
                0x080007e4       0x98 ..\obj\stm32f10x_tim.o
                0x080007e4                TIM_EncoderInterfaceConfig
 .text.TIM_ARRPreloadConfig
                0x0800087c       0x40 ..\obj\stm32f10x_tim.o
                0x0800087c                TIM_ARRPreloadConfig
 .text.TIM_ClearITPendingBit
                0x080008bc       0x20 ..\obj\stm32f10x_tim.o
                0x080008bc                TIM_ClearITPendingBit
 .text.SystemInit
                0x080008dc       0x68 ..\obj\system_stm32f10x.o
                0x080008dc                SystemInit
 .text.SetSysClock
                0x08000944        0xc ..\obj\system_stm32f10x.o
 .text.SetSysClockTo72
                0x08000950      0x100 ..\obj\system_stm32f10x.o
 .text._ZN3TIM8pwmSetupEP11TIM_TypeDefttt
                0x08000a50      0x138 ..\obj\tim.o
                0x08000a50                TIM::pwmSetup(TIM_TypeDef*, unsigned short, unsigned short, unsigned short)
 .text._ZN3TIM4dutyEt
                0x08000b88      0x110 ..\obj\tim.o
                0x08000b88                TIM::duty(unsigned short)
 .text._ZN3TIM12encoderSetupEP11TIM_TypeDef
                0x08000c98       0x8c ..\obj\tim.o
                0x08000c98                TIM::encoderSetup(TIM_TypeDef*)
 .text._ZN3TIM10timerSetupEP11TIM_TypeDef
                0x08000d24       0xb4 ..\obj\tim.o
                0x08000d24                TIM::timerSetup(TIM_TypeDef*)
 .text._Z9TIM1Setupt
                0x08000dd8       0x78 ..\obj\tim.o
                0x08000dd8                TIM1Setup(unsigned short)
 .text._Z9TIM2Setupt
                0x08000e50       0x40 ..\obj\tim.o
                0x08000e50                TIM2Setup(unsigned short)
 .text._Z9TIM3Setupt
                0x08000e90       0x40 ..\obj\tim.o
                0x08000e90                TIM3Setup(unsigned short)
 .text._Z9TIM4Setupt
                0x08000ed0       0x40 ..\obj\tim.o
                0x08000ed0                TIM4Setup(unsigned short)
 .text._Z11TIM1ITSetupt
                0x08000f10       0x3c ..\obj\tim.o
                0x08000f10                TIM1ITSetup(unsigned short)
 .text._Z11TIM2ITSetupt
                0x08000f4c       0x3c ..\obj\tim.o
                0x08000f4c                TIM2ITSetup(unsigned short)
 .text._Z11TIM3ITSetupt
                0x08000f88       0x3c ..\obj\tim.o
                0x08000f88                TIM3ITSetup(unsigned short)
 .text._Z11TIM4ITSetupt
                0x08000fc4       0x3c ..\obj\tim.o
                0x08000fc4                TIM4ITSetup(unsigned short)
 .text._Z11OC1PWMSetupP11TIM_TypeDeft
                0x08001000       0x4c ..\obj\tim.o
                0x08001000                OC1PWMSetup(TIM_TypeDef*, unsigned short)
 .text._Z11OC2PWMSetupP11TIM_TypeDeft
                0x0800104c       0x4c ..\obj\tim.o
                0x0800104c                OC2PWMSetup(TIM_TypeDef*, unsigned short)
 .text._Z11OC3PWMSetupP11TIM_TypeDeft
                0x08001098       0x4c ..\obj\tim.o
                0x08001098                OC3PWMSetup(TIM_TypeDef*, unsigned short)
 .text._Z11OC4PWMSetupP11TIM_TypeDeft
                0x080010e4       0x4c ..\obj\tim.o
                0x080010e4                OC4PWMSetup(TIM_TypeDef*, unsigned short)
 .text._Z10OC1DutySetP11TIM_TypeDeft
                0x08001130       0x1c ..\obj\tim.o
                0x08001130                OC1DutySet(TIM_TypeDef*, unsigned short)
 .text._Z10OC2DutySetP11TIM_TypeDeft
                0x0800114c       0x1c ..\obj\tim.o
                0x0800114c                OC2DutySet(TIM_TypeDef*, unsigned short)
 .text._Z10OC3DutySetP11TIM_TypeDeft
                0x08001168       0x1c ..\obj\tim.o
                0x08001168                OC3DutySet(TIM_TypeDef*, unsigned short)
 .text._Z10OC4DutySetP11TIM_TypeDeft
                0x08001184       0x20 ..\obj\tim.o
                0x08001184                OC4DutySet(TIM_TypeDef*, unsigned short)
 .text._Z16TIM1EncoderSetupv
                0x080011a4       0x54 ..\obj\tim.o
                0x080011a4                TIM1EncoderSetup()
 .text._Z16TIM2EncoderSetupv
                0x080011f8       0x54 ..\obj\tim.o
                0x080011f8                TIM2EncoderSetup()
 .text._Z16TIM3EncoderSetupv
                0x0800124c       0x50 ..\obj\tim.o
                0x0800124c                TIM3EncoderSetup()
 .text._Z16TIM4EncoderSetupv
                0x0800129c       0x50 ..\obj\tim.o
                0x0800129c                TIM4EncoderSetup()
 .text._Z16TIM2_ENCODER_IRQv
                0x080012ec       0x3c ..\obj\tim.o
                0x080012ec                TIM2_ENCODER_IRQ()
 .text._Z16TIM3_ENCODER_IRQv
                0x08001328       0x40 ..\obj\tim.o
                0x08001328                TIM3_ENCODER_IRQ()
 .text._Z16TIM4_ENCODER_IRQv
                0x08001368       0x40 ..\obj\tim.o
                0x08001368                TIM4_ENCODER_IRQ()
 .text._Z19TIM2_TIM_Update_IRQv
                0x080013a8       0x1c ..\obj\tim.o
                0x080013a8                TIM2_TIM_Update_IRQ()
 .text._Z19TIM3_TIM_Update_IRQv
                0x080013c4       0x1c ..\obj\tim.o
                0x080013c4                TIM3_TIM_Update_IRQ()
 .text._Z19TIM4_TIM_Update_IRQv
                0x080013e0       0x1c ..\obj\tim.o
                0x080013e0                TIM4_TIM_Update_IRQ()
 .text.TIM2_IRQHandler
                0x080013fc       0x54 ..\obj\tim.o
                0x080013fc                TIM2_IRQHandler
 .text.TIM3_IRQHandler
                0x08001450       0x50 ..\obj\tim.o
                0x08001450                TIM3_IRQHandler
 .text.TIM4_IRQHandler
                0x080014a0       0x50 ..\obj\tim.o
                0x080014a0                TIM4_IRQHandler
 .text.Default_Reset_Handler
                0x080014f0       0x60 ..\obj\startup_stm32f10x_md.o
                0x080014f0                Default_Reset_Handler
                0x080014f0                Reset_Handler
 .text.Default_Handler
                0x08001550        0x8 ..\obj\startup_stm32f10x_md.o
                0x08001550                EXTI2_IRQHandler
                0x08001550                DebugMon_Handler
                0x08001550                TIM1_CC_IRQHandler
                0x08001550                HardFault_Handler
                0x08001550                PVD_IRQHandler
                0x08001550                PendSV_Handler
                0x08001550                NMI_Handler
                0x08001550                EXTI3_IRQHandler
                0x08001550                EXTI0_IRQHandler
                0x08001550                I2C2_EV_IRQHandler
                0x08001550                UsageFault_Handler
                0x08001550                ADC1_2_IRQHandler
                0x08001550                TAMPER_IRQHandler
                0x08001550                DMA1_Channel4_IRQHandler
                0x08001550                RTC_IRQHandler
                0x08001550                DMA1_Channel7_IRQHandler
                0x08001550                I2C1_EV_IRQHandler
                0x08001550                DMA1_Channel6_IRQHandler
                0x08001550                RCC_IRQHandler
                0x08001550                TIM1_TRG_COM_IRQHandler
                0x08001550                DMA1_Channel1_IRQHandler
                0x08001550                EXTI15_10_IRQHandler
                0x08001550                EXTI9_5_IRQHandler
                0x08001550                SPI2_IRQHandler
                0x08001550                MemManage_Handler
                0x08001550                SVC_Handler
                0x08001550                DMA1_Channel5_IRQHandler
                0x08001550                EXTI4_IRQHandler
                0x08001550                USB_HP_CAN1_TX_IRQHandler
                0x08001550                DMA1_Channel3_IRQHandler
                0x08001550                WWDG_IRQHandler
                0x08001550                TIM1_BRK_IRQHandler
                0x08001550                EXTI1_IRQHandler
                0x08001550                RTCAlarm_IRQHandler
                0x08001550                I2C2_ER_IRQHandler
                0x08001550                DMA1_Channel2_IRQHandler
                0x08001550                CAN1_SCE_IRQHandler
                0x08001550                FLASH_IRQHandler
                0x08001550                BusFault_Handler
                0x08001550                I2C1_ER_IRQHandler
                0x08001550                USBWakeUp_IRQHandler
 .text.CAN_DeInit
                0x08001558       0x48 ..\obj\stm32f10x_can.o
                0x08001558                CAN_DeInit
 .text.CAN_Init
                0x080015a0      0x1a0 ..\obj\stm32f10x_can.o
                0x080015a0                CAN_Init
 .text.CAN_FilterInit
                0x08001740      0x174 ..\obj\stm32f10x_can.o
                0x08001740                CAN_FilterInit
 .text.CAN_StructInit
                0x080018b4       0x54 ..\obj\stm32f10x_can.o
                0x080018b4                CAN_StructInit
 .text.CAN_Transmit
                0x08001908      0x194 ..\obj\stm32f10x_can.o
                0x08001908                CAN_Transmit
 .text.CAN_Receive
                0x08001a9c      0x174 ..\obj\stm32f10x_can.o
                0x08001a9c                CAN_Receive
 .text.CAN_ITConfig
                0x08001c10       0x3c ..\obj\stm32f10x_can.o
                0x08001c10                CAN_ITConfig
 .text.GPIO_Init
                0x08001c4c      0x178 ..\obj\stm32f10x_gpio.o
                0x08001c4c                GPIO_Init
 .text.GPIO_StructInit
                0x08001dc4       0x28 ..\obj\stm32f10x_gpio.o
                0x08001dc4                GPIO_StructInit
 .text.GPIO_ReadInputDataBit
                0x08001dec       0x34 ..\obj\stm32f10x_gpio.o
                0x08001dec                GPIO_ReadInputDataBit
 .text.GPIO_WriteBit
                0x08001e20       0x30 ..\obj\stm32f10x_gpio.o
                0x08001e20                GPIO_WriteBit
 .text._ZN5MOTORC2Ev
                0x08001e50       0x1c ..\obj\main.o
                0x08001e50                MOTOR::MOTOR()
                0x08001e50                MOTOR::MOTOR()
 .text.main     0x08001e6c      0x5cc ..\obj\main.o
                0x08001e6c                main
 .text.USB_LP_CAN1_RX0_IRQHandler
                0x08002438       0x2c ..\obj\main.o
                0x08002438                USB_LP_CAN1_RX0_IRQHandler
 .text.CAN1_RX1_IRQHandler
                0x08002464       0x2c ..\obj\main.o
                0x08002464                CAN1_RX1_IRQHandler
 .text.TIM1_UP_IRQHandler
                0x08002490       0x34 ..\obj\main.o
                0x08002490                TIM1_UP_IRQHandler
 .text._Z41__static_initialization_and_destruction_0ii
                0x080024c4       0x38 ..\obj\main.o
 .text._GLOBAL__sub_I_rxFlag
                0x080024fc       0x10 ..\obj\main.o
 .text.NVIC_SetPriority
                0x0800250c       0x54 ..\obj\system.o
 .text.SysTick_Config
                0x08002560       0x44 ..\obj\system.o
 .text._Z5setupv
                0x080025a4       0x24 ..\obj\system.o
                0x080025a4                setup()
 .text.SysTick_Handler
                0x080025c8       0x38 ..\obj\system.o
                0x080025c8                SysTick_Handler
 .text._Z5delaym
                0x08002600       0x2c ..\obj\system.o
                0x08002600                delay(unsigned long)
 .text._Z9CAN1Setupv
                0x0800262c       0xb8 ..\obj\can.o
                0x0800262c                CAN1Setup()
 .text._Z8CAN1SendthPh
                0x080026e4       0x74 ..\obj\can.o
                0x080026e4                CAN1Send(unsigned short, unsigned char, unsigned char*)
 .text.RCC_GetClocksFreq
                0x08002758      0x160 ..\obj\stm32f10x_rcc.o
                0x08002758                RCC_GetClocksFreq
 .text.RCC_APB2PeriphClockCmd
                0x080028b8       0x3c ..\obj\stm32f10x_rcc.o
                0x080028b8                RCC_APB2PeriphClockCmd
 .text.RCC_APB1PeriphClockCmd
                0x080028f4       0x3c ..\obj\stm32f10x_rcc.o
                0x080028f4                RCC_APB1PeriphClockCmd
 .text.RCC_APB1PeriphResetCmd
                0x08002930       0x3c ..\obj\stm32f10x_rcc.o
                0x08002930                RCC_APB1PeriphResetCmd
 .text._ZN4GPIO5setupEP12GPIO_TypeDeft16GPIOMode_TypeDef
                0x0800296c       0x7c ..\obj\gpio.o
                0x0800296c                GPIO::setup(GPIO_TypeDef*, unsigned short, GPIOMode_TypeDef)
 .text._ZN4GPIO5writeE9BitAction
                0x080029e8       0x28 ..\obj\gpio.o
                0x080029e8                GPIO::write(BitAction)
 .text._ZN4GPIO4readEv
                0x08002a10       0x24 ..\obj\gpio.o
                0x08002a10                GPIO::read()
 .text.USART_Init
                0x08002a34      0x174 ..\obj\stm32f10x_usart.o
                0x08002a34                USART_Init
 .text.USART_StructInit
                0x08002ba8       0x38 ..\obj\stm32f10x_usart.o
                0x08002ba8                USART_StructInit
 .text.USART_Cmd
                0x08002be0       0x40 ..\obj\stm32f10x_usart.o
                0x08002be0                USART_Cmd
 .text.USART_ITConfig
                0x08002c20       0x90 ..\obj\stm32f10x_usart.o
                0x08002c20                USART_ITConfig
 .text.USART_SendData
                0x08002cb0       0x24 ..\obj\stm32f10x_usart.o
                0x08002cb0                USART_SendData
 .text.USART_ReceiveData
                0x08002cd4       0x20 ..\obj\stm32f10x_usart.o
                0x08002cd4                USART_ReceiveData
 .text.USART_GetITStatus
                0x08002cf4       0xb4 ..\obj\stm32f10x_usart.o
                0x08002cf4                USART_GetITStatus
 .text._sbrk    0x08002da8       0x3c ..\obj\syscalls.o
                0x08002da8                _sbrk
 .text.abort    0x08002de4        0x8 ..\obj\syscalls.o
                0x08002de4                abort
 .text._ZN5MOTOR5setupER3TIMS1_
                0x08002dec       0x24 ..\obj\app.o
                0x08002dec                MOTOR::setup(TIM&, TIM&)
 .text._ZN5MOTOR4dutyEl
                0x08002e10       0x7c ..\obj\app.o
                0x08002e10                MOTOR::duty(long)
 .text.NVIC_Init
                0x08002e8c       0xc4 ..\obj\misc.o
                0x08002e8c                NVIC_Init
 .text.SPI_I2S_GetITStatus
                0x08002f50       0x74 ..\obj\stm32f10x_spi.o
                0x08002f50                SPI_I2S_GetITStatus
 .text.SPI_I2S_ClearITPendingBit
                0x08002fc4       0x34 ..\obj\stm32f10x_spi.o
                0x08002fc4                SPI_I2S_ClearITPendingBit
 .text._ZN5USART4putsEPKc
                0x08002ff8       0x3c ..\obj\usart.o
                0x08002ff8                USART::puts(char const*)
 .text._ZN5USART6printfEPKcz
                0x08003034       0x40 ..\obj\usart.o
                0x08003034                USART::printf(char const*, ...)
 .text._ZN5USART5setupEP13USART_TypeDefm
                0x08003074       0xb0 ..\obj\usart.o
                0x08003074                USART::setup(USART_TypeDef*, unsigned long)
 .text._ZN5USART4sendEc
                0x08003124      0x17c ..\obj\usart.o
                0x08003124                USART::send(char)
 .text._Z11USART1Setupm
                0x080032a0       0x54 ..\obj\usart.o
                0x080032a0                USART1Setup(unsigned long)
 .text._Z11USART2Setupm
                0x080032f4       0x54 ..\obj\usart.o
                0x080032f4                USART2Setup(unsigned long)
 .text._Z11USART3Setupm
                0x08003348       0x54 ..\obj\usart.o
                0x08003348                USART3Setup(unsigned long)
 .text._Z13USART1ITSetupt
                0x0800339c       0x38 ..\obj\usart.o
                0x0800339c                USART1ITSetup(unsigned short)
 .text._Z13USART2ITSetupt
                0x080033d4       0x38 ..\obj\usart.o
                0x080033d4                USART2ITSetup(unsigned short)
 .text._Z13USART3ITSetupt
                0x0800340c       0x38 ..\obj\usart.o
                0x0800340c                USART3ITSetup(unsigned short)
 .text.USART1_IRQHandler
                0x08003444       0xe8 ..\obj\usart.o
                0x08003444                USART1_IRQHandler
 .text.USART2_IRQHandler
                0x0800352c       0xe8 ..\obj\usart.o
                0x0800352c                USART2_IRQHandler
 .text.USART3_IRQHandler
                0x08003614       0xe8 ..\obj\usart.o
                0x08003614                USART3_IRQHandler
 .text          0x080036fc       0x30 c:/program files (x86)/gnu tools arm embedded/5.4 2016q3/bin/../lib/gcc/arm-none-eabi/5.4.1/armv7-m\libgcc.a(_aeabi_uldivmod.o)
                0x080036fc                __aeabi_uldivmod
 .text          0x0800372c      0x2ec c:/program files (x86)/gnu tools arm embedded/5.4 2016q3/bin/../lib/gcc/arm-none-eabi/5.4.1/armv7-m\libgcc.a(_udivmoddi4.o)
                0x0800372c                __udivmoddi4
 .text          0x08003a18      0x9e4 c:/program files (x86)/gnu tools arm embedded/5.4 2016q3/bin/../lib/gcc/arm-none-eabi/5.4.1/armv7-m\libgcc.a(unwind-arm.o)
                0x08003cd8                _Unwind_GetCFA
                0x08003cdc                __gnu_Unwind_RaiseException
                0x08003d3c                __gnu_Unwind_ForcedUnwind
                0x08003d50                __gnu_Unwind_Resume
                0x08003d94                __gnu_Unwind_Resume_or_Rethrow
                0x08003da8                _Unwind_Complete
                0x08003dac                _Unwind_DeleteException
                0x08003db8                _Unwind_VRS_Get
                0x08003e04                _Unwind_VRS_Set
                0x08003e54                __gnu_Unwind_Backtrace
                0x080041a0                __aeabi_unwind_cpp_pr0
                0x080041a4                __aeabi_unwind_cpp_pr1
                0x080041a8                __aeabi_unwind_cpp_pr2
                0x080041ac                _Unwind_VRS_Pop
 .text          0x080043fc      0x1ac c:/program files (x86)/gnu tools arm embedded/5.4 2016q3/bin/../lib/gcc/arm-none-eabi/5.4.1/armv7-m\libgcc.a(libunwind.o)
                0x080043fc                __restore_core_regs
                0x080043fc                restore_core_regs
                0x08004414                __gnu_Unwind_Restore_VFP
                0x0800441c                __gnu_Unwind_Save_VFP
                0x08004424                __gnu_Unwind_Restore_VFP_D
                0x0800442c                __gnu_Unwind_Save_VFP_D
                0x08004434                __gnu_Unwind_Restore_VFP_D_16_to_31
                0x0800443c                __gnu_Unwind_Save_VFP_D_16_to_31
                0x08004444                __gnu_Unwind_Restore_WMMXD
                0x08004488                __gnu_Unwind_Save_WMMXD
                0x080044cc                __gnu_Unwind_Restore_WMMXC
                0x080044e0                __gnu_Unwind_Save_WMMXC
                0x080044f4                ___Unwind_RaiseException
                0x080044f4                _Unwind_RaiseException
                0x08004518                _Unwind_Resume
                0x08004518                ___Unwind_Resume
                0x0800453c                _Unwind_Resume_or_Rethrow
                0x0800453c                ___Unwind_Resume_or_Rethrow
                0x08004560                _Unwind_ForcedUnwind
                0x08004560                ___Unwind_ForcedUnwind
                0x08004584                ___Unwind_Backtrace
                0x08004584                _Unwind_Backtrace
 .text          0x080045a8      0x354 c:/program files (x86)/gnu tools arm embedded/5.4 2016q3/bin/../lib/gcc/arm-none-eabi/5.4.1/armv7-m\libgcc.a(pr-support.o)
                0x08004600                __gnu_unwind_execute
                0x080048a4                __gnu_unwind_frame
                0x080048cc                _Unwind_GetRegionStart
                0x080048d8                _Unwind_GetLanguageSpecificData
                0x080048ec                _Unwind_GetTextRelBase
                0x080048f4                _Unwind_GetDataRelBase
 .text          0x080048fc        0x4 c:/program files (x86)/gnu tools arm embedded/5.4 2016q3/bin/../lib/gcc/arm-none-eabi/5.4.1/armv7-m\libgcc.a(_dvmd_tls.o)
                0x080048fc                __aeabi_idiv0
                0x080048fc                __aeabi_ldiv0
 .text          0x08004900       0xec c:/program files (x86)/gnu tools arm embedded/5.4 2016q3/bin/../lib/gcc/arm-none-eabi/5.4.1/../../../../arm-none-eabi/lib/armv7-m\libc.a(lib_a-memcpy.o)
                0x08004900                memcpy
 .text._vsprintf_r
                0x080049ec       0x34 c:/program files (x86)/gnu tools arm embedded/5.4 2016q3/bin/../lib/gcc/arm-none-eabi/5.4.1/../../../../arm-none-eabi/lib/armv7-m\libc.a(lib_a-vsprintf.o)
                0x080049ec                _vsprintf_r
 .text.vsprintf
                0x08004a20       0x18 c:/program files (x86)/gnu tools arm embedded/5.4 2016q3/bin/../lib/gcc/arm-none-eabi/5.4.1/../../../../arm-none-eabi/lib/armv7-m\libc.a(lib_a-vsprintf.o)
                0x08004a20                vsprintf
 .text._svfprintf_r
                0x08004a38     0x1760 c:/program files (x86)/gnu tools arm embedded/5.4 2016q3/bin/../lib/gcc/arm-none-eabi/5.4.1/../../../../arm-none-eabi/lib/armv7-m\libc.a(lib_a-svfprintf.o)
                0x08004a38                _svfprintf_r
 .text.quorem   0x08006198      0x12c c:/program files (x86)/gnu tools arm embedded/5.4 2016q3/bin/../lib/gcc/arm-none-eabi/5.4.1/../../../../arm-none-eabi/lib/armv7-m\libc.a(lib_a-dtoa.o)
 *fill*         0x080062c4        0x4 
 .text._dtoa_r  0x080062c8      0xe4c c:/program files (x86)/gnu tools arm embedded/5.4 2016q3/bin/../lib/gcc/arm-none-eabi/5.4.1/../../../../arm-none-eabi/lib/armv7-m\libc.a(lib_a-dtoa.o)
                0x080062c8                _dtoa_r
 .text._localeconv_r
                0x08007114       0x1c c:/program files (x86)/gnu tools arm embedded/5.4 2016q3/bin/../lib/gcc/arm-none-eabi/5.4.1/../../../../arm-none-eabi/lib/armv7-m\libc.a(lib_a-localeconv.o)
                0x08007114                _localeconv_r
 .text._malloc_r
                0x08007130      0x558 c:/program files (x86)/gnu tools arm embedded/5.4 2016q3/bin/../lib/gcc/arm-none-eabi/5.4.1/../../../../arm-none-eabi/lib/armv7-m\libc.a(lib_a-mallocr.o)
                0x08007130                _malloc_r
 .text.memchr   0x08007688       0x8c c:/program files (x86)/gnu tools arm embedded/5.4 2016q3/bin/../lib/gcc/arm-none-eabi/5.4.1/../../../../arm-none-eabi/lib/armv7-m\libc.a(lib_a-memchr-stub.o)
                0x08007688                memchr
 .text.__malloc_lock
                0x08007714        0x4 c:/program files (x86)/gnu tools arm embedded/5.4 2016q3/bin/../lib/gcc/arm-none-eabi/5.4.1/../../../../arm-none-eabi/lib/armv7-m\libc.a(lib_a-mlock.o)
                0x08007714                __malloc_lock
 .text.__malloc_unlock
                0x08007718        0x4 c:/program files (x86)/gnu tools arm embedded/5.4 2016q3/bin/../lib/gcc/arm-none-eabi/5.4.1/../../../../arm-none-eabi/lib/armv7-m\libc.a(lib_a-mlock.o)
                0x08007718                __malloc_unlock
 .text._Balloc  0x0800771c       0x50 c:/program files (x86)/gnu tools arm embedded/5.4 2016q3/bin/../lib/gcc/arm-none-eabi/5.4.1/../../../../arm-none-eabi/lib/armv7-m\libc.a(lib_a-mprec.o)
                0x0800771c                _Balloc
 .text._Bfree   0x0800776c       0x14 c:/program files (x86)/gnu tools arm embedded/5.4 2016q3/bin/../lib/gcc/arm-none-eabi/5.4.1/../../../../arm-none-eabi/lib/armv7-m\libc.a(lib_a-mprec.o)
                0x0800776c                _Bfree
 .text.__multadd
                0x08007780       0x80 c:/program files (x86)/gnu tools arm embedded/5.4 2016q3/bin/../lib/gcc/arm-none-eabi/5.4.1/../../../../arm-none-eabi/lib/armv7-m\libc.a(lib_a-mprec.o)
                0x08007780                __multadd
 .text.__hi0bits
                0x08007800       0x40 c:/program files (x86)/gnu tools arm embedded/5.4 2016q3/bin/../lib/gcc/arm-none-eabi/5.4.1/../../../../arm-none-eabi/lib/armv7-m\libc.a(lib_a-mprec.o)
                0x08007800                __hi0bits
 .text.__lo0bits
                0x08007840       0x5c c:/program files (x86)/gnu tools arm embedded/5.4 2016q3/bin/../lib/gcc/arm-none-eabi/5.4.1/../../../../arm-none-eabi/lib/armv7-m\libc.a(lib_a-mprec.o)
                0x08007840                __lo0bits
 .text.__i2b    0x0800789c       0x14 c:/program files (x86)/gnu tools arm embedded/5.4 2016q3/bin/../lib/gcc/arm-none-eabi/5.4.1/../../../../arm-none-eabi/lib/armv7-m\libc.a(lib_a-mprec.o)
                0x0800789c                __i2b
 .text.__multiply
                0x080078b0      0x13c c:/program files (x86)/gnu tools arm embedded/5.4 2016q3/bin/../lib/gcc/arm-none-eabi/5.4.1/../../../../arm-none-eabi/lib/armv7-m\libc.a(lib_a-mprec.o)
                0x080078b0                __multiply
 .text.__pow5mult
                0x080079ec       0xa0 c:/program files (x86)/gnu tools arm embedded/5.4 2016q3/bin/../lib/gcc/arm-none-eabi/5.4.1/../../../../arm-none-eabi/lib/armv7-m\libc.a(lib_a-mprec.o)
                0x080079ec                __pow5mult
 .text.__lshift
                0x08007a8c       0xac c:/program files (x86)/gnu tools arm embedded/5.4 2016q3/bin/../lib/gcc/arm-none-eabi/5.4.1/../../../../arm-none-eabi/lib/armv7-m\libc.a(lib_a-mprec.o)
                0x08007a8c                __lshift
 .text.__mcmp   0x08007b38       0x40 c:/program files (x86)/gnu tools arm embedded/5.4 2016q3/bin/../lib/gcc/arm-none-eabi/5.4.1/../../../../arm-none-eabi/lib/armv7-m\libc.a(lib_a-mprec.o)
                0x08007b38                __mcmp
 .text.__mdiff  0x08007b78      0x128 c:/program files (x86)/gnu tools arm embedded/5.4 2016q3/bin/../lib/gcc/arm-none-eabi/5.4.1/../../../../arm-none-eabi/lib/armv7-m\libc.a(lib_a-mprec.o)
                0x08007b78                __mdiff
 .text.__d2b    0x08007ca0       0xa8 c:/program files (x86)/gnu tools arm embedded/5.4 2016q3/bin/../lib/gcc/arm-none-eabi/5.4.1/../../../../arm-none-eabi/lib/armv7-m\libc.a(lib_a-mprec.o)
                0x08007ca0                __d2b
 .text._sbrk_r  0x08007d48       0x24 c:/program files (x86)/gnu tools arm embedded/5.4 2016q3/bin/../lib/gcc/arm-none-eabi/5.4.1/../../../../arm-none-eabi/lib/armv7-m\libc.a(lib_a-sbrkr.o)
                0x08007d48                _sbrk_r
 .text.strlen   0x08007d6c       0x5c c:/program files (x86)/gnu tools arm embedded/5.4 2016q3/bin/../lib/gcc/arm-none-eabi/5.4.1/../../../../arm-none-eabi/lib/armv7-m\libc.a(lib_a-strlen-stub.o)
                0x08007d6c                strlen
 .text.__ssprint_r
                0x08007dc8      0x100 c:/program files (x86)/gnu tools arm embedded/5.4 2016q3/bin/../lib/gcc/arm-none-eabi/5.4.1/../../../../arm-none-eabi/lib/armv7-m\libc.a(lib_a-svfiprintf.o)
                0x08007dc8                __ssprint_r
 .text._calloc_r
                0x08007ec8       0x60 c:/program files (x86)/gnu tools arm embedded/5.4 2016q3/bin/../lib/gcc/arm-none-eabi/5.4.1/../../../../arm-none-eabi/lib/armv7-m\libc.a(lib_a-callocr.o)
                0x08007ec8                _calloc_r
 .text._malloc_trim_r
                0x08007f28       0x9c c:/program files (x86)/gnu tools arm embedded/5.4 2016q3/bin/../lib/gcc/arm-none-eabi/5.4.1/../../../../arm-none-eabi/lib/armv7-m\libc.a(lib_a-freer.o)
                0x08007f28                _malloc_trim_r
 .text._free_r  0x08007fc4      0x1d0 c:/program files (x86)/gnu tools arm embedded/5.4 2016q3/bin/../lib/gcc/arm-none-eabi/5.4.1/../../../../arm-none-eabi/lib/armv7-m\libc.a(lib_a-freer.o)
                0x08007fc4                _free_r
 .text.__ascii_mbtowc
                0x08008194       0x2c c:/program files (x86)/gnu tools arm embedded/5.4 2016q3/bin/../lib/gcc/arm-none-eabi/5.4.1/../../../../arm-none-eabi/lib/armv7-m\libc.a(lib_a-mbtowc_r.o)
                0x08008194                __ascii_mbtowc
 .text.memmove  0x080081c0       0xc8 c:/program files (x86)/gnu tools arm embedded/5.4 2016q3/bin/../lib/gcc/arm-none-eabi/5.4.1/../../../../arm-none-eabi/lib/armv7-m\libc.a(lib_a-memmove.o)
                0x080081c0                memmove
 .text.memset   0x08008288       0x9c c:/program files (x86)/gnu tools arm embedded/5.4 2016q3/bin/../lib/gcc/arm-none-eabi/5.4.1/../../../../arm-none-eabi/lib/armv7-m\libc.a(lib_a-memset.o)
                0x08008288                memset
 .text._realloc_r
                0x08008324      0x3d4 c:/program files (x86)/gnu tools arm embedded/5.4 2016q3/bin/../lib/gcc/arm-none-eabi/5.4.1/../../../../arm-none-eabi/lib/armv7-m\libc.a(lib_a-reallocr.o)
                0x08008324                _realloc_r
 .text.__ascii_wctomb
                0x080086f8       0x1c c:/program files (x86)/gnu tools arm embedded/5.4 2016q3/bin/../lib/gcc/arm-none-eabi/5.4.1/../../../../arm-none-eabi/lib/armv7-m\libc.a(lib_a-wctomb_r.o)
                0x080086f8                __ascii_wctomb
 .text          0x08008714      0x370 c:/program files (x86)/gnu tools arm embedded/5.4 2016q3/bin/../lib/gcc/arm-none-eabi/5.4.1/armv7-m\libgcc.a(_arm_addsubdf3.o)
                0x08008714                __aeabi_drsub
                0x0800871c                __aeabi_dsub
                0x0800871c                __subdf3
                0x08008720                __aeabi_dadd
                0x08008720                __adddf3
                0x08008998                __floatunsidf
                0x08008998                __aeabi_ui2d
                0x080089b8                __floatsidf
                0x080089b8                __aeabi_i2d
                0x080089dc                __aeabi_f2d
                0x080089dc                __extendsfdf2
                0x08008a18                __floatundidf
                0x08008a18                __aeabi_ul2d
                0x08008a28                __floatdidf
                0x08008a28                __aeabi_l2d
 .text          0x08008a84      0x424 c:/program files (x86)/gnu tools arm embedded/5.4 2016q3/bin/../lib/gcc/arm-none-eabi/5.4.1/armv7-m\libgcc.a(_arm_muldivdf3.o)
                0x08008a84                __aeabi_dmul
                0x08008a84                __muldf3
                0x08008cd8                __divdf3
                0x08008cd8                __aeabi_ddiv
 .text          0x08008ea8      0x110 c:/program files (x86)/gnu tools arm embedded/5.4 2016q3/bin/../lib/gcc/arm-none-eabi/5.4.1/armv7-m\libgcc.a(_arm_cmpdf2.o)
                0x08008ea8                __gtdf2
                0x08008ea8                __gedf2
                0x08008eb0                __ltdf2
                0x08008eb0                __ledf2
                0x08008eb8                __nedf2
                0x08008eb8                __eqdf2
                0x08008eb8                __cmpdf2
                0x08008f34                __aeabi_cdrcmple
                0x08008f44                __aeabi_cdcmpeq
                0x08008f44                __aeabi_cdcmple
                0x08008f54                __aeabi_dcmpeq
                0x08008f68                __aeabi_dcmplt
                0x08008f7c                __aeabi_dcmple
                0x08008f90                __aeabi_dcmpge
                0x08008fa4                __aeabi_dcmpgt
 .text          0x08008fb8       0x2c c:/program files (x86)/gnu tools arm embedded/5.4 2016q3/bin/../lib/gcc/arm-none-eabi/5.4.1/armv7-m\libgcc.a(_arm_unorddf2.o)
                0x08008fb8                __unorddf2
                0x08008fb8                __aeabi_dcmpun
 .text          0x08008fe4       0x50 c:/program files (x86)/gnu tools arm embedded/5.4 2016q3/bin/../lib/gcc/arm-none-eabi/5.4.1/armv7-m\libgcc.a(_arm_fixdfsi.o)
                0x08008fe4                __aeabi_d2iz
                0x08008fe4                __fixdfsi
 *(.init)
 *(.fini)
 *crtbegin.o(.ctors)
 *crtbegin?.o(.ctors)
 *(EXCLUDE_FILE(*crtend.o *crtend?.o) .ctors)
 *(SORT(.ctors.*))
 *(.ctors)
 *crtbegin.o(.dtors)
 *crtbegin?.o(.dtors)
 *(EXCLUDE_FILE(*crtend.o *crtend?.o) .dtors)
 *(SORT(.dtors.*))
 *(.dtors)
 *(.rodata*)
 .rodata        0x08009034       0xd6 ..\obj\main.o
 *fill*         0x0800910a        0x2 
 .rodata.zeroes.7256
                0x0800910c       0x10 c:/program files (x86)/gnu tools arm embedded/5.4 2016q3/bin/../lib/gcc/arm-none-eabi/5.4.1/../../../../arm-none-eabi/lib/armv7-m\libc.a(lib_a-svfprintf.o)
 .rodata.str1.4
                0x0800911c       0x42 c:/program files (x86)/gnu tools arm embedded/5.4 2016q3/bin/../lib/gcc/arm-none-eabi/5.4.1/../../../../arm-none-eabi/lib/armv7-m\libc.a(lib_a-svfprintf.o)
 *fill*         0x0800915e        0x2 
 .rodata.blanks.7255
                0x08009160       0x10 c:/program files (x86)/gnu tools arm embedded/5.4 2016q3/bin/../lib/gcc/arm-none-eabi/5.4.1/../../../../arm-none-eabi/lib/armv7-m\libc.a(lib_a-svfprintf.o)
 .rodata.str1.4
                0x08009170       0x10 c:/program files (x86)/gnu tools arm embedded/5.4 2016q3/bin/../lib/gcc/arm-none-eabi/5.4.1/../../../../arm-none-eabi/lib/armv7-m\libc.a(lib_a-dtoa.o)
                                 0x12 (size before relaxing)
 .rodata.__mprec_tens
                0x08009180       0xc8 c:/program files (x86)/gnu tools arm embedded/5.4 2016q3/bin/../lib/gcc/arm-none-eabi/5.4.1/../../../../arm-none-eabi/lib/armv7-m\libc.a(lib_a-mprec.o)
                0x08009180                __mprec_tens
 .rodata.p05.6085
                0x08009248        0xc c:/program files (x86)/gnu tools arm embedded/5.4 2016q3/bin/../lib/gcc/arm-none-eabi/5.4.1/../../../../arm-none-eabi/lib/armv7-m\libc.a(lib_a-mprec.o)
 *fill*         0x08009254        0x4 
 .rodata.__mprec_bigtens
                0x08009258       0x28 c:/program files (x86)/gnu tools arm embedded/5.4 2016q3/bin/../lib/gcc/arm-none-eabi/5.4.1/../../../../arm-none-eabi/lib/armv7-m\libc.a(lib_a-mprec.o)
                0x08009258                __mprec_bigtens
 .rodata.str1.4
                0x08009280       0x10 c:/program files (x86)/gnu tools arm embedded/5.4 2016q3/bin/../lib/gcc/arm-none-eabi/5.4.1/../../../../arm-none-eabi/lib/armv7-m\libc.a(lib_a-locale.o)
                                 0x12 (size before relaxing)
 .rodata._ctype_
                0x08009290      0x101 c:/program files (x86)/gnu tools arm embedded/5.4 2016q3/bin/../lib/gcc/arm-none-eabi/5.4.1/../../../../arm-none-eabi/lib/armv7-m\libc.a(lib_a-ctype_.o)
                0x08009290                _ctype_
 *(.eh_fram e*)

.glue_7         0x08009394        0x0
 .glue_7        0x08009394        0x0 linker stubs

.glue_7t        0x08009394        0x0
 .glue_7t       0x08009394        0x0 linker stubs

.vfp11_veneer   0x08009394        0x0
 .vfp11_veneer  0x08009394        0x0 linker stubs

.v4_bx          0x08009394        0x0
 .v4_bx         0x08009394        0x0 linker stubs

.iplt           0x08009394        0x0
 .iplt          0x08009394        0x0 ..\obj\spi.o

.ARM.extab      0x08009394      0x1ec
 *(.ARM.extab* .gnu.linkonce.armextab.*)
 .ARM.extab.text._ZN3TIM8pwmSetupEP11TIM_TypeDefttt
                0x08009394        0xc ..\obj\tim.o
 .ARM.extab.text._ZN3TIM12encoderSetupEP11TIM_TypeDef
                0x080093a0        0xc ..\obj\tim.o
 .ARM.extab.text._ZN3TIM10timerSetupEP11TIM_TypeDef
                0x080093ac        0xc ..\obj\tim.o
 .ARM.extab.text._Z9TIM1Setupt
                0x080093b8        0xc ..\obj\tim.o
 .ARM.extab.text._Z9TIM2Setupt
                0x080093c4        0xc ..\obj\tim.o
 .ARM.extab.text._Z9TIM3Setupt
                0x080093d0        0xc ..\obj\tim.o
 .ARM.extab.text._Z9TIM4Setupt
                0x080093dc        0xc ..\obj\tim.o
 .ARM.extab.text._Z11TIM1ITSetupt
                0x080093e8        0xc ..\obj\tim.o
 .ARM.extab.text._Z11TIM2ITSetupt
                0x080093f4        0xc ..\obj\tim.o
 .ARM.extab.text._Z11TIM3ITSetupt
                0x08009400        0xc ..\obj\tim.o
 .ARM.extab.text._Z11TIM4ITSetupt
                0x0800940c        0xc ..\obj\tim.o
 .ARM.extab.text._Z11OC1PWMSetupP11TIM_TypeDeft
                0x08009418        0xc ..\obj\tim.o
 .ARM.extab.text._Z11OC2PWMSetupP11TIM_TypeDeft
                0x08009424        0xc ..\obj\tim.o
 .ARM.extab.text._Z11OC3PWMSetupP11TIM_TypeDeft
                0x08009430        0xc ..\obj\tim.o
 .ARM.extab.text._Z11OC4PWMSetupP11TIM_TypeDeft
                0x0800943c        0xc ..\obj\tim.o
 .ARM.extab.text._Z16TIM1EncoderSetupv
                0x08009448        0xc ..\obj\tim.o
 .ARM.extab.text._Z16TIM2EncoderSetupv
                0x08009454        0xc ..\obj\tim.o
 .ARM.extab.text._Z16TIM3EncoderSetupv
                0x08009460        0xc ..\obj\tim.o
 .ARM.extab.text._Z16TIM4EncoderSetupv
                0x0800946c        0xc ..\obj\tim.o
 .ARM.extab.text._ZN5MOTORC2Ev
                0x08009478        0x0 ..\obj\main.o
 .ARM.extab.text.TIM1_UP_IRQHandler
                0x08009478        0xc ..\obj\main.o
 .ARM.extab.text._Z9CAN1Setupv
                0x08009484        0xc ..\obj\can.o
 .ARM.extab.text._Z8CAN1SendthPh
                0x08009490        0xc ..\obj\can.o
 .ARM.extab.text._ZN4GPIO5setupEP12GPIO_TypeDeft16GPIOMode_TypeDef
                0x0800949c        0xc ..\obj\gpio.o
 .ARM.extab.text._ZN4GPIO5writeE9BitAction
                0x080094a8        0xc ..\obj\gpio.o
 .ARM.extab.text._ZN4GPIO4readEv
                0x080094b4        0xc ..\obj\gpio.o
 .ARM.extab.text._ZN5MOTOR4dutyEl
                0x080094c0        0xc ..\obj\app.o
 .ARM.extab.text._ZN5USART4putsEPKc
                0x080094cc        0xc ..\obj\usart.o
 .ARM.extab.text._ZN5USART6printfEPKcz
                0x080094d8        0xc ..\obj\usart.o
 .ARM.extab.text._ZN5USART5setupEP13USART_TypeDefm
                0x080094e4        0xc ..\obj\usart.o
 .ARM.extab.text._ZN5USART4sendEc
                0x080094f0        0xc ..\obj\usart.o
 .ARM.extab.text._Z11USART1Setupm
                0x080094fc        0xc ..\obj\usart.o
 .ARM.extab.text._Z11USART2Setupm
                0x08009508        0xc ..\obj\usart.o
 .ARM.extab.text._Z11USART3Setupm
                0x08009514        0xc ..\obj\usart.o
 .ARM.extab.text._Z13USART1ITSetupt
                0x08009520        0xc ..\obj\usart.o
 .ARM.extab.text._Z13USART2ITSetupt
                0x0800952c        0xc ..\obj\usart.o
 .ARM.extab.text._Z13USART3ITSetupt
                0x08009538        0xc ..\obj\usart.o
 .ARM.extab.text.USART1_IRQHandler
                0x08009544        0xc ..\obj\usart.o
 .ARM.extab.text.USART2_IRQHandler
                0x08009550        0xc ..\obj\usart.o
 .ARM.extab.text.USART3_IRQHandler
                0x0800955c        0xc ..\obj\usart.o
 .ARM.extab     0x08009568       0x18 c:/program files (x86)/gnu tools arm embedded/5.4 2016q3/bin/../lib/gcc/arm-none-eabi/5.4.1/armv7-m\libgcc.a(pr-support.o)
                0x08009580                __exidx_start = .

.ARM.exidx      0x08009580      0x258
 *(.ARM.exidx* .gnu.linkonce.armexidx.*)
 .ARM.exidx.text.SPI1_IRQHandler
                0x08009580       0x10 ..\obj\spi.o
                                  0x8 (size before relaxing)
 .ARM.exidx.text._ZN3TIM8pwmSetupEP11TIM_TypeDefttt
                0x08009590        0x8 ..\obj\tim.o
 .ARM.exidx.text._ZN3TIM4dutyEt
                0x08009598        0x8 ..\obj\tim.o
 .ARM.exidx.text._ZN3TIM12encoderSetupEP11TIM_TypeDef
                0x080095a0        0x8 ..\obj\tim.o
 .ARM.exidx.text._ZN3TIM10timerSetupEP11TIM_TypeDef
                0x080095a8        0x8 ..\obj\tim.o
 .ARM.exidx.text._Z9TIM1Setupt
                0x080095b0        0x8 ..\obj\tim.o
 .ARM.exidx.text._Z9TIM2Setupt
                0x080095b8        0x8 ..\obj\tim.o
 .ARM.exidx.text._Z9TIM3Setupt
                0x080095c0        0x8 ..\obj\tim.o
 .ARM.exidx.text._Z9TIM4Setupt
                0x080095c8        0x8 ..\obj\tim.o
 .ARM.exidx.text._Z11TIM1ITSetupt
                0x080095d0        0x8 ..\obj\tim.o
 .ARM.exidx.text._Z11TIM2ITSetupt
                0x080095d8        0x8 ..\obj\tim.o
 .ARM.exidx.text._Z11TIM3ITSetupt
                0x080095e0        0x8 ..\obj\tim.o
 .ARM.exidx.text._Z11TIM4ITSetupt
                0x080095e8        0x8 ..\obj\tim.o
 .ARM.exidx.text._Z11OC1PWMSetupP11TIM_TypeDeft
                0x080095f0        0x8 ..\obj\tim.o
 .ARM.exidx.text._Z11OC2PWMSetupP11TIM_TypeDeft
                0x080095f8        0x8 ..\obj\tim.o
 .ARM.exidx.text._Z11OC3PWMSetupP11TIM_TypeDeft
                0x08009600        0x8 ..\obj\tim.o
 .ARM.exidx.text._Z11OC4PWMSetupP11TIM_TypeDeft
                0x08009608        0x8 ..\obj\tim.o
 .ARM.exidx.text._Z10OC1DutySetP11TIM_TypeDeft
                0x08009610        0x8 ..\obj\tim.o
 .ARM.exidx.text._Z10OC2DutySetP11TIM_TypeDeft
                0x08009618        0x0 ..\obj\tim.o
                                  0x8 (size before relaxing)
 .ARM.exidx.text._Z10OC3DutySetP11TIM_TypeDeft
                0x08009618        0x0 ..\obj\tim.o
                                  0x8 (size before relaxing)
 .ARM.exidx.text._Z10OC4DutySetP11TIM_TypeDeft
                0x08009618        0x0 ..\obj\tim.o
                                  0x8 (size before relaxing)
 .ARM.exidx.text._Z16TIM1EncoderSetupv
                0x08009618        0x8 ..\obj\tim.o
 .ARM.exidx.text._Z16TIM2EncoderSetupv
                0x08009620        0x8 ..\obj\tim.o
 .ARM.exidx.text._Z16TIM3EncoderSetupv
                0x08009628        0x8 ..\obj\tim.o
 .ARM.exidx.text._Z16TIM4EncoderSetupv
                0x08009630        0x8 ..\obj\tim.o
 .ARM.exidx.text._Z16TIM2_ENCODER_IRQv
                0x08009638        0x8 ..\obj\tim.o
 .ARM.exidx.text._Z16TIM3_ENCODER_IRQv
                0x08009640        0x0 ..\obj\tim.o
                                  0x8 (size before relaxing)
 .ARM.exidx.text._Z16TIM4_ENCODER_IRQv
                0x08009640        0x0 ..\obj\tim.o
                                  0x8 (size before relaxing)
 .ARM.exidx.text._Z19TIM2_TIM_Update_IRQv
                0x08009640        0x0 ..\obj\tim.o
                                  0x8 (size before relaxing)
 .ARM.exidx.text._Z19TIM3_TIM_Update_IRQv
                0x08009640        0x0 ..\obj\tim.o
                                  0x8 (size before relaxing)
 .ARM.exidx.text._Z19TIM4_TIM_Update_IRQv
                0x08009640        0x0 ..\obj\tim.o
                                  0x8 (size before relaxing)
 .ARM.exidx.text.TIM2_IRQHandler
                0x08009640        0x8 ..\obj\tim.o
 .ARM.exidx.text.TIM3_IRQHandler
                0x08009648        0x0 ..\obj\tim.o
                                  0x8 (size before relaxing)
 .ARM.exidx.text.TIM4_IRQHandler
                0x08009648        0x8 ..\obj\tim.o
 .ARM.exidx.text._ZN5MOTORC2Ev
                0x08009650        0x0 ..\obj\main.o
                                  0x8 (size before relaxing)
 .ARM.exidx.text.main
                0x08009650        0x8 ..\obj\main.o
 .ARM.exidx.text.USB_LP_CAN1_RX0_IRQHandler
                0x08009658        0x8 ..\obj\main.o
 .ARM.exidx.text.CAN1_RX1_IRQHandler
                0x08009660        0x0 ..\obj\main.o
                                  0x8 (size before relaxing)
 .ARM.exidx.text.TIM1_UP_IRQHandler
                0x08009660        0x8 ..\obj\main.o
 .ARM.exidx.text._Z41__static_initialization_and_destruction_0ii
                0x08009668        0x8 ..\obj\main.o
 .ARM.exidx.text._GLOBAL__sub_I_rxFlag
                0x08009670        0x0 ..\obj\main.o
                                  0x8 (size before relaxing)
 .ARM.exidx.text.NVIC_SetPriority
                0x08009670        0x0 ..\obj\system.o
                                  0x8 (size before relaxing)
 .ARM.exidx.text.SysTick_Config
                0x08009670        0x0 ..\obj\system.o
                                  0x8 (size before relaxing)
 .ARM.exidx.text._Z5setupv
                0x08009670        0x0 ..\obj\system.o
                                  0x8 (size before relaxing)
 .ARM.exidx.text.SysTick_Handler
                0x08009670        0x0 ..\obj\system.o
                                  0x8 (size before relaxing)
 .ARM.exidx.text._Z5delaym
                0x08009670        0x0 ..\obj\system.o
                                  0x8 (size before relaxing)
 .ARM.exidx.text._Z9CAN1Setupv
                0x08009670        0x8 ..\obj\can.o
 .ARM.exidx.text._Z8CAN1SendthPh
                0x08009678       0x10 ..\obj\can.o
                                  0x8 (size before relaxing)
 .ARM.exidx.text._ZN4GPIO5setupEP12GPIO_TypeDeft16GPIOMode_TypeDef
                0x08009688        0x8 ..\obj\gpio.o
 .ARM.exidx.text._ZN4GPIO5writeE9BitAction
                0x08009690        0x8 ..\obj\gpio.o
 .ARM.exidx.text._ZN4GPIO4readEv
                0x08009698       0x10 ..\obj\gpio.o
                                  0x8 (size before relaxing)
 .ARM.exidx.text._ZN5MOTOR5setupER3TIMS1_
                0x080096a8        0x0 ..\obj\app.o
                                  0x8 (size before relaxing)
 .ARM.exidx.text._ZN5MOTOR4dutyEl
                0x080096a8       0x10 ..\obj\app.o
                                  0x8 (size before relaxing)
 .ARM.exidx.text._ZN5USART4putsEPKc
                0x080096b8        0x8 ..\obj\usart.o
 .ARM.exidx.text._ZN5USART6printfEPKcz
                0x080096c0        0x8 ..\obj\usart.o
 .ARM.exidx.text._ZN5USART5setupEP13USART_TypeDefm
                0x080096c8        0x8 ..\obj\usart.o
 .ARM.exidx.text._ZN5USART4sendEc
                0x080096d0        0x8 ..\obj\usart.o
 .ARM.exidx.text._Z11USART1Setupm
                0x080096d8        0x8 ..\obj\usart.o
 .ARM.exidx.text._Z11USART2Setupm
                0x080096e0        0x8 ..\obj\usart.o
 .ARM.exidx.text._Z11USART3Setupm
                0x080096e8        0x8 ..\obj\usart.o
 .ARM.exidx.text._Z13USART1ITSetupt
                0x080096f0        0x8 ..\obj\usart.o
 .ARM.exidx.text._Z13USART2ITSetupt
                0x080096f8        0x8 ..\obj\usart.o
 .ARM.exidx.text._Z13USART3ITSetupt
                0x08009700        0x8 ..\obj\usart.o
 .ARM.exidx.text.USART1_IRQHandler
                0x08009708        0x8 ..\obj\usart.o
 .ARM.exidx.text.USART2_IRQHandler
                0x08009710        0x8 ..\obj\usart.o
 .ARM.exidx.text.USART3_IRQHandler
                0x08009718       0x10 ..\obj\usart.o
                                  0x8 (size before relaxing)
 .ARM.exidx     0x08009728        0x0 c:/program files (x86)/gnu tools arm embedded/5.4 2016q3/bin/../lib/gcc/arm-none-eabi/5.4.1/armv7-m\libgcc.a(_udivmoddi4.o)
                                  0x8 (size before relaxing)
 .ARM.exidx     0x08009728       0x78 c:/program files (x86)/gnu tools arm embedded/5.4 2016q3/bin/../lib/gcc/arm-none-eabi/5.4.1/armv7-m\libgcc.a(unwind-arm.o)
                                 0xd8 (size before relaxing)
 .ARM.exidx     0x080097a0       0x38 c:/program files (x86)/gnu tools arm embedded/5.4 2016q3/bin/../lib/gcc/arm-none-eabi/5.4.1/armv7-m\libgcc.a(pr-support.o)
                                 0x48 (size before relaxing)
                0x080097d8                __exidx_end = .
                0x080097d8                __etext = .
                0x080097d8                _sidata = __etext

.rel.dyn        0x080097d8        0x0
 .rel.iplt      0x080097d8        0x0 ..\obj\spi.o

.data           0x20000000      0x9dc load address 0x080097d8
                0x20000000                __data_start__ = .
                0x20000000                _sdata = __data_start__
 *(vtable)
 *(.data*)
 .data          0x20000000       0x14 ..\obj\system_stm32f10x.o
                0x20000000                SystemCoreClock
                0x20000004                AHBPrescTable
 .data          0x20000014       0x14 ..\obj\stm32f10x_rcc.o
 .data          0x20000028        0x6 ..\obj\usart.o
                0x20000028                USART::usart1RxAddress
                0x2000002a                USART::usart2RxAddress
                0x2000002c                USART::usart3RxAddress
 *fill*         0x2000002e        0x2 
 .data.impure_data
                0x20000030      0x428 c:/program files (x86)/gnu tools arm embedded/5.4 2016q3/bin/../lib/gcc/arm-none-eabi/5.4.1/../../../../arm-none-eabi/lib/armv7-m\libc.a(lib_a-impure.o)
 .data._impure_ptr
                0x20000458        0x4 c:/program files (x86)/gnu tools arm embedded/5.4 2016q3/bin/../lib/gcc/arm-none-eabi/5.4.1/../../../../arm-none-eabi/lib/armv7-m\libc.a(lib_a-impure.o)
                0x20000458                _impure_ptr
 .data.__malloc_av_
                0x2000045c      0x408 c:/program files (x86)/gnu tools arm embedded/5.4 2016q3/bin/../lib/gcc/arm-none-eabi/5.4.1/../../../../arm-none-eabi/lib/armv7-m\libc.a(lib_a-mallocr.o)
                0x2000045c                __malloc_av_
 .data.__malloc_trim_threshold
                0x20000864        0x4 c:/program files (x86)/gnu tools arm embedded/5.4 2016q3/bin/../lib/gcc/arm-none-eabi/5.4.1/../../../../arm-none-eabi/lib/armv7-m\libc.a(lib_a-mallocr.o)
                0x20000864                __malloc_trim_threshold
 .data.__malloc_sbrk_base
                0x20000868        0x4 c:/program files (x86)/gnu tools arm embedded/5.4 2016q3/bin/../lib/gcc/arm-none-eabi/5.4.1/../../../../arm-none-eabi/lib/armv7-m\libc.a(lib_a-mallocr.o)
                0x20000868                __malloc_sbrk_base
 .data.__global_locale
                0x2000086c      0x16c c:/program files (x86)/gnu tools arm embedded/5.4 2016q3/bin/../lib/gcc/arm-none-eabi/5.4.1/../../../../arm-none-eabi/lib/armv7-m\libc.a(lib_a-locale.o)
                0x2000086c                __global_locale
                0x200009d8                . = ALIGN (0x4)
                [!provide]                PROVIDE (__preinit_array_start, .)
 *(.preinit_array)
                [!provide]                PROVIDE (__preinit_array_end, .)
                0x200009d8                . = ALIGN (0x4)
                [!provide]                PROVIDE (__init_array_start, .)
 *(SORT(.init_array.*))
 *(.init_array)
 .init_array    0x200009d8        0x4 ..\obj\main.o
                [!provide]                PROVIDE (__init_array_end, .)
                0x200009dc                . = ALIGN (0x4)
                [!provide]                PROVIDE (__fini_array_start, .)
 *(SORT(.fini_array.*))
 *(.fini_array)
                [!provide]                PROVIDE (__fini_array_end, .)
 *(.jcr*)
                0x200009dc                . = ALIGN (0x4)
                0x200009dc                __data_end__ = .
                0x200009dc                _edata = __data_end__

.igot.plt       0x200009dc        0x0 load address 0x0800a1b4
 .igot.plt      0x200009dc        0x0 ..\obj\spi.o

.bss            0x200009e0      0x59c load address 0x0800a1b8
                0x200009e0                . = ALIGN (0x4)
                0x200009e0                __bss_start__ = .
                0x200009e0                _sbss = __bss_start__
 *(.bss*)
 .bss           0x200009e0       0x20 ..\obj\tim.o
                0x200009e0                TIM::tim1_mode
                0x200009e4                TIM::tim2_mode
                0x200009e8                TIM::tim3_mode
                0x200009ec                TIM::tim4_mode
                0x200009f0                TIM::tim1Cnt
                0x200009f4                TIM::tim2Cnt
                0x200009f8                TIM::tim3Cnt
                0x200009fc                TIM::tim4Cnt
 .bss           0x20000a00      0x214 ..\obj\main.o
                0x20000a00                rxFlag
                0x20000a02                encOld
                0x20000a04                encPwm
                0x20000a08                canData
                0x20000a10                canAddress
                0x20000a18                intervalTimer
                0x20000a20                timCnt
                0x20000a28                RxMessage
                0x20000a3c                encAa
                0x20000a48                encAb
                0x20000a54                encBa
                0x20000a60                encBb
                0x20000a6c                sw1
                0x20000a78                sw2
                0x20000a84                buzzer
                0x20000a90                ledA
                0x20000a9c                ledB
                0x20000aa8                sel1
                0x20000ab4                sel2
                0x20000ac0                sel4
                0x20000acc                sel8
                0x20000ad8                motorEN
                0x20000ae4                limitA1
                0x20000af0                limitA2
                0x20000afc                limitB1
                0x20000b08                limitB2
                0x20000b14                usartTX
                0x20000b20                usartRX
                0x20000b2c                canTX
                0x20000b38                canRX
                0x20000b44                io0
                0x20000b50                io1
                0x20000b5c                io2
                0x20000b68                io3
                0x20000b74                pinPwmA
                0x20000b80                pinPwmAN
                0x20000b8c                pinPwmB
                0x20000b98                pinPwmBN
                0x20000ba4                timer
                0x20000bb0                pwmA
                0x20000bbc                pwmAN
                0x20000bc8                pwmB
                0x20000bd4                pwmBN
                0x20000be0                encA
                0x20000bec                encB
                0x20000bf8                serial
                0x20000bfc                motorA
                0x20000c08                motorB
 *fill*         0x20000c14        0x4 
 .bss           0x20000c18       0x10 ..\obj\system.o
 .bss           0x20000c28        0x4 ..\obj\syscalls.o
 .bss           0x20000c2c      0x318 ..\obj\usart.o
                0x20000c2c                USART::usart1RxBuffer
                0x20000cac                USART::usart1ReadAddress
                0x20000cb0                USART::usart2RxBuffer
                0x20000d30                USART::usart2ReadAddress
                0x20000d34                USART::usart3RxBuffer
                0x20000db4                USART::usart3ReadAddress
                0x20000db8                USART::usart1TxBuffer
                0x20000e38                USART::usart1TxSendAddress
                0x20000e3a                USART::usart1TxWriteAddress
                0x20000e3c                USART::usart2TxBuffer
                0x20000ebc                USART::usart2TxSendAddress
                0x20000ebe                USART::usart2TxWriteAddress
                0x20000ec0                USART::usart3TxBuffer
                0x20000f40                USART::usart3TxSendAddress
                0x20000f42                USART::usart3TxWriteAddress
 .bss.__malloc_max_total_mem
                0x20000f44        0x4 c:/program files (x86)/gnu tools arm embedded/5.4 2016q3/bin/../lib/gcc/arm-none-eabi/5.4.1/../../../../arm-none-eabi/lib/armv7-m\libc.a(lib_a-mallocr.o)
                0x20000f44                __malloc_max_total_mem
 .bss.__malloc_max_sbrked_mem
                0x20000f48        0x4 c:/program files (x86)/gnu tools arm embedded/5.4 2016q3/bin/../lib/gcc/arm-none-eabi/5.4.1/../../../../arm-none-eabi/lib/armv7-m\libc.a(lib_a-mallocr.o)
                0x20000f48                __malloc_max_sbrked_mem
 .bss.__malloc_top_pad
                0x20000f4c        0x4 c:/program files (x86)/gnu tools arm embedded/5.4 2016q3/bin/../lib/gcc/arm-none-eabi/5.4.1/../../../../arm-none-eabi/lib/armv7-m\libc.a(lib_a-mallocr.o)
                0x20000f4c                __malloc_top_pad
 .bss.__malloc_current_mallinfo
                0x20000f50       0x28 c:/program files (x86)/gnu tools arm embedded/5.4 2016q3/bin/../lib/gcc/arm-none-eabi/5.4.1/../../../../arm-none-eabi/lib/armv7-m\libc.a(lib_a-mallocr.o)
                0x20000f50                __malloc_current_mallinfo
 *(COMMON)
 COMMON         0x20000f78        0x4 c:/program files (x86)/gnu tools arm embedded/5.4 2016q3/bin/../lib/gcc/arm-none-eabi/5.4.1/../../../../arm-none-eabi/lib/armv7-m\libc.a(lib_a-reent.o)
                0x20000f78                errno
                0x20000f7c                . = ALIGN (0x4)
                0x20000f7c                __bss_end__ = .
                0x20000f7c                _ebss = __bss_end__

.heap           0x20000f7c        0x0
                0x20000f7c                __end__ = .
                0x20000f7c                _end = __end__
                0x20000f7c                end = __end__
 *(.heap*)
                0x20000f7c                __HeapLimit = .

.co_stack       0x20000f7c      0x404 load address 0x0800a754
                0x20000f80                . = ALIGN (0x8)
 *fill*         0x20000f7c        0x4 
 *(.co_stack .co_stack.*)
 .co_stack      0x20000f80      0x400 ..\obj\startup_stm32f10x_md.o
                0x20000f80                pulStack
                0x20005000                __StackTop = (ORIGIN (ram) + LENGTH (ram))
                0x20004bfc                __StackLimit = (__StackTop - SIZEOF (.co_stack))
                [!provide]                PROVIDE (__stack, __StackTop)
                0x00000001                ASSERT ((__StackLimit >= __HeapLimit), region ram  overflowed with stack)
LOAD ..\obj\spi.o
LOAD ..\obj\stm32f10x_tim.o
LOAD ..\obj\system_stm32f10x.o
LOAD ..\obj\tim.o
LOAD ..\obj\startup_stm32f10x_md.o
LOAD ..\obj\stm32f10x_can.o
LOAD ..\obj\stm32f10x_gpio.o
LOAD ..\obj\main.o
LOAD ..\obj\system.o
LOAD ..\obj\can.o
LOAD ..\obj\stm32f10x_rcc.o
LOAD ..\obj\gpio.o
LOAD ..\obj\stm32f10x_exti.o
LOAD ..\obj\stm32f10x_adc.o
LOAD ..\obj\remap.o
LOAD ..\obj\stm32f10x_usart.o
LOAD ..\obj\syscalls.o
LOAD ..\obj\adc.o
LOAD ..\obj\app.o
LOAD ..\obj\misc.o
LOAD ..\obj\stm32f10x_spi.o
LOAD ..\obj\usart.o
LOAD c:/program files (x86)/gnu tools arm embedded/5.4 2016q3/bin/../lib/gcc/arm-none-eabi/5.4.1/../../../../arm-none-eabi/lib/armv7-m\libm.a
LOAD c:/program files (x86)/gnu tools arm embedded/5.4 2016q3/bin/../lib/gcc/arm-none-eabi/5.4.1/armv7-m\libgcc.a
LOAD c:/program files (x86)/gnu tools arm embedded/5.4 2016q3/bin/../lib/gcc/arm-none-eabi/5.4.1/../../../../arm-none-eabi/lib/armv7-m\libc.a
LOAD c:/program files (x86)/gnu tools arm embedded/5.4 2016q3/bin/../lib/gcc/arm-none-eabi/5.4.1/../../../../arm-none-eabi/lib/armv7-m\libstdc++.a
START GROUP
LOAD c:/program files (x86)/gnu tools arm embedded/5.4 2016q3/bin/../lib/gcc/arm-none-eabi/5.4.1/armv7-m\libgcc.a
LOAD c:/program files (x86)/gnu tools arm embedded/5.4 2016q3/bin/../lib/gcc/arm-none-eabi/5.4.1/../../../../arm-none-eabi/lib/armv7-m\libg.a
LOAD c:/program files (x86)/gnu tools arm embedded/5.4 2016q3/bin/../lib/gcc/arm-none-eabi/5.4.1/../../../../arm-none-eabi/lib/armv7-m\libc.a
END GROUP
OUTPUT(F103_48.elf elf32-littlearm)

.debug_info     0x00000000     0xa2ee
 .debug_info    0x00000000      0x494 ..\obj\spi.o
 .debug_info    0x00000494     0x1c60 ..\obj\stm32f10x_tim.o
 .debug_info    0x000020f4      0x49c ..\obj\system_stm32f10x.o
 .debug_info    0x00002590      0xffc ..\obj\tim.o
 .debug_info    0x0000358c      0x101 ..\obj\startup_stm32f10x_md.o
 .debug_info    0x0000368d      0xba4 ..\obj\stm32f10x_can.o
 .debug_info    0x00004231      0x6f6 ..\obj\stm32f10x_gpio.o
 .debug_info    0x00004927     0x113b ..\obj\main.o
 .debug_info    0x00005a62      0x660 ..\obj\system.o
 .debug_info    0x000060c2      0x73e ..\obj\can.o
 .debug_info    0x00006800      0x8a3 ..\obj\stm32f10x_rcc.o
 .debug_info    0x000070a3      0x4d0 ..\obj\gpio.o
 .debug_info    0x00007573      0x9f0 ..\obj\stm32f10x_usart.o
 .debug_info    0x00007f63      0x458 ..\obj\syscalls.o
 .debug_info    0x000083bb      0x626 ..\obj\app.o
 .debug_info    0x000089e1      0x556 ..\obj\misc.o
 .debug_info    0x00008f37      0x8fb ..\obj\stm32f10x_spi.o
 .debug_info    0x00009832      0xabc ..\obj\usart.o

.debug_abbrev   0x00000000     0x1e69
 .debug_abbrev  0x00000000      0x129 ..\obj\spi.o
 .debug_abbrev  0x00000129      0x1b2 ..\obj\stm32f10x_tim.o
 .debug_abbrev  0x000002db      0x14e ..\obj\system_stm32f10x.o
 .debug_abbrev  0x00000429      0x2a2 ..\obj\tim.o
 .debug_abbrev  0x000006cb       0xae ..\obj\startup_stm32f10x_md.o
 .debug_abbrev  0x00000779      0x1f5 ..\obj\stm32f10x_can.o
 .debug_abbrev  0x0000096e      0x1cc ..\obj\stm32f10x_gpio.o
 .debug_abbrev  0x00000b3a      0x2db ..\obj\main.o
 .debug_abbrev  0x00000e15      0x1dc ..\obj\system.o
 .debug_abbrev  0x00000ff1      0x179 ..\obj\can.o
 .debug_abbrev  0x0000116a      0x1bc ..\obj\stm32f10x_rcc.o
 .debug_abbrev  0x00001326      0x1ca ..\obj\gpio.o
 .debug_abbrev  0x000014f0      0x164 ..\obj\stm32f10x_usart.o
 .debug_abbrev  0x00001654       0xe5 ..\obj\syscalls.o
 .debug_abbrev  0x00001739      0x1ba ..\obj\app.o
 .debug_abbrev  0x000018f3      0x147 ..\obj\misc.o
 .debug_abbrev  0x00001a3a      0x180 ..\obj\stm32f10x_spi.o
 .debug_abbrev  0x00001bba      0x2af ..\obj\usart.o

.debug_aranges  0x00000000      0xbf0
 .debug_aranges
                0x00000000       0x28 ..\obj\spi.o
 .debug_aranges
                0x00000028      0x2f0 ..\obj\stm32f10x_tim.o
 .debug_aranges
                0x00000318       0x38 ..\obj\system_stm32f10x.o
 .debug_aranges
                0x00000350      0x180 ..\obj\tim.o
 .debug_aranges
                0x000004d0       0x28 ..\obj\startup_stm32f10x_md.o
 .debug_aranges
                0x000004f8       0xe0 ..\obj\stm32f10x_can.o
 .debug_aranges
                0x000005d8       0xa8 ..\obj\stm32f10x_gpio.o
 .debug_aranges
                0x00000680       0x50 ..\obj\main.o
 .debug_aranges
                0x000006d0       0x50 ..\obj\system.o
 .debug_aranges
                0x00000720       0x28 ..\obj\can.o
 .debug_aranges
                0x00000748      0x118 ..\obj\stm32f10x_rcc.o
 .debug_aranges
                0x00000860       0x58 ..\obj\gpio.o
 .debug_aranges
                0x000008b8      0x100 ..\obj\stm32f10x_usart.o
 .debug_aranges
                0x000009b8       0x60 ..\obj\syscalls.o
 .debug_aranges
                0x00000a18       0x30 ..\obj\app.o
 .debug_aranges
                0x00000a48       0x40 ..\obj\misc.o
 .debug_aranges
                0x00000a88       0xd0 ..\obj\stm32f10x_spi.o
 .debug_aranges
                0x00000b58       0x98 ..\obj\usart.o

.debug_ranges   0x00000000      0xad0
 .debug_ranges  0x00000000       0x18 ..\obj\spi.o
 .debug_ranges  0x00000018      0x2e0 ..\obj\stm32f10x_tim.o
 .debug_ranges  0x000002f8       0x28 ..\obj\system_stm32f10x.o
 .debug_ranges  0x00000320      0x170 ..\obj\tim.o
 .debug_ranges  0x00000490       0x18 ..\obj\startup_stm32f10x_md.o
 .debug_ranges  0x000004a8       0xd0 ..\obj\stm32f10x_can.o
 .debug_ranges  0x00000578       0x98 ..\obj\stm32f10x_gpio.o
 .debug_ranges  0x00000610       0x40 ..\obj\main.o
 .debug_ranges  0x00000650       0x40 ..\obj\system.o
 .debug_ranges  0x00000690       0x18 ..\obj\can.o
 .debug_ranges  0x000006a8      0x108 ..\obj\stm32f10x_rcc.o
 .debug_ranges  0x000007b0       0x48 ..\obj\gpio.o
 .debug_ranges  0x000007f8       0xf0 ..\obj\stm32f10x_usart.o
 .debug_ranges  0x000008e8       0x50 ..\obj\syscalls.o
 .debug_ranges  0x00000938       0x20 ..\obj\app.o
 .debug_ranges  0x00000958       0x30 ..\obj\misc.o
 .debug_ranges  0x00000988       0xc0 ..\obj\stm32f10x_spi.o
 .debug_ranges  0x00000a48       0x88 ..\obj\usart.o

.debug_line     0x00000000     0x4819
 .debug_line    0x00000000      0x29d ..\obj\spi.o
 .debug_line    0x0000029d      0xb98 ..\obj\stm32f10x_tim.o
 .debug_line    0x00000e35      0x246 ..\obj\system_stm32f10x.o
 .debug_line    0x0000107b      0x6c4 ..\obj\tim.o
 .debug_line    0x0000173f       0xb3 ..\obj\startup_stm32f10x_md.o
 .debug_line    0x000017f2      0x5b2 ..\obj\stm32f10x_can.o
 .debug_line    0x00001da4      0x418 ..\obj\stm32f10x_gpio.o
 .debug_line    0x000021bc      0x390 ..\obj\main.o
 .debug_line    0x0000254c      0x279 ..\obj\system.o
 .debug_line    0x000027c5      0x276 ..\obj\can.o
 .debug_line    0x00002a3b      0x513 ..\obj\stm32f10x_rcc.o
 .debug_line    0x00002f4e      0x309 ..\obj\gpio.o
 .debug_line    0x00003257      0x4fa ..\obj\stm32f10x_usart.o
 .debug_line    0x00003751      0x1ff ..\obj\syscalls.o
 .debug_line    0x00003950      0x261 ..\obj\app.o
 .debug_line    0x00003bb1      0x28b ..\obj\misc.o
 .debug_line    0x00003e3c      0x475 ..\obj\stm32f10x_spi.o
 .debug_line    0x000042b1      0x568 ..\obj\usart.o

.debug_str      0x00000000     0x3f38
 .debug_str     0x00000000      0x672 ..\obj\spi.o
                                0x70f (size before relaxing)
 .debug_str     0x00000672      0xbd6 ..\obj\stm32f10x_tim.o
                                0xdf6 (size before relaxing)
 .debug_str     0x00001248      0x175 ..\obj\system_stm32f10x.o
                                0x308 (size before relaxing)
 .debug_str     0x000013bd      0x854 ..\obj\tim.o
                               0x106a (size before relaxing)
 .debug_str     0x00001c11       0xce ..\obj\startup_stm32f10x_md.o
                                0x165 (size before relaxing)
 .debug_str     0x00001cdf      0x4ae ..\obj\stm32f10x_can.o
                                0x747 (size before relaxing)
 .debug_str     0x0000218d      0x344 ..\obj\stm32f10x_gpio.o
                                0x532 (size before relaxing)
 .debug_str     0x000024d1      0x5a8 ..\obj\main.o
                                0xc26 (size before relaxing)
 .debug_str     0x00002a79      0x133 ..\obj\system.o
                                0x676 (size before relaxing)
 .debug_str     0x00002bac       0xd6 ..\obj\can.o
                                0x8cd (size before relaxing)
 .debug_str     0x00002c82      0x3df ..\obj\stm32f10x_rcc.o
                                0x633 (size before relaxing)
 .debug_str     0x00003061      0x12d ..\obj\gpio.o
                                0x51f (size before relaxing)
 .debug_str     0x0000318e      0x41b ..\obj\stm32f10x_usart.o
                                0x6a9 (size before relaxing)
 .debug_str     0x000035a9      0x18f ..\obj\syscalls.o
                                0x352 (size before relaxing)
 .debug_str     0x00003738       0x65 ..\obj\app.o
                                0x52e (size before relaxing)
 .debug_str     0x0000379d      0x11c ..\obj\misc.o
                                0x3d7 (size before relaxing)
 .debug_str     0x000038b9      0x2d6 ..\obj\stm32f10x_spi.o
                                0x616 (size before relaxing)
 .debug_str     0x00003b8f      0x3a9 ..\obj\usart.o
                                0xc2b (size before relaxing)

.comment        0x00000000       0x6e
 .comment       0x00000000       0x6e ..\obj\spi.o
                                 0x6f (size before relaxing)
 .comment       0x0000006e       0x6f ..\obj\stm32f10x_tim.o
 .comment       0x0000006e       0x6f ..\obj\system_stm32f10x.o
 .comment       0x0000006e       0x6f ..\obj\tim.o
 .comment       0x0000006e       0x6f ..\obj\startup_stm32f10x_md.o
 .comment       0x0000006e       0x6f ..\obj\stm32f10x_can.o
 .comment       0x0000006e       0x6f ..\obj\stm32f10x_gpio.o
 .comment       0x0000006e       0x6f ..\obj\main.o
 .comment       0x0000006e       0x6f ..\obj\system.o
 .comment       0x0000006e       0x6f ..\obj\can.o
 .comment       0x0000006e       0x6f ..\obj\stm32f10x_rcc.o
 .comment       0x0000006e       0x6f ..\obj\gpio.o
 .comment       0x0000006e       0x6f ..\obj\stm32f10x_usart.o
 .comment       0x0000006e       0x6f ..\obj\syscalls.o
 .comment       0x0000006e       0x6f ..\obj\app.o
 .comment       0x0000006e       0x6f ..\obj\misc.o
 .comment       0x0000006e       0x6f ..\obj\stm32f10x_spi.o
 .comment       0x0000006e       0x6f ..\obj\usart.o

.ARM.attributes
                0x00000000       0x31
 .ARM.attributes
                0x00000000       0x33 ..\obj\spi.o
 .ARM.attributes
                0x00000033       0x33 ..\obj\stm32f10x_tim.o
 .ARM.attributes
                0x00000066       0x33 ..\obj\system_stm32f10x.o
 .ARM.attributes
                0x00000099       0x33 ..\obj\tim.o
 .ARM.attributes
                0x000000cc       0x33 ..\obj\startup_stm32f10x_md.o
 .ARM.attributes
                0x000000ff       0x33 ..\obj\stm32f10x_can.o
 .ARM.attributes
                0x00000132       0x33 ..\obj\stm32f10x_gpio.o
 .ARM.attributes
                0x00000165       0x33 ..\obj\main.o
 .ARM.attributes
                0x00000198       0x33 ..\obj\system.o
 .ARM.attributes
                0x000001cb       0x33 ..\obj\can.o
 .ARM.attributes
                0x000001fe       0x33 ..\obj\stm32f10x_rcc.o
 .ARM.attributes
                0x00000231       0x33 ..\obj\gpio.o
 .ARM.attributes
                0x00000264       0x33 ..\obj\stm32f10x_usart.o
 .ARM.attributes
                0x00000297       0x33 ..\obj\syscalls.o
 .ARM.attributes
                0x000002ca       0x33 ..\obj\app.o
 .ARM.attributes
                0x000002fd       0x33 ..\obj\misc.o
 .ARM.attributes
                0x00000330       0x33 ..\obj\stm32f10x_spi.o
 .ARM.attributes
                0x00000363       0x33 ..\obj\usart.o
 .ARM.attributes
                0x00000396       0x1d c:/program files (x86)/gnu tools arm embedded/5.4 2016q3/bin/../lib/gcc/arm-none-eabi/5.4.1/armv7-m\libgcc.a(_aeabi_uldivmod.o)
 .ARM.attributes
                0x000003b3       0x2d c:/program files (x86)/gnu tools arm embedded/5.4 2016q3/bin/../lib/gcc/arm-none-eabi/5.4.1/armv7-m\libgcc.a(_udivmoddi4.o)
 .ARM.attributes
                0x000003e0       0x1d c:/program files (x86)/gnu tools arm embedded/5.4 2016q3/bin/../lib/gcc/arm-none-eabi/5.4.1/armv7-m\libgcc.a(_dvmd_tls.o)
 .ARM.attributes
                0x000003fd       0x1b c:/program files (x86)/gnu tools arm embedded/5.4 2016q3/bin/../lib/gcc/arm-none-eabi/5.4.1/../../../../arm-none-eabi/lib/armv7-m\libc.a(lib_a-memcpy.o)
 .ARM.attributes
                0x00000418       0x2d c:/program files (x86)/gnu tools arm embedded/5.4 2016q3/bin/../lib/gcc/arm-none-eabi/5.4.1/../../../../arm-none-eabi/lib/armv7-m\libc.a(lib_a-vsprintf.o)
 .ARM.attributes
                0x00000445       0x2d c:/program files (x86)/gnu tools arm embedded/5.4 2016q3/bin/../lib/gcc/arm-none-eabi/5.4.1/../../../../arm-none-eabi/lib/armv7-m\libc.a(lib_a-impure.o)
 .ARM.attributes
                0x00000472       0x2d c:/program files (x86)/gnu tools arm embedded/5.4 2016q3/bin/../lib/gcc/arm-none-eabi/5.4.1/../../../../arm-none-eabi/lib/armv7-m\libc.a(lib_a-svfprintf.o)
 .ARM.attributes
                0x0000049f       0x2d c:/program files (x86)/gnu tools arm embedded/5.4 2016q3/bin/../lib/gcc/arm-none-eabi/5.4.1/../../../../arm-none-eabi/lib/armv7-m\libc.a(lib_a-dtoa.o)
 .ARM.attributes
                0x000004cc       0x2d c:/program files (x86)/gnu tools arm embedded/5.4 2016q3/bin/../lib/gcc/arm-none-eabi/5.4.1/../../../../arm-none-eabi/lib/armv7-m\libc.a(lib_a-localeconv.o)
 .ARM.attributes
                0x000004f9       0x2d c:/program files (x86)/gnu tools arm embedded/5.4 2016q3/bin/../lib/gcc/arm-none-eabi/5.4.1/../../../../arm-none-eabi/lib/armv7-m\libc.a(lib_a-mallocr.o)
 .ARM.attributes
                0x00000526       0x2d c:/program files (x86)/gnu tools arm embedded/5.4 2016q3/bin/../lib/gcc/arm-none-eabi/5.4.1/../../../../arm-none-eabi/lib/armv7-m\libc.a(lib_a-memchr-stub.o)
 .ARM.attributes
                0x00000553       0x2d c:/program files (x86)/gnu tools arm embedded/5.4 2016q3/bin/../lib/gcc/arm-none-eabi/5.4.1/../../../../arm-none-eabi/lib/armv7-m\libc.a(lib_a-mlock.o)
 .ARM.attributes
                0x00000580       0x2d c:/program files (x86)/gnu tools arm embedded/5.4 2016q3/bin/../lib/gcc/arm-none-eabi/5.4.1/../../../../arm-none-eabi/lib/armv7-m\libc.a(lib_a-mprec.o)
 .ARM.attributes
                0x000005ad       0x2d c:/program files (x86)/gnu tools arm embedded/5.4 2016q3/bin/../lib/gcc/arm-none-eabi/5.4.1/../../../../arm-none-eabi/lib/armv7-m\libc.a(lib_a-sbrkr.o)
 .ARM.attributes
                0x000005da       0x2d c:/program files (x86)/gnu tools arm embedded/5.4 2016q3/bin/../lib/gcc/arm-none-eabi/5.4.1/../../../../arm-none-eabi/lib/armv7-m\libc.a(lib_a-strlen-stub.o)
 .ARM.attributes
                0x00000607       0x2d c:/program files (x86)/gnu tools arm embedded/5.4 2016q3/bin/../lib/gcc/arm-none-eabi/5.4.1/../../../../arm-none-eabi/lib/armv7-m\libc.a(lib_a-svfiprintf.o)
 .ARM.attributes
                0x00000634       0x2d c:/program files (x86)/gnu tools arm embedded/5.4 2016q3/bin/../lib/gcc/arm-none-eabi/5.4.1/../../../../arm-none-eabi/lib/armv7-m\libc.a(lib_a-callocr.o)
 .ARM.attributes
                0x00000661       0x2d c:/program files (x86)/gnu tools arm embedded/5.4 2016q3/bin/../lib/gcc/arm-none-eabi/5.4.1/../../../../arm-none-eabi/lib/armv7-m\libc.a(lib_a-freer.o)
 .ARM.attributes
                0x0000068e       0x2d c:/program files (x86)/gnu tools arm embedded/5.4 2016q3/bin/../lib/gcc/arm-none-eabi/5.4.1/../../../../arm-none-eabi/lib/armv7-m\libc.a(lib_a-locale.o)
 .ARM.attributes
                0x000006bb       0x2d c:/program files (x86)/gnu tools arm embedded/5.4 2016q3/bin/../lib/gcc/arm-none-eabi/5.4.1/../../../../arm-none-eabi/lib/armv7-m\libc.a(lib_a-mbtowc_r.o)
 .ARM.attributes
                0x000006e8       0x2d c:/program files (x86)/gnu tools arm embedded/5.4 2016q3/bin/../lib/gcc/arm-none-eabi/5.4.1/../../../../arm-none-eabi/lib/armv7-m\libc.a(lib_a-memmove.o)
 .ARM.attributes
                0x00000715       0x2d c:/program files (x86)/gnu tools arm embedded/5.4 2016q3/bin/../lib/gcc/arm-none-eabi/5.4.1/../../../../arm-none-eabi/lib/armv7-m\libc.a(lib_a-memset.o)
 .ARM.attributes
                0x00000742       0x2d c:/program files (x86)/gnu tools arm embedded/5.4 2016q3/bin/../lib/gcc/arm-none-eabi/5.4.1/../../../../arm-none-eabi/lib/armv7-m\libc.a(lib_a-reallocr.o)
 .ARM.attributes
                0x0000076f       0x2d c:/program files (x86)/gnu tools arm embedded/5.4 2016q3/bin/../lib/gcc/arm-none-eabi/5.4.1/../../../../arm-none-eabi/lib/armv7-m\libc.a(lib_a-reent.o)
 .ARM.attributes
                0x0000079c       0x2d c:/program files (x86)/gnu tools arm embedded/5.4 2016q3/bin/../lib/gcc/arm-none-eabi/5.4.1/../../../../arm-none-eabi/lib/armv7-m\libc.a(lib_a-wctomb_r.o)
 .ARM.attributes
                0x000007c9       0x2d c:/program files (x86)/gnu tools arm embedded/5.4 2016q3/bin/../lib/gcc/arm-none-eabi/5.4.1/../../../../arm-none-eabi/lib/armv7-m\libc.a(lib_a-ctype_.o)
 .ARM.attributes
                0x000007f6       0x1d c:/program files (x86)/gnu tools arm embedded/5.4 2016q3/bin/../lib/gcc/arm-none-eabi/5.4.1/armv7-m\libgcc.a(_arm_addsubdf3.o)
 .ARM.attributes
                0x00000813       0x1d c:/program files (x86)/gnu tools arm embedded/5.4 2016q3/bin/../lib/gcc/arm-none-eabi/5.4.1/armv7-m\libgcc.a(_arm_muldivdf3.o)
 .ARM.attributes
                0x00000830       0x1d c:/program files (x86)/gnu tools arm embedded/5.4 2016q3/bin/../lib/gcc/arm-none-eabi/5.4.1/armv7-m\libgcc.a(_arm_cmpdf2.o)
 .ARM.attributes
                0x0000084d       0x1d c:/program files (x86)/gnu tools arm embedded/5.4 2016q3/bin/../lib/gcc/arm-none-eabi/5.4.1/armv7-m\libgcc.a(_arm_unorddf2.o)
 .ARM.attributes
                0x0000086a       0x1d c:/program files (x86)/gnu tools arm embedded/5.4 2016q3/bin/../lib/gcc/arm-none-eabi/5.4.1/armv7-m\libgcc.a(_arm_fixdfsi.o)

.debug_frame    0x00000000     0x3a70
 .debug_frame   0x00000000       0x50 ..\obj\spi.o
 .debug_frame   0x00000050      0xe2c ..\obj\stm32f10x_tim.o
 .debug_frame   0x00000e7c       0x98 ..\obj\system_stm32f10x.o
 .debug_frame   0x00000f14      0x61c ..\obj\tim.o
 .debug_frame   0x00001530       0x4c ..\obj\startup_stm32f10x_md.o
 .debug_frame   0x0000157c      0x3f0 ..\obj\stm32f10x_can.o
 .debug_frame   0x0000196c      0x2d0 ..\obj\stm32f10x_gpio.o
 .debug_frame   0x00001c3c       0xf4 ..\obj\main.o
 .debug_frame   0x00001d30      0x108 ..\obj\system.o
 .debug_frame   0x00001e38       0x58 ..\obj\can.o
 .debug_frame   0x00001e90      0x4f4 ..\obj\stm32f10x_rcc.o
 .debug_frame   0x00002384      0x128 ..\obj\gpio.o
 .debug_frame   0x000024ac      0x490 ..\obj\stm32f10x_usart.o
 .debug_frame   0x0000293c      0x168 ..\obj\syscalls.o
 .debug_frame   0x00002aa4       0x80 ..\obj\app.o
 .debug_frame   0x00002b24       0xd8 ..\obj\misc.o
 .debug_frame   0x00002bfc      0x3a0 ..\obj\stm32f10x_spi.o
 .debug_frame   0x00002f9c      0x27c ..\obj\usart.o
 .debug_frame   0x00003218       0x2c c:/program files (x86)/gnu tools arm embedded/5.4 2016q3/bin/../lib/gcc/arm-none-eabi/5.4.1/armv7-m\libgcc.a(_aeabi_uldivmod.o)
 .debug_frame   0x00003244       0x38 c:/program files (x86)/gnu tools arm embedded/5.4 2016q3/bin/../lib/gcc/arm-none-eabi/5.4.1/armv7-m\libgcc.a(_udivmoddi4.o)
 .debug_frame   0x0000327c       0x50 c:/program files (x86)/gnu tools arm embedded/5.4 2016q3/bin/../lib/gcc/arm-none-eabi/5.4.1/../../../../arm-none-eabi/lib/armv7-m\libc.a(lib_a-vsprintf.o)
 .debug_frame   0x000032cc       0x44 c:/program files (x86)/gnu tools arm embedded/5.4 2016q3/bin/../lib/gcc/arm-none-eabi/5.4.1/../../../../arm-none-eabi/lib/armv7-m\libc.a(lib_a-svfprintf.o)
 .debug_frame   0x00003310       0x84 c:/program files (x86)/gnu tools arm embedded/5.4 2016q3/bin/../lib/gcc/arm-none-eabi/5.4.1/../../../../arm-none-eabi/lib/armv7-m\libc.a(lib_a-dtoa.o)
 .debug_frame   0x00003394       0x40 c:/program files (x86)/gnu tools arm embedded/5.4 2016q3/bin/../lib/gcc/arm-none-eabi/5.4.1/../../../../arm-none-eabi/lib/armv7-m\libc.a(lib_a-localeconv.o)
 .debug_frame   0x000033d4       0x54 c:/program files (x86)/gnu tools arm embedded/5.4 2016q3/bin/../lib/gcc/arm-none-eabi/5.4.1/../../../../arm-none-eabi/lib/armv7-m\libc.a(lib_a-mallocr.o)
 .debug_frame   0x00003428       0x34 c:/program files (x86)/gnu tools arm embedded/5.4 2016q3/bin/../lib/gcc/arm-none-eabi/5.4.1/../../../../arm-none-eabi/lib/armv7-m\libc.a(lib_a-memchr-stub.o)
 .debug_frame   0x0000345c       0x30 c:/program files (x86)/gnu tools arm embedded/5.4 2016q3/bin/../lib/gcc/arm-none-eabi/5.4.1/../../../../arm-none-eabi/lib/armv7-m\libc.a(lib_a-mlock.o)
 .debug_frame   0x0000348c      0x264 c:/program files (x86)/gnu tools arm embedded/5.4 2016q3/bin/../lib/gcc/arm-none-eabi/5.4.1/../../../../arm-none-eabi/lib/armv7-m\libc.a(lib_a-mprec.o)
 .debug_frame   0x000036f0       0x2c c:/program files (x86)/gnu tools arm embedded/5.4 2016q3/bin/../lib/gcc/arm-none-eabi/5.4.1/../../../../arm-none-eabi/lib/armv7-m\libc.a(lib_a-sbrkr.o)
 .debug_frame   0x0000371c       0x20 c:/program files (x86)/gnu tools arm embedded/5.4 2016q3/bin/../lib/gcc/arm-none-eabi/5.4.1/../../../../arm-none-eabi/lib/armv7-m\libc.a(lib_a-strlen-stub.o)
 .debug_frame   0x0000373c       0x78 c:/program files (x86)/gnu tools arm embedded/5.4 2016q3/bin/../lib/gcc/arm-none-eabi/5.4.1/../../../../arm-none-eabi/lib/armv7-m\libc.a(lib_a-svfiprintf.o)
 .debug_frame   0x000037b4       0x28 c:/program files (x86)/gnu tools arm embedded/5.4 2016q3/bin/../lib/gcc/arm-none-eabi/5.4.1/../../../../arm-none-eabi/lib/armv7-m\libc.a(lib_a-callocr.o)
 .debug_frame   0x000037dc       0x74 c:/program files (x86)/gnu tools arm embedded/5.4 2016q3/bin/../lib/gcc/arm-none-eabi/5.4.1/../../../../arm-none-eabi/lib/armv7-m\libc.a(lib_a-freer.o)
 .debug_frame   0x00003850       0x84 c:/program files (x86)/gnu tools arm embedded/5.4 2016q3/bin/../lib/gcc/arm-none-eabi/5.4.1/../../../../arm-none-eabi/lib/armv7-m\libc.a(lib_a-locale.o)
 .debug_frame   0x000038d4       0x4c c:/program files (x86)/gnu tools arm embedded/5.4 2016q3/bin/../lib/gcc/arm-none-eabi/5.4.1/../../../../arm-none-eabi/lib/armv7-m\libc.a(lib_a-mbtowc_r.o)
 .debug_frame   0x00003920       0x30 c:/program files (x86)/gnu tools arm embedded/5.4 2016q3/bin/../lib/gcc/arm-none-eabi/5.4.1/../../../../arm-none-eabi/lib/armv7-m\libc.a(lib_a-memmove.o)
 .debug_frame   0x00003950       0x34 c:/program files (x86)/gnu tools arm embedded/5.4 2016q3/bin/../lib/gcc/arm-none-eabi/5.4.1/../../../../arm-none-eabi/lib/armv7-m\libc.a(lib_a-memset.o)
 .debug_frame   0x00003984       0x58 c:/program files (x86)/gnu tools arm embedded/5.4 2016q3/bin/../lib/gcc/arm-none-eabi/5.4.1/../../../../arm-none-eabi/lib/armv7-m\libc.a(lib_a-reallocr.o)
 .debug_frame   0x000039dc       0x58 c:/program files (x86)/gnu tools arm embedded/5.4 2016q3/bin/../lib/gcc/arm-none-eabi/5.4.1/../../../../arm-none-eabi/lib/armv7-m\libc.a(lib_a-reent.o)
 .debug_frame   0x00003a34       0x3c c:/program files (x86)/gnu tools arm embedded/5.4 2016q3/bin/../lib/gcc/arm-none-eabi/5.4.1/../../../../arm-none-eabi/lib/armv7-m\libc.a(lib_a-wctomb_r.o)
