Archive member included to satisfy reference by file (symbol)

c:/program files (x86)/gnu tools arm embedded/5.4 2016q3/bin/../lib/gcc/arm-none-eabi/5.4.1/armv7-m\libgcc.a(_aeabi_uldivmod.o)
                              ..\obj\system.o (__aeabi_uldivmod)
c:/program files (x86)/gnu tools arm embedded/5.4 2016q3/bin/../lib/gcc/arm-none-eabi/5.4.1/armv7-m\libgcc.a(_udivmoddi4.o)
                              c:/program files (x86)/gnu tools arm embedded/5.4 2016q3/bin/../lib/gcc/arm-none-eabi/5.4.1/armv7-m\libgcc.a(_aeabi_uldivmod.o) (__udivmoddi4)
c:/program files (x86)/gnu tools arm embedded/5.4 2016q3/bin/../lib/gcc/arm-none-eabi/5.4.1/armv7-m\libgcc.a(unwind-arm.o)
                              ..\obj\spi.o (__aeabi_unwind_cpp_pr0)
c:/program files (x86)/gnu tools arm embedded/5.4 2016q3/bin/../lib/gcc/arm-none-eabi/5.4.1/armv7-m\libgcc.a(libunwind.o)
                              c:/program files (x86)/gnu tools arm embedded/5.4 2016q3/bin/../lib/gcc/arm-none-eabi/5.4.1/armv7-m\libgcc.a(unwind-arm.o) (restore_core_regs)
c:/program files (x86)/gnu tools arm embedded/5.4 2016q3/bin/../lib/gcc/arm-none-eabi/5.4.1/armv7-m\libgcc.a(pr-support.o)
                              c:/program files (x86)/gnu tools arm embedded/5.4 2016q3/bin/../lib/gcc/arm-none-eabi/5.4.1/armv7-m\libgcc.a(unwind-arm.o) (__gnu_unwind_execute)
c:/program files (x86)/gnu tools arm embedded/5.4 2016q3/bin/../lib/gcc/arm-none-eabi/5.4.1/armv7-m\libgcc.a(_dvmd_tls.o)
                              c:/program files (x86)/gnu tools arm embedded/5.4 2016q3/bin/../lib/gcc/arm-none-eabi/5.4.1/armv7-m\libgcc.a(_aeabi_uldivmod.o) (__aeabi_ldiv0)
c:/program files (x86)/gnu tools arm embedded/5.4 2016q3/bin/../lib/gcc/arm-none-eabi/5.4.1/../../../../arm-none-eabi/lib/armv7-m\libc.a(lib_a-memcpy.o)
                              c:/program files (x86)/gnu tools arm embedded/5.4 2016q3/bin/../lib/gcc/arm-none-eabi/5.4.1/armv7-m\libgcc.a(unwind-arm.o) (memcpy)
c:/program files (x86)/gnu tools arm embedded/5.4 2016q3/bin/../lib/gcc/arm-none-eabi/5.4.1/../../../../arm-none-eabi/lib/armv7-m\libc.a(lib_a-vsprintf.o)
                              ..\obj\usart.o (vsprintf)
c:/program files (x86)/gnu tools arm embedded/5.4 2016q3/bin/../lib/gcc/arm-none-eabi/5.4.1/../../../../arm-none-eabi/lib/armv7-m\libc.a(lib_a-impure.o)
                              c:/program files (x86)/gnu tools arm embedded/5.4 2016q3/bin/../lib/gcc/arm-none-eabi/5.4.1/../../../../arm-none-eabi/lib/armv7-m\libc.a(lib_a-vsprintf.o) (_impure_ptr)
c:/program files (x86)/gnu tools arm embedded/5.4 2016q3/bin/../lib/gcc/arm-none-eabi/5.4.1/../../../../arm-none-eabi/lib/armv7-m\libc.a(lib_a-svfprintf.o)
                              c:/program files (x86)/gnu tools arm embedded/5.4 2016q3/bin/../lib/gcc/arm-none-eabi/5.4.1/../../../../arm-none-eabi/lib/armv7-m\libc.a(lib_a-vsprintf.o) (_svfprintf_r)
c:/program files (x86)/gnu tools arm embedded/5.4 2016q3/bin/../lib/gcc/arm-none-eabi/5.4.1/../../../../arm-none-eabi/lib/armv7-m\libc.a(lib_a-dtoa.o)
                              c:/program files (x86)/gnu tools arm embedded/5.4 2016q3/bin/../lib/gcc/arm-none-eabi/5.4.1/../../../../arm-none-eabi/lib/armv7-m\libc.a(lib_a-svfprintf.o) (_dtoa_r)
c:/program files (x86)/gnu tools arm embedded/5.4 2016q3/bin/../lib/gcc/arm-none-eabi/5.4.1/../../../../arm-none-eabi/lib/armv7-m\libc.a(lib_a-localeconv.o)
                              c:/program files (x86)/gnu tools arm embedded/5.4 2016q3/bin/../lib/gcc/arm-none-eabi/5.4.1/../../../../arm-none-eabi/lib/armv7-m\libc.a(lib_a-svfprintf.o) (_localeconv_r)
c:/program files (x86)/gnu tools arm embedded/5.4 2016q3/bin/../lib/gcc/arm-none-eabi/5.4.1/../../../../arm-none-eabi/lib/armv7-m\libc.a(lib_a-mallocr.o)
                              c:/program files (x86)/gnu tools arm embedded/5.4 2016q3/bin/../lib/gcc/arm-none-eabi/5.4.1/../../../../arm-none-eabi/lib/armv7-m\libc.a(lib_a-svfprintf.o) (_malloc_r)
c:/program files (x86)/gnu tools arm embedded/5.4 2016q3/bin/../lib/gcc/arm-none-eabi/5.4.1/../../../../arm-none-eabi/lib/armv7-m\libc.a(lib_a-memchr-stub.o)
                              c:/program files (x86)/gnu tools arm embedded/5.4 2016q3/bin/../lib/gcc/arm-none-eabi/5.4.1/../../../../arm-none-eabi/lib/armv7-m\libc.a(lib_a-svfprintf.o) (memchr)
c:/program files (x86)/gnu tools arm embedded/5.4 2016q3/bin/../lib/gcc/arm-none-eabi/5.4.1/../../../../arm-none-eabi/lib/armv7-m\libc.a(lib_a-mlock.o)
                              c:/program files (x86)/gnu tools arm embedded/5.4 2016q3/bin/../lib/gcc/arm-none-eabi/5.4.1/../../../../arm-none-eabi/lib/armv7-m\libc.a(lib_a-mallocr.o) (__malloc_lock)
c:/program files (x86)/gnu tools arm embedded/5.4 2016q3/bin/../lib/gcc/arm-none-eabi/5.4.1/../../../../arm-none-eabi/lib/armv7-m\libc.a(lib_a-mprec.o)
                              c:/program files (x86)/gnu tools arm embedded/5.4 2016q3/bin/../lib/gcc/arm-none-eabi/5.4.1/../../../../arm-none-eabi/lib/armv7-m\libc.a(lib_a-dtoa.o) (_Balloc)
[...]
Memory Configuration

Name             Origin             Length             Attributes
rom              0x08000000         0x00010000         xr
ram              0x20000000         0x00005000         xrw
*default*        0x00000000         0xffffffff

Linker script and memory map

                0x20005000                _eram = 0x20005000

.text           0x08000000     0x9141
 *(.isr_vector)
 .isr_vector    0x08000000      0x10c ..\obj\startup_stm32f10x_md.o
                0x08000000                g_pfnVectors
 *(.text*)
 .text.SPI1_IRQHandler
                0x0800010c       0x50 ..\obj\spi.o
                0x0800010c                SPI1_IRQHandler
 .text.TIM_TimeBaseInit
                0x0800015c       0xf8 ..\obj\stm32f10x_tim.o
                0x0800015c                TIM_TimeBaseInit
 .text.TIM_OC1Init
                0x08000254      0x118 ..\obj\stm32f10x_tim.o
                0x08000254                TIM_OC1Init
 .text.TIM_OC2Init
                0x0800036c      0x110 ..\obj\stm32f10x_tim.o
                0x0800036c                TIM_OC2Init
 .text.TIM_OC3Init
                0x0800047c      0x10c ..\obj\stm32f10x_tim.o
                0x0800047c                TIM_OC3Init
 .text.TIM_OC4Init
                0x08000588       0xd0 ..\obj\stm32f10x_tim.o
                0x08000588                TIM_OC4Init
 .text.TIM_BDTRConfig
                0x08000658       0x50 ..\obj\stm32f10x_tim.o
                0x08000658                TIM_BDTRConfig
 .text.TIM_TimeBaseStructInit
                0x080006a8       0x34 ..\obj\stm32f10x_tim.o
                0x080006a8                TIM_TimeBaseStructInit
 .text.TIM_OCStructInit
                0x080006dc       0x44 ..\obj\stm32f10x_tim.o
                0x080006dc                TIM_OCStructInit
 .text.TIM_BDTRStructInit
                0x08000720       0x3c ..\obj\stm32f10x_tim.o
                0x08000720                TIM_BDTRStructInit
 .text.TIM_Cmd  0x0800075c       0x40 ..\obj\stm32f10x_tim.o
                0x0800075c                TIM_Cmd
 .text.TIM_ITConfig
                0x0800079c       0x48 ..\obj\stm32f10x_tim.o
                0x0800079c                TIM_ITConfig
 .text.TIM_EncoderInterfaceConfig
                0x080007e4       0x98 ..\obj\stm32f10x_tim.o
                0x080007e4                TIM_EncoderInterfaceConfig
 .text.TIM_ARRPreloadConfig
                0x0800087c       0x40 ..\obj\stm32f10x_tim.o
                0x0800087c                TIM_ARRPreloadConfig
 .text.TIM_ClearITPendingBit
                0x080008bc       0x20 ..\obj\stm32f10x_tim.o
                0x080008bc                TIM_ClearITPendingBit
 .text.SystemInit
                0x080008dc       0x68 ..\obj\system_stm32f10x.o
                0x080008dc                SystemInit
 .text.SetSysClock
                0x08000944        0xc ..\obj\system_stm32f10x.o
 .text.SetSysClockTo72
                0x08000950      0x100 ..\obj\system_stm32f10x.o
 .text._ZN3TIM8pwmSetupEP11TIM_TypeDefttt
                0x08000a50      0x138 ..\obj\tim.o
                0x08000a50                TIM::pwmSetup(TIM_TypeDef*, unsigned short, unsigned short, unsigned short)
 .text._ZN3TIM4dutyEt
                0x08000b88      0x110 ..\obj\tim.o
                0x08000b88                TIM::duty(unsigned short)
 .text._ZN3TIM12encoderSetupEP11TIM_TypeDef
                0x08000c98       0x8c ..\obj\tim.o
                0x08000c98                TIM::encoderSetup(TIM_TypeDef*)
 .text._ZN3TIM10timerSetupEP11TIM_TypeDef
                0x08000d24       0xb4 ..\obj\tim.o
                0x08000d24                TIM::timerSetup(TIM_TypeDef*)
 .text._Z9TIM1Setupt
                0x08000dd8       0x78 ..\obj\tim.o
                0x08000dd8                TIM1Setup(unsigned short)
 .text._Z9TIM2Setupt
                0x08000e50       0x40 ..\obj\tim.o
                0x08000e50                TIM2Setup(unsigned short)
 .text._Z9TIM3Setupt
                0x08000e90       0x40 ..\obj\tim.o
                0x08000e90                TIM3Setup(unsigned short)
 .text._Z9TIM4Setupt
                0x08000ed0       0x40 ..\obj\tim.o
                0x08000ed0                TIM4Setup(unsigned short)
 .text._Z11TIM1ITSetupt
                0x08000f10       0x3c ..\obj\tim.o
                0x08000f10                TIM1ITSetup(unsigned short)
 .text._Z11TIM2ITSetupt
                0x08000f4c       0x3c ..\obj\tim.o
                0x08000f4c                TIM2ITSetup(unsigned short)
 .text._Z11TIM3ITSetupt
                0x08000f88       0x3c ..\obj\tim.o
                0x08000f88                TIM3ITSetup(unsigned short)
 .text._Z11TIM4ITSetupt
                0x08000fc4       0x3c ..\obj\tim.o
                0x08000fc4                TIM4ITSetup(unsigned short)
 .text._Z11OC1PWMSetupP11TIM_TypeDeft
                0x08001000       0x4c ..\obj\tim.o
                0x08001000                OC1PWMSetup(TIM_TypeDef*, unsigned short)
 .text._Z11OC2PWMSetupP11TIM_TypeDeft
                0x0800104c       0x4c ..\obj\tim.o
                0x0800104c                OC2PWMSetup(TIM_TypeDef*, unsigned short)
 .text._Z11OC3PWMSetupP11TIM_TypeDeft
                0x08001098       0x4c ..\obj\tim.o
                0x08001098                OC3PWMSetup(TIM_TypeDef*, unsigned short)
 .text._Z11OC4PWMSetupP11TIM_TypeDeft
                0x080010e4       0x4c ..\obj\tim.o
                0x080010e4                OC4PWMSetup(TIM_TypeDef*, unsigned short)
 .text._Z10OC1DutySetP11TIM_TypeDeft
                0x08001130       0x1c ..\obj\tim.o
                0x08001130                OC1DutySet(TIM_TypeDef*, unsigned short)
 .text._Z10OC2DutySetP11TIM_TypeDeft
                0x0800114c       0x1c ..\obj\tim.o
                0x0800114c                OC2DutySet(TIM_TypeDef*, unsigned short)
 .text._Z10OC3DutySetP11TIM_TypeDeft
                0x08001168       0x1c ..\obj\tim.o
                0x08001168                OC3DutySet(TIM_TypeDef*, unsigned short)
 .text._Z10OC4DutySetP11TIM_TypeDeft
                0x08001184       0x20 ..\obj\tim.o
                0x08001184                OC4DutySet(TIM_TypeDef*, unsigned short)
 .text._Z16TIM1EncoderSetupv
                0x080011a4       0x54 ..\obj\tim.o
                0x080011a4                TIM1EncoderSetup()
 .text._Z16TIM2EncoderSetupv
                0x080011f8       0x54 ..\obj\tim.o
                0x080011f8                TIM2EncoderSetup()
 .text._Z16TIM3EncoderSetupv
                0x0800124c       0x50 ..\obj\tim.o
                0x0800124c                TIM3EncoderSetup()
 .text._Z16TIM4EncoderSetupv
                0x0800129c       0x50 ..\obj\tim.o
                0x0800129c                TIM4EncoderSetup()
 .text._Z16TIM2_ENCODER_IRQv
                0x080012ec       0x3c ..\obj\tim.o
                0x080012ec                TIM2_ENCODER_IRQ()
 .text._Z16TIM3_ENCODER_IRQv
                0x08001328       0x40 ..\obj\tim.o
                0x08001328                TIM3_ENCODER_IRQ()
 .text._Z16TIM4_ENCODER_IRQv
                0x08001368       0x40 ..\obj\tim.o
                0x08001368                TIM4_ENCODER_IRQ()
 .text._Z19TIM2_TIM_Update_IRQv
                0x080013a8       0x1c ..\obj\tim.o
                0x080013a8                TIM2_TIM_Update_IRQ()
 .text._Z19TIM3_TIM_Update_IRQv
                0x080013c4       0x1c ..\obj\tim.o
                0x080013c4                TIM3_TIM_Update_IRQ()
 .text._Z19TIM4_TIM_Update_IRQv
                0x080013e0       0x1c ..\obj\tim.o
                0x080013e0                TIM4_TIM_Update_IRQ()
 .text.TIM2_IRQHandler
                0x080013fc       0x54 ..\obj\tim.o
                0x080013fc                TIM2_IRQHandler
 .text.TIM3_IRQHandler
                0x08001450       0x50 ..\obj\tim.o
                0x08001450                TIM3_IRQHandler
 .text.TIM4_IRQHandler
                0x080014a0       0x50 ..\obj\tim.o
                0x080014a0                TIM4_IRQHandler
 .text.Default_Reset_Handler
                0x080014f0       0x60 ..\obj\startup_stm32f10x_md.o
                0x080014f0                Default_Reset_Handler
                0x080014f0                Reset_Handler
 .text.Default_Handler
                0x08001550        0x8 ..\obj\startup_stm32f10x_md.o
                0x08001550                EXTI2_IRQHandler
                0x08001550                DebugMon_Handler
                0x08001550                TIM1_CC_IRQHandler
                0x08001550                HardFault_Handler
                0x08001550                PVD_IRQHandler
                0x08001550                PendSV_Handler
                0x08001550                NMI_Handler
                0x08001550                EXTI3_IRQHandler
                0x08001550                EXTI0_IRQHandler
                0x08001550                I2C2_EV_IRQHandler
                0x08001550                UsageFault_Handler
                0x08001550                ADC1_2_IRQHandler
                0x08001550                TAMPER_IRQHandler
                0x08001550                DMA1_Channel4_IRQHandler
                0x08001550                RTC_IRQHandler
                0x08001550                DMA1_Channel7_IRQHandler
                0x08001550                I2C1_EV_IRQHandler
                0x08001550                DMA1_Channel6_IRQHandler
                0x08001550                RCC_IRQHandler
                0x08001550                TIM1_TRG_COM_IRQHandler
                0x08001550                DMA1_Channel1_IRQHandler
                0x08001550                EXTI15_10_IRQHandler
                0x08001550                EXTI9_5_IRQHandler
                0x08001550                SPI2_IRQHandler
                0x08001550                MemManage_Handler
                0x08001550                SVC_Handler
                0x08001550                DMA1_Channel5_IRQHandler
                0x08001550                EXTI4_IRQHandler
                0x08001550                USB_HP_CAN1_TX_IRQHandler
                0x08001550                DMA1_Channel3_IRQHandler
                0x08001550                WWDG_IRQHandler
                0x08001550                TIM1_BRK_IRQHandler
                0x08001550                EXTI1_IRQHandler
                0x08001550                RTCAlarm_IRQHandler
                0x08001550                I2C2_ER_IRQHandler
                0x08001550                DMA1_Channel2_IRQHandler
                0x08001550                CAN1_SCE_IRQHandler
                0x08001550                FLASH_IRQHandler
                0x08001550                BusFault_Handler
                0x08001550                I2C1_ER_IRQHandler
                0x08001550                USBWakeUp_IRQHandler
 .text.CAN_DeInit
                0x08001558       0x48 ..\obj\stm32f10x_can.o
                0x08001558                CAN_DeInit
 .text.CAN_Init
                0x080015a0      0x1a0 ..\obj\stm32f10x_can.o
                0x080015a0                CAN_Init
 .text.CAN_FilterInit
                0x08001740      0x174 ..\obj\stm32f10x_can.o
                0x08001740                CAN_FilterInit
 .text.CAN_StructInit
                0x080018b4       0x54 ..\obj\stm32f10x_can.o
                0x080018b4                CAN_StructInit
 .text.CAN_Receive
                0x08001908      0x174 ..\obj\stm32f10x_can.o
                0x08001908                CAN_Receive
 .text.CAN_ITConfig
                0x08001a7c       0x3c ..\obj\stm32f10x_can.o
                0x08001a7c                CAN_ITConfig
 .text.GPIO_Init
                0x08001ab8      0x178 ..\obj\stm32f10x_gpio.o
                0x08001ab8                GPIO_Init
 .text.GPIO_StructInit
                0x08001c30       0x28 ..\obj\stm32f10x_gpio.o
                0x08001c30                GPIO_StructInit
 .text.GPIO_ReadInputDataBit
                0x08001c58       0x34 ..\obj\stm32f10x_gpio.o
                0x08001c58                GPIO_ReadInputDataBit
 .text.GPIO_WriteBit
                0x08001c8c       0x30 ..\obj\stm32f10x_gpio.o
                0x08001c8c                GPIO_WriteBit
 .text._ZN5MOTORC2Ev
                0x08001cbc       0x1c ..\obj\main.o
                0x08001cbc                MOTOR::MOTOR()
                0x08001cbc                MOTOR::MOTOR()
 .text.main     0x08001cd8      0x584 ..\obj\main.o
                0x08001cd8                main
 .text.USB_LP_CAN1_RX0_IRQHandler
                0x0800225c       0x2c ..\obj\main.o
                0x0800225c                USB_LP_CAN1_RX0_IRQHandler
 .text.CAN1_RX1_IRQHandler
                0x08002288       0x2c ..\obj\main.o
                0x08002288                CAN1_RX1_IRQHandler
 .text.TIM1_UP_IRQHandler
                0x080022b4       0x34 ..\obj\main.o
                0x080022b4                TIM1_UP_IRQHandler
 .text._Z41__static_initialization_and_destruction_0ii
                0x080022e8       0x38 ..\obj\main.o
 .text._GLOBAL__sub_I_rxFlag
                0x08002320       0x10 ..\obj\main.o
 .text.NVIC_SetPriority
                0x08002330       0x54 ..\obj\system.o
 .text.SysTick_Config
                0x08002384       0x44 ..\obj\system.o
 .text._Z5setupv
                0x080023c8       0x24 ..\obj\system.o
                0x080023c8                setup()
 .text.SysTick_Handler
                0x080023ec       0x38 ..\obj\system.o
                0x080023ec                SysTick_Handler
 .text._Z5delaym
                0x08002424       0x2c ..\obj\system.o
                0x08002424                delay(unsigned long)
 .text._Z9CAN1Setupv
                0x08002450       0xb8 ..\obj\can.o
                0x08002450                CAN1Setup()
 .text.RCC_GetClocksFreq
                0x08002508      0x160 ..\obj\stm32f10x_rcc.o
                0x08002508                RCC_GetClocksFreq
 .text.RCC_APB2PeriphClockCmd
                0x08002668       0x3c ..\obj\stm32f10x_rcc.o
                0x08002668                RCC_APB2PeriphClockCmd
 .text.RCC_APB1PeriphClockCmd
                0x080026a4       0x3c ..\obj\stm32f10x_rcc.o
                0x080026a4                RCC_APB1PeriphClockCmd
 .text.RCC_APB1PeriphResetCmd
                0x080026e0       0x3c ..\obj\stm32f10x_rcc.o
                0x080026e0                RCC_APB1PeriphResetCmd
 .text._ZN4GPIO5setupEP12GPIO_TypeDeft16GPIOMode_TypeDef
                0x0800271c       0x7c ..\obj\gpio.o
                0x0800271c                GPIO::setup(GPIO_TypeDef*, unsigned short, GPIOMode_TypeDef)
 .text._ZN4GPIO5writeE9BitAction
                0x08002798       0x28 ..\obj\gpio.o
                0x08002798                GPIO::write(BitAction)
 .text._ZN4GPIO4readEv
                0x080027c0       0x24 ..\obj\gpio.o
                0x080027c0                GPIO::read()
 .text.USART_Init
                0x080027e4      0x174 ..\obj\stm32f10x_usart.o
                0x080027e4                USART_Init
 .text.USART_StructInit
                0x08002958       0x38 ..\obj\stm32f10x_usart.o
                0x08002958                USART_StructInit
 .text.USART_Cmd
                0x08002990       0x40 ..\obj\stm32f10x_usart.o
                0x08002990                USART_Cmd
 .text.USART_ITConfig
                0x080029d0       0x90 ..\obj\stm32f10x_usart.o
                0x080029d0                USART_ITConfig
 .text.USART_SendData
                0x08002a60       0x24 ..\obj\stm32f10x_usart.o
                0x08002a60                USART_SendData
 .text.USART_ReceiveData
                0x08002a84       0x20 ..\obj\stm32f10x_usart.o
                0x08002a84                USART_ReceiveData
 .text.USART_GetITStatus
                0x08002aa4       0xb4 ..\obj\stm32f10x_usart.o
                0x08002aa4                USART_GetITStatus
 .text._sbrk    0x08002b58       0x3c ..\obj\syscalls.o
                0x08002b58                _sbrk
 .text.abort    0x08002b94        0x8 ..\obj\syscalls.o
                0x08002b94                abort
 .text._ZN5MOTOR5setupER3TIMS1_
                0x08002b9c       0x24 ..\obj\app.o
                0x08002b9c                MOTOR::setup(TIM&, TIM&)
 .text._ZN5MOTOR4dutyEl
                0x08002bc0       0x7c ..\obj\app.o
                0x08002bc0                MOTOR::duty(long)
 .text.NVIC_Init
                0x08002c3c       0xc4 ..\obj\misc.o
                0x08002c3c                NVIC_Init
 .text.SPI_I2S_GetITStatus
                0x08002d00       0x74 ..\obj\stm32f10x_spi.o
                0x08002d00                SPI_I2S_GetITStatus
 .text.SPI_I2S_ClearITPendingBit
                0x08002d74       0x34 ..\obj\stm32f10x_spi.o
                0x08002d74                SPI_I2S_ClearITPendingBit
 .text._ZN5USART4putsEPKc
                0x08002da8       0x3c ..\obj\usart.o
                0x08002da8                USART::puts(char const*)
 .text._ZN5USART6printfEPKcz
                0x08002de4       0x40 ..\obj\usart.o
                0x08002de4                USART::printf(char const*, ...)
 .text._ZN5USART5setupEP13USART_TypeDefm
                0x08002e24       0xb0 ..\obj\usart.o
                0x08002e24                USART::setup(USART_TypeDef*, unsigned long)
 .text._ZN5USART4sendEc
                0x08002ed4      0x17c ..\obj\usart.o
                0x08002ed4                USART::send(char)
 .text._Z11USART1Setupm
                0x08003050       0x54 ..\obj\usart.o
                0x08003050                USART1Setup(unsigned long)
 .text._Z11USART2Setupm
                0x080030a4       0x54 ..\obj\usart.o
                0x080030a4                USART2Setup(unsigned long)
 .text._Z11USART3Setupm
                0x080030f8       0x54 ..\obj\usart.o
                0x080030f8                USART3Setup(unsigned long)
 .text._Z13USART1ITSetupt
                0x0800314c       0x38 ..\obj\usart.o
                0x0800314c                USART1ITSetup(unsigned short)
 .text._Z13USART2ITSetupt
                0x08003184       0x38 ..\obj\usart.o
                0x08003184                USART2ITSetup(unsigned short)
 .text._Z13USART3ITSetupt
                0x080031bc       0x38 ..\obj\usart.o
                0x080031bc                USART3ITSetup(unsigned short)
 .text.USART1_IRQHandler
                0x080031f4       0xe8 ..\obj\usart.o
                0x080031f4                USART1_IRQHandler
 .text.USART2_IRQHandler
                0x080032dc       0xe8 ..\obj\usart.o
                0x080032dc                USART2_IRQHandler
 .text.USART3_IRQHandler
                0x080033c4       0xe8 ..\obj\usart.o
                0x080033c4                USART3_IRQHandler
 .text          0x080034ac       0x30 c:/program files (x86)/gnu tools arm embedded/5.4 2016q3/bin/../lib/gcc/arm-none-eabi/5.4.1/armv7-m\libgcc.a(_aeabi_uldivmod.o)
                0x080034ac                __aeabi_uldivmod
 .text          0x080034dc      0x2ec c:/program files (x86)/gnu tools arm embedded/5.4 2016q3/bin/../lib/gcc/arm-none-eabi/5.4.1/armv7-m\libgcc.a(_udivmoddi4.o)
                0x080034dc                __udivmoddi4
 .text          0x080037c8      0x9e4 c:/program files (x86)/gnu tools arm embedded/5.4 2016q3/bin/../lib/gcc/arm-none-eabi/5.4.1/armv7-m\libgcc.a(unwind-arm.o)
                0x08003a88                _Unwind_GetCFA
                0x08003a8c                __gnu_Unwind_RaiseException
                0x08003aec                __gnu_Unwind_ForcedUnwind
                0x08003b00                __gnu_Unwind_Resume
                0x08003b44                __gnu_Unwind_Resume_or_Rethrow
                0x08003b58                _Unwind_Complete
                0x08003b5c                _Unwind_DeleteException
                0x08003b68                _Unwind_VRS_Get
                0x08003bb4                _Unwind_VRS_Set
                0x08003c04                __gnu_Unwind_Backtrace
                0x08003f50                __aeabi_unwind_cpp_pr0
                0x08003f54                __aeabi_unwind_cpp_pr1
                0x08003f58                __aeabi_unwind_cpp_pr2
                0x08003f5c                _Unwind_VRS_Pop
 .text          0x080041ac      0x1ac c:/program files (x86)/gnu tools arm embedded/5.4 2016q3/bin/../lib/gcc/arm-none-eabi/5.4.1/armv7-m\libgcc.a(libunwind.o)
                0x080041ac                __restore_core_regs
                0x080041ac                restore_core_regs
                0x080041c4                __gnu_Unwind_Restore_VFP
                0x080041cc                __gnu_Unwind_Save_VFP
                0x080041d4                __gnu_Unwind_Restore_VFP_D
                0x080041dc                __gnu_Unwind_Save_VFP_D
                0x080041e4                __gnu_Unwind_Restore_VFP_D_16_to_31
                0x080041ec                __gnu_Unwind_Save_VFP_D_16_to_31
                0x080041f4                __gnu_Unwind_Restore_WMMXD
                0x08004238                __gnu_Unwind_Save_WMMXD
                0x0800427c                __gnu_Unwind_Restore_WMMXC
                0x08004290                __gnu_Unwind_Save_WMMXC
                0x080042a4                ___Unwind_RaiseException
                0x080042a4                _Unwind_RaiseException
                0x080042c8                _Unwind_Resume
                0x080042c8                ___Unwind_Resume
                0x080042ec                _Unwind_Resume_or_Rethrow
                0x080042ec                ___Unwind_Resume_or_Rethrow
                0x08004310                _Unwind_ForcedUnwind
                0x08004310                ___Unwind_ForcedUnwind
                0x08004334                ___Unwind_Backtrace
                0x08004334                _Unwind_Backtrace
 .text          0x08004358      0x354 c:/program files (x86)/gnu tools arm embedded/5.4 2016q3/bin/../lib/gcc/arm-none-eabi/5.4.1/armv7-m\libgcc.a(pr-support.o)
                0x080043b0                __gnu_unwind_execute
                0x08004654                __gnu_unwind_frame
                0x0800467c                _Unwind_GetRegionStart
                0x08004688                _Unwind_GetLanguageSpecificData
                0x0800469c                _Unwind_GetTextRelBase
                0x080046a4                _Unwind_GetDataRelBase
 .text          0x080046ac        0x4 c:/program files (x86)/gnu tools arm embedded/5.4 2016q3/bin/../lib/gcc/arm-none-eabi/5.4.1/armv7-m\libgcc.a(_dvmd_tls.o)
                0x080046ac                __aeabi_idiv0
                0x080046ac                __aeabi_ldiv0
 .text          0x080046b0       0xec c:/program files (x86)/gnu tools arm embedded/5.4 2016q3/bin/../lib/gcc/arm-none-eabi/5.4.1/../../../../arm-none-eabi/lib/armv7-m\libc.a(lib_a-memcpy.o)
                0x080046b0                memcpy
 .text._vsprintf_r
                0x0800479c       0x34 c:/program files (x86)/gnu tools arm embedded/5.4 2016q3/bin/../lib/gcc/arm-none-eabi/5.4.1/../../../../arm-none-eabi/lib/armv7-m\libc.a(lib_a-vsprintf.o)
                0x0800479c                _vsprintf_r
 .text.vsprintf
                0x080047d0       0x18 c:/program files (x86)/gnu tools arm embedded/5.4 2016q3/bin/../lib/gcc/arm-none-eabi/5.4.1/../../../../arm-none-eabi/lib/armv7-m\libc.a(lib_a-vsprintf.o)
                0x080047d0                vsprintf
 .text._svfprintf_r
                0x080047e8     0x1760 c:/program files (x86)/gnu tools arm embedded/5.4 2016q3/bin/../lib/gcc/arm-none-eabi/5.4.1/../../../../arm-none-eabi/lib/armv7-m\libc.a(lib_a-svfprintf.o)
                0x080047e8                _svfprintf_r
 .text.quorem   0x08005f48      0x12c c:/program files (x86)/gnu tools arm embedded/5.4 2016q3/bin/../lib/gcc/arm-none-eabi/5.4.1/../../../../arm-none-eabi/lib/armv7-m\libc.a(lib_a-dtoa.o)
 *fill*         0x08006074        0x4 
 .text._dtoa_r  0x08006078      0xe4c c:/program files (x86)/gnu tools arm embedded/5.4 2016q3/bin/../lib/gcc/arm-none-eabi/5.4.1/../../../../arm-none-eabi/lib/armv7-m\libc.a(lib_a-dtoa.o)
                0x08006078                _dtoa_r
 .text._localeconv_r
                0x08006ec4       0x1c c:/program files (x86)/gnu tools arm embedded/5.4 2016q3/bin/../lib/gcc/arm-none-eabi/5.4.1/../../../../arm-none-eabi/lib/armv7-m\libc.a(lib_a-localeconv.o)
                0x08006ec4                _localeconv_r
 .text._malloc_r
                0x08006ee0      0x558 c:/program files (x86)/gnu tools arm embedded/5.4 2016q3/bin/../lib/gcc/arm-none-eabi/5.4.1/../../../../arm-none-eabi/lib/armv7-m\libc.a(lib_a-mallocr.o)
                0x08006ee0                _malloc_r
 .text.memchr   0x08007438       0x8c c:/program files (x86)/gnu tools arm embedded/5.4 2016q3/bin/../lib/gcc/arm-none-eabi/5.4.1/../../../../arm-none-eabi/lib/armv7-m\libc.a(lib_a-memchr-stub.o)
                0x08007438                memchr
 .text.__malloc_lock
                0x080074c4        0x4 c:/program files (x86)/gnu tools arm embedded/5.4 2016q3/bin/../lib/gcc/arm-none-eabi/5.4.1/../../../../arm-none-eabi/lib/armv7-m\libc.a(lib_a-mlock.o)
                0x080074c4                __malloc_lock
 .text.__malloc_unlock
                0x080074c8        0x4 c:/program files (x86)/gnu tools arm embedded/5.4 2016q3/bin/../lib/gcc/arm-none-eabi/5.4.1/../../../../arm-none-eabi/lib/armv7-m\libc.a(lib_a-mlock.o)
                0x080074c8                __malloc_unlock
 .text._Balloc  0x080074cc       0x50 c:/program files (x86)/gnu tools arm embedded/5.4 2016q3/bin/../lib/gcc/arm-none-eabi/5.4.1/../../../../arm-none-eabi/lib/armv7-m\libc.a(lib_a-mprec.o)
                0x080074cc                _Balloc
 .text._Bfree   0x0800751c       0x14 c:/program files (x86)/gnu tools arm embedded/5.4 2016q3/bin/../lib/gcc/arm-none-eabi/5.4.1/../../../../arm-none-eabi/lib/armv7-m\libc.a(lib_a-mprec.o)
                0x0800751c                _Bfree
 .text.__multadd
                0x08007530       0x80 c:/program files (x86)/gnu tools arm embedded/5.4 2016q3/bin/../lib/gcc/arm-none-eabi/5.4.1/../../../../arm-none-eabi/lib/armv7-m\libc.a(lib_a-mprec.o)
                0x08007530                __multadd
 .text.__hi0bits
                0x080075b0       0x40 c:/program files (x86)/gnu tools arm embedded/5.4 2016q3/bin/../lib/gcc/arm-none-eabi/5.4.1/../../../../arm-none-eabi/lib/armv7-m\libc.a(lib_a-mprec.o)
                0x080075b0                __hi0bits
 .text.__lo0bits
                0x080075f0       0x5c c:/program files (x86)/gnu tools arm embedded/5.4 2016q3/bin/../lib/gcc/arm-none-eabi/5.4.1/../../../../arm-none-eabi/lib/armv7-m\libc.a(lib_a-mprec.o)
                0x080075f0                __lo0bits
 .text.__i2b    0x0800764c       0x14 c:/program files (x86)/gnu tools arm embedded/5.4 2016q3/bin/../lib/gcc/arm-none-eabi/5.4.1/../../../../arm-none-eabi/lib/armv7-m\libc.a(lib_a-mprec.o)
                0x0800764c                __i2b
 .text.__multiply
                0x08007660      0x13c c:/program files (x86)/gnu tools arm embedded/5.4 2016q3/bin/../lib/gcc/arm-none-eabi/5.4.1/../../../../arm-none-eabi/lib/armv7-m\libc.a(lib_a-mprec.o)
                0x08007660                __multiply
 .text.__pow5mult
                0x0800779c       0xa0 c:/program files (x86)/gnu tools arm embedded/5.4 2016q3/bin/../lib/gcc/arm-none-eabi/5.4.1/../../../../arm-none-eabi/lib/armv7-m\libc.a(lib_a-mprec.o)
                0x0800779c                __pow5mult
 .text.__lshift
                0x0800783c       0xac c:/program files (x86)/gnu tools arm embedded/5.4 2016q3/bin/../lib/gcc/arm-none-eabi/5.4.1/../../../../arm-none-eabi/lib/armv7-m\libc.a(lib_a-mprec.o)
                0x0800783c                __lshift
 .text.__mcmp   0x080078e8       0x40 c:/program files (x86)/gnu tools arm embedded/5.4 2016q3/bin/../lib/gcc/arm-none-eabi/5.4.1/../../../../arm-none-eabi/lib/armv7-m\libc.a(lib_a-mprec.o)
                0x080078e8                __mcmp
 .text.__mdiff  0x08007928      0x128 c:/program files (x86)/gnu tools arm embedded/5.4 2016q3/bin/../lib/gcc/arm-none-eabi/5.4.1/../../../../arm-none-eabi/lib/armv7-m\libc.a(lib_a-mprec.o)
                0x08007928                __mdiff
 .text.__d2b    0x08007a50       0xa8 c:/program files (x86)/gnu tools arm embedded/5.4 2016q3/bin/../lib/gcc/arm-none-eabi/5.4.1/../../../../arm-none-eabi/lib/armv7-m\libc.a(lib_a-mprec.o)
                0x08007a50                __d2b
 .text._sbrk_r  0x08007af8       0x24 c:/program files (x86)/gnu tools arm embedded/5.4 2016q3/bin/../lib/gcc/arm-none-eabi/5.4.1/../../../../arm-none-eabi/lib/armv7-m\libc.a(lib_a-sbrkr.o)
                0x08007af8                _sbrk_r
 .text.strlen   0x08007b1c       0x5c c:/program files (x86)/gnu tools arm embedded/5.4 2016q3/bin/../lib/gcc/arm-none-eabi/5.4.1/../../../../arm-none-eabi/lib/armv7-m\libc.a(lib_a-strlen-stub.o)
                0x08007b1c                strlen
 .text.__ssprint_r
                0x08007b78      0x100 c:/program files (x86)/gnu tools arm embedded/5.4 2016q3/bin/../lib/gcc/arm-none-eabi/5.4.1/../../../../arm-none-eabi/lib/armv7-m\libc.a(lib_a-svfiprintf.o)
                0x08007b78                __ssprint_r
 .text._calloc_r
                0x08007c78       0x60 c:/program files (x86)/gnu tools arm embedded/5.4 2016q3/bin/../lib/gcc/arm-none-eabi/5.4.1/../../../../arm-none-eabi/lib/armv7-m\libc.a(lib_a-callocr.o)
                0x08007c78                _calloc_r
 .text._malloc_trim_r
                0x08007cd8       0x9c c:/program files (x86)/gnu tools arm embedded/5.4 2016q3/bin/../lib/gcc/arm-none-eabi/5.4.1/../../../../arm-none-eabi/lib/armv7-m\libc.a(lib_a-freer.o)
                0x08007cd8                _malloc_trim_r
 .text._free_r  0x08007d74      0x1d0 c:/program files (x86)/gnu tools arm embedded/5.4 2016q3/bin/../lib/gcc/arm-none-eabi/5.4.1/../../../../arm-none-eabi/lib/armv7-m\libc.a(lib_a-freer.o)
                0x08007d74                _free_r
 .text.__ascii_mbtowc
                0x08007f44       0x2c c:/program files (x86)/gnu tools arm embedded/5.4 2016q3/bin/../lib/gcc/arm-none-eabi/5.4.1/../../../../arm-none-eabi/lib/armv7-m\libc.a(lib_a-mbtowc_r.o)
                0x08007f44                __ascii_mbtowc
 .text.memmove  0x08007f70       0xc8 c:/program files (x86)/gnu tools arm embedded/5.4 2016q3/bin/../lib/gcc/arm-none-eabi/5.4.1/../../../../arm-none-eabi/lib/armv7-m\libc.a(lib_a-memmove.o)
                0x08007f70                memmove
 .text.memset   0x08008038       0x9c c:/program files (x86)/gnu tools arm embedded/5.4 2016q3/bin/../lib/gcc/arm-none-eabi/5.4.1/../../../../arm-none-eabi/lib/armv7-m\libc.a(lib_a-memset.o)
                0x08008038                memset
 .text._realloc_r
                0x080080d4      0x3d4 c:/program files (x86)/gnu tools arm embedded/5.4 2016q3/bin/../lib/gcc/arm-none-eabi/5.4.1/../../../../arm-none-eabi/lib/armv7-m\libc.a(lib_a-reallocr.o)
                0x080080d4                _realloc_r
 .text.__ascii_wctomb
                0x080084a8       0x1c c:/program files (x86)/gnu tools arm embedded/5.4 2016q3/bin/../lib/gcc/arm-none-eabi/5.4.1/../../../../arm-none-eabi/lib/armv7-m\libc.a(lib_a-wctomb_r.o)
                0x080084a8                __ascii_wctomb
 .text          0x080084c4      0x370 c:/program files (x86)/gnu tools arm embedded/5.4 2016q3/bin/../lib/gcc/arm-none-eabi/5.4.1/armv7-m\libgcc.a(_arm_addsubdf3.o)
                0x080084c4                __aeabi_drsub
                0x080084cc                __aeabi_dsub
                0x080084cc                __subdf3
                0x080084d0                __aeabi_dadd
                0x080084d0                __adddf3
                0x08008748                __floatunsidf
                0x08008748                __aeabi_ui2d
                0x08008768                __floatsidf
                0x08008768                __aeabi_i2d
                0x0800878c                __aeabi_f2d
                0x0800878c                __extendsfdf2
                0x080087c8                __floatundidf
                0x080087c8                __aeabi_ul2d
                0x080087d8                __floatdidf
                0x080087d8                __aeabi_l2d
 .text          0x08008834      0x424 c:/program files (x86)/gnu tools arm embedded/5.4 2016q3/bin/../lib/gcc/arm-none-eabi/5.4.1/armv7-m\libgcc.a(_arm_muldivdf3.o)
                0x08008834                __aeabi_dmul
                0x08008834                __muldf3
                0x08008a88                __divdf3
                0x08008a88                __aeabi_ddiv
 .text          0x08008c58      0x110 c:/program files (x86)/gnu tools arm embedded/5.4 2016q3/bin/../lib/gcc/arm-none-eabi/5.4.1/armv7-m\libgcc.a(_arm_cmpdf2.o)
                0x08008c58                __gtdf2
                0x08008c58                __gedf2
                0x08008c60                __ltdf2
                0x08008c60                __ledf2
                0x08008c68                __nedf2
                0x08008c68                __eqdf2
                0x08008c68                __cmpdf2
                0x08008ce4                __aeabi_cdrcmple
                0x08008cf4                __aeabi_cdcmpeq
                0x08008cf4                __aeabi_cdcmple
                0x08008d04                __aeabi_dcmpeq
                0x08008d18                __aeabi_dcmplt
                0x08008d2c                __aeabi_dcmple
                0x08008d40                __aeabi_dcmpge
                0x08008d54                __aeabi_dcmpgt
 .text          0x08008d68       0x2c c:/program files (x86)/gnu tools arm embedded/5.4 2016q3/bin/../lib/gcc/arm-none-eabi/5.4.1/armv7-m\libgcc.a(_arm_unorddf2.o)
                0x08008d68                __unorddf2
                0x08008d68                __aeabi_dcmpun
 .text          0x08008d94       0x50 c:/program files (x86)/gnu tools arm embedded/5.4 2016q3/bin/../lib/gcc/arm-none-eabi/5.4.1/armv7-m\libgcc.a(_arm_fixdfsi.o)
                0x08008d94                __aeabi_d2iz
                0x08008d94                __fixdfsi
 *(.init)
 *(.fini)
 *crtbegin.o(.ctors)
 *crtbegin?.o(.ctors)
 *(EXCLUDE_FILE(*crtend.o *crtend?.o) .ctors)
 *(SORT(.ctors.*))
 *(.ctors)
 *crtbegin.o(.dtors)
 *crtbegin?.o(.dtors)
 *(EXCLUDE_FILE(*crtend.o *crtend?.o) .dtors)
 *(SORT(.dtors.*))
 *(.dtors)
 *(.rodata*)
 .rodata        0x08008de4       0xd6 ..\obj\main.o
 *fill*         0x08008eba        0x2 
 .rodata.zeroes.7256
                0x08008ebc       0x10 c:/program files (x86)/gnu tools arm embedded/5.4 2016q3/bin/../lib/gcc/arm-none-eabi/5.4.1/../../../../arm-none-eabi/lib/armv7-m\libc.a(lib_a-svfprintf.o)
 .rodata.str1.4
                0x08008ecc       0x42 c:/program files (x86)/gnu tools arm embedded/5.4 2016q3/bin/../lib/gcc/arm-none-eabi/5.4.1/../../../../arm-none-eabi/lib/armv7-m\libc.a(lib_a-svfprintf.o)
 *fill*         0x08008f0e        0x2 
 .rodata.blanks.7255
                0x08008f10       0x10 c:/program files (x86)/gnu tools arm embedded/5.4 2016q3/bin/../lib/gcc/arm-none-eabi/5.4.1/../../../../arm-none-eabi/lib/armv7-m\libc.a(lib_a-svfprintf.o)
 .rodata.str1.4
                0x08008f20       0x10 c:/program files (x86)/gnu tools arm embedded/5.4 2016q3/bin/../lib/gcc/arm-none-eabi/5.4.1/../../../../arm-none-eabi/lib/armv7-m\libc.a(lib_a-dtoa.o)
                                 0x12 (size before relaxing)
 .rodata.__mprec_tens
                0x08008f30       0xc8 c:/program files (x86)/gnu tools arm embedded/5.4 2016q3/bin/../lib/gcc/arm-none-eabi/5.4.1/../../../../arm-none-eabi/lib/armv7-m\libc.a(lib_a-mprec.o)
                0x08008f30                __mprec_tens
 .rodata.p05.6085
                0x08008ff8        0xc c:/program files (x86)/gnu tools arm embedded/5.4 2016q3/bin/../lib/gcc/arm-none-eabi/5.4.1/../../../../arm-none-eabi/lib/armv7-m\libc.a(lib_a-mprec.o)
 *fill*         0x08009004        0x4 
 .rodata.__mprec_bigtens
                0x08009008       0x28 c:/program files (x86)/gnu tools arm embedded/5.4 2016q3/bin/../lib/gcc/arm-none-eabi/5.4.1/../../../../arm-none-eabi/lib/armv7-m\libc.a(lib_a-mprec.o)
                0x08009008                __mprec_bigtens
 .rodata.str1.4
                0x08009030       0x10 c:/program files (x86)/gnu tools arm embedded/5.4 2016q3/bin/../lib/gcc/arm-none-eabi/5.4.1/../../../../arm-none-eabi/lib/armv7-m\libc.a(lib_a-locale.o)
                                 0x12 (size before relaxing)
 .rodata._ctype_
                0x08009040      0x101 c:/program files (x86)/gnu tools arm embedded/5.4 2016q3/bin/../lib/gcc/arm-none-eabi/5.4.1/../../../../arm-none-eabi/lib/armv7-m\libc.a(lib_a-ctype_.o)
                0x08009040                _ctype_
 *(.eh_fram e*)

.glue_7         0x08009144        0x0
 .glue_7        0x08009144        0x0 linker stubs

.glue_7t        0x08009144        0x0
 .glue_7t       0x08009144        0x0 linker stubs

.vfp11_veneer   0x08009144        0x0
 .vfp11_veneer  0x08009144        0x0 linker stubs

.v4_bx          0x08009144        0x0
 .v4_bx         0x08009144        0x0 linker stubs

.iplt           0x08009144        0x0
 .iplt          0x08009144        0x0 ..\obj\spi.o

.ARM.extab      0x08009144      0x1e0
 *(.ARM.extab* .gnu.linkonce.armextab.*)
 .ARM.extab.text._ZN3TIM8pwmSetupEP11TIM_TypeDefttt
                0x08009144        0xc ..\obj\tim.o
 .ARM.extab.text._ZN3TIM12encoderSetupEP11TIM_TypeDef
                0x08009150        0xc ..\obj\tim.o
 .ARM.extab.text._ZN3TIM10timerSetupEP11TIM_TypeDef
                0x0800915c        0xc ..\obj\tim.o
 .ARM.extab.text._Z9TIM1Setupt
                0x08009168        0xc ..\obj\tim.o
 .ARM.extab.text._Z9TIM2Setupt
                0x08009174        0xc ..\obj\tim.o
 .ARM.extab.text._Z9TIM3Setupt
                0x08009180        0xc ..\obj\tim.o
 .ARM.extab.text._Z9TIM4Setupt
                0x0800918c        0xc ..\obj\tim.o
 .ARM.extab.text._Z11TIM1ITSetupt
                0x08009198        0xc ..\obj\tim.o
 .ARM.extab.text._Z11TIM2ITSetupt
                0x080091a4        0xc ..\obj\tim.o
 .ARM.extab.text._Z11TIM3ITSetupt
                0x080091b0        0xc ..\obj\tim.o
 .ARM.extab.text._Z11TIM4ITSetupt
                0x080091bc        0xc ..\obj\tim.o
 .ARM.extab.text._Z11OC1PWMSetupP11TIM_TypeDeft
                0x080091c8        0xc ..\obj\tim.o
 .ARM.extab.text._Z11OC2PWMSetupP11TIM_TypeDeft
                0x080091d4        0xc ..\obj\tim.o
 .ARM.extab.text._Z11OC3PWMSetupP11TIM_TypeDeft
                0x080091e0        0xc ..\obj\tim.o
 .ARM.extab.text._Z11OC4PWMSetupP11TIM_TypeDeft
                0x080091ec        0xc ..\obj\tim.o
 .ARM.extab.text._Z16TIM1EncoderSetupv
                0x080091f8        0xc ..\obj\tim.o
 .ARM.extab.text._Z16TIM2EncoderSetupv
                0x08009204        0xc ..\obj\tim.o
 .ARM.extab.text._Z16TIM3EncoderSetupv
                0x08009210        0xc ..\obj\tim.o
 .ARM.extab.text._Z16TIM4EncoderSetupv
                0x0800921c        0xc ..\obj\tim.o
 .ARM.extab.text._ZN5MOTORC2Ev
                0x08009228        0x0 ..\obj\main.o
 .ARM.extab.text.TIM1_UP_IRQHandler
                0x08009228        0xc ..\obj\main.o
 .ARM.extab.text._Z9CAN1Setupv
                0x08009234        0xc ..\obj\can.o
 .ARM.extab.text._ZN4GPIO5setupEP12GPIO_TypeDeft16GPIOMode_TypeDef
                0x08009240        0xc ..\obj\gpio.o
 .ARM.extab.text._ZN4GPIO5writeE9BitAction
                0x0800924c        0xc ..\obj\gpio.o
 .ARM.extab.text._ZN4GPIO4readEv
                0x08009258        0xc ..\obj\gpio.o
 .ARM.extab.text._ZN5MOTOR4dutyEl
                0x08009264        0xc ..\obj\app.o
 .ARM.extab.text._ZN5USART4putsEPKc
                0x08009270        0xc ..\obj\usart.o
 .ARM.extab.text._ZN5USART6printfEPKcz
                0x0800927c        0xc ..\obj\usart.o
 .ARM.extab.text._ZN5USART5setupEP13USART_TypeDefm
                0x08009288        0xc ..\obj\usart.o
 .ARM.extab.text._ZN5USART4sendEc
                0x08009294        0xc ..\obj\usart.o
 .ARM.extab.text._Z11USART1Setupm
                0x080092a0        0xc ..\obj\usart.o
 .ARM.extab.text._Z11USART2Setupm
                0x080092ac        0xc ..\obj\usart.o
 .ARM.extab.text._Z11USART3Setupm
                0x080092b8        0xc ..\obj\usart.o
 .ARM.extab.text._Z13USART1ITSetupt
                0x080092c4        0xc ..\obj\usart.o
 .ARM.extab.text._Z13USART2ITSetupt
                0x080092d0        0xc ..\obj\usart.o
 .ARM.extab.text._Z13USART3ITSetupt
                0x080092dc        0xc ..\obj\usart.o
 .ARM.extab.text.USART1_IRQHandler
                0x080092e8        0xc ..\obj\usart.o
 .ARM.extab.text.USART2_IRQHandler
                0x080092f4        0xc ..\obj\usart.o
 .ARM.extab.text.USART3_IRQHandler
                0x08009300        0xc ..\obj\usart.o
 .ARM.extab     0x0800930c       0x18 c:/program files (x86)/gnu tools arm embedded/5.4 2016q3/bin/../lib/gcc/arm-none-eabi/5.4.1/armv7-m\libgcc.a(pr-support.o)
                0x08009324                __exidx_start = .

.ARM.exidx      0x08009324      0x250
 *(.ARM.exidx* .gnu.linkonce.armexidx.*)
 .ARM.exidx.text.SPI1_IRQHandler
                0x08009324       0x10 ..\obj\spi.o
                                  0x8 (size before relaxing)
 .ARM.exidx.text._ZN3TIM8pwmSetupEP11TIM_TypeDefttt
                0x08009334        0x8 ..\obj\tim.o
 .ARM.exidx.text._ZN3TIM4dutyEt
                0x0800933c        0x8 ..\obj\tim.o
 .ARM.exidx.text._ZN3TIM12encoderSetupEP11TIM_TypeDef
                0x08009344        0x8 ..\obj\tim.o
 .ARM.exidx.text._ZN3TIM10timerSetupEP11TIM_TypeDef
                0x0800934c        0x8 ..\obj\tim.o
 .ARM.exidx.text._Z9TIM1Setupt
                0x08009354        0x8 ..\obj\tim.o
 .ARM.exidx.text._Z9TIM2Setupt
                0x0800935c        0x8 ..\obj\tim.o
 .ARM.exidx.text._Z9TIM3Setupt
                0x08009364        0x8 ..\obj\tim.o
 .ARM.exidx.text._Z9TIM4Setupt
                0x0800936c        0x8 ..\obj\tim.o
 .ARM.exidx.text._Z11TIM1ITSetupt
                0x08009374        0x8 ..\obj\tim.o
 .ARM.exidx.text._Z11TIM2ITSetupt
                0x0800937c        0x8 ..\obj\tim.o
 .ARM.exidx.text._Z11TIM3ITSetupt
                0x08009384        0x8 ..\obj\tim.o
 .ARM.exidx.text._Z11TIM4ITSetupt
                0x0800938c        0x8 ..\obj\tim.o
 .ARM.exidx.text._Z11OC1PWMSetupP11TIM_TypeDeft
                0x08009394        0x8 ..\obj\tim.o
 .ARM.exidx.text._Z11OC2PWMSetupP11TIM_TypeDeft
                0x0800939c        0x8 ..\obj\tim.o
 .ARM.exidx.text._Z11OC3PWMSetupP11TIM_TypeDeft
                0x080093a4        0x8 ..\obj\tim.o
 .ARM.exidx.text._Z11OC4PWMSetupP11TIM_TypeDeft
                0x080093ac        0x8 ..\obj\tim.o
 .ARM.exidx.text._Z10OC1DutySetP11TIM_TypeDeft
                0x080093b4        0x8 ..\obj\tim.o
 .ARM.exidx.text._Z10OC2DutySetP11TIM_TypeDeft
                0x080093bc        0x0 ..\obj\tim.o
                                  0x8 (size before relaxing)
 .ARM.exidx.text._Z10OC3DutySetP11TIM_TypeDeft
                0x080093bc        0x0 ..\obj\tim.o
                                  0x8 (size before relaxing)
 .ARM.exidx.text._Z10OC4DutySetP11TIM_TypeDeft
                0x080093bc        0x0 ..\obj\tim.o
                                  0x8 (size before relaxing)
 .ARM.exidx.text._Z16TIM1EncoderSetupv
                0x080093bc        0x8 ..\obj\tim.o
 .ARM.exidx.text._Z16TIM2EncoderSetupv
                0x080093c4        0x8 ..\obj\tim.o
 .ARM.exidx.text._Z16TIM3EncoderSetupv
                0x080093cc        0x8 ..\obj\tim.o
 .ARM.exidx.text._Z16TIM4EncoderSetupv
                0x080093d4        0x8 ..\obj\tim.o
 .ARM.exidx.text._Z16TIM2_ENCODER_IRQv
                0x080093dc        0x8 ..\obj\tim.o
 .ARM.exidx.text._Z16TIM3_ENCODER_IRQv
                0x080093e4        0x0 ..\obj\tim.o
                                  0x8 (size before relaxing)
 .ARM.exidx.text._Z16TIM4_ENCODER_IRQv
                0x080093e4        0x0 ..\obj\tim.o
                                  0x8 (size before relaxing)
 .ARM.exidx.text._Z19TIM2_TIM_Update_IRQv
                0x080093e4        0x0 ..\obj\tim.o
                                  0x8 (size before relaxing)
 .ARM.exidx.text._Z19TIM3_TIM_Update_IRQv
                0x080093e4        0x0 ..\obj\tim.o
                                  0x8 (size before relaxing)
 .ARM.exidx.text._Z19TIM4_TIM_Update_IRQv
                0x080093e4        0x0 ..\obj\tim.o
                                  0x8 (size before relaxing)
 .ARM.exidx.text.TIM2_IRQHandler
                0x080093e4        0x8 ..\obj\tim.o
 .ARM.exidx.text.TIM3_IRQHandler
                0x080093ec        0x0 ..\obj\tim.o
                                  0x8 (size before relaxing)
 .ARM.exidx.text.TIM4_IRQHandler
                0x080093ec        0x8 ..\obj\tim.o
 .ARM.exidx.text._ZN5MOTORC2Ev
                0x080093f4        0x0 ..\obj\main.o
                                  0x8 (size before relaxing)
 .ARM.exidx.text.main
                0x080093f4        0x8 ..\obj\main.o
 .ARM.exidx.text.USB_LP_CAN1_RX0_IRQHandler
                0x080093fc        0x8 ..\obj\main.o
 .ARM.exidx.text.CAN1_RX1_IRQHandler
                0x08009404        0x0 ..\obj\main.o
                                  0x8 (size before relaxing)
 .ARM.exidx.text.TIM1_UP_IRQHandler
                0x08009404        0x8 ..\obj\main.o
 .ARM.exidx.text._Z41__static_initialization_and_destruction_0ii
                0x0800940c        0x8 ..\obj\main.o
 .ARM.exidx.text._GLOBAL__sub_I_rxFlag
                0x08009414        0x0 ..\obj\main.o
                                  0x8 (size before relaxing)
 .ARM.exidx.text.NVIC_SetPriority
                0x08009414        0x0 ..\obj\system.o
                                  0x8 (size before relaxing)
 .ARM.exidx.text.SysTick_Config
                0x08009414        0x0 ..\obj\system.o
                                  0x8 (size before relaxing)
 .ARM.exidx.text._Z5setupv
                0x08009414        0x0 ..\obj\system.o
                                  0x8 (size before relaxing)
 .ARM.exidx.text.SysTick_Handler
                0x08009414        0x0 ..\obj\system.o
                                  0x8 (size before relaxing)
 .ARM.exidx.text._Z5delaym
                0x08009414        0x0 ..\obj\system.o
                                  0x8 (size before relaxing)
 .ARM.exidx.text._Z9CAN1Setupv
                0x08009414       0x10 ..\obj\can.o
                                  0x8 (size before relaxing)
 .ARM.exidx.text._ZN4GPIO5setupEP12GPIO_TypeDeft16GPIOMode_TypeDef
                0x08009424        0x8 ..\obj\gpio.o
 .ARM.exidx.text._ZN4GPIO5writeE9BitAction
                0x0800942c        0x8 ..\obj\gpio.o
 .ARM.exidx.text._ZN4GPIO4readEv
                0x08009434       0x10 ..\obj\gpio.o
                                  0x8 (size before relaxing)
 .ARM.exidx.text._ZN5MOTOR5setupER3TIMS1_
                0x08009444        0x0 ..\obj\app.o
                                  0x8 (size before relaxing)
 .ARM.exidx.text._ZN5MOTOR4dutyEl
                0x08009444       0x10 ..\obj\app.o
                                  0x8 (size before relaxing)
 .ARM.exidx.text._ZN5USART4putsEPKc
                0x08009454        0x8 ..\obj\usart.o
 .ARM.exidx.text._ZN5USART6printfEPKcz
                0x0800945c        0x8 ..\obj\usart.o
 .ARM.exidx.text._ZN5USART5setupEP13USART_TypeDefm
                0x08009464        0x8 ..\obj\usart.o
 .ARM.exidx.text._ZN5USART4sendEc
                0x0800946c        0x8 ..\obj\usart.o
 .ARM.exidx.text._Z11USART1Setupm
                0x08009474        0x8 ..\obj\usart.o
 .ARM.exidx.text._Z11USART2Setupm
                0x0800947c        0x8 ..\obj\usart.o
 .ARM.exidx.text._Z11USART3Setupm
                0x08009484        0x8 ..\obj\usart.o
 .ARM.exidx.text._Z13USART1ITSetupt
                0x0800948c        0x8 ..\obj\usart.o
 .ARM.exidx.text._Z13USART2ITSetupt
                0x08009494        0x8 ..\obj\usart.o
 .ARM.exidx.text._Z13USART3ITSetupt
                0x0800949c        0x8 ..\obj\usart.o
 .ARM.exidx.text.USART1_IRQHandler
                0x080094a4        0x8 ..\obj\usart.o
 .ARM.exidx.text.USART2_IRQHandler
                0x080094ac        0x8 ..\obj\usart.o
 .ARM.exidx.text.USART3_IRQHandler
                0x080094b4       0x10 ..\obj\usart.o
                                  0x8 (size before relaxing)
 .ARM.exidx     0x080094c4        0x0 c:/program files (x86)/gnu tools arm embedded/5.4 2016q3/bin/../lib/gcc/arm-none-eabi/5.4.1/armv7-m\libgcc.a(_udivmoddi4.o)
                                  0x8 (size before relaxing)
 .ARM.exidx     0x080094c4       0x78 c:/program files (x86)/gnu tools arm embedded/5.4 2016q3/bin/../lib/gcc/arm-none-eabi/5.4.1/armv7-m\libgcc.a(unwind-arm.o)
                                 0xd8 (size before relaxing)
 .ARM.exidx     0x0800953c       0x38 c:/program files (x86)/gnu tools arm embedded/5.4 2016q3/bin/../lib/gcc/arm-none-eabi/5.4.1/armv7-m\libgcc.a(pr-support.o)
                                 0x48 (size before relaxing)
                0x08009574                __exidx_end = .
                0x08009574                __etext = .
                0x08009574                _sidata = __etext

.rel.dyn        0x08009574        0x0
 .rel.iplt      0x08009574        0x0 ..\obj\spi.o

.data           0x20000000      0x9dc load address 0x08009574
                0x20000000                __data_start__ = .
                0x20000000                _sdata = __data_start__
 *(vtable)
 *(.data*)
 .data          0x20000000       0x14 ..\obj\system_stm32f10x.o
                0x20000000                SystemCoreClock
                0x20000004                AHBPrescTable
 .data          0x20000014       0x14 ..\obj\stm32f10x_rcc.o
 .data          0x20000028        0x6 ..\obj\usart.o
                0x20000028                USART::usart1RxAddress
                0x2000002a                USART::usart2RxAddress
                0x2000002c                USART::usart3RxAddress
 *fill*         0x2000002e        0x2 
 .data.impure_data
                0x20000030      0x428 c:/program files (x86)/gnu tools arm embedded/5.4 2016q3/bin/../lib/gcc/arm-none-eabi/5.4.1/../../../../arm-none-eabi/lib/armv7-m\libc.a(lib_a-impure.o)
 .data._impure_ptr
                0x20000458        0x4 c:/program files (x86)/gnu tools arm embedded/5.4 2016q3/bin/../lib/gcc/arm-none-eabi/5.4.1/../../../../arm-none-eabi/lib/armv7-m\libc.a(lib_a-impure.o)
                0x20000458                _impure_ptr
 .data.__malloc_av_
                0x2000045c      0x408 c:/program files (x86)/gnu tools arm embedded/5.4 2016q3/bin/../lib/gcc/arm-none-eabi/5.4.1/../../../../arm-none-eabi/lib/armv7-m\libc.a(lib_a-mallocr.o)
                0x2000045c                __malloc_av_
 .data.__malloc_trim_threshold
                0x20000864        0x4 c:/program files (x86)/gnu tools arm embedded/5.4 2016q3/bin/../lib/gcc/arm-none-eabi/5.4.1/../../../../arm-none-eabi/lib/armv7-m\libc.a(lib_a-mallocr.o)
                0x20000864                __malloc_trim_threshold
 .data.__malloc_sbrk_base
                0x20000868        0x4 c:/program files (x86)/gnu tools arm embedded/5.4 2016q3/bin/../lib/gcc/arm-none-eabi/5.4.1/../../../../arm-none-eabi/lib/armv7-m\libc.a(lib_a-mallocr.o)
                0x20000868                __malloc_sbrk_base
 .data.__global_locale
                0x2000086c      0x16c c:/program files (x86)/gnu tools arm embedded/5.4 2016q3/bin/../lib/gcc/arm-none-eabi/5.4.1/../../../../arm-none-eabi/lib/armv7-m\libc.a(lib_a-locale.o)
                0x2000086c                __global_locale
                0x200009d8                . = ALIGN (0x4)
                [!provide]                PROVIDE (__preinit_array_start, .)
 *(.preinit_array)
                [!provide]                PROVIDE (__preinit_array_end, .)
                0x200009d8                . = ALIGN (0x4)
                [!provide]                PROVIDE (__init_array_start, .)
 *(SORT(.init_array.*))
 *(.init_array)
 .init_array    0x200009d8        0x4 ..\obj\main.o
                [!provide]                PROVIDE (__init_array_end, .)
                0x200009dc                . = ALIGN (0x4)
                [!provide]                PROVIDE (__fini_array_start, .)
 *(SORT(.fini_array.*))
 *(.fini_array)
                [!provide]                PROVIDE (__fini_array_end, .)
 *(.jcr*)
                0x200009dc                . = ALIGN (0x4)
                0x200009dc                __data_end__ = .
                0x200009dc                _edata = __data_end__

.igot.plt       0x200009dc        0x0 load address 0x08009f50
 .igot.plt      0x200009dc        0x0 ..\obj\spi.o

.bss            0x200009e0      0x59c load address 0x08009f58
                0x200009e0                . = ALIGN (0x4)
                0x200009e0                __bss_start__ = .
                0x200009e0                _sbss = __bss_start__
 *(.bss*)
 .bss           0x200009e0       0x20 ..\obj\tim.o
                0x200009e0                TIM::tim1_mode
                0x200009e4                TIM::tim2_mode
                0x200009e8                TIM::tim3_mode
                0x200009ec                TIM::tim4_mode
                0x200009f0                TIM::tim1Cnt
                0x200009f4                TIM::tim2Cnt
                0x200009f8                TIM::tim3Cnt
                0x200009fc                TIM::tim4Cnt
 .bss           0x20000a00      0x214 ..\obj\main.o
                0x20000a00                rxFlag
                0x20000a02                encOld
                0x20000a04                encPwm
                0x20000a08                canData
                0x20000a10                canAddress
                0x20000a18                intervalTimer
                0x20000a20                timCnt
                0x20000a28                RxMessage
                0x20000a3c                encAa
                0x20000a48                encAb
                0x20000a54                encBa
                0x20000a60                encBb
                0x20000a6c                sw1
                0x20000a78                sw2
                0x20000a84                buzzer
                0x20000a90                ledA
                0x20000a9c                ledB
                0x20000aa8                sel1
                0x20000ab4                sel2
                0x20000ac0                sel4
                0x20000acc                sel8
                0x20000ad8                motorEN
                0x20000ae4                limitA1
                0x20000af0                limitA2
                0x20000afc                limitB1
                0x20000b08                limitB2
                0x20000b14                usartTX
                0x20000b20                usartRX
                0x20000b2c                canTX
                0x20000b38                canRX
                0x20000b44                io0
                0x20000b50                io1
                0x20000b5c                io2
                0x20000b68                io3
                0x20000b74                pinPwmA
                0x20000b80                pinPwmAN
                0x20000b8c                pinPwmB
                0x20000b98                pinPwmBN
                0x20000ba4                timer
                0x20000bb0                pwmA
                0x20000bbc                pwmAN
                0x20000bc8                pwmB
                0x20000bd4                pwmBN
                0x20000be0                encA
                0x20000bec                encB
                0x20000bf8                serial
                0x20000bfc                motorA
                0x20000c08                motorB
 *fill*         0x20000c14        0x4 
 .bss           0x20000c18       0x10 ..\obj\system.o
 .bss           0x20000c28        0x4 ..\obj\syscalls.o
 .bss           0x20000c2c      0x318 ..\obj\usart.o
                0x20000c2c                USART::usart1RxBuffer
                0x20000cac                USART::usart1ReadAddress
                0x20000cb0                USART::usart2RxBuffer
                0x20000d30                USART::usart2ReadAddress
                0x20000d34                USART::usart3RxBuffer
                0x20000db4                USART::usart3ReadAddress
                0x20000db8                USART::usart1TxBuffer
                0x20000e38                USART::usart1TxSendAddress
                0x20000e3a                USART::usart1TxWriteAddress
                0x20000e3c                USART::usart2TxBuffer
                0x20000ebc                USART::usart2TxSendAddress
                0x20000ebe                USART::usart2TxWriteAddress
                0x20000ec0                USART::usart3TxBuffer
                0x20000f40                USART::usart3TxSendAddress
                0x20000f42                USART::usart3TxWriteAddress
 .bss.__malloc_max_total_mem
                0x20000f44        0x4 c:/program files (x86)/gnu tools arm embedded/5.4 2016q3/bin/../lib/gcc/arm-none-eabi/5.4.1/../../../../arm-none-eabi/lib/armv7-m\libc.a(lib_a-mallocr.o)
                0x20000f44                __malloc_max_total_mem
 .bss.__malloc_max_sbrked_mem
                0x20000f48        0x4 c:/program files (x86)/gnu tools arm embedded/5.4 2016q3/bin/../lib/gcc/arm-none-eabi/5.4.1/../../../../arm-none-eabi/lib/armv7-m\libc.a(lib_a-mallocr.o)
                0x20000f48                __malloc_max_sbrked_mem
 .bss.__malloc_top_pad
                0x20000f4c        0x4 c:/program files (x86)/gnu tools arm embedded/5.4 2016q3/bin/../lib/gcc/arm-none-eabi/5.4.1/../../../../arm-none-eabi/lib/armv7-m\libc.a(lib_a-mallocr.o)
                0x20000f4c                __malloc_top_pad
 .bss.__malloc_current_mallinfo
                0x20000f50       0x28 c:/program files (x86)/gnu tools arm embedded/5.4 2016q3/bin/../lib/gcc/arm-none-eabi/5.4.1/../../../../arm-none-eabi/lib/armv7-m\libc.a(lib_a-mallocr.o)
                0x20000f50                __malloc_current_mallinfo
 *(COMMON)
 COMMON         0x20000f78        0x4 c:/program files (x86)/gnu tools arm embedded/5.4 2016q3/bin/../lib/gcc/arm-none-eabi/5.4.1/../../../../arm-none-eabi/lib/armv7-m\libc.a(lib_a-reent.o)
                0x20000f78                errno
                0x20000f7c                . = ALIGN (0x4)
                0x20000f7c                __bss_end__ = .
                0x20000f7c                _ebss = __bss_end__

.heap           0x20000f7c        0x0
                0x20000f7c                __end__ = .
                0x20000f7c                _end = __end__
                0x20000f7c                end = __end__
 *(.heap*)
                0x20000f7c                __HeapLimit = .

.co_stack       0x20000f7c      0x404 load address 0x0800a4f4
                0x20000f80                . = ALIGN (0x8)
 *fill*         0x20000f7c        0x4 
 *(.co_stack .co_stack.*)
 .co_stack      0x20000f80      0x400 ..\obj\startup_stm32f10x_md.o
                0x20000f80                pulStack
                0x20005000                __StackTop = (ORIGIN (ram) + LENGTH (ram))
                0x20004bfc                __StackLimit = (__StackTop - SIZEOF (.co_stack))
                [!provide]                PROVIDE (__stack, __StackTop)
                0x00000001                ASSERT ((__StackLimit >= __HeapLimit), region ram  overflowed with stack)
LOAD ..\obj\spi.o
LOAD ..\obj\stm32f10x_tim.o
LOAD ..\obj\system_stm32f10x.o
LOAD ..\obj\tim.o
LOAD ..\obj\startup_stm32f10x_md.o
LOAD ..\obj\stm32f10x_can.o
LOAD ..\obj\stm32f10x_gpio.o
LOAD ..\obj\main.o
LOAD ..\obj\system.o
LOAD ..\obj\can.o
LOAD ..\obj\stm32f10x_rcc.o
LOAD ..\obj\gpio.o
LOAD ..\obj\stm32f10x_exti.o
LOAD ..\obj\stm32f10x_adc.o
LOAD ..\obj\remap.o
LOAD ..\obj\stm32f10x_usart.o
LOAD ..\obj\syscalls.o
LOAD ..\obj\adc.o
LOAD ..\obj\app.o
LOAD ..\obj\misc.o
LOAD ..\obj\stm32f10x_spi.o
LOAD ..\obj\usart.o
LOAD c:/program files (x86)/gnu tools arm embedded/5.4 2016q3/bin/../lib/gcc/arm-none-eabi/5.4.1/../../../../arm-none-eabi/lib/armv7-m\libm.a
LOAD c:/program files (x86)/gnu tools arm embedded/5.4 2016q3/bin/../lib/gcc/arm-none-eabi/5.4.1/armv7-m\libgcc.a
LOAD c:/program files (x86)/gnu tools arm embedded/5.4 2016q3/bin/../lib/gcc/arm-none-eabi/5.4.1/../../../../arm-none-eabi/lib/armv7-m\libc.a
LOAD c:/program files (x86)/gnu tools arm embedded/5.4 2016q3/bin/../lib/gcc/arm-none-eabi/5.4.1/../../../../arm-none-eabi/lib/armv7-m\libstdc++.a
START GROUP
LOAD c:/program files (x86)/gnu tools arm embedded/5.4 2016q3/bin/../lib/gcc/arm-none-eabi/5.4.1/armv7-m\libgcc.a
LOAD c:/program files (x86)/gnu tools arm embedded/5.4 2016q3/bin/../lib/gcc/arm-none-eabi/5.4.1/../../../../arm-none-eabi/lib/armv7-m\libg.a
LOAD c:/program files (x86)/gnu tools arm embedded/5.4 2016q3/bin/../lib/gcc/arm-none-eabi/5.4.1/../../../../arm-none-eabi/lib/armv7-m\libc.a
END GROUP
OUTPUT(F103_48.elf elf32-littlearm)

.debug_info     0x00000000     0xa2ee
 .debug_info    0x00000000      0x494 ..\obj\spi.o
 .debug_info    0x00000494     0x1c60 ..\obj\stm32f10x_tim.o
 .debug_info    0x000020f4      0x49c ..\obj\system_stm32f10x.o
 .debug_info    0x00002590      0xffc ..\obj\tim.o
 .debug_info    0x0000358c      0x101 ..\obj\startup_stm32f10x_md.o
 .debug_info    0x0000368d      0xba4 ..\obj\stm32f10x_can.o
 .debug_info    0x00004231      0x6f6 ..\obj\stm32f10x_gpio.o
 .debug_info    0x00004927     0x113b ..\obj\main.o
 .debug_info    0x00005a62      0x660 ..\obj\system.o
 .debug_info    0x000060c2      0x73e ..\obj\can.o
 .debug_info    0x00006800      0x8a3 ..\obj\stm32f10x_rcc.o
 .debug_info    0x000070a3      0x4d0 ..\obj\gpio.o
 .debug_info    0x00007573      0x9f0 ..\obj\stm32f10x_usart.o
 .debug_info    0x00007f63      0x458 ..\obj\syscalls.o
 .debug_info    0x000083bb      0x626 ..\obj\app.o
 .debug_info    0x000089e1      0x556 ..\obj\misc.o
 .debug_info    0x00008f37      0x8fb ..\obj\stm32f10x_spi.o
 .debug_info    0x00009832      0xabc ..\obj\usart.o

.debug_abbrev   0x00000000     0x1e69
 .debug_abbrev  0x00000000      0x129 ..\obj\spi.o
 .debug_abbrev  0x00000129      0x1b2 ..\obj\stm32f10x_tim.o
 .debug_abbrev  0x000002db      0x14e ..\obj\system_stm32f10x.o
 .debug_abbrev  0x00000429      0x2a2 ..\obj\tim.o
 .debug_abbrev  0x000006cb       0xae ..\obj\startup_stm32f10x_md.o
 .debug_abbrev  0x00000779      0x1f5 ..\obj\stm32f10x_can.o
 .debug_abbrev  0x0000096e      0x1cc ..\obj\stm32f10x_gpio.o
 .debug_abbrev  0x00000b3a      0x2db ..\obj\main.o
 .debug_abbrev  0x00000e15      0x1dc ..\obj\system.o
 .debug_abbrev  0x00000ff1      0x179 ..\obj\can.o
 .debug_abbrev  0x0000116a      0x1bc ..\obj\stm32f10x_rcc.o
 .debug_abbrev  0x00001326      0x1ca ..\obj\gpio.o
 .debug_abbrev  0x000014f0      0x164 ..\obj\stm32f10x_usart.o
 .debug_abbrev  0x00001654       0xe5 ..\obj\syscalls.o
 .debug_abbrev  0x00001739      0x1ba ..\obj\app.o
 .debug_abbrev  0x000018f3      0x147 ..\obj\misc.o
 .debug_abbrev  0x00001a3a      0x180 ..\obj\stm32f10x_spi.o
 .debug_abbrev  0x00001bba      0x2af ..\obj\usart.o

.debug_aranges  0x00000000      0xbf0
 .debug_aranges
                0x00000000       0x28 ..\obj\spi.o
 .debug_aranges
                0x00000028      0x2f0 ..\obj\stm32f10x_tim.o
 .debug_aranges
                0x00000318       0x38 ..\obj\system_stm32f10x.o
 .debug_aranges
                0x00000350      0x180 ..\obj\tim.o
 .debug_aranges
                0x000004d0       0x28 ..\obj\startup_stm32f10x_md.o
 .debug_aranges
                0x000004f8       0xe0 ..\obj\stm32f10x_can.o
 .debug_aranges
                0x000005d8       0xa8 ..\obj\stm32f10x_gpio.o
 .debug_aranges
                0x00000680       0x50 ..\obj\main.o
 .debug_aranges
                0x000006d0       0x50 ..\obj\system.o
 .debug_aranges
                0x00000720       0x28 ..\obj\can.o
 .debug_aranges
                0x00000748      0x118 ..\obj\stm32f10x_rcc.o
 .debug_aranges
                0x00000860       0x58 ..\obj\gpio.o
 .debug_aranges
                0x000008b8      0x100 ..\obj\stm32f10x_usart.o
 .debug_aranges
                0x000009b8       0x60 ..\obj\syscalls.o
 .debug_aranges
                0x00000a18       0x30 ..\obj\app.o
 .debug_aranges
                0x00000a48       0x40 ..\obj\misc.o
 .debug_aranges
                0x00000a88       0xd0 ..\obj\stm32f10x_spi.o
 .debug_aranges
                0x00000b58       0x98 ..\obj\usart.o

.debug_ranges   0x00000000      0xad0
 .debug_ranges  0x00000000       0x18 ..\obj\spi.o
 .debug_ranges  0x00000018      0x2e0 ..\obj\stm32f10x_tim.o
 .debug_ranges  0x000002f8       0x28 ..\obj\system_stm32f10x.o
 .debug_ranges  0x00000320      0x170 ..\obj\tim.o
 .debug_ranges  0x00000490       0x18 ..\obj\startup_stm32f10x_md.o
 .debug_ranges  0x000004a8       0xd0 ..\obj\stm32f10x_can.o
 .debug_ranges  0x00000578       0x98 ..\obj\stm32f10x_gpio.o
 .debug_ranges  0x00000610       0x40 ..\obj\main.o
 .debug_ranges  0x00000650       0x40 ..\obj\system.o
 .debug_ranges  0x00000690       0x18 ..\obj\can.o
 .debug_ranges  0x000006a8      0x108 ..\obj\stm32f10x_rcc.o
 .debug_ranges  0x000007b0       0x48 ..\obj\gpio.o
 .debug_ranges  0x000007f8       0xf0 ..\obj\stm32f10x_usart.o
 .debug_ranges  0x000008e8       0x50 ..\obj\syscalls.o
 .debug_ranges  0x00000938       0x20 ..\obj\app.o
 .debug_ranges  0x00000958       0x30 ..\obj\misc.o
 .debug_ranges  0x00000988       0xc0 ..\obj\stm32f10x_spi.o
 .debug_ranges  0x00000a48       0x88 ..\obj\usart.o

.debug_line     0x00000000     0x4810
 .debug_line    0x00000000      0x29d ..\obj\spi.o
 .debug_line    0x0000029d      0xb98 ..\obj\stm32f10x_tim.o
 .debug_line    0x00000e35      0x246 ..\obj\system_stm32f10x.o
 .debug_line    0x0000107b      0x6c4 ..\obj\tim.o
 .debug_line    0x0000173f       0xb3 ..\obj\startup_stm32f10x_md.o
 .debug_line    0x000017f2      0x5b2 ..\obj\stm32f10x_can.o
 .debug_line    0x00001da4      0x418 ..\obj\stm32f10x_gpio.o
 .debug_line    0x000021bc      0x387 ..\obj\main.o
 .debug_line    0x00002543      0x279 ..\obj\system.o
 .debug_line    0x000027bc      0x276 ..\obj\can.o
 .debug_line    0x00002a32      0x513 ..\obj\stm32f10x_rcc.o
 .debug_line    0x00002f45      0x309 ..\obj\gpio.o
 .debug_line    0x0000324e      0x4fa ..\obj\stm32f10x_usart.o
 .debug_line    0x00003748      0x1ff ..\obj\syscalls.o
 .debug_line    0x00003947      0x261 ..\obj\app.o
 .debug_line    0x00003ba8      0x28b ..\obj\misc.o
 .debug_line    0x00003e33      0x475 ..\obj\stm32f10x_spi.o
 .debug_line    0x000042a8      0x568 ..\obj\usart.o

.debug_str      0x00000000     0x3f38
 .debug_str     0x00000000      0x672 ..\obj\spi.o
                                0x70f (size before relaxing)
 .debug_str     0x00000672      0xbd6 ..\obj\stm32f10x_tim.o
                                0xdf6 (size before relaxing)
 .debug_str     0x00001248      0x175 ..\obj\system_stm32f10x.o
                                0x308 (size before relaxing)
 .debug_str     0x000013bd      0x854 ..\obj\tim.o
                               0x106a (size before relaxing)
 .debug_str     0x00001c11       0xce ..\obj\startup_stm32f10x_md.o
                                0x165 (size before relaxing)
 .debug_str     0x00001cdf      0x4ae ..\obj\stm32f10x_can.o
                                0x747 (size before relaxing)
 .debug_str     0x0000218d      0x344 ..\obj\stm32f10x_gpio.o
                                0x532 (size before relaxing)
 .debug_str     0x000024d1      0x5a8 ..\obj\main.o
                                0xc26 (size before relaxing)
 .debug_str     0x00002a79      0x133 ..\obj\system.o
                                0x676 (size before relaxing)
 .debug_str     0x00002bac       0xd6 ..\obj\can.o
                                0x8cd (size before relaxing)
 .debug_str     0x00002c82      0x3df ..\obj\stm32f10x_rcc.o
                                0x633 (size before relaxing)
 .debug_str     0x00003061      0x12d ..\obj\gpio.o
                                0x51f (size before relaxing)
 .debug_str     0x0000318e      0x41b ..\obj\stm32f10x_usart.o
                                0x6a9 (size before relaxing)
 .debug_str     0x000035a9      0x18f ..\obj\syscalls.o
                                0x352 (size before relaxing)
 .debug_str     0x00003738       0x65 ..\obj\app.o
                                0x52e (size before relaxing)
 .debug_str     0x0000379d      0x11c ..\obj\misc.o
                                0x3d7 (size before relaxing)
 .debug_str     0x000038b9      0x2d6 ..\obj\stm32f10x_spi.o
                                0x616 (size before relaxing)
 .debug_str     0x00003b8f      0x3a9 ..\obj\usart.o
                                0xc2b (size before relaxing)

.comment        0x00000000       0x6e
 .comment       0x00000000       0x6e ..\obj\spi.o
                                 0x6f (size before relaxing)
 .comment       0x0000006e       0x6f ..\obj\stm32f10x_tim.o
 .comment       0x0000006e       0x6f ..\obj\system_stm32f10x.o
 .comment       0x0000006e       0x6f ..\obj\tim.o
 .comment       0x0000006e       0x6f ..\obj\startup_stm32f10x_md.o
 .comment       0x0000006e       0x6f ..\obj\stm32f10x_can.o
 .comment       0x0000006e       0x6f ..\obj\stm32f10x_gpio.o
 .comment       0x0000006e       0x6f ..\obj\main.o
 .comment       0x0000006e       0x6f ..\obj\system.o
 .comment       0x0000006e       0x6f ..\obj\can.o
 .comment       0x0000006e       0x6f ..\obj\stm32f10x_rcc.o
 .comment       0x0000006e       0x6f ..\obj\gpio.o
 .comment       0x0000006e       0x6f ..\obj\stm32f10x_usart.o
 .comment       0x0000006e       0x6f ..\obj\syscalls.o
 .comment       0x0000006e       0x6f ..\obj\app.o
 .comment       0x0000006e       0x6f ..\obj\misc.o
 .comment       0x0000006e       0x6f ..\obj\stm32f10x_spi.o
 .comment       0x0000006e       0x6f ..\obj\usart.o

.ARM.attributes
                0x00000000       0x31
 .ARM.attributes
                0x00000000       0x33 ..\obj\spi.o
 .ARM.attributes
                0x00000033       0x33 ..\obj\stm32f10x_tim.o
 .ARM.attributes
                0x00000066       0x33 ..\obj\system_stm32f10x.o
 .ARM.attributes
                0x00000099       0x33 ..\obj\tim.o
 .ARM.attributes
                0x000000cc       0x33 ..\obj\startup_stm32f10x_md.o
 .ARM.attributes
                0x000000ff       0x33 ..\obj\stm32f10x_can.o
 .ARM.attributes
                0x00000132       0x33 ..\obj\stm32f10x_gpio.o
 .ARM.attributes
                0x00000165       0x33 ..\obj\main.o
 .ARM.attributes
                0x00000198       0x33 ..\obj\system.o
 .ARM.attributes
                0x000001cb       0x33 ..\obj\can.o
 .ARM.attributes
                0x000001fe       0x33 ..\obj\stm32f10x_rcc.o
 .ARM.attributes
                0x00000231       0x33 ..\obj\gpio.o
 .ARM.attributes
                0x00000264       0x33 ..\obj\stm32f10x_usart.o
 .ARM.attributes
                0x00000297       0x33 ..\obj\syscalls.o
 .ARM.attributes
                0x000002ca       0x33 ..\obj\app.o
 .ARM.attributes
                0x000002fd       0x33 ..\obj\misc.o
 .ARM.attributes
                0x00000330       0x33 ..\obj\stm32f10x_spi.o
 .ARM.attributes
                0x00000363       0x33 ..\obj\usart.o
 .ARM.attributes
                0x00000396       0x1d c:/program files (x86)/gnu tools arm embedded/5.4 2016q3/bin/../lib/gcc/arm-none-eabi/5.4.1/armv7-m\libgcc.a(_aeabi_uldivmod.o)
 .ARM.attributes
                0x000003b3       0x2d c:/program files (x86)/gnu tools arm embedded/5.4 2016q3/bin/../lib/gcc/arm-none-eabi/5.4.1/armv7-m\libgcc.a(_udivmoddi4.o)
 .ARM.attributes
                0x000003e0       0x1d c:/program files (x86)/gnu tools arm embedded/5.4 2016q3/bin/../lib/gcc/arm-none-eabi/5.4.1/armv7-m\libgcc.a(_dvmd_tls.o)
 .ARM.attributes
                0x000003fd       0x1b c:/program files (x86)/gnu tools arm embedded/5.4 2016q3/bin/../lib/gcc/arm-none-eabi/5.4.1/../../../../arm-none-eabi/lib/armv7-m\libc.a(lib_a-memcpy.o)
 .ARM.attributes
                0x00000418       0x2d c:/program files (x86)/gnu tools arm embedded/5.4 2016q3/bin/../lib/gcc/arm-none-eabi/5.4.1/../../../../arm-none-eabi/lib/armv7-m\libc.a(lib_a-vsprintf.o)
 .ARM.attributes
                0x00000445       0x2d c:/program files (x86)/gnu tools arm embedded/5.4 2016q3/bin/../lib/gcc/arm-none-eabi/5.4.1/../../../../arm-none-eabi/lib/armv7-m\libc.a(lib_a-impure.o)
 .ARM.attributes
                0x00000472       0x2d c:/program files (x86)/gnu tools arm embedded/5.4 2016q3/bin/../lib/gcc/arm-none-eabi/5.4.1/../../../../arm-none-eabi/lib/armv7-m\libc.a(lib_a-svfprintf.o)
 .ARM.attributes
                0x0000049f       0x2d c:/program files (x86)/gnu tools arm embedded/5.4 2016q3/bin/../lib/gcc/arm-none-eabi/5.4.1/../../../../arm-none-eabi/lib/armv7-m\libc.a(lib_a-dtoa.o)
 .ARM.attributes
                0x000004cc       0x2d c:/program files (x86)/gnu tools arm embedded/5.4 2016q3/bin/../lib/gcc/arm-none-eabi/5.4.1/../../../../arm-none-eabi/lib/armv7-m\libc.a(lib_a-localeconv.o)
 .ARM.attributes
                0x000004f9       0x2d c:/program files (x86)/gnu tools arm embedded/5.4 2016q3/bin/../lib/gcc/arm-none-eabi/5.4.1/../../../../arm-none-eabi/lib/armv7-m\libc.a(lib_a-mallocr.o)
 .ARM.attributes
                0x00000526       0x2d c:/program files (x86)/gnu tools arm embedded/5.4 2016q3/bin/../lib/gcc/arm-none-eabi/5.4.1/../../../../arm-none-eabi/lib/armv7-m\libc.a(lib_a-memchr-stub.o)
 .ARM.attributes
                0x00000553       0x2d c:/program files (x86)/gnu tools arm embedded/5.4 2016q3/bin/../lib/gcc/arm-none-eabi/5.4.1/../../../../arm-none-eabi/lib/armv7-m\libc.a(lib_a-mlock.o)
 .ARM.attributes
                0x00000580       0x2d c:/program files (x86)/gnu tools arm embedded/5.4 2016q3/bin/../lib/gcc/arm-none-eabi/5.4.1/../../../../arm-none-eabi/lib/armv7-m\libc.a(lib_a-mprec.o)
 .ARM.attributes
                0x000005ad       0x2d c:/program files (x86)/gnu tools arm embedded/5.4 2016q3/bin/../lib/gcc/arm-none-eabi/5.4.1/../../../../arm-none-eabi/lib/armv7-m\libc.a(lib_a-sbrkr.o)
 .ARM.attributes
                0x000005da       0x2d c:/program files (x86)/gnu tools arm embedded/5.4 2016q3/bin/../lib/gcc/arm-none-eabi/5.4.1/../../../../arm-none-eabi/lib/armv7-m\libc.a(lib_a-strlen-stub.o)
 .ARM.attributes
                0x00000607       0x2d c:/program files (x86)/gnu tools arm embedded/5.4 2016q3/bin/../lib/gcc/arm-none-eabi/5.4.1/../../../../arm-none-eabi/lib/armv7-m\libc.a(lib_a-svfiprintf.o)
 .ARM.attributes
                0x00000634       0x2d c:/program files (x86)/gnu tools arm embedded/5.4 2016q3/bin/../lib/gcc/arm-none-eabi/5.4.1/../../../../arm-none-eabi/lib/armv7-m\libc.a(lib_a-callocr.o)
 .ARM.attributes
                0x00000661       0x2d c:/program files (x86)/gnu tools arm embedded/5.4 2016q3/bin/../lib/gcc/arm-none-eabi/5.4.1/../../../../arm-none-eabi/lib/armv7-m\libc.a(lib_a-freer.o)
 .ARM.attributes
                0x0000068e       0x2d c:/program files (x86)/gnu tools arm embedded/5.4 2016q3/bin/../lib/gcc/arm-none-eabi/5.4.1/../../../../arm-none-eabi/lib/armv7-m\libc.a(lib_a-locale.o)
 .ARM.attributes
                0x000006bb       0x2d c:/program files (x86)/gnu tools arm embedded/5.4 2016q3/bin/../lib/gcc/arm-none-eabi/5.4.1/../../../../arm-none-eabi/lib/armv7-m\libc.a(lib_a-mbtowc_r.o)
 .ARM.attributes
                0x000006e8       0x2d c:/program files (x86)/gnu tools arm embedded/5.4 2016q3/bin/../lib/gcc/arm-none-eabi/5.4.1/../../../../arm-none-eabi/lib/armv7-m\libc.a(lib_a-memmove.o)
 .ARM.attributes
                0x00000715       0x2d c:/program files (x86)/gnu tools arm embedded/5.4 2016q3/bin/../lib/gcc/arm-none-eabi/5.4.1/../../../../arm-none-eabi/lib/armv7-m\libc.a(lib_a-memset.o)
 .ARM.attributes
                0x00000742       0x2d c:/program files (x86)/gnu tools arm embedded/5.4 2016q3/bin/../lib/gcc/arm-none-eabi/5.4.1/../../../../arm-none-eabi/lib/armv7-m\libc.a(lib_a-reallocr.o)
 .ARM.attributes
                0x0000076f       0x2d c:/program files (x86)/gnu tools arm embedded/5.4 2016q3/bin/../lib/gcc/arm-none-eabi/5.4.1/../../../../arm-none-eabi/lib/armv7-m\libc.a(lib_a-reent.o)
 .ARM.attributes
                0x0000079c       0x2d c:/program files (x86)/gnu tools arm embedded/5.4 2016q3/bin/../lib/gcc/arm-none-eabi/5.4.1/../../../../arm-none-eabi/lib/armv7-m\libc.a(lib_a-wctomb_r.o)
 .ARM.attributes
                0x000007c9       0x2d c:/program files (x86)/gnu tools arm embedded/5.4 2016q3/bin/../lib/gcc/arm-none-eabi/5.4.1/../../../../arm-none-eabi/lib/armv7-m\libc.a(lib_a-ctype_.o)
 .ARM.attributes
                0x000007f6       0x1d c:/program files (x86)/gnu tools arm embedded/5.4 2016q3/bin/../lib/gcc/arm-none-eabi/5.4.1/armv7-m\libgcc.a(_arm_addsubdf3.o)
 .ARM.attributes
                0x00000813       0x1d c:/program files (x86)/gnu tools arm embedded/5.4 2016q3/bin/../lib/gcc/arm-none-eabi/5.4.1/armv7-m\libgcc.a(_arm_muldivdf3.o)
 .ARM.attributes
                0x00000830       0x1d c:/program files (x86)/gnu tools arm embedded/5.4 2016q3/bin/../lib/gcc/arm-none-eabi/5.4.1/armv7-m\libgcc.a(_arm_cmpdf2.o)
 .ARM.attributes
                0x0000084d       0x1d c:/program files (x86)/gnu tools arm embedded/5.4 2016q3/bin/../lib/gcc/arm-none-eabi/5.4.1/armv7-m\libgcc.a(_arm_unorddf2.o)
 .ARM.attributes
                0x0000086a       0x1d c:/program files (x86)/gnu tools arm embedded/5.4 2016q3/bin/../lib/gcc/arm-none-eabi/5.4.1/armv7-m\libgcc.a(_arm_fixdfsi.o)

.debug_frame    0x00000000     0x3a70
 .debug_frame   0x00000000       0x50 ..\obj\spi.o
 .debug_frame   0x00000050      0xe2c ..\obj\stm32f10x_tim.o
 .debug_frame   0x00000e7c       0x98 ..\obj\system_stm32f10x.o
 .debug_frame   0x00000f14      0x61c ..\obj\tim.o
 .debug_frame   0x00001530       0x4c ..\obj\startup_stm32f10x_md.o
 .debug_frame   0x0000157c      0x3f0 ..\obj\stm32f10x_can.o
 .debug_frame   0x0000196c      0x2d0 ..\obj\stm32f10x_gpio.o
 .debug_frame   0x00001c3c       0xf4 ..\obj\main.o
 .debug_frame   0x00001d30      0x108 ..\obj\system.o
 .debug_frame   0x00001e38       0x58 ..\obj\can.o
 .debug_frame   0x00001e90      0x4f4 ..\obj\stm32f10x_rcc.o
 .debug_frame   0x00002384      0x128 ..\obj\gpio.o
 .debug_frame   0x000024ac      0x490 ..\obj\stm32f10x_usart.o
 .debug_frame   0x0000293c      0x168 ..\obj\syscalls.o
 .debug_frame   0x00002aa4       0x80 ..\obj\app.o
 .debug_frame   0x00002b24       0xd8 ..\obj\misc.o
 .debug_frame   0x00002bfc      0x3a0 ..\obj\stm32f10x_spi.o
 .debug_frame   0x00002f9c      0x27c ..\obj\usart.o
 .debug_frame   0x00003218       0x2c c:/program files (x86)/gnu tools arm embedded/5.4 2016q3/bin/../lib/gcc/arm-none-eabi/5.4.1/armv7-m\libgcc.a(_aeabi_uldivmod.o)
 .debug_frame   0x00003244       0x38 c:/program files (x86)/gnu tools arm embedded/5.4 2016q3/bin/../lib/gcc/arm-none-eabi/5.4.1/armv7-m\libgcc.a(_udivmoddi4.o)
 .debug_frame   0x0000327c       0x50 c:/program files (x86)/gnu tools arm embedded/5.4 2016q3/bin/../lib/gcc/arm-none-eabi/5.4.1/../../../../arm-none-eabi/lib/armv7-m\libc.a(lib_a-vsprintf.o)
 .debug_frame   0x000032cc       0x44 c:/program files (x86)/gnu tools arm embedded/5.4 2016q3/bin/../lib/gcc/arm-none-eabi/5.4.1/../../../../arm-none-eabi/lib/armv7-m\libc.a(lib_a-svfprintf.o)
 .debug_frame   0x00003310       0x84 c:/program files (x86)/gnu tools arm embedded/5.4 2016q3/bin/../lib/gcc/arm-none-eabi/5.4.1/../../../../arm-none-eabi/lib/armv7-m\libc.a(lib_a-dtoa.o)
 .debug_frame   0x00003394       0x40 c:/program files (x86)/gnu tools arm embedded/5.4 2016q3/bin/../lib/gcc/arm-none-eabi/5.4.1/../../../../arm-none-eabi/lib/armv7-m\libc.a(lib_a-localeconv.o)
 .debug_frame   0x000033d4       0x54 c:/program files (x86)/gnu tools arm embedded/5.4 2016q3/bin/../lib/gcc/arm-none-eabi/5.4.1/../../../../arm-none-eabi/lib/armv7-m\libc.a(lib_a-mallocr.o)
 .debug_frame   0x00003428       0x34 c:/program files (x86)/gnu tools arm embedded/5.4 2016q3/bin/../lib/gcc/arm-none-eabi/5.4.1/../../../../arm-none-eabi/lib/armv7-m\libc.a(lib_a-memchr-stub.o)
 .debug_frame   0x0000345c       0x30 c:/program files (x86)/gnu tools arm embedded/5.4 2016q3/bin/../lib/gcc/arm-none-eabi/5.4.1/../../../../arm-none-eabi/lib/armv7-m\libc.a(lib_a-mlock.o)
 .debug_frame   0x0000348c      0x264 c:/program files (x86)/gnu tools arm embedded/5.4 2016q3/bin/../lib/gcc/arm-none-eabi/5.4.1/../../../../arm-none-eabi/lib/armv7-m\libc.a(lib_a-mprec.o)
 .debug_frame   0x000036f0       0x2c c:/program files (x86)/gnu tools arm embedded/5.4 2016q3/bin/../lib/gcc/arm-none-eabi/5.4.1/../../../../arm-none-eabi/lib/armv7-m\libc.a(lib_a-sbrkr.o)
 .debug_frame   0x0000371c       0x20 c:/program files (x86)/gnu tools arm embedded/5.4 2016q3/bin/../lib/gcc/arm-none-eabi/5.4.1/../../../../arm-none-eabi/lib/armv7-m\libc.a(lib_a-strlen-stub.o)
 .debug_frame   0x0000373c       0x78 c:/program files (x86)/gnu tools arm embedded/5.4 2016q3/bin/../lib/gcc/arm-none-eabi/5.4.1/../../../../arm-none-eabi/lib/armv7-m\libc.a(lib_a-svfiprintf.o)
 .debug_frame   0x000037b4       0x28 c:/program files (x86)/gnu tools arm embedded/5.4 2016q3/bin/../lib/gcc/arm-none-eabi/5.4.1/../../../../arm-none-eabi/lib/armv7-m\libc.a(lib_a-callocr.o)
 .debug_frame   0x000037dc       0x74 c:/program files (x86)/gnu tools arm embedded/5.4 2016q3/bin/../lib/gcc/arm-none-eabi/5.4.1/../../../../arm-none-eabi/lib/armv7-m\libc.a(lib_a-freer.o)
 .debug_frame   0x00003850       0x84 c:/program files (x86)/gnu tools arm embedded/5.4 2016q3/bin/../lib/gcc/arm-none-eabi/5.4.1/../../../../arm-none-eabi/lib/armv7-m\libc.a(lib_a-locale.o)
 .debug_frame   0x000038d4       0x4c c:/program files (x86)/gnu tools arm embedded/5.4 2016q3/bin/../lib/gcc/arm-none-eabi/5.4.1/../../../../arm-none-eabi/lib/armv7-m\libc.a(lib_a-mbtowc_r.o)
 .debug_frame   0x00003920       0x30 c:/program files (x86)/gnu tools arm embedded/5.4 2016q3/bin/../lib/gcc/arm-none-eabi/5.4.1/../../../../arm-none-eabi/lib/armv7-m\libc.a(lib_a-memmove.o)
 .debug_frame   0x00003950       0x34 c:/program files (x86)/gnu tools arm embedded/5.4 2016q3/bin/../lib/gcc/arm-none-eabi/5.4.1/../../../../arm-none-eabi/lib/armv7-m\libc.a(lib_a-memset.o)
 .debug_frame   0x00003984       0x58 c:/program files (x86)/gnu tools arm embedded/5.4 2016q3/bin/../lib/gcc/arm-none-eabi/5.4.1/../../../../arm-none-eabi/lib/armv7-m\libc.a(lib_a-reallocr.o)
 .debug_frame   0x000039dc       0x58 c:/program files (x86)/gnu tools arm embedded/5.4 2016q3/bin/../lib/gcc/arm-none-eabi/5.4.1/../../../../arm-none-eabi/lib/armv7-m\libc.a(lib_a-reent.o)
 .debug_frame   0x00003a34       0x3c c:/program files (x86)/gnu tools arm embedded/5.4 2016q3/bin/../lib/gcc/arm-none-eabi/5.4.1/../../../../arm-none-eabi/lib/armv7-m\libc.a(lib_a-wctomb_r.o)
