Archive member included to satisfy reference by file (symbol)

c:/program files (x86)/gnu tools arm embedded/5.4 2016q3/bin/../lib/gcc/arm-none-eabi/5.4.1/../../../../arm-none-eabi/lib/armv7-m\libm.a(lib_a-s_cos.o)
                              ..\obj\utilplus.o (cos)
c:/program files (x86)/gnu tools arm embedded/5.4 2016q3/bin/../lib/gcc/arm-none-eabi/5.4.1/../../../../arm-none-eabi/lib/armv7-m\libm.a(lib_a-s_sin.o)
                              ..\obj\utilplus.o (sin)
c:/program files (x86)/gnu tools arm embedded/5.4 2016q3/bin/../lib/gcc/arm-none-eabi/5.4.1/../../../../arm-none-eabi/lib/armv7-m\libm.a(lib_a-sf_cos.o)
                              ..\obj\utilplus.o (cosf)
c:/program files (x86)/gnu tools arm embedded/5.4 2016q3/bin/../lib/gcc/arm-none-eabi/5.4.1/../../../../arm-none-eabi/lib/armv7-m\libm.a(lib_a-sf_sin.o)
                              ..\obj\utilplus.o (sinf)
c:/program files (x86)/gnu tools arm embedded/5.4 2016q3/bin/../lib/gcc/arm-none-eabi/5.4.1/../../../../arm-none-eabi/lib/armv7-m\libm.a(lib_a-w_atan2.o)
                              ..\obj\CatchRoboMain.o (atan2)
c:/program files (x86)/gnu tools arm embedded/5.4 2016q3/bin/../lib/gcc/arm-none-eabi/5.4.1/../../../../arm-none-eabi/lib/armv7-m\libm.a(lib_a-w_sqrt.o)
                              ..\obj\CatchRoboMain.o (sqrt)
c:/program files (x86)/gnu tools arm embedded/5.4 2016q3/bin/../lib/gcc/arm-none-eabi/5.4.1/../../../../arm-none-eabi/lib/armv7-m\libm.a(lib_a-wf_acos.o)
                              ..\obj\utilplus.o (acosf)
c:/program files (x86)/gnu tools arm embedded/5.4 2016q3/bin/../lib/gcc/arm-none-eabi/5.4.1/../../../../arm-none-eabi/lib/armv7-m\libm.a(lib_a-wf_atan2.o)
                              ..\obj\utilplus.o (atan2f)
c:/program files (x86)/gnu tools arm embedded/5.4 2016q3/bin/../lib/gcc/arm-none-eabi/5.4.1/../../../../arm-none-eabi/lib/armv7-m\libm.a(lib_a-wf_exp.o)
                              ..\obj\utilplus.o (expf)
c:/program files (x86)/gnu tools arm embedded/5.4 2016q3/bin/../lib/gcc/arm-none-eabi/5.4.1/../../../../arm-none-eabi/lib/armv7-m\libm.a(lib_a-wf_log.o)
                              ..\obj\utilplus.o (logf)
c:/program files (x86)/gnu tools arm embedded/5.4 2016q3/bin/../lib/gcc/arm-none-eabi/5.4.1/../../../../arm-none-eabi/lib/armv7-m\libm.a(lib_a-wf_pow.o)
                              ..\obj\utilplus.o (powf)
c:/program files (x86)/gnu tools arm embedded/5.4 2016q3/bin/../lib/gcc/arm-none-eabi/5.4.1/../../../../arm-none-eabi/lib/armv7-m\libm.a(lib_a-wf_sqrt.o)
                              ..\obj\utilplus.o (sqrtf)
c:/program files (x86)/gnu tools arm embedded/5.4 2016q3/bin/../lib/gcc/arm-none-eabi/5.4.1/../../../../arm-none-eabi/lib/armv7-m\libm.a(lib_a-e_atan2.o)
                              c:/program files (x86)/gnu tools arm embedded/5.4 2016q3/bin/../lib/gcc/arm-none-eabi/5.4.1/../../../../arm-none-eabi/lib/armv7-m\libm.a(lib_a-w_atan2.o) (__ieee754_atan2)
c:/program files (x86)/gnu tools arm embedded/5.4 2016q3/bin/../lib/gcc/arm-none-eabi/5.4.1/../../../../arm-none-eabi/lib/armv7-m\libm.a(lib_a-e_rem_pio2.o)
                              c:/program files (x86)/gnu tools arm embedded/5.4 2016q3/bin/../lib/gcc/arm-none-eabi/5.4.1/../../../../arm-none-eabi/lib/armv7-m\libm.a(lib_a-s_cos.o) (__ieee754_rem_pio2)
c:/program files (x86)/gnu tools arm embedded/5.4 2016q3/bin/../lib/gcc/arm-none-eabi/5.4.1/../../../../arm-none-eabi/lib/armv7-m\libm.a(lib_a-e_sqrt.o)
                              c:/program files (x86)/gnu tools arm embedded/5.4 2016q3/bin/../lib/gcc/arm-none-eabi/5.4.1/../../../../arm-none-eabi/lib/armv7-m\libm.a(lib_a-w_sqrt.o) (__ieee754_sqrt)
c:/program files (x86)/gnu tools arm embedded/5.4 2016q3/bin/../lib/gcc/arm-none-eabi/5.4.1/../../../../arm-none-eabi/lib/armv7-m\libm.a(lib_a-ef_acos.o)
                              c:/program files (x86)/gnu tools arm embedded/5.4 2016q3/bin/../lib/gcc/arm-none-eabi/5.4.1/../../../../arm-none-eabi/lib/armv7-m\libm.a(lib_a-wf_acos.o) (__ieee754_acosf)
c:/program files (x86)/gnu tools arm embedded/5.4 2016q3/bin/../lib/gcc/arm-none-eabi/5.4.1/../../../../arm-none-eabi/lib/armv7-m\libm.a(lib_a-ef_atan2.o)
                              c:/program files (x86)/gnu tools arm embedded/5.4 2016q3/bin/../lib/gcc/arm-none-eabi/5.4.1/../../../../arm-none-eabi/lib/armv7-m\libm.a(lib_a-wf_atan2.o) (__ieee754_atan2f)
c:/program files (x86)/gnu tools arm embedded/5.4 2016q3/bin/../lib/gcc/arm-none-eabi/5.4.1/../../../../arm-none-eabi/lib/armv7-m\libm.a(lib_a-ef_exp.o)
                              c:/program files (x86)/gnu tools arm embedded/5.4 2016q3/bin/../lib/gcc/arm-none-eabi/5.4.1/../../../../arm-none-eabi/lib/armv7-m\libm.a(lib_a-wf_exp.o) (__ieee754_expf)
c:/program files (x86)/gnu tools arm embedded/5.4 2016q3/bin/../lib/gcc/arm-none-eabi/5.4.1/../../../../arm-none-eabi/lib/armv7-m\libm.a(lib_a-ef_log.o)
[...]
Memory Configuration

Name             Origin             Length             Attributes
rom              0x08000000         0x00010000         xr
ram              0x20000000         0x00005000         xrw
*default*        0x00000000         0xffffffff

Linker script and memory map

                0x20005000                _eram = 0x20005000

.text           0x08000000     0xb489
 *(.isr_vector)
 .isr_vector    0x08000000      0x10c ..\obj\startup_stm32f10x_md.o
                0x08000000                g_pfnVectors
 *(.text*)
 .text._ZN10SPI_Master5setupEP11SPI_TypeDefP12GPIO_TypeDeftS3_tS3_ttt
                0x0800010c       0x90 ..\obj\spi.o
                0x0800010c                SPI_Master::setup(SPI_TypeDef*, GPIO_TypeDef*, unsigned short, GPIO_TypeDef*, unsigned short, GPIO_TypeDef*, unsigned short, unsigned short, unsigned short)
 .text._ZN10SPI_Master18getInterfaceNumberEv
                0x0800019c       0x24 ..\obj\spi.o
                0x0800019c                SPI_Master::getInterfaceNumber()
 .text._ZN10SPI_Master4takeEt
                0x080001c0       0x7c ..\obj\spi.o
                0x080001c0                SPI_Master::take(unsigned short)
 .text._ZN10SPI_Master7releaceEt
                0x0800023c       0x28 ..\obj\spi.o
                0x0800023c                SPI_Master::releace(unsigned short)
 .text._ZN10SPI_Master7ioSetupEP12GPIO_TypeDeftS1_tS1_t
                0x08000264       0x48 ..\obj\spi.o
                0x08000264                SPI_Master::ioSetup(GPIO_TypeDef*, unsigned short, GPIO_TypeDef*, unsigned short, GPIO_TypeDef*, unsigned short)
 .text._ZN10SPI_Master5writeEh
                0x080002ac       0x50 ..\obj\spi.o
                0x080002ac                SPI_Master::write(unsigned char)
 .text._ZN10SPI_Master4sendEv
                0x080002fc       0x8c ..\obj\spi.o
                0x080002fc                SPI_Master::send()
 .text._ZN10SPI_Master4readEv
                0x08000388       0x50 ..\obj\spi.o
                0x08000388                SPI_Master::read()
 .text._ZN10SPI_Master9availableEv
                0x080003d8       0x50 ..\obj\spi.o
                0x080003d8                SPI_Master::available()
 .text._Z9SPI1Setupttt
                0x08000428       0xe8 ..\obj\spi.o
                0x08000428                SPI1Setup(unsigned short, unsigned short, unsigned short)
 .text._Z9SPI2Setupttt
                0x08000510       0xcc ..\obj\spi.o
                0x08000510                SPI2Setup(unsigned short, unsigned short, unsigned short)
 .text.SPI1_IRQHandler
                0x080005dc       0xa8 ..\obj\spi.o
                0x080005dc                SPI1_IRQHandler
 .text.SPI2_IRQHandler
                0x08000684       0xa4 ..\obj\spi.o
                0x08000684                SPI2_IRQHandler
 .text._ZN10RingBufferIhLi128EEC2Ev
                0x08000728       0x24 ..\obj\spi.o
                0x08000728                RingBuffer<unsigned char, 128>::RingBuffer()
                0x08000728                RingBuffer<unsigned char, 128>::RingBuffer()
 .text._ZN10RingBufferIhLi128EE5clearEv
                0x0800074c       0x24 ..\obj\spi.o
                0x0800074c                RingBuffer<unsigned char, 128>::clear()
 .text._ZN10RingBufferIhLi128EE5writeEh
                0x08000770       0x60 ..\obj\spi.o
                0x08000770                RingBuffer<unsigned char, 128>::write(unsigned char)
 .text._ZN10RingBufferIhLi128EE4readEv
                0x080007d0       0x64 ..\obj\spi.o
                0x080007d0                RingBuffer<unsigned char, 128>::read()
 .text._ZN10RingBufferIhLi128EE6lengthEv
                0x08000834       0x44 ..\obj\spi.o
                0x08000834                RingBuffer<unsigned char, 128>::length()
 .text._ZN10RingBufferIhLi128EE7isEmptyEv
                0x08000878       0x28 ..\obj\spi.o
                0x08000878                RingBuffer<unsigned char, 128>::isEmpty()
 .text._Z41__static_initialization_and_destruction_0ii
                0x080008a0       0x4c ..\obj\spi.o
 .text._GLOBAL__sub_I__ZN10SPI_Master12interruptCntE
                0x080008ec       0x10 ..\obj\spi.o
 .text.TIM_Cmd  0x080008fc       0x40 ..\obj\stm32f10x_tim.o
                0x080008fc                TIM_Cmd
 .text.TIM_ITConfig
                0x0800093c       0x48 ..\obj\stm32f10x_tim.o
                0x0800093c                TIM_ITConfig
 .text.TIM_EncoderInterfaceConfig
                0x08000984       0x98 ..\obj\stm32f10x_tim.o
                0x08000984                TIM_EncoderInterfaceConfig
 .text.TIM_GetITStatus
                0x08000a1c       0x54 ..\obj\stm32f10x_tim.o
                0x08000a1c                TIM_GetITStatus
 .text.TIM_ClearITPendingBit
                0x08000a70       0x20 ..\obj\stm32f10x_tim.o
                0x08000a70                TIM_ClearITPendingBit
 .text._ZN6AS504x5setupER10SPI_MasterR4GPIO
                0x08000a90       0x5c ..\obj\AS504x.o
                0x08000a90                AS504x::setup(SPI_Master&, GPIO&)
 .text._ZN6AS504x5cycleEv
                0x08000aec      0x2bc ..\obj\AS504x.o
                0x08000aec                AS504x::cycle()
 .text.radian_to_deg
                0x08000da8       0x44 ..\obj\util.o
                0x08000da8                radian_to_deg
 .text.SystemInit
                0x08000dec       0x68 ..\obj\system_stm32f10x.o
                0x08000dec                SystemInit
 .text.SetSysClock
                0x08000e54        0xc ..\obj\system_stm32f10x.o
 .text.SetSysClockTo72
                0x08000e60      0x100 ..\obj\system_stm32f10x.o
 .text._ZN9CatchRobo5setupER5USARTR5SBDBTt
                0x08000f60       0xd0 ..\obj\CatchRoboMain.o
                0x08000f60                CatchRobo::setup(USART&, SBDBT&, unsigned short)
 .text._ZN9CatchRobo5cycleEv
                0x08001030      0x438 ..\obj\CatchRoboMain.o
                0x08001030                CatchRobo::cycle()
 .text._ZN9CatchRobo12controlCycleEv
                0x08001468      0x2ac ..\obj\CatchRoboMain.o
                0x08001468                CatchRobo::controlCycle()
 .text._ZN9CatchRobo5readREv
                0x08001714       0x38 ..\obj\CatchRoboMain.o
                0x08001714                CatchRobo::readR()
 .text._ZN9CatchRobo5readXEv
                0x0800174c       0x38 ..\obj\CatchRoboMain.o
                0x0800174c                CatchRobo::readX()
 .text._ZN9CatchRobo5readSEv
                0x08001784       0x38 ..\obj\CatchRoboMain.o
                0x08001784                CatchRobo::readS()
 .text._ZN3LED5setupEP12GPIO_TypeDeft
                0x080017bc       0x5c ..\obj\led.o
                0x080017bc                LED::setup(GPIO_TypeDef*, unsigned short)
 .text._ZN3LED8intervalEm
                0x08001818       0x44 ..\obj\led.o
                0x08001818                LED::interval(unsigned long)
 .text._ZN3LED5cycleEv
                0x0800185c      0x11c ..\obj\led.o
                0x0800185c                LED::cycle()
 .text._ZN3TIM12encoderSetupEP11TIM_TypeDefP12GPIO_TypeDeftS3_t
                0x08001978       0xa4 ..\obj\tim.o
                0x08001978                TIM::encoderSetup(TIM_TypeDef*, GPIO_TypeDef*, unsigned short, GPIO_TypeDef*, unsigned short)
 .text._ZN3TIM10ioSetupEncEP12GPIO_TypeDeftS1_t
                0x08001a1c       0x34 ..\obj\tim.o
                0x08001a1c                TIM::ioSetupEnc(GPIO_TypeDef*, unsigned short, GPIO_TypeDef*, unsigned short)
 .text._ZN3TIM4readEv
                0x08001a50       0x90 ..\obj\tim.o
                0x08001a50                TIM::read()
 .text._Z16TIM1EncoderSetupv
                0x08001ae0       0x54 ..\obj\tim.o
                0x08001ae0                TIM1EncoderSetup()
 .text._Z16TIM2EncoderSetupv
                0x08001b34       0x54 ..\obj\tim.o
                0x08001b34                TIM2EncoderSetup()
 .text._Z16TIM3EncoderSetupv
                0x08001b88       0x50 ..\obj\tim.o
                0x08001b88                TIM3EncoderSetup()
 .text._Z16TIM4EncoderSetupv
                0x08001bd8       0x50 ..\obj\tim.o
                0x08001bd8                TIM4EncoderSetup()
 .text._Z8TIM1Readv
                0x08001c28       0x24 ..\obj\tim.o
                0x08001c28                TIM1Read()
 .text._Z8TIM2Readv
                0x08001c4c       0x24 ..\obj\tim.o
                0x08001c4c                TIM2Read()
 .text._Z8TIM3Readv
                0x08001c70       0x24 ..\obj\tim.o
                0x08001c70                TIM3Read()
 .text._Z8TIM4Readv
                0x08001c94       0x24 ..\obj\tim.o
                0x08001c94                TIM4Read()
 .text._Z16TIM1_ENCODER_IRQv
                0x08001cb8       0x40 ..\obj\tim.o
                0x08001cb8                TIM1_ENCODER_IRQ()
 .text._Z16TIM2_ENCODER_IRQv
                0x08001cf8       0x3c ..\obj\tim.o
                0x08001cf8                TIM2_ENCODER_IRQ()
 .text._Z16TIM3_ENCODER_IRQv
                0x08001d34       0x40 ..\obj\tim.o
                0x08001d34                TIM3_ENCODER_IRQ()
 .text._Z16TIM4_ENCODER_IRQv
                0x08001d74       0x40 ..\obj\tim.o
                0x08001d74                TIM4_ENCODER_IRQ()
 .text._Z19TIM1_PWM_Update_IRQv
                0x08001db4        0xc ..\obj\tim.o
                0x08001db4                TIM1_PWM_Update_IRQ()
 .text._Z19TIM2_PWM_Update_IRQv
                0x08001dc0        0xc ..\obj\tim.o
                0x08001dc0                TIM2_PWM_Update_IRQ()
 .text._Z19TIM3_PWM_Update_IRQv
                0x08001dcc        0xc ..\obj\tim.o
                0x08001dcc                TIM3_PWM_Update_IRQ()
 .text._Z19TIM4_PWM_Update_IRQv
                0x08001dd8        0xc ..\obj\tim.o
                0x08001dd8                TIM4_PWM_Update_IRQ()
 .text._Z16TIM4_PWM_CC1_IRQv
                0x08001de4        0xc ..\obj\tim.o
                0x08001de4                TIM4_PWM_CC1_IRQ()
 .text._Z16TIM4_PWM_CC2_IRQv
                0x08001df0        0xc ..\obj\tim.o
                0x08001df0                TIM4_PWM_CC2_IRQ()
 .text._Z16TIM4_PWM_CC3_IRQv
                0x08001dfc        0xc ..\obj\tim.o
                0x08001dfc                TIM4_PWM_CC3_IRQ()
 .text._Z16TIM4_PWM_CC4_IRQv
                0x08001e08        0xc ..\obj\tim.o
                0x08001e08                TIM4_PWM_CC4_IRQ()
 .text._Z19TIM1_TIM_Update_IRQv
                0x08001e14       0x1c ..\obj\tim.o
                0x08001e14                TIM1_TIM_Update_IRQ()
 .text._Z19TIM2_TIM_Update_IRQv
                0x08001e30       0x1c ..\obj\tim.o
                0x08001e30                TIM2_TIM_Update_IRQ()
 .text._Z19TIM3_TIM_Update_IRQv
                0x08001e4c       0x1c ..\obj\tim.o
                0x08001e4c                TIM3_TIM_Update_IRQ()
 .text._Z19TIM4_TIM_Update_IRQv
                0x08001e68       0x1c ..\obj\tim.o
                0x08001e68                TIM4_TIM_Update_IRQ()
 .text.TIM1_UP_IRQHandler
                0x08001e84       0x40 ..\obj\tim.o
                0x08001e84                TIM1_UP_IRQHandler
 .text.TIM2_IRQHandler
                0x08001ec4       0x54 ..\obj\tim.o
                0x08001ec4                TIM2_IRQHandler
 .text.TIM3_IRQHandler
                0x08001f18       0x50 ..\obj\tim.o
                0x08001f18                TIM3_IRQHandler
 .text.TIM4_IRQHandler
                0x08001f68      0x100 ..\obj\tim.o
                0x08001f68                TIM4_IRQHandler
 .text.Default_Reset_Handler
                0x08002068       0x60 ..\obj\startup_stm32f10x_md.o
                0x08002068                Default_Reset_Handler
                0x08002068                Reset_Handler
 .text.Default_Handler
                0x080020c8        0x8 ..\obj\startup_stm32f10x_md.o
                0x080020c8                EXTI2_IRQHandler
                0x080020c8                DebugMon_Handler
                0x080020c8                TIM1_CC_IRQHandler
                0x080020c8                HardFault_Handler
                0x080020c8                PVD_IRQHandler
                0x080020c8                PendSV_Handler
                0x080020c8                NMI_Handler
                0x080020c8                EXTI3_IRQHandler
                0x080020c8                EXTI0_IRQHandler
                0x080020c8                I2C2_EV_IRQHandler
                0x080020c8                UsageFault_Handler
                0x080020c8                ADC1_2_IRQHandler
                0x080020c8                TAMPER_IRQHandler
                0x080020c8                DMA1_Channel4_IRQHandler
                0x080020c8                RTC_IRQHandler
                0x080020c8                DMA1_Channel7_IRQHandler
                0x080020c8                CAN1_RX1_IRQHandler
                0x080020c8                I2C1_EV_IRQHandler
                0x080020c8                DMA1_Channel6_IRQHandler
                0x080020c8                RCC_IRQHandler
                0x080020c8                TIM1_TRG_COM_IRQHandler
                0x080020c8                DMA1_Channel1_IRQHandler
                0x080020c8                EXTI15_10_IRQHandler
                0x080020c8                EXTI9_5_IRQHandler
                0x080020c8                MemManage_Handler
                0x080020c8                SVC_Handler
                0x080020c8                DMA1_Channel5_IRQHandler
                0x080020c8                EXTI4_IRQHandler
                0x080020c8                USB_LP_CAN1_RX0_IRQHandler
                0x080020c8                USB_HP_CAN1_TX_IRQHandler
                0x080020c8                DMA1_Channel3_IRQHandler
                0x080020c8                WWDG_IRQHandler
                0x080020c8                TIM1_BRK_IRQHandler
                0x080020c8                EXTI1_IRQHandler
                0x080020c8                RTCAlarm_IRQHandler
                0x080020c8                I2C2_ER_IRQHandler
                0x080020c8                DMA1_Channel2_IRQHandler
                0x080020c8                CAN1_SCE_IRQHandler
                0x080020c8                FLASH_IRQHandler
                0x080020c8                BusFault_Handler
                0x080020c8                I2C1_ER_IRQHandler
                0x080020c8                USBWakeUp_IRQHandler
 .text._ZN5SBDBT5cycleEv
                0x080020d0      0x1d0 ..\obj\SBDBT.o
                0x080020d0                SBDBT::cycle()
 .text.GPIO_Init
                0x080022a0      0x178 ..\obj\stm32f10x_gpio.o
                0x080022a0                GPIO_Init
 .text.GPIO_StructInit
                0x08002418       0x28 ..\obj\stm32f10x_gpio.o
                0x08002418                GPIO_StructInit
 .text.GPIO_ReadOutputDataBit
                0x08002440       0x34 ..\obj\stm32f10x_gpio.o
                0x08002440                GPIO_ReadOutputDataBit
 .text.GPIO_WriteBit
                0x08002474       0x30 ..\obj\stm32f10x_gpio.o
                0x08002474                GPIO_WriteBit
 .text.GPIO_PinRemapConfig
                0x080024a4       0xe0 ..\obj\stm32f10x_gpio.o
                0x080024a4                GPIO_PinRemapConfig
 .text._Z5setupv
                0x08002584      0x11c ..\obj\main.o
                0x08002584                setup()
 .text.main     0x080026a0       0x50 ..\obj\main.o
                0x080026a0                main
 .text.NVIC_SetPriority
                0x080026f0       0x54 ..\obj\system.o
 .text.SysTick_Config
                0x08002744       0x44 ..\obj\system.o
 .text._ZN6System5setupEv
                0x08002788       0x54 ..\obj\system.o
                0x08002788                System::setup()
 .text._ZN6System10usartSetupER5USART
                0x080027dc       0x80 ..\obj\system.o
                0x080027dc                System::usartSetup(USART&)
 .text._ZN6System5cycleEv
                0x0800285c       0xa4 ..\obj\system.o
                0x0800285c                System::cycle()
 .text._ZN6System8wdgSetupEth
                0x08002900       0x24 ..\obj\system.o
                0x08002900                System::wdgSetup(unsigned short, unsigned char)
 .text._ZN6System8wdgResetEv
                0x08002924       0x14 ..\obj\system.o
                0x08002924                System::wdgReset()
 .text._Z9IWDGSetupth
                0x08002938       0x38 ..\obj\system.o
                0x08002938                IWDGSetup(unsigned short, unsigned char)
 .text._Z9IWDGResetv
                0x08002970        0xc ..\obj\system.o
                0x08002970                IWDGReset()
 .text.RCC_GetClocksFreq
                0x0800297c      0x160 ..\obj\stm32f10x_rcc.o
                0x0800297c                RCC_GetClocksFreq
 .text.RCC_APB2PeriphClockCmd
                0x08002adc       0x3c ..\obj\stm32f10x_rcc.o
                0x08002adc                RCC_APB2PeriphClockCmd
 .text.RCC_APB1PeriphClockCmd
                0x08002b18       0x3c ..\obj\stm32f10x_rcc.o
                0x08002b18                RCC_APB1PeriphClockCmd
 .text._ZN4GPIO5setupEP12GPIO_TypeDeft16GPIOMode_TypeDef
                0x08002b54       0x64 ..\obj\gpio.o
                0x08002b54                GPIO::setup(GPIO_TypeDef*, unsigned short, GPIOMode_TypeDef)
 .text._ZN4GPIO5writeEt
                0x08002bb8       0x54 ..\obj\gpio.o
                0x08002bb8                GPIO::write(unsigned short)
 .text._ZN4GPIO6toggleEv
                0x08002c0c       0x20 ..\obj\gpio.o
                0x08002c0c                GPIO::toggle()
 .text._ZN4GPIO8IOInvertEt
                0x08002c2c       0x1c ..\obj\gpio.o
                0x08002c2c                GPIO::IOInvert(unsigned short)
 .text._Z9GPIOSetupv
                0x08002c48       0x28 ..\obj\gpio.o
                0x08002c48                GPIOSetup()
 .text._Z9pinToggleP12GPIO_TypeDeft
                0x08002c70       0x48 ..\obj\gpio.o
                0x08002c70                pinToggle(GPIO_TypeDef*, unsigned short)
 .text.ADC_SoftwareStartConvCmd
                0x08002cb8       0x38 ..\obj\stm32f10x_adc.o
                0x08002cb8                ADC_SoftwareStartConvCmd
 .text.ADC_RegularChannelConfig
                0x08002cf0      0x194 ..\obj\stm32f10x_adc.o
                0x08002cf0                ADC_RegularChannelConfig
 .text.ADC_GetConversionValue
                0x08002e84       0x18 ..\obj\stm32f10x_adc.o
                0x08002e84                ADC_GetConversionValue
 .text.ADC_GetFlagStatus
                0x08002e9c       0x34 ..\obj\stm32f10x_adc.o
                0x08002e9c                ADC_GetFlagStatus
 .text.USART_Init
                0x08002ed0      0x174 ..\obj\stm32f10x_usart.o
                0x08002ed0                USART_Init
 .text.USART_StructInit
                0x08003044       0x38 ..\obj\stm32f10x_usart.o
                0x08003044                USART_StructInit
 .text.USART_Cmd
                0x0800307c       0x40 ..\obj\stm32f10x_usart.o
                0x0800307c                USART_Cmd
 .text.USART_ITConfig
                0x080030bc       0x90 ..\obj\stm32f10x_usart.o
                0x080030bc                USART_ITConfig
 .text.USART_SendData
                0x0800314c       0x24 ..\obj\stm32f10x_usart.o
                0x0800314c                USART_SendData
 .text.USART_ReceiveData
                0x08003170       0x20 ..\obj\stm32f10x_usart.o
                0x08003170                USART_ReceiveData
 .text.USART_GetITStatus
                0x08003190       0xb4 ..\obj\stm32f10x_usart.o
                0x08003190                USART_GetITStatus
 .text._sbrk    0x08003244       0x3c ..\obj\syscalls.o
                0x08003244                _sbrk
 .text.abort    0x08003280        0x8 ..\obj\syscalls.o
                0x08003280                abort
 .text.FLASH_SetLatency
                0x08003288       0x38 ..\obj\stm32f10x_flash.o
                0x08003288                FLASH_SetLatency
 .text.FLASH_PrefetchBufferCmd
                0x080032c0       0x30 ..\obj\stm32f10x_flash.o
                0x080032c0                FLASH_PrefetchBufferCmd
 .text._ZN3ADC4readEv
                0x080032f0       0x20 ..\obj\adc.o
                0x080032f0                ADC::read()
 .text._ZN3ADC4readEh
                0x08003310       0x40 ..\obj\adc.o
                0x08003310                ADC::read(unsigned char)
 .text._ZN3ADC5startEh
                0x08003350       0x98 ..\obj\adc.o
                0x08003350                ADC::start(unsigned char)
 .text._ZN3ADC9convertedEv
                0x080033e8       0x34 ..\obj\adc.o
                0x080033e8                ADC::converted()
 .text._ZN3ADC4peekEv
                0x0800341c       0x80 ..\obj\adc.o
                0x0800341c                ADC::peek()
 .text._Z9ADC1Starthh
                0x0800349c       0x30 ..\obj\adc.o
                0x0800349c                ADC1Start(unsigned char, unsigned char)
 .text._Z9ADC2Starthh
                0x080034cc       0x30 ..\obj\adc.o
                0x080034cc                ADC2Start(unsigned char, unsigned char)
 .text._Z12ADC1GetValuev
                0x080034fc       0x14 ..\obj\adc.o
                0x080034fc                ADC1GetValue()
 .text._Z12ADC2GetValuev
                0x08003510       0x14 ..\obj\adc.o
                0x08003510                ADC2GetValue()
 .text._ZN13SPI_Interface5setupER10SPI_Master
                0x08003524       0x30 ..\obj\spiInterface.o
                0x08003524                SPI_Interface::setup(SPI_Master&)
 .text._ZN13SPI_Interface9nssAssignER4GPIO
                0x08003554       0x2c ..\obj\spiInterface.o
                0x08003554                SPI_Interface::nssAssign(GPIO&)
 .text._ZN13SPI_Interface5beginEv
                0x08003580       0x50 ..\obj\spiInterface.o
                0x08003580                SPI_Interface::begin()
 .text._ZN13SPI_Interface3endEv
                0x080035d0       0x5c ..\obj\spiInterface.o
                0x080035d0                SPI_Interface::end()
 .text._ZN13SPI_Interface9availableEv
                0x0800362c       0x28 ..\obj\spiInterface.o
                0x0800362c                SPI_Interface::available()
 .text._Z5delaym
                0x08003654       0x58 ..\obj\systime.o
                0x08003654                delay(unsigned long)
 .text._Z11delayMicrosm
                0x080036ac       0x50 ..\obj\systime.o
                0x080036ac                delayMicros(unsigned long)
 .text._Z6microsv
                0x080036fc       0x2c ..\obj\systime.o
                0x080036fc                micros()
 .text._Z6millisv
                0x08003728       0x20 ..\obj\systime.o
                0x08003728                millis()
 .text.SysTick_Handler
                0x08003748       0x20 ..\obj\systime.o
                0x08003748                SysTick_Handler
 .text._ZN12CatchRoboMap5setupEt
                0x08003768       0x3c ..\obj\CatchRoboMap.o
                0x08003768                CatchRoboMap::setup(unsigned short)
 .text._ZN12CatchRoboMap14callNormalWorkEii
                0x080037a4      0x148 ..\obj\CatchRoboMap.o
                0x080037a4                CatchRoboMap::callNormalWork(int, int)
 .text._ZN12CatchRoboMap14callShareWorkREii
                0x080038ec      0x150 ..\obj\CatchRoboMap.o
                0x080038ec                CatchRoboMap::callShareWorkR(int, int)
 .text._ZN12CatchRoboMap14callShareWorkLEii
                0x08003a3c       0x38 ..\obj\CatchRoboMap.o
                0x08003a3c                CatchRoboMap::callShareWorkL(int, int)
 .text._ZN12CatchRoboMap16callShootingBoxREii
                0x08003a74       0xec ..\obj\CatchRoboMap.o
                0x08003a74                CatchRoboMap::callShootingBoxR(int, int)
 .text._ZN12CatchRoboMap16callShootingBoxLEii
                0x08003b60       0x38 ..\obj\CatchRoboMap.o
                0x08003b60                CatchRoboMap::callShootingBoxL(int, int)
 .text.NVIC_PriorityGroupConfig
                0x08003b98       0x24 ..\obj\misc.o
                0x08003b98                NVIC_PriorityGroupConfig
 .text.NVIC_Init
                0x08003bbc       0xc4 ..\obj\misc.o
                0x08003bbc                NVIC_Init
 .text._ZN3PID5setupEfff
                0x08003c80       0x9c ..\obj\PID_Controller.o
                0x08003c80                PID::setup(float, float, float)
 .text.SPI_Init
                0x08003d1c       0x88 ..\obj\stm32f10x_spi.o
                0x08003d1c                SPI_Init
 .text.SPI_Cmd  0x08003da4       0x40 ..\obj\stm32f10x_spi.o
                0x08003da4                SPI_Cmd
 .text.SPI_I2S_ITConfig
                0x08003de4       0x60 ..\obj\stm32f10x_spi.o
                0x08003de4                SPI_I2S_ITConfig
 .text.SPI_I2S_SendData
                0x08003e44       0x1c ..\obj\stm32f10x_spi.o
                0x08003e44                SPI_I2S_SendData
 .text.SPI_I2S_ReceiveData
                0x08003e60       0x18 ..\obj\stm32f10x_spi.o
                0x08003e60                SPI_I2S_ReceiveData
 .text.SPI_I2S_GetFlagStatus
                0x08003e78       0x38 ..\obj\stm32f10x_spi.o
                0x08003e78                SPI_I2S_GetFlagStatus
 .text.SPI_I2S_GetITStatus
                0x08003eb0       0x74 ..\obj\stm32f10x_spi.o
                0x08003eb0                SPI_I2S_GetITStatus
 .text.SPI_I2S_ClearITPendingBit
                0x08003f24       0x34 ..\obj\stm32f10x_spi.o
                0x08003f24                SPI_I2S_ClearITPendingBit
 .text._ZN5USART4putsEPKc
                0x08003f58       0x3c ..\obj\usart.o
                0x08003f58                USART::puts(char const*)
 .text._ZN5USART6printfEPKcz
                0x08003f94       0x44 ..\obj\usart.o
                0x08003f94                USART::printf(char const*, ...)
 .text._ZN5USART5setupEP13USART_TypeDefP12GPIO_TypeDeftS3_tm
                0x08003fd8       0xd8 ..\obj\usart.o
                0x08003fd8                USART::setup(USART_TypeDef*, GPIO_TypeDef*, unsigned short, GPIO_TypeDef*, unsigned short, unsigned long)
 .text._ZN5USART4sendEc
                0x080040b0      0x17c ..\obj\usart.o
                0x080040b0                USART::send(char)
 .text._ZN5USART4readEv
                0x0800422c      0x118 ..\obj\usart.o
                0x0800422c                USART::read()
 .text._ZN5USART9availableEv
                0x08004344       0xe8 ..\obj\usart.o
                0x08004344                USART::available()
 .text._ZN5USART7ioSetupEP12GPIO_TypeDeftS1_t
                0x0800442c       0x34 ..\obj\usart.o
                0x0800442c                USART::ioSetup(GPIO_TypeDef*, unsigned short, GPIO_TypeDef*, unsigned short)
 .text._Z11USART1Setupm
                0x08004460       0x4c ..\obj\usart.o
                0x08004460                USART1Setup(unsigned long)
 .text._Z11USART2Setupm
                0x080044ac       0x4c ..\obj\usart.o
                0x080044ac                USART2Setup(unsigned long)
 .text._Z11USART3Setupm
                0x080044f8       0x4c ..\obj\usart.o
                0x080044f8                USART3Setup(unsigned long)
 .text._Z13USART1ITSetupt
                0x08004544       0x38 ..\obj\usart.o
                0x08004544                USART1ITSetup(unsigned short)
 .text._Z13USART2ITSetupt
                0x0800457c       0x38 ..\obj\usart.o
                0x0800457c                USART2ITSetup(unsigned short)
 .text._Z13USART3ITSetupt
                0x080045b4       0x38 ..\obj\usart.o
                0x080045b4                USART3ITSetup(unsigned short)
 .text.USART1_IRQHandler
                0x080045ec       0xe0 ..\obj\usart.o
                0x080045ec                USART1_IRQHandler
 .text.USART2_IRQHandler
                0x080046cc       0xe0 ..\obj\usart.o
                0x080046cc                USART2_IRQHandler
 .text.USART3_IRQHandler
                0x080047ac       0xe0 ..\obj\usart.o
                0x080047ac                USART3_IRQHandler
 .text.IWDG_WriteAccessCmd
                0x0800488c       0x20 ..\obj\stm32f10x_iwdg.o
                0x0800488c                IWDG_WriteAccessCmd
 .text.IWDG_SetPrescaler
                0x080048ac       0x20 ..\obj\stm32f10x_iwdg.o
                0x080048ac                IWDG_SetPrescaler
 .text.IWDG_SetReload
                0x080048cc       0x20 ..\obj\stm32f10x_iwdg.o
                0x080048cc                IWDG_SetReload
 .text.IWDG_ReloadCounter
                0x080048ec       0x18 ..\obj\stm32f10x_iwdg.o
                0x080048ec                IWDG_ReloadCounter
 .text.IWDG_Enable
                0x08004904       0x18 ..\obj\stm32f10x_iwdg.o
                0x08004904                IWDG_Enable
 .text.atan2    0x0800491c        0x4 c:/program files (x86)/gnu tools arm embedded/5.4 2016q3/bin/../lib/gcc/arm-none-eabi/5.4.1/../../../../arm-none-eabi/lib/armv7-m\libm.a(lib_a-w_atan2.o)
                0x0800491c                atan2
 .text.sqrt     0x08004920       0xb8 c:/program files (x86)/gnu tools arm embedded/5.4 2016q3/bin/../lib/gcc/arm-none-eabi/5.4.1/../../../../arm-none-eabi/lib/armv7-m\libm.a(lib_a-w_sqrt.o)
                0x08004920                sqrt
 .text.__ieee754_atan2
                0x080049d8      0x194 c:/program files (x86)/gnu tools arm embedded/5.4 2016q3/bin/../lib/gcc/arm-none-eabi/5.4.1/../../../../arm-none-eabi/lib/armv7-m\libm.a(lib_a-e_atan2.o)
                0x080049d8                __ieee754_atan2
 .text.__ieee754_sqrt
                0x08004b6c      0x188 c:/program files (x86)/gnu tools arm embedded/5.4 2016q3/bin/../lib/gcc/arm-none-eabi/5.4.1/../../../../arm-none-eabi/lib/armv7-m\libm.a(lib_a-e_sqrt.o)
                0x08004b6c                __ieee754_sqrt
 *fill*         0x08004cf4        0x4 
 .text.atan     0x08004cf8      0x33c c:/program files (x86)/gnu tools arm embedded/5.4 2016q3/bin/../lib/gcc/arm-none-eabi/5.4.1/../../../../arm-none-eabi/lib/armv7-m\libm.a(lib_a-s_atan.o)
                0x08004cf8                atan
 .text.fabs     0x08005034        0x8 c:/program files (x86)/gnu tools arm embedded/5.4 2016q3/bin/../lib/gcc/arm-none-eabi/5.4.1/../../../../arm-none-eabi/lib/armv7-m\libm.a(lib_a-s_fabs.o)
                0x08005034                fabs
 .text.matherr  0x0800503c        0x4 c:/program files (x86)/gnu tools arm embedded/5.4 2016q3/bin/../lib/gcc/arm-none-eabi/5.4.1/../../../../arm-none-eabi/lib/armv7-m\libm.a(lib_a-s_matherr.o)
                0x0800503c                matherr
 .text          0x08005040      0x370 c:/program files (x86)/gnu tools arm embedded/5.4 2016q3/bin/../lib/gcc/arm-none-eabi/5.4.1/armv7-m\libgcc.a(_arm_addsubdf3.o)
                0x08005040                __aeabi_drsub
                0x08005048                __aeabi_dsub
                0x08005048                __subdf3
                0x0800504c                __aeabi_dadd
                0x0800504c                __adddf3
                0x080052c4                __floatunsidf
                0x080052c4                __aeabi_ui2d
                0x080052e4                __floatsidf
                0x080052e4                __aeabi_i2d
                0x08005308                __aeabi_f2d
                0x08005308                __extendsfdf2
                0x08005344                __floatundidf
                0x08005344                __aeabi_ul2d
                0x08005354                __floatdidf
                0x08005354                __aeabi_l2d
 .text          0x080053b0      0x424 c:/program files (x86)/gnu tools arm embedded/5.4 2016q3/bin/../lib/gcc/arm-none-eabi/5.4.1/armv7-m\libgcc.a(_arm_muldivdf3.o)
                0x080053b0                __aeabi_dmul
                0x080053b0                __muldf3
                0x08005604                __divdf3
                0x08005604                __aeabi_ddiv
 .text          0x080057d4      0x110 c:/program files (x86)/gnu tools arm embedded/5.4 2016q3/bin/../lib/gcc/arm-none-eabi/5.4.1/armv7-m\libgcc.a(_arm_cmpdf2.o)
                0x080057d4                __gtdf2
                0x080057d4                __gedf2
                0x080057dc                __ltdf2
                0x080057dc                __ledf2
                0x080057e4                __nedf2
                0x080057e4                __eqdf2
                0x080057e4                __cmpdf2
                0x08005860                __aeabi_cdrcmple
                0x08005870                __aeabi_cdcmpeq
                0x08005870                __aeabi_cdcmple
                0x08005880                __aeabi_dcmpeq
                0x08005894                __aeabi_dcmplt
                0x080058a8                __aeabi_dcmple
                0x080058bc                __aeabi_dcmpge
                0x080058d0                __aeabi_dcmpgt
 .text          0x080058e4       0x2c c:/program files (x86)/gnu tools arm embedded/5.4 2016q3/bin/../lib/gcc/arm-none-eabi/5.4.1/armv7-m\libgcc.a(_arm_unorddf2.o)
                0x080058e4                __unorddf2
                0x080058e4                __aeabi_dcmpun
 .text          0x08005910       0x50 c:/program files (x86)/gnu tools arm embedded/5.4 2016q3/bin/../lib/gcc/arm-none-eabi/5.4.1/armv7-m\libgcc.a(_arm_fixdfsi.o)
                0x08005910                __aeabi_d2iz
                0x08005910                __fixdfsi
 .text          0x08005960       0xa0 c:/program files (x86)/gnu tools arm embedded/5.4 2016q3/bin/../lib/gcc/arm-none-eabi/5.4.1/armv7-m\libgcc.a(_arm_truncdfsf2.o)
                0x08005960                __truncdfsf2
                0x08005960                __aeabi_d2f
 .text          0x08005a00      0x21c c:/program files (x86)/gnu tools arm embedded/5.4 2016q3/bin/../lib/gcc/arm-none-eabi/5.4.1/armv7-m\libgcc.a(_arm_addsubsf3.o)
                0x08005a00                __aeabi_frsub
                0x08005a08                __subsf3
                0x08005a08                __aeabi_fsub
                0x08005a0c                __aeabi_fadd
                0x08005a0c                __addsf3
                0x08005b6c                __aeabi_ui2f
                0x08005b6c                __floatunsisf
                0x08005b74                __aeabi_i2f
                0x08005b74                __floatsisf
                0x08005b90                __aeabi_ul2f
                0x08005b90                __floatundisf
                0x08005ba0                __aeabi_l2f
                0x08005ba0                __floatdisf
 .text          0x08005c1c      0x2a0 c:/program files (x86)/gnu tools arm embedded/5.4 2016q3/bin/../lib/gcc/arm-none-eabi/5.4.1/armv7-m\libgcc.a(_arm_muldivsf3.o)
                0x08005c1c                __mulsf3
                0x08005c1c                __aeabi_fmul
                0x08005d84                __aeabi_fdiv
                0x08005d84                __divsf3
 .text          0x08005ebc       0xec c:/program files (x86)/gnu tools arm embedded/5.4 2016q3/bin/../lib/gcc/arm-none-eabi/5.4.1/armv7-m\libgcc.a(_arm_cmpsf2.o)
                0x08005ebc                __gesf2
                0x08005ebc                __gtsf2
                0x08005ec4                __lesf2
                0x08005ec4                __ltsf2
                0x08005ecc                __nesf2
                0x08005ecc                __eqsf2
                0x08005ecc                __cmpsf2
                0x08005f2c                __aeabi_cfrcmple
                0x08005f34                __aeabi_cfcmpeq
                0x08005f34                __aeabi_cfcmple
                0x08005f44                __aeabi_fcmpeq
                0x08005f58                __aeabi_fcmplt
                0x08005f6c                __aeabi_fcmple
                0x08005f80                __aeabi_fcmpge
                0x08005f94                __aeabi_fcmpgt
 .text          0x08005fa8       0x4c c:/program files (x86)/gnu tools arm embedded/5.4 2016q3/bin/../lib/gcc/arm-none-eabi/5.4.1/armv7-m\libgcc.a(_arm_fixsfsi.o)
                0x08005fa8                __aeabi_f2iz
                0x08005fa8                __fixsfsi
 .text          0x08005ff4       0x30 c:/program files (x86)/gnu tools arm embedded/5.4 2016q3/bin/../lib/gcc/arm-none-eabi/5.4.1/armv7-m\libgcc.a(_aeabi_uldivmod.o)
                0x08005ff4                __aeabi_uldivmod
 .text          0x08006024      0x2ec c:/program files (x86)/gnu tools arm embedded/5.4 2016q3/bin/../lib/gcc/arm-none-eabi/5.4.1/armv7-m\libgcc.a(_udivmoddi4.o)
                0x08006024                __udivmoddi4
 .text          0x08006310      0x9e4 c:/program files (x86)/gnu tools arm embedded/5.4 2016q3/bin/../lib/gcc/arm-none-eabi/5.4.1/armv7-m\libgcc.a(unwind-arm.o)
                0x080065d0                _Unwind_GetCFA
                0x080065d4                __gnu_Unwind_RaiseException
                0x08006634                __gnu_Unwind_ForcedUnwind
                0x08006648                __gnu_Unwind_Resume
                0x0800668c                __gnu_Unwind_Resume_or_Rethrow
                0x080066a0                _Unwind_Complete
                0x080066a4                _Unwind_DeleteException
                0x080066b0                _Unwind_VRS_Get
                0x080066fc                _Unwind_VRS_Set
                0x0800674c                __gnu_Unwind_Backtrace
                0x08006a98                __aeabi_unwind_cpp_pr0
                0x08006a9c                __aeabi_unwind_cpp_pr1
                0x08006aa0                __aeabi_unwind_cpp_pr2
                0x08006aa4                _Unwind_VRS_Pop
 .text          0x08006cf4      0x1ac c:/program files (x86)/gnu tools arm embedded/5.4 2016q3/bin/../lib/gcc/arm-none-eabi/5.4.1/armv7-m\libgcc.a(libunwind.o)
                0x08006cf4                __restore_core_regs
                0x08006cf4                restore_core_regs
                0x08006d0c                __gnu_Unwind_Restore_VFP
                0x08006d14                __gnu_Unwind_Save_VFP
                0x08006d1c                __gnu_Unwind_Restore_VFP_D
                0x08006d24                __gnu_Unwind_Save_VFP_D
                0x08006d2c                __gnu_Unwind_Restore_VFP_D_16_to_31
                0x08006d34                __gnu_Unwind_Save_VFP_D_16_to_31
                0x08006d3c                __gnu_Unwind_Restore_WMMXD
                0x08006d80                __gnu_Unwind_Save_WMMXD
                0x08006dc4                __gnu_Unwind_Restore_WMMXC
                0x08006dd8                __gnu_Unwind_Save_WMMXC
                0x08006dec                ___Unwind_RaiseException
                0x08006dec                _Unwind_RaiseException
                0x08006e10                _Unwind_Resume
                0x08006e10                ___Unwind_Resume
                0x08006e34                _Unwind_Resume_or_Rethrow
                0x08006e34                ___Unwind_Resume_or_Rethrow
                0x08006e58                _Unwind_ForcedUnwind
                0x08006e58                ___Unwind_ForcedUnwind
                0x08006e7c                ___Unwind_Backtrace
                0x08006e7c                _Unwind_Backtrace
 .text          0x08006ea0      0x354 c:/program files (x86)/gnu tools arm embedded/5.4 2016q3/bin/../lib/gcc/arm-none-eabi/5.4.1/armv7-m\libgcc.a(pr-support.o)
                0x08006ef8                __gnu_unwind_execute
                0x0800719c                __gnu_unwind_frame
                0x080071c4                _Unwind_GetRegionStart
                0x080071d0                _Unwind_GetLanguageSpecificData
                0x080071e4                _Unwind_GetTextRelBase
                0x080071ec                _Unwind_GetDataRelBase
 .text          0x080071f4        0x4 c:/program files (x86)/gnu tools arm embedded/5.4 2016q3/bin/../lib/gcc/arm-none-eabi/5.4.1/armv7-m\libgcc.a(_dvmd_tls.o)
                0x080071f4                __aeabi_idiv0
                0x080071f4                __aeabi_ldiv0
 .text.__errno  0x080071f8        0xc c:/program files (x86)/gnu tools arm embedded/5.4 2016q3/bin/../lib/gcc/arm-none-eabi/5.4.1/../../../../arm-none-eabi/lib/armv7-m\libc.a(lib_a-errno.o)
                0x080071f8                __errno
 .text          0x08007204       0xec c:/program files (x86)/gnu tools arm embedded/5.4 2016q3/bin/../lib/gcc/arm-none-eabi/5.4.1/../../../../arm-none-eabi/lib/armv7-m\libc.a(lib_a-memcpy.o)
                0x08007204                memcpy
 .text._vsprintf_r
                0x080072f0       0x34 c:/program files (x86)/gnu tools arm embedded/5.4 2016q3/bin/../lib/gcc/arm-none-eabi/5.4.1/../../../../arm-none-eabi/lib/armv7-m\libc.a(lib_a-vsprintf.o)
                0x080072f0                _vsprintf_r
 .text.vsprintf
                0x08007324       0x18 c:/program files (x86)/gnu tools arm embedded/5.4 2016q3/bin/../lib/gcc/arm-none-eabi/5.4.1/../../../../arm-none-eabi/lib/armv7-m\libc.a(lib_a-vsprintf.o)
                0x08007324                vsprintf
 .text._svfprintf_r
                0x0800733c     0x1760 c:/program files (x86)/gnu tools arm embedded/5.4 2016q3/bin/../lib/gcc/arm-none-eabi/5.4.1/../../../../arm-none-eabi/lib/armv7-m\libc.a(lib_a-svfprintf.o)
                0x0800733c                _svfprintf_r
 .text.quorem   0x08008a9c      0x12c c:/program files (x86)/gnu tools arm embedded/5.4 2016q3/bin/../lib/gcc/arm-none-eabi/5.4.1/../../../../arm-none-eabi/lib/armv7-m\libc.a(lib_a-dtoa.o)
 .text._dtoa_r  0x08008bc8      0xe4c c:/program files (x86)/gnu tools arm embedded/5.4 2016q3/bin/../lib/gcc/arm-none-eabi/5.4.1/../../../../arm-none-eabi/lib/armv7-m\libc.a(lib_a-dtoa.o)
                0x08008bc8                _dtoa_r
 .text._localeconv_r
                0x08009a14       0x1c c:/program files (x86)/gnu tools arm embedded/5.4 2016q3/bin/../lib/gcc/arm-none-eabi/5.4.1/../../../../arm-none-eabi/lib/armv7-m\libc.a(lib_a-localeconv.o)
                0x08009a14                _localeconv_r
 .text._malloc_r
                0x08009a30      0x558 c:/program files (x86)/gnu tools arm embedded/5.4 2016q3/bin/../lib/gcc/arm-none-eabi/5.4.1/../../../../arm-none-eabi/lib/armv7-m\libc.a(lib_a-mallocr.o)
                0x08009a30                _malloc_r
 .text.memchr   0x08009f88       0x8c c:/program files (x86)/gnu tools arm embedded/5.4 2016q3/bin/../lib/gcc/arm-none-eabi/5.4.1/../../../../arm-none-eabi/lib/armv7-m\libc.a(lib_a-memchr-stub.o)
                0x08009f88                memchr
 .text.__malloc_lock
                0x0800a014        0x4 c:/program files (x86)/gnu tools arm embedded/5.4 2016q3/bin/../lib/gcc/arm-none-eabi/5.4.1/../../../../arm-none-eabi/lib/armv7-m\libc.a(lib_a-mlock.o)
                0x0800a014                __malloc_lock
 .text.__malloc_unlock
                0x0800a018        0x4 c:/program files (x86)/gnu tools arm embedded/5.4 2016q3/bin/../lib/gcc/arm-none-eabi/5.4.1/../../../../arm-none-eabi/lib/armv7-m\libc.a(lib_a-mlock.o)
                0x0800a018                __malloc_unlock
 .text._Balloc  0x0800a01c       0x50 c:/program files (x86)/gnu tools arm embedded/5.4 2016q3/bin/../lib/gcc/arm-none-eabi/5.4.1/../../../../arm-none-eabi/lib/armv7-m\libc.a(lib_a-mprec.o)
                0x0800a01c                _Balloc
 .text._Bfree   0x0800a06c       0x14 c:/program files (x86)/gnu tools arm embedded/5.4 2016q3/bin/../lib/gcc/arm-none-eabi/5.4.1/../../../../arm-none-eabi/lib/armv7-m\libc.a(lib_a-mprec.o)
                0x0800a06c                _Bfree
 .text.__multadd
                0x0800a080       0x80 c:/program files (x86)/gnu tools arm embedded/5.4 2016q3/bin/../lib/gcc/arm-none-eabi/5.4.1/../../../../arm-none-eabi/lib/armv7-m\libc.a(lib_a-mprec.o)
                0x0800a080                __multadd
 .text.__hi0bits
                0x0800a100       0x40 c:/program files (x86)/gnu tools arm embedded/5.4 2016q3/bin/../lib/gcc/arm-none-eabi/5.4.1/../../../../arm-none-eabi/lib/armv7-m\libc.a(lib_a-mprec.o)
                0x0800a100                __hi0bits
 .text.__lo0bits
                0x0800a140       0x5c c:/program files (x86)/gnu tools arm embedded/5.4 2016q3/bin/../lib/gcc/arm-none-eabi/5.4.1/../../../../arm-none-eabi/lib/armv7-m\libc.a(lib_a-mprec.o)
                0x0800a140                __lo0bits
 .text.__i2b    0x0800a19c       0x14 c:/program files (x86)/gnu tools arm embedded/5.4 2016q3/bin/../lib/gcc/arm-none-eabi/5.4.1/../../../../arm-none-eabi/lib/armv7-m\libc.a(lib_a-mprec.o)
                0x0800a19c                __i2b
 .text.__multiply
                0x0800a1b0      0x13c c:/program files (x86)/gnu tools arm embedded/5.4 2016q3/bin/../lib/gcc/arm-none-eabi/5.4.1/../../../../arm-none-eabi/lib/armv7-m\libc.a(lib_a-mprec.o)
                0x0800a1b0                __multiply
 .text.__pow5mult
                0x0800a2ec       0xa0 c:/program files (x86)/gnu tools arm embedded/5.4 2016q3/bin/../lib/gcc/arm-none-eabi/5.4.1/../../../../arm-none-eabi/lib/armv7-m\libc.a(lib_a-mprec.o)
                0x0800a2ec                __pow5mult
 .text.__lshift
                0x0800a38c       0xac c:/program files (x86)/gnu tools arm embedded/5.4 2016q3/bin/../lib/gcc/arm-none-eabi/5.4.1/../../../../arm-none-eabi/lib/armv7-m\libc.a(lib_a-mprec.o)
                0x0800a38c                __lshift
 .text.__mcmp   0x0800a438       0x40 c:/program files (x86)/gnu tools arm embedded/5.4 2016q3/bin/../lib/gcc/arm-none-eabi/5.4.1/../../../../arm-none-eabi/lib/armv7-m\libc.a(lib_a-mprec.o)
                0x0800a438                __mcmp
 .text.__mdiff  0x0800a478      0x128 c:/program files (x86)/gnu tools arm embedded/5.4 2016q3/bin/../lib/gcc/arm-none-eabi/5.4.1/../../../../arm-none-eabi/lib/armv7-m\libc.a(lib_a-mprec.o)
                0x0800a478                __mdiff
 .text.__d2b    0x0800a5a0       0xa8 c:/program files (x86)/gnu tools arm embedded/5.4 2016q3/bin/../lib/gcc/arm-none-eabi/5.4.1/../../../../arm-none-eabi/lib/armv7-m\libc.a(lib_a-mprec.o)
                0x0800a5a0                __d2b
 .text._sbrk_r  0x0800a648       0x24 c:/program files (x86)/gnu tools arm embedded/5.4 2016q3/bin/../lib/gcc/arm-none-eabi/5.4.1/../../../../arm-none-eabi/lib/armv7-m\libc.a(lib_a-sbrkr.o)
                0x0800a648                _sbrk_r
 .text.strlen   0x0800a66c       0x5c c:/program files (x86)/gnu tools arm embedded/5.4 2016q3/bin/../lib/gcc/arm-none-eabi/5.4.1/../../../../arm-none-eabi/lib/armv7-m\libc.a(lib_a-strlen-stub.o)
                0x0800a66c                strlen
 .text.__ssprint_r
                0x0800a6c8      0x100 c:/program files (x86)/gnu tools arm embedded/5.4 2016q3/bin/../lib/gcc/arm-none-eabi/5.4.1/../../../../arm-none-eabi/lib/armv7-m\libc.a(lib_a-svfiprintf.o)
                0x0800a6c8                __ssprint_r
 .text._calloc_r
                0x0800a7c8       0x60 c:/program files (x86)/gnu tools arm embedded/5.4 2016q3/bin/../lib/gcc/arm-none-eabi/5.4.1/../../../../arm-none-eabi/lib/armv7-m\libc.a(lib_a-callocr.o)
                0x0800a7c8                _calloc_r
 .text._malloc_trim_r
                0x0800a828       0x9c c:/program files (x86)/gnu tools arm embedded/5.4 2016q3/bin/../lib/gcc/arm-none-eabi/5.4.1/../../../../arm-none-eabi/lib/armv7-m\libc.a(lib_a-freer.o)
                0x0800a828                _malloc_trim_r
 .text._free_r  0x0800a8c4      0x1d0 c:/program files (x86)/gnu tools arm embedded/5.4 2016q3/bin/../lib/gcc/arm-none-eabi/5.4.1/../../../../arm-none-eabi/lib/armv7-m\libc.a(lib_a-freer.o)
                0x0800a8c4                _free_r
 .text.__ascii_mbtowc
                0x0800aa94       0x2c c:/program files (x86)/gnu tools arm embedded/5.4 2016q3/bin/../lib/gcc/arm-none-eabi/5.4.1/../../../../arm-none-eabi/lib/armv7-m\libc.a(lib_a-mbtowc_r.o)
                0x0800aa94                __ascii_mbtowc
 .text.memmove  0x0800aac0       0xc8 c:/program files (x86)/gnu tools arm embedded/5.4 2016q3/bin/../lib/gcc/arm-none-eabi/5.4.1/../../../../arm-none-eabi/lib/armv7-m\libc.a(lib_a-memmove.o)
                0x0800aac0                memmove
 .text.memset   0x0800ab88       0x9c c:/program files (x86)/gnu tools arm embedded/5.4 2016q3/bin/../lib/gcc/arm-none-eabi/5.4.1/../../../../arm-none-eabi/lib/armv7-m\libc.a(lib_a-memset.o)
                0x0800ab88                memset
 .text._realloc_r
                0x0800ac24      0x3d4 c:/program files (x86)/gnu tools arm embedded/5.4 2016q3/bin/../lib/gcc/arm-none-eabi/5.4.1/../../../../arm-none-eabi/lib/armv7-m\libc.a(lib_a-reallocr.o)
                0x0800ac24                _realloc_r
 .text.__ascii_wctomb
                0x0800aff8       0x1c c:/program files (x86)/gnu tools arm embedded/5.4 2016q3/bin/../lib/gcc/arm-none-eabi/5.4.1/../../../../arm-none-eabi/lib/armv7-m\libc.a(lib_a-wctomb_r.o)
                0x0800aff8                __ascii_wctomb
 *(.init)
 *(.fini)
 *crtbegin.o(.ctors)
 *crtbegin?.o(.ctors)
 *(EXCLUDE_FILE(*crtend.o *crtend?.o) .ctors)
 *(SORT(.ctors.*))
 *(.ctors)
 *crtbegin.o(.dtors)
 *crtbegin?.o(.dtors)
 *(EXCLUDE_FILE(*crtend.o *crtend?.o) .dtors)
 *(SORT(.dtors.*))
 *(.dtors)
 *(.rodata*)
 .rodata        0x0800b014       0x91 ..\obj\CatchRoboMain.o
 *fill*         0x0800b0a5        0x3 
 .rodata        0x0800b0a8      0x10d ..\obj\system.o
 *fill*         0x0800b1b5        0x3 
 .rodata.str1.4
                0x0800b1b8        0x5 c:/program files (x86)/gnu tools arm embedded/5.4 2016q3/bin/../lib/gcc/arm-none-eabi/5.4.1/../../../../arm-none-eabi/lib/armv7-m\libm.a(lib_a-w_sqrt.o)
 *fill*         0x0800b1bd        0x3 
 .rodata.atanlo
                0x0800b1c0       0x20 c:/program files (x86)/gnu tools arm embedded/5.4 2016q3/bin/../lib/gcc/arm-none-eabi/5.4.1/../../../../arm-none-eabi/lib/armv7-m\libm.a(lib_a-s_atan.o)
 .rodata.atanhi
                0x0800b1e0       0x20 c:/program files (x86)/gnu tools arm embedded/5.4 2016q3/bin/../lib/gcc/arm-none-eabi/5.4.1/../../../../arm-none-eabi/lib/armv7-m\libm.a(lib_a-s_atan.o)
 .rodata.zeroes.7256
                0x0800b200       0x10 c:/program files (x86)/gnu tools arm embedded/5.4 2016q3/bin/../lib/gcc/arm-none-eabi/5.4.1/../../../../arm-none-eabi/lib/armv7-m\libc.a(lib_a-svfprintf.o)
 .rodata.str1.4
                0x0800b210       0x42 c:/program files (x86)/gnu tools arm embedded/5.4 2016q3/bin/../lib/gcc/arm-none-eabi/5.4.1/../../../../arm-none-eabi/lib/armv7-m\libc.a(lib_a-svfprintf.o)
 *fill*         0x0800b252        0x2 
 .rodata.blanks.7255
                0x0800b254       0x10 c:/program files (x86)/gnu tools arm embedded/5.4 2016q3/bin/../lib/gcc/arm-none-eabi/5.4.1/../../../../arm-none-eabi/lib/armv7-m\libc.a(lib_a-svfprintf.o)
 .rodata.str1.4
                0x0800b264       0x10 c:/program files (x86)/gnu tools arm embedded/5.4 2016q3/bin/../lib/gcc/arm-none-eabi/5.4.1/../../../../arm-none-eabi/lib/armv7-m\libc.a(lib_a-dtoa.o)
                                 0x12 (size before relaxing)
 *fill*         0x0800b274        0x4 
 .rodata.__mprec_tens
                0x0800b278       0xc8 c:/program files (x86)/gnu tools arm embedded/5.4 2016q3/bin/../lib/gcc/arm-none-eabi/5.4.1/../../../../arm-none-eabi/lib/armv7-m\libc.a(lib_a-mprec.o)
                0x0800b278                __mprec_tens
 .rodata.p05.6085
                0x0800b340        0xc c:/program files (x86)/gnu tools arm embedded/5.4 2016q3/bin/../lib/gcc/arm-none-eabi/5.4.1/../../../../arm-none-eabi/lib/armv7-m\libc.a(lib_a-mprec.o)
 *fill*         0x0800b34c        0x4 
 .rodata.__mprec_bigtens
                0x0800b350       0x28 c:/program files (x86)/gnu tools arm embedded/5.4 2016q3/bin/../lib/gcc/arm-none-eabi/5.4.1/../../../../arm-none-eabi/lib/armv7-m\libc.a(lib_a-mprec.o)
                0x0800b350                __mprec_bigtens
 .rodata.str1.4
                0x0800b378       0x10 c:/program files (x86)/gnu tools arm embedded/5.4 2016q3/bin/../lib/gcc/arm-none-eabi/5.4.1/../../../../arm-none-eabi/lib/armv7-m\libc.a(lib_a-locale.o)
                                 0x12 (size before relaxing)
 .rodata._ctype_
                0x0800b388      0x101 c:/program files (x86)/gnu tools arm embedded/5.4 2016q3/bin/../lib/gcc/arm-none-eabi/5.4.1/../../../../arm-none-eabi/lib/armv7-m\libc.a(lib_a-ctype_.o)
                0x0800b388                _ctype_
 *(.eh_fram e*)

.glue_7         0x0800b48c        0x0
 .glue_7        0x0800b48c        0x0 linker stubs

.glue_7t        0x0800b48c        0x0
 .glue_7t       0x0800b48c        0x0 linker stubs

.vfp11_veneer   0x0800b48c        0x0
 .vfp11_veneer  0x0800b48c        0x0 linker stubs

.v4_bx          0x0800b48c        0x0
 .v4_bx         0x0800b48c        0x0 linker stubs

.iplt           0x0800b48c        0x0
 .iplt          0x0800b48c        0x0 ..\obj\switch.o

.ARM.extab      0x0800b48c      0x2c8
 *(.ARM.extab* .gnu.linkonce.armextab.*)
 .ARM.extab.text._ZN10SPI_Master5setupEP11SPI_TypeDefP12GPIO_TypeDeftS3_tS3_ttt
                0x0800b48c        0xc ..\obj\spi.o
 .ARM.extab.text._ZN10SPI_Master7ioSetupEP12GPIO_TypeDeftS1_tS1_t
                0x0800b498        0xc ..\obj\spi.o
 .ARM.extab.text._ZN10SPI_Master4sendEv
                0x0800b4a4        0xc ..\obj\spi.o
 .ARM.extab.text._Z9SPI1Setupttt
                0x0800b4b0        0xc ..\obj\spi.o
 .ARM.extab.text._Z9SPI2Setupttt
                0x0800b4bc        0xc ..\obj\spi.o
 .ARM.extab.text._ZN10RingBufferIhLi128EEC2Ev
                0x0800b4c8        0x0 ..\obj\spi.o
 .ARM.extab.text._ZN10RingBufferIhLi128EE5clearEv
                0x0800b4c8        0x0 ..\obj\spi.o
 .ARM.extab.text._ZN10RingBufferIhLi128EE5writeEh
                0x0800b4c8        0x0 ..\obj\spi.o
 .ARM.extab.text._ZN10RingBufferIhLi128EE4readEv
                0x0800b4c8        0x0 ..\obj\spi.o
 .ARM.extab.text._ZN10RingBufferIhLi128EE6lengthEv
                0x0800b4c8        0x0 ..\obj\spi.o
 .ARM.extab.text._ZN10RingBufferIhLi128EE7isEmptyEv
                0x0800b4c8        0x0 ..\obj\spi.o
 .ARM.extab.text._ZN6AS504x5setupER10SPI_MasterR4GPIO
                0x0800b4c8        0xc ..\obj\AS504x.o
 .ARM.extab.text._ZN6AS504x5cycleEv
                0x0800b4d4        0xc ..\obj\AS504x.o
 .ARM.extab.text._ZN9CatchRobo5setupER5USARTR5SBDBTt
                0x0800b4e0        0xc ..\obj\CatchRoboMain.o
 .ARM.extab.text._ZN9CatchRobo12controlCycleEv
                0x0800b4ec        0xc ..\obj\CatchRoboMain.o
 .ARM.extab.text._ZN9CatchRobo5readREv
                0x0800b4f8        0xc ..\obj\CatchRoboMain.o
 .ARM.extab.text._ZN9CatchRobo5readXEv
                0x0800b504        0xc ..\obj\CatchRoboMain.o
 .ARM.extab.text._ZN9CatchRobo5readSEv
                0x0800b510        0xc ..\obj\CatchRoboMain.o
 .ARM.extab.text._ZN3LED5setupEP12GPIO_TypeDeft
                0x0800b51c        0xc ..\obj\led.o
 .ARM.extab.text._ZN3LED8intervalEm
                0x0800b528        0xc ..\obj\led.o
 .ARM.extab.text._ZN3LED5cycleEv
                0x0800b534        0xc ..\obj\led.o
 .ARM.extab.text._ZN3TIM12encoderSetupEP11TIM_TypeDefP12GPIO_TypeDeftS3_t
                0x0800b540        0xc ..\obj\tim.o
 .ARM.extab.text._ZN3TIM10ioSetupEncEP12GPIO_TypeDeftS1_t
                0x0800b54c        0xc ..\obj\tim.o
 .ARM.extab.text._Z16TIM1EncoderSetupv
                0x0800b558        0xc ..\obj\tim.o
 .ARM.extab.text._Z16TIM2EncoderSetupv
                0x0800b564        0xc ..\obj\tim.o
 .ARM.extab.text._Z16TIM3EncoderSetupv
                0x0800b570        0xc ..\obj\tim.o
 .ARM.extab.text._Z16TIM4EncoderSetupv
                0x0800b57c        0xc ..\obj\tim.o
 .ARM.extab.text._ZN5SBDBT5cycleEv
                0x0800b588        0xc ..\obj\SBDBT.o
 .ARM.extab.text._ZN6System5setupEv
                0x0800b594        0xc ..\obj\system.o
 .ARM.extab.text._ZN6System10usartSetupER5USART
                0x0800b5a0        0xc ..\obj\system.o
 .ARM.extab.text._ZN6System5cycleEv
                0x0800b5ac        0xc ..\obj\system.o
 .ARM.extab.text._ZN6System8wdgSetupEth
                0x0800b5b8        0xc ..\obj\system.o
 .ARM.extab.text._ZN6System8wdgResetEv
                0x0800b5c4        0xc ..\obj\system.o
 .ARM.extab.text._Z9IWDGSetupth
                0x0800b5d0        0xc ..\obj\system.o
 .ARM.extab.text._ZN4GPIO5setupEP12GPIO_TypeDeft16GPIOMode_TypeDef
                0x0800b5dc        0xc ..\obj\gpio.o
 .ARM.extab.text._ZN4GPIO5writeEt
                0x0800b5e8        0xc ..\obj\gpio.o
 .ARM.extab.text._ZN4GPIO6toggleEv
                0x0800b5f4        0xc ..\obj\gpio.o
 .ARM.extab.text._Z9pinToggleP12GPIO_TypeDeft
                0x0800b600        0xc ..\obj\gpio.o
 .ARM.extab.text._ZN3ADC4readEv
                0x0800b60c        0xc ..\obj\adc.o
 .ARM.extab.text._ZN3ADC4readEh
                0x0800b618        0xc ..\obj\adc.o
 .ARM.extab.text._ZN3ADC5startEh
                0x0800b624        0xc ..\obj\adc.o
 .ARM.extab.text._ZN3ADC9convertedEv
                0x0800b630        0xc ..\obj\adc.o
 .ARM.extab.text._ZN3ADC4peekEv
                0x0800b63c        0xc ..\obj\adc.o
 .ARM.extab.text._Z9ADC1Starthh
                0x0800b648        0xc ..\obj\adc.o
 .ARM.extab.text._Z9ADC2Starthh
                0x0800b654        0xc ..\obj\adc.o
 .ARM.extab.text._ZN13SPI_Interface5setupER10SPI_Master
                0x0800b660        0xc ..\obj\spiInterface.o
 .ARM.extab.text._ZN13SPI_Interface9nssAssignER4GPIO
                0x0800b66c        0xc ..\obj\spiInterface.o
 .ARM.extab.text._ZN13SPI_Interface5beginEv
                0x0800b678        0xc ..\obj\spiInterface.o
 .ARM.extab.text._ZN13SPI_Interface3endEv
                0x0800b684        0xc ..\obj\spiInterface.o
 .ARM.extab.text._ZN5USART4putsEPKc
                0x0800b690        0xc ..\obj\usart.o
 .ARM.extab.text._ZN5USART6printfEPKcz
                0x0800b69c       0x10 ..\obj\usart.o
 .ARM.extab.text._ZN5USART5setupEP13USART_TypeDefP12GPIO_TypeDeftS3_tm
                0x0800b6ac        0xc ..\obj\usart.o
 .ARM.extab.text._ZN5USART4sendEc
                0x0800b6b8        0xc ..\obj\usart.o
 .ARM.extab.text._ZN5USART7ioSetupEP12GPIO_TypeDeftS1_t
                0x0800b6c4        0xc ..\obj\usart.o
 .ARM.extab.text._Z11USART1Setupm
                0x0800b6d0        0xc ..\obj\usart.o
 .ARM.extab.text._Z11USART2Setupm
                0x0800b6dc        0xc ..\obj\usart.o
 .ARM.extab.text._Z11USART3Setupm
                0x0800b6e8        0xc ..\obj\usart.o
 .ARM.extab.text._Z13USART1ITSetupt
                0x0800b6f4        0xc ..\obj\usart.o
 .ARM.extab.text._Z13USART2ITSetupt
                0x0800b700        0xc ..\obj\usart.o
 .ARM.extab.text._Z13USART3ITSetupt
                0x0800b70c        0xc ..\obj\usart.o
 .ARM.extab.text.USART1_IRQHandler
                0x0800b718        0xc ..\obj\usart.o
 .ARM.extab.text.USART2_IRQHandler
                0x0800b724        0xc ..\obj\usart.o
 .ARM.extab.text.USART3_IRQHandler
                0x0800b730        0xc ..\obj\usart.o
 .ARM.extab     0x0800b73c       0x18 c:/program files (x86)/gnu tools arm embedded/5.4 2016q3/bin/../lib/gcc/arm-none-eabi/5.4.1/armv7-m\libgcc.a(pr-support.o)
                0x0800b754                __exidx_start = .

.ARM.exidx      0x0800b754      0x330
 *(.ARM.exidx* .gnu.linkonce.armexidx.*)
 .ARM.exidx.text._ZN10SPI_Master5setupEP11SPI_TypeDefP12GPIO_TypeDeftS3_tS3_ttt
                0x0800b754        0x8 ..\obj\spi.o
 .ARM.exidx.text._ZN10SPI_Master18getInterfaceNumberEv
                0x0800b75c        0x8 ..\obj\spi.o
 .ARM.exidx.text._ZN10SPI_Master4takeEt
                0x0800b764        0x0 ..\obj\spi.o
                                  0x8 (size before relaxing)
 .ARM.exidx.text._ZN10SPI_Master7releaceEt
                0x0800b764        0x0 ..\obj\spi.o
                                  0x8 (size before relaxing)
 .ARM.exidx.text._ZN10SPI_Master7ioSetupEP12GPIO_TypeDeftS1_tS1_t
                0x0800b764        0x8 ..\obj\spi.o
 .ARM.exidx.text._ZN10SPI_Master5writeEh
                0x0800b76c        0x8 ..\obj\spi.o
 .ARM.exidx.text._ZN10SPI_Master4sendEv
                0x0800b774        0x8 ..\obj\spi.o
 .ARM.exidx.text._ZN10SPI_Master4readEv
                0x0800b77c        0x8 ..\obj\spi.o
 .ARM.exidx.text._ZN10SPI_Master9availableEv
                0x0800b784        0x0 ..\obj\spi.o
                                  0x8 (size before relaxing)
 .ARM.exidx.text._Z9SPI1Setupttt
                0x0800b784        0x8 ..\obj\spi.o
 .ARM.exidx.text._Z9SPI2Setupttt
                0x0800b78c        0x8 ..\obj\spi.o
 .ARM.exidx.text.SPI1_IRQHandler
                0x0800b794        0x8 ..\obj\spi.o
 .ARM.exidx.text.SPI2_IRQHandler
                0x0800b79c        0x0 ..\obj\spi.o
                                  0x8 (size before relaxing)
 .ARM.exidx.text._ZN10RingBufferIhLi128EEC2Ev
                0x0800b79c        0x8 ..\obj\spi.o
 .ARM.exidx.text._ZN10RingBufferIhLi128EE5clearEv
                0x0800b7a4        0x0 ..\obj\spi.o
                                  0x8 (size before relaxing)
 .ARM.exidx.text._ZN10RingBufferIhLi128EE5writeEh
                0x0800b7a4        0x0 ..\obj\spi.o
                                  0x8 (size before relaxing)
 .ARM.exidx.text._ZN10RingBufferIhLi128EE4readEv
                0x0800b7a4        0x0 ..\obj\spi.o
                                  0x8 (size before relaxing)
 .ARM.exidx.text._ZN10RingBufferIhLi128EE6lengthEv
                0x0800b7a4        0x0 ..\obj\spi.o
                                  0x8 (size before relaxing)
 .ARM.exidx.text._ZN10RingBufferIhLi128EE7isEmptyEv
                0x0800b7a4        0x0 ..\obj\spi.o
                                  0x8 (size before relaxing)
 .ARM.exidx.text._Z41__static_initialization_and_destruction_0ii
                0x0800b7a4        0x0 ..\obj\spi.o
                                  0x8 (size before relaxing)
 .ARM.exidx.text._GLOBAL__sub_I__ZN10SPI_Master12interruptCntE
                0x0800b7a4        0x0 ..\obj\spi.o
                                  0x8 (size before relaxing)
 .ARM.exidx.text._ZN6AS504x5setupER10SPI_MasterR4GPIO
                0x0800b7a4        0x8 ..\obj\AS504x.o
 .ARM.exidx.text._ZN6AS504x5cycleEv
                0x0800b7ac       0x10 ..\obj\AS504x.o
                                  0x8 (size before relaxing)
 .ARM.exidx.text._ZN9CatchRobo5setupER5USARTR5SBDBTt
                0x0800b7bc        0x8 ..\obj\CatchRoboMain.o
 .ARM.exidx.text._ZN9CatchRobo5cycleEv
                0x0800b7c4        0x8 ..\obj\CatchRoboMain.o
 .ARM.exidx.text._ZN9CatchRobo12controlCycleEv
                0x0800b7cc        0x8 ..\obj\CatchRoboMain.o
 .ARM.exidx.text._ZN9CatchRobo5readREv
                0x0800b7d4        0x8 ..\obj\CatchRoboMain.o
 .ARM.exidx.text._ZN9CatchRobo5readXEv
                0x0800b7dc        0x8 ..\obj\CatchRoboMain.o
 .ARM.exidx.text._ZN9CatchRobo5readSEv
                0x0800b7e4        0x8 ..\obj\CatchRoboMain.o
 .ARM.exidx.text._ZN3LED5setupEP12GPIO_TypeDeft
                0x0800b7ec        0x8 ..\obj\led.o
 .ARM.exidx.text._ZN3LED8intervalEm
                0x0800b7f4        0x8 ..\obj\led.o
 .ARM.exidx.text._ZN3LED5cycleEv
                0x0800b7fc        0x8 ..\obj\led.o
 .ARM.exidx.text._ZN3TIM12encoderSetupEP11TIM_TypeDefP12GPIO_TypeDeftS3_t
                0x0800b804        0x8 ..\obj\tim.o
 .ARM.exidx.text._ZN3TIM10ioSetupEncEP12GPIO_TypeDeftS1_t
                0x0800b80c        0x8 ..\obj\tim.o
 .ARM.exidx.text._ZN3TIM4readEv
                0x0800b814        0x8 ..\obj\tim.o
 .ARM.exidx.text._Z16TIM1EncoderSetupv
                0x0800b81c        0x8 ..\obj\tim.o
 .ARM.exidx.text._Z16TIM2EncoderSetupv
                0x0800b824        0x8 ..\obj\tim.o
 .ARM.exidx.text._Z16TIM3EncoderSetupv
                0x0800b82c        0x8 ..\obj\tim.o
 .ARM.exidx.text._Z16TIM4EncoderSetupv
                0x0800b834        0x8 ..\obj\tim.o
 .ARM.exidx.text._Z8TIM1Readv
                0x0800b83c        0x8 ..\obj\tim.o
 .ARM.exidx.text._Z8TIM2Readv
                0x0800b844        0x0 ..\obj\tim.o
                                  0x8 (size before relaxing)
 .ARM.exidx.text._Z8TIM3Readv
                0x0800b844        0x0 ..\obj\tim.o
                                  0x8 (size before relaxing)
 .ARM.exidx.text._Z8TIM4Readv
                0x0800b844        0x0 ..\obj\tim.o
                                  0x8 (size before relaxing)
 .ARM.exidx.text._Z16TIM1_ENCODER_IRQv
                0x0800b844        0x0 ..\obj\tim.o
                                  0x8 (size before relaxing)
 .ARM.exidx.text._Z16TIM2_ENCODER_IRQv
                0x0800b844        0x0 ..\obj\tim.o
                                  0x8 (size before relaxing)
 .ARM.exidx.text._Z16TIM3_ENCODER_IRQv
                0x0800b844        0x0 ..\obj\tim.o
                                  0x8 (size before relaxing)
 .ARM.exidx.text._Z16TIM4_ENCODER_IRQv
                0x0800b844        0x0 ..\obj\tim.o
                                  0x8 (size before relaxing)
 .ARM.exidx.text._Z19TIM1_PWM_Update_IRQv
                0x0800b844        0x0 ..\obj\tim.o
                                  0x8 (size before relaxing)
 .ARM.exidx.text._Z19TIM2_PWM_Update_IRQv
                0x0800b844        0x0 ..\obj\tim.o
                                  0x8 (size before relaxing)
 .ARM.exidx.text._Z19TIM3_PWM_Update_IRQv
                0x0800b844        0x0 ..\obj\tim.o
                                  0x8 (size before relaxing)
 .ARM.exidx.text._Z19TIM4_PWM_Update_IRQv
                0x0800b844        0x0 ..\obj\tim.o
                                  0x8 (size before relaxing)
 .ARM.exidx.text._Z16TIM4_PWM_CC1_IRQv
                0x0800b844        0x0 ..\obj\tim.o
                                  0x8 (size before relaxing)
 .ARM.exidx.text._Z16TIM4_PWM_CC2_IRQv
                0x0800b844        0x0 ..\obj\tim.o
                                  0x8 (size before relaxing)
 .ARM.exidx.text._Z16TIM4_PWM_CC3_IRQv
                0x0800b844        0x0 ..\obj\tim.o
                                  0x8 (size before relaxing)
 .ARM.exidx.text._Z16TIM4_PWM_CC4_IRQv
                0x0800b844        0x0 ..\obj\tim.o
                                  0x8 (size before relaxing)
 .ARM.exidx.text._Z19TIM1_TIM_Update_IRQv
                0x0800b844        0x0 ..\obj\tim.o
                                  0x8 (size before relaxing)
 .ARM.exidx.text._Z19TIM2_TIM_Update_IRQv
                0x0800b844        0x0 ..\obj\tim.o
                                  0x8 (size before relaxing)
 .ARM.exidx.text._Z19TIM3_TIM_Update_IRQv
                0x0800b844        0x0 ..\obj\tim.o
                                  0x8 (size before relaxing)
 .ARM.exidx.text._Z19TIM4_TIM_Update_IRQv
                0x0800b844        0x0 ..\obj\tim.o
                                  0x8 (size before relaxing)
 .ARM.exidx.text.TIM1_UP_IRQHandler
                0x0800b844        0x8 ..\obj\tim.o
 .ARM.exidx.text.TIM2_IRQHandler
                0x0800b84c        0x0 ..\obj\tim.o
                                  0x8 (size before relaxing)
 .ARM.exidx.text.TIM3_IRQHandler
                0x0800b84c        0x0 ..\obj\tim.o
                                  0x8 (size before relaxing)
 .ARM.exidx.text.TIM4_IRQHandler
                0x0800b84c        0x8 ..\obj\tim.o
 .ARM.exidx.text._ZN5SBDBT5cycleEv
                0x0800b854       0x10 ..\obj\SBDBT.o
                                  0x8 (size before relaxing)
 .ARM.exidx.text._Z5setupv
                0x0800b864        0x8 ..\obj\main.o
 .ARM.exidx.text.main
                0x0800b86c        0x0 ..\obj\main.o
                                  0x8 (size before relaxing)
 .ARM.exidx.text.NVIC_SetPriority
                0x0800b86c        0x8 ..\obj\system.o
 .ARM.exidx.text.SysTick_Config
                0x0800b874        0x0 ..\obj\system.o
                                  0x8 (size before relaxing)
 .ARM.exidx.text._ZN6System5setupEv
                0x0800b874        0x8 ..\obj\system.o
 .ARM.exidx.text._ZN6System10usartSetupER5USART
                0x0800b87c        0x8 ..\obj\system.o
 .ARM.exidx.text._ZN6System5cycleEv
                0x0800b884        0x8 ..\obj\system.o
 .ARM.exidx.text._ZN6System8wdgSetupEth
                0x0800b88c        0x8 ..\obj\system.o
 .ARM.exidx.text._ZN6System8wdgResetEv
                0x0800b894        0x8 ..\obj\system.o
 .ARM.exidx.text._Z9IWDGSetupth
                0x0800b89c        0x8 ..\obj\system.o
 .ARM.exidx.text._Z9IWDGResetv
                0x0800b8a4       0x10 ..\obj\system.o
                                  0x8 (size before relaxing)
 .ARM.exidx.text._ZN4GPIO5setupEP12GPIO_TypeDeft16GPIOMode_TypeDef
                0x0800b8b4        0x8 ..\obj\gpio.o
 .ARM.exidx.text._ZN4GPIO5writeEt
                0x0800b8bc        0x8 ..\obj\gpio.o
 .ARM.exidx.text._ZN4GPIO6toggleEv
                0x0800b8c4        0x8 ..\obj\gpio.o
 .ARM.exidx.text._ZN4GPIO8IOInvertEt
                0x0800b8cc        0x8 ..\obj\gpio.o
 .ARM.exidx.text._Z9GPIOSetupv
                0x0800b8d4        0x8 ..\obj\gpio.o
 .ARM.exidx.text._Z9pinToggleP12GPIO_TypeDeft
                0x0800b8dc       0x10 ..\obj\gpio.o
                                  0x8 (size before relaxing)
 .ARM.exidx.text._ZN3ADC4readEv
                0x0800b8ec        0x8 ..\obj\adc.o
 .ARM.exidx.text._ZN3ADC4readEh
                0x0800b8f4        0x8 ..\obj\adc.o
 .ARM.exidx.text._ZN3ADC5startEh
                0x0800b8fc        0x8 ..\obj\adc.o
 .ARM.exidx.text._ZN3ADC9convertedEv
                0x0800b904        0x8 ..\obj\adc.o
 .ARM.exidx.text._ZN3ADC4peekEv
                0x0800b90c        0x8 ..\obj\adc.o
 .ARM.exidx.text._Z9ADC1Starthh
                0x0800b914        0x8 ..\obj\adc.o
 .ARM.exidx.text._Z9ADC2Starthh
                0x0800b91c        0x8 ..\obj\adc.o
 .ARM.exidx.text._Z12ADC1GetValuev
                0x0800b924        0x8 ..\obj\adc.o
 .ARM.exidx.text._Z12ADC2GetValuev
                0x0800b92c        0x0 ..\obj\adc.o
                                  0x8 (size before relaxing)
 .ARM.exidx.text._ZN13SPI_Interface5setupER10SPI_Master
                0x0800b92c        0x8 ..\obj\spiInterface.o
 .ARM.exidx.text._ZN13SPI_Interface9nssAssignER4GPIO
                0x0800b934        0x8 ..\obj\spiInterface.o
 .ARM.exidx.text._ZN13SPI_Interface5beginEv
                0x0800b93c        0x8 ..\obj\spiInterface.o
 .ARM.exidx.text._ZN13SPI_Interface3endEv
                0x0800b944        0x8 ..\obj\spiInterface.o
 .ARM.exidx.text._ZN13SPI_Interface9availableEv
                0x0800b94c        0x8 ..\obj\spiInterface.o
 .ARM.exidx.text._Z5delaym
                0x0800b954        0x0 ..\obj\systime.o
                                  0x8 (size before relaxing)
 .ARM.exidx.text._Z11delayMicrosm
                0x0800b954        0x0 ..\obj\systime.o
                                  0x8 (size before relaxing)
 .ARM.exidx.text._Z6microsv
                0x0800b954        0x0 ..\obj\systime.o
                                  0x8 (size before relaxing)
 .ARM.exidx.text._Z6millisv
                0x0800b954        0x0 ..\obj\systime.o
                                  0x8 (size before relaxing)
 .ARM.exidx.text.SysTick_Handler
                0x0800b954        0x0 ..\obj\systime.o
                                  0x8 (size before relaxing)
 .ARM.exidx.text._ZN12CatchRoboMap5setupEt
                0x0800b954        0x0 ..\obj\CatchRoboMap.o
                                  0x8 (size before relaxing)
 .ARM.exidx.text._ZN12CatchRoboMap14callNormalWorkEii
                0x0800b954        0x0 ..\obj\CatchRoboMap.o
                                  0x8 (size before relaxing)
 .ARM.exidx.text._ZN12CatchRoboMap14callShareWorkREii
                0x0800b954        0x0 ..\obj\CatchRoboMap.o
                                  0x8 (size before relaxing)
 .ARM.exidx.text._ZN12CatchRoboMap14callShareWorkLEii
                0x0800b954        0x0 ..\obj\CatchRoboMap.o
                                  0x8 (size before relaxing)
 .ARM.exidx.text._ZN12CatchRoboMap16callShootingBoxREii
                0x0800b954        0x0 ..\obj\CatchRoboMap.o
                                  0x8 (size before relaxing)
 .ARM.exidx.text._ZN12CatchRoboMap16callShootingBoxLEii
                0x0800b954        0x0 ..\obj\CatchRoboMap.o
                                  0x8 (size before relaxing)
 .ARM.exidx.text._ZN3PID5setupEfff
                0x0800b954        0x0 ..\obj\PID_Controller.o
                                  0x8 (size before relaxing)
 .ARM.exidx.text._ZN5USART4putsEPKc
                0x0800b954        0x8 ..\obj\usart.o
 .ARM.exidx.text._ZN5USART6printfEPKcz
                0x0800b95c        0x8 ..\obj\usart.o
 .ARM.exidx.text._ZN5USART5setupEP13USART_TypeDefP12GPIO_TypeDeftS3_tm
                0x0800b964        0x8 ..\obj\usart.o
 .ARM.exidx.text._ZN5USART4sendEc
                0x0800b96c        0x8 ..\obj\usart.o
 .ARM.exidx.text._ZN5USART4readEv
                0x0800b974        0x8 ..\obj\usart.o
 .ARM.exidx.text._ZN5USART9availableEv
                0x0800b97c        0x0 ..\obj\usart.o
                                  0x8 (size before relaxing)
 .ARM.exidx.text._ZN5USART7ioSetupEP12GPIO_TypeDeftS1_t
                0x0800b97c        0x8 ..\obj\usart.o
 .ARM.exidx.text._Z11USART1Setupm
                0x0800b984        0x8 ..\obj\usart.o
 .ARM.exidx.text._Z11USART2Setupm
                0x0800b98c        0x8 ..\obj\usart.o
 .ARM.exidx.text._Z11USART3Setupm
                0x0800b994        0x8 ..\obj\usart.o
 .ARM.exidx.text._Z13USART1ITSetupt
                0x0800b99c        0x8 ..\obj\usart.o
 .ARM.exidx.text._Z13USART2ITSetupt
                0x0800b9a4        0x8 ..\obj\usart.o
 .ARM.exidx.text._Z13USART3ITSetupt
                0x0800b9ac        0x8 ..\obj\usart.o
 .ARM.exidx.text.USART1_IRQHandler
                0x0800b9b4        0x8 ..\obj\usart.o
 .ARM.exidx.text.USART2_IRQHandler
                0x0800b9bc        0x8 ..\obj\usart.o
 .ARM.exidx.text.USART3_IRQHandler
                0x0800b9c4       0x10 ..\obj\usart.o
                                  0x8 (size before relaxing)
 .ARM.exidx     0x0800b9d4        0x0 c:/program files (x86)/gnu tools arm embedded/5.4 2016q3/bin/../lib/gcc/arm-none-eabi/5.4.1/armv7-m\libgcc.a(_udivmoddi4.o)
                                  0x8 (size before relaxing)
 .ARM.exidx     0x0800b9d4       0x78 c:/program files (x86)/gnu tools arm embedded/5.4 2016q3/bin/../lib/gcc/arm-none-eabi/5.4.1/armv7-m\libgcc.a(unwind-arm.o)
                                 0xd8 (size before relaxing)
 .ARM.exidx     0x0800ba4c       0x38 c:/program files (x86)/gnu tools arm embedded/5.4 2016q3/bin/../lib/gcc/arm-none-eabi/5.4.1/armv7-m\libgcc.a(pr-support.o)
                                 0x48 (size before relaxing)
                0x0800ba84                __exidx_end = .
                0x0800ba84                __etext = .
                0x0800ba84                _sidata = __etext

.rel.dyn        0x0800ba84        0x0
 .rel.iplt      0x0800ba84        0x0 ..\obj\switch.o

.data           0x20000000      0x9dc load address 0x0800ba84
                0x20000000                __data_start__ = .
                0x20000000                _sdata = __data_start__
 *(vtable)
 *(.data*)
 .data          0x20000000       0x14 ..\obj\system_stm32f10x.o
                0x20000000                SystemCoreClock
                0x20000004                AHBPrescTable
 .data          0x20000014       0x14 ..\obj\stm32f10x_rcc.o
 .data          0x20000028        0x6 ..\obj\usart.o
                0x20000028                USART::usart1RxAddress
                0x2000002a                USART::usart2RxAddress
                0x2000002c                USART::usart3RxAddress
 .data.__fdlib_version
                0x2000002e        0x1 c:/program files (x86)/gnu tools arm embedded/5.4 2016q3/bin/../lib/gcc/arm-none-eabi/5.4.1/../../../../arm-none-eabi/lib/armv7-m\libm.a(lib_a-s_lib_ver.o)
                0x2000002e                __fdlib_version
 *fill*         0x2000002f        0x1 
 .data.impure_data
                0x20000030      0x428 c:/program files (x86)/gnu tools arm embedded/5.4 2016q3/bin/../lib/gcc/arm-none-eabi/5.4.1/../../../../arm-none-eabi/lib/armv7-m\libc.a(lib_a-impure.o)
 .data._impure_ptr
                0x20000458        0x4 c:/program files (x86)/gnu tools arm embedded/5.4 2016q3/bin/../lib/gcc/arm-none-eabi/5.4.1/../../../../arm-none-eabi/lib/armv7-m\libc.a(lib_a-impure.o)
                0x20000458                _impure_ptr
 .data.__malloc_av_
                0x2000045c      0x408 c:/program files (x86)/gnu tools arm embedded/5.4 2016q3/bin/../lib/gcc/arm-none-eabi/5.4.1/../../../../arm-none-eabi/lib/armv7-m\libc.a(lib_a-mallocr.o)
                0x2000045c                __malloc_av_
 .data.__malloc_trim_threshold
                0x20000864        0x4 c:/program files (x86)/gnu tools arm embedded/5.4 2016q3/bin/../lib/gcc/arm-none-eabi/5.4.1/../../../../arm-none-eabi/lib/armv7-m\libc.a(lib_a-mallocr.o)
                0x20000864                __malloc_trim_threshold
 .data.__malloc_sbrk_base
                0x20000868        0x4 c:/program files (x86)/gnu tools arm embedded/5.4 2016q3/bin/../lib/gcc/arm-none-eabi/5.4.1/../../../../arm-none-eabi/lib/armv7-m\libc.a(lib_a-mallocr.o)
                0x20000868                __malloc_sbrk_base
 .data.__global_locale
                0x2000086c      0x16c c:/program files (x86)/gnu tools arm embedded/5.4 2016q3/bin/../lib/gcc/arm-none-eabi/5.4.1/../../../../arm-none-eabi/lib/armv7-m\libc.a(lib_a-locale.o)
                0x2000086c                __global_locale
                0x200009d8                . = ALIGN (0x4)
                [!provide]                PROVIDE (__preinit_array_start, .)
 *(.preinit_array)
                [!provide]                PROVIDE (__preinit_array_end, .)
                0x200009d8                . = ALIGN (0x4)
                [!provide]                PROVIDE (__init_array_start, .)
 *(SORT(.init_array.*))
 *(.init_array)
 .init_array    0x200009d8        0x4 ..\obj\spi.o
                [!provide]                PROVIDE (__init_array_end, .)
                0x200009dc                . = ALIGN (0x4)
                [!provide]                PROVIDE (__fini_array_start, .)
 *(SORT(.fini_array.*))
 *(.fini_array)
                [!provide]                PROVIDE (__fini_array_end, .)
 *(.jcr*)
                0x200009dc                . = ALIGN (0x4)
                0x200009dc                __data_end__ = .
                0x200009dc                _edata = __data_end__

.igot.plt       0x200009dc        0x0 load address 0x0800c460
 .igot.plt      0x200009dc        0x0 ..\obj\switch.o

.bss            0x200009e0      0xd38 load address 0x0800c468
                0x200009e0                . = ALIGN (0x4)
                0x200009e0                __bss_start__ = .
                0x200009e0                _sbss = __bss_start__
 *(.bss*)
 .bss           0x200009e0      0x234 ..\obj\spi.o
                0x200009e0                SPI_Master::interruptCnt
                0x200009e2                SPI_Master::writeCnt
                0x200009e4                SPI_Master::spi1txBuffer
                0x20000a70                SPI_Master::spi2txBuffer
                0x20000afc                SPI_Master::spi1rxBuffer
                0x20000b88                SPI_Master::spi2rxBuffer
 .bss           0x20000c14       0x20 ..\obj\tim.o
                0x20000c14                TIM::tim1_mode
                0x20000c18                TIM::tim2_mode
                0x20000c1c                TIM::tim3_mode
                0x20000c20                TIM::tim4_mode
                0x20000c24                TIM::tim1Cnt
                0x20000c28                TIM::tim2Cnt
                0x20000c2c                TIM::tim3Cnt
                0x20000c30                TIM::tim4Cnt
 *fill*         0x20000c34        0x4 
 .bss           0x20000c38      0x5e0 ..\obj\main.o
                0x20000c38                sys
                0x20000c40                serial
                0x20000c44                ss
                0x20000c50                mag
                0x20000c60                spi
                0x20000c70                enc
                0x20000d58                ps3
                0x20000de0                led
                0x20000e88                intervalTime
                0x20000e90                robo
                0x20001208                map
 .bss           0x20001218        0x6 ..\obj\system.o
                0x20001218                System::cycleFunctionCnt
                0x2000121a                System::cycleFunctionNumber
                0x2000121c                System::error
 *fill*         0x2000121e        0x2 
 .bss           0x20001220        0x4 ..\obj\syscalls.o
 *fill*         0x20001224        0x4 
 .bss           0x20001228        0x8 ..\obj\systime.o
 .bss           0x20001230      0x4b0 ..\obj\usart.o
                0x20001230                USART::usart1RxBuffer
                0x200012b0                USART::usart1ReadAddress
                0x200012b4                USART::usart2RxBuffer
                0x20001334                USART::usart2ReadAddress
                0x20001338                USART::usart3RxBuffer
                0x200013b8                USART::usart3ReadAddress
                0x200013bc                USART::usart1TxBuffer
                0x200014bc                USART::usart1TxSendAddress
                0x200014be                USART::usart1TxWriteAddress
                0x200014c0                USART::usart2TxBuffer
                0x200015c0                USART::usart2TxSendAddress
                0x200015c2                USART::usart2TxWriteAddress
                0x200015c4                USART::usart3TxBuffer
                0x200016c4                USART::usart3TxSendAddress
                0x200016c6                USART::usart3TxWriteAddress
                0x200016c8                USART::usart1receiveTime
                0x200016d0                USART::usart2receiveTime
                0x200016d8                USART::usart3receiveTime
 .bss.__malloc_max_total_mem
                0x200016e0        0x4 c:/program files (x86)/gnu tools arm embedded/5.4 2016q3/bin/../lib/gcc/arm-none-eabi/5.4.1/../../../../arm-none-eabi/lib/armv7-m\libc.a(lib_a-mallocr.o)
                0x200016e0                __malloc_max_total_mem
 .bss.__malloc_max_sbrked_mem
                0x200016e4        0x4 c:/program files (x86)/gnu tools arm embedded/5.4 2016q3/bin/../lib/gcc/arm-none-eabi/5.4.1/../../../../arm-none-eabi/lib/armv7-m\libc.a(lib_a-mallocr.o)
                0x200016e4                __malloc_max_sbrked_mem
 .bss.__malloc_top_pad
                0x200016e8        0x4 c:/program files (x86)/gnu tools arm embedded/5.4 2016q3/bin/../lib/gcc/arm-none-eabi/5.4.1/../../../../arm-none-eabi/lib/armv7-m\libc.a(lib_a-mallocr.o)
                0x200016e8                __malloc_top_pad
 .bss.__malloc_current_mallinfo
                0x200016ec       0x28 c:/program files (x86)/gnu tools arm embedded/5.4 2016q3/bin/../lib/gcc/arm-none-eabi/5.4.1/../../../../arm-none-eabi/lib/armv7-m\libc.a(lib_a-mallocr.o)
                0x200016ec                __malloc_current_mallinfo
 *(COMMON)
 COMMON         0x20001714        0x4 c:/program files (x86)/gnu tools arm embedded/5.4 2016q3/bin/../lib/gcc/arm-none-eabi/5.4.1/../../../../arm-none-eabi/lib/armv7-m\libc.a(lib_a-reent.o)
                0x20001714                errno
                0x20001718                . = ALIGN (0x4)
                0x20001718                __bss_end__ = .
                0x20001718                _ebss = __bss_end__

.heap           0x20001718        0x0
                0x20001718                __end__ = .
                0x20001718                _end = __end__
                0x20001718                end = __end__
 *(.heap*)
                0x20001718                __HeapLimit = .

.co_stack       0x20001718      0x400 load address 0x0800d1a0
                0x20001718                . = ALIGN (0x8)
 *(.co_stack .co_stack.*)
 .co_stack      0x20001718      0x400 ..\obj\startup_stm32f10x_md.o
                0x20001718                pulStack
                0x20005000                __StackTop = (ORIGIN (ram) + LENGTH (ram))
                0x20004c00                __StackLimit = (__StackTop - SIZEOF (.co_stack))
                [!provide]                PROVIDE (__stack, __StackTop)
                0x00000001                ASSERT ((__StackLimit >= __HeapLimit), region ram  overflowed with stack)
LOAD ..\obj\switch.o
LOAD ..\obj\canNodeSwitch.o
LOAD ..\obj\canNodeEncoder.o
LOAD ..\obj\spi.o
LOAD ..\obj\stm32f10x_tim.o
LOAD ..\obj\AS504x.o
LOAD ..\obj\can_dcmd.o
LOAD ..\obj\canSwitch.o
LOAD ..\obj\DRV8305.o
LOAD ..\obj\util.o
LOAD ..\obj\stm32f10x_dbgmcu.o
LOAD ..\obj\system_stm32f10x.o
LOAD ..\obj\utilplus.o
LOAD ..\obj\CatchRoboMain.o
LOAD ..\obj\canMotorDriver.o
LOAD ..\obj\led.o
LOAD ..\obj\tim.o
LOAD ..\obj\si8274.o
LOAD ..\obj\pwm.o
LOAD ..\obj\canEncoder.o
LOAD ..\obj\startup_stm32f10x_md.o
LOAD ..\obj\stm32f10x_can.o
LOAD ..\obj\dynamixel485.o
LOAD ..\obj\SBDBT.o
LOAD ..\obj\stm32f10x_gpio.o
LOAD ..\obj\canValve.o
LOAD ..\obj\main.o
LOAD ..\obj\system.o
LOAD ..\obj\can.o
LOAD ..\obj\stm32f10x_rcc.o
LOAD ..\obj\SSL_BLDC.o
LOAD ..\obj\gpio.o
LOAD ..\obj\stm32f10x_exti.o
LOAD ..\obj\stm32f10x_adc.o
LOAD ..\obj\remap.o
LOAD ..\obj\stm32f10x_usart.o
LOAD ..\obj\canNodeValve.o
LOAD ..\obj\sbus.o
LOAD ..\obj\NCP5359.o
LOAD ..\obj\syscalls.o
LOAD ..\obj\gyro.o
LOAD ..\obj\stm32f10x_flash.o
LOAD ..\obj\canNodeVoltage.o
LOAD ..\obj\pulse.o
LOAD ..\obj\adc.o
LOAD ..\obj\enc.o
LOAD ..\obj\app.o
LOAD ..\obj\canNodePulse.o
LOAD ..\obj\spiInterface.o
LOAD ..\obj\port.o
LOAD ..\obj\systime.o
LOAD ..\obj\stm32f10x_dma.o
LOAD ..\obj\canNodeEmg.o
LOAD ..\obj\CatchRoboMap.o
LOAD ..\obj\canNodeAnalogIn.o
LOAD ..\obj\robot.o
LOAD ..\obj\misc.o
LOAD ..\obj\PID_Controller.o
LOAD ..\obj\stm32f10x_spi.o
LOAD ..\obj\KawaRoboMain.o
LOAD ..\obj\canVoltage.o
LOAD ..\obj\canInterface.o
LOAD ..\obj\canNodeMotorDriver.o
LOAD ..\obj\ADNS9800.o
LOAD ..\obj\dma.o
LOAD ..\obj\SerialArduino.o
LOAD ..\obj\dxlib.o
LOAD ..\obj\si8900.o
LOAD ..\obj\usart.o
LOAD ..\obj\stm32f10x_iwdg.o
LOAD c:/program files (x86)/gnu tools arm embedded/5.4 2016q3/bin/../lib/gcc/arm-none-eabi/5.4.1/../../../../arm-none-eabi/lib/armv7-m\libm.a
LOAD c:/program files (x86)/gnu tools arm embedded/5.4 2016q3/bin/../lib/gcc/arm-none-eabi/5.4.1/armv7-m\libgcc.a
LOAD c:/program files (x86)/gnu tools arm embedded/5.4 2016q3/bin/../lib/gcc/arm-none-eabi/5.4.1/../../../../arm-none-eabi/lib/armv7-m\libc.a
LOAD c:/program files (x86)/gnu tools arm embedded/5.4 2016q3/bin/../lib/gcc/arm-none-eabi/5.4.1/../../../../arm-none-eabi/lib/armv7-m\libstdc++.a
START GROUP
LOAD c:/program files (x86)/gnu tools arm embedded/5.4 2016q3/bin/../lib/gcc/arm-none-eabi/5.4.1/armv7-m\libgcc.a
LOAD c:/program files (x86)/gnu tools arm embedded/5.4 2016q3/bin/../lib/gcc/arm-none-eabi/5.4.1/../../../../arm-none-eabi/lib/armv7-m\libg.a
LOAD c:/program files (x86)/gnu tools arm embedded/5.4 2016q3/bin/../lib/gcc/arm-none-eabi/5.4.1/../../../../arm-none-eabi/lib/armv7-m\libc.a
END GROUP
OUTPUT(F103_temp.elf elf32-littlearm)

.debug_info     0x00000000    0x224a8
 .debug_info    0x00000000     0x25fa ..\obj\spi.o
 .debug_info    0x000025fa     0x1c60 ..\obj\stm32f10x_tim.o
 .debug_info    0x0000425a     0x2181 ..\obj\AS504x.o
 .debug_info    0x000063db      0x524 ..\obj\util.o
 .debug_info    0x000068ff      0x49c ..\obj\system_stm32f10x.o
 .debug_info    0x00006d9b     0x3653 ..\obj\CatchRoboMain.o
 .debug_info    0x0000a3ee     0x1a31 ..\obj\led.o
 .debug_info    0x0000be1f     0x1735 ..\obj\tim.o
 .debug_info    0x0000d554       0xee ..\obj\startup_stm32f10x_md.o
 .debug_info    0x0000d642     0x1bdd ..\obj\SBDBT.o
 .debug_info    0x0000f21f      0x6f6 ..\obj\stm32f10x_gpio.o
 .debug_info    0x0000f915     0x40b5 ..\obj\main.o
 .debug_info    0x000139ca     0x245a ..\obj\system.o
 .debug_info    0x00015e24      0x8a3 ..\obj\stm32f10x_rcc.o
 .debug_info    0x000166c7      0x9cd ..\obj\gpio.o
 .debug_info    0x00017094      0xb7c ..\obj\stm32f10x_adc.o
 .debug_info    0x00017c10      0x9f0 ..\obj\stm32f10x_usart.o
 .debug_info    0x00018600      0x458 ..\obj\syscalls.o
 .debug_info    0x00018a58      0x7bd ..\obj\stm32f10x_flash.o
 .debug_info    0x00019215     0x1e69 ..\obj\adc.o
 .debug_info    0x0001b07e     0x1d98 ..\obj\spiInterface.o
 .debug_info    0x0001ce16      0x20b ..\obj\systime.o
 .debug_info    0x0001d021     0x17ca ..\obj\CatchRoboMap.o
 .debug_info    0x0001e7eb      0x556 ..\obj\misc.o
 .debug_info    0x0001ed41     0x1ce8 ..\obj\PID_Controller.o
 .debug_info    0x00020a29      0x8fb ..\obj\stm32f10x_spi.o
 .debug_info    0x00021324      0xf76 ..\obj\usart.o
 .debug_info    0x0002229a      0x20e ..\obj\stm32f10x_iwdg.o

.debug_abbrev   0x00000000     0x4711
 .debug_abbrev  0x00000000      0x511 ..\obj\spi.o
 .debug_abbrev  0x00000511      0x1b2 ..\obj\stm32f10x_tim.o
 .debug_abbrev  0x000006c3      0x444 ..\obj\AS504x.o
 .debug_abbrev  0x00000b07      0x130 ..\obj\util.o
 .debug_abbrev  0x00000c37      0x14e ..\obj\system_stm32f10x.o
 .debug_abbrev  0x00000d85      0x45f ..\obj\CatchRoboMain.o
 .debug_abbrev  0x000011e4      0x373 ..\obj\led.o
 .debug_abbrev  0x00001557      0x2da ..\obj\tim.o
 .debug_abbrev  0x00001831       0xa7 ..\obj\startup_stm32f10x_md.o
 .debug_abbrev  0x000018d8      0x3ad ..\obj\SBDBT.o
 .debug_abbrev  0x00001c85      0x1cc ..\obj\stm32f10x_gpio.o
 .debug_abbrev  0x00001e51      0x471 ..\obj\main.o
 .debug_abbrev  0x000022c2      0x488 ..\obj\system.o
 .debug_abbrev  0x0000274a      0x1bc ..\obj\stm32f10x_rcc.o
 .debug_abbrev  0x00002906      0x255 ..\obj\gpio.o
 .debug_abbrev  0x00002b5b      0x19a ..\obj\stm32f10x_adc.o
 .debug_abbrev  0x00002cf5      0x164 ..\obj\stm32f10x_usart.o
 .debug_abbrev  0x00002e59       0xe5 ..\obj\syscalls.o
 .debug_abbrev  0x00002f3e      0x18f ..\obj\stm32f10x_flash.o
 .debug_abbrev  0x000030cd      0x41d ..\obj\adc.o
 .debug_abbrev  0x000034ea      0x3e2 ..\obj\spiInterface.o
 .debug_abbrev  0x000038cc      0x101 ..\obj\systime.o
 .debug_abbrev  0x000039cd      0x33a ..\obj\CatchRoboMap.o
 .debug_abbrev  0x00003d07      0x147 ..\obj\misc.o
 .debug_abbrev  0x00003e4e      0x378 ..\obj\PID_Controller.o
 .debug_abbrev  0x000041c6      0x180 ..\obj\stm32f10x_spi.o
 .debug_abbrev  0x00004346      0x2c8 ..\obj\usart.o
 .debug_abbrev  0x0000460e      0x103 ..\obj\stm32f10x_iwdg.o

.debug_aranges  0x00000000     0x1318
 .debug_aranges
                0x00000000       0xf0 ..\obj\spi.o
 .debug_aranges
                0x000000f0      0x2f0 ..\obj\stm32f10x_tim.o
 .debug_aranges
                0x000003e0       0x48 ..\obj\AS504x.o
 .debug_aranges
                0x00000428       0xb0 ..\obj\util.o
 .debug_aranges
                0x000004d8       0x38 ..\obj\system_stm32f10x.o
 .debug_aranges
                0x00000510       0x80 ..\obj\CatchRoboMain.o
 .debug_aranges
                0x00000590       0x48 ..\obj\led.o
 .debug_aranges
                0x000005d8      0x1d8 ..\obj\tim.o
 .debug_aranges
                0x000007b0       0x28 ..\obj\startup_stm32f10x_md.o
 .debug_aranges
                0x000007d8       0x38 ..\obj\SBDBT.o
 .debug_aranges
                0x00000810       0xa8 ..\obj\stm32f10x_gpio.o
 .debug_aranges
                0x000008b8       0x30 ..\obj\main.o
 .debug_aranges
                0x000008e8       0xc0 ..\obj\system.o
 .debug_aranges
                0x000009a8      0x118 ..\obj\stm32f10x_rcc.o
 .debug_aranges
                0x00000ac0       0x98 ..\obj\gpio.o
 .debug_aranges
                0x00000b58      0x138 ..\obj\stm32f10x_adc.o
 .debug_aranges
                0x00000c90      0x100 ..\obj\stm32f10x_usart.o
 .debug_aranges
                0x00000d90       0x60 ..\obj\syscalls.o
 .debug_aranges
                0x00000df0       0xf8 ..\obj\stm32f10x_flash.o
 .debug_aranges
                0x00000ee8       0xa0 ..\obj\adc.o
 .debug_aranges
                0x00000f88       0x48 ..\obj\spiInterface.o
 .debug_aranges
                0x00000fd0       0x40 ..\obj\systime.o
 .debug_aranges
                0x00001010       0x50 ..\obj\CatchRoboMap.o
 .debug_aranges
                0x00001060       0x40 ..\obj\misc.o
 .debug_aranges
                0x000010a0       0xa0 ..\obj\PID_Controller.o
 .debug_aranges
                0x00001140       0xd0 ..\obj\stm32f10x_spi.o
 .debug_aranges
                0x00001210       0xc0 ..\obj\usart.o
 .debug_aranges
                0x000012d0       0x48 ..\obj\stm32f10x_iwdg.o

.debug_ranges   0x00000000     0x1158
 .debug_ranges  0x00000000       0xe0 ..\obj\spi.o
 .debug_ranges  0x000000e0      0x2e0 ..\obj\stm32f10x_tim.o
 .debug_ranges  0x000003c0       0x38 ..\obj\AS504x.o
 .debug_ranges  0x000003f8       0xa0 ..\obj\util.o
 .debug_ranges  0x00000498       0x28 ..\obj\system_stm32f10x.o
 .debug_ranges  0x000004c0       0x70 ..\obj\CatchRoboMain.o
 .debug_ranges  0x00000530       0x38 ..\obj\led.o
 .debug_ranges  0x00000568      0x1c8 ..\obj\tim.o
 .debug_ranges  0x00000730       0x18 ..\obj\startup_stm32f10x_md.o
 .debug_ranges  0x00000748       0x28 ..\obj\SBDBT.o
 .debug_ranges  0x00000770       0x98 ..\obj\stm32f10x_gpio.o
 .debug_ranges  0x00000808       0x20 ..\obj\main.o
 .debug_ranges  0x00000828       0xb0 ..\obj\system.o
 .debug_ranges  0x000008d8      0x108 ..\obj\stm32f10x_rcc.o
 .debug_ranges  0x000009e0       0x88 ..\obj\gpio.o
 .debug_ranges  0x00000a68      0x128 ..\obj\stm32f10x_adc.o
 .debug_ranges  0x00000b90       0xf0 ..\obj\stm32f10x_usart.o
 .debug_ranges  0x00000c80       0x50 ..\obj\syscalls.o
 .debug_ranges  0x00000cd0       0xe8 ..\obj\stm32f10x_flash.o
 .debug_ranges  0x00000db8       0x90 ..\obj\adc.o
 .debug_ranges  0x00000e48       0x38 ..\obj\spiInterface.o
 .debug_ranges  0x00000e80       0x30 ..\obj\systime.o
 .debug_ranges  0x00000eb0       0x40 ..\obj\CatchRoboMap.o
 .debug_ranges  0x00000ef0       0x30 ..\obj\misc.o
 .debug_ranges  0x00000f20       0x90 ..\obj\PID_Controller.o
 .debug_ranges  0x00000fb0       0xc0 ..\obj\stm32f10x_spi.o
 .debug_ranges  0x00001070       0xb0 ..\obj\usart.o
 .debug_ranges  0x00001120       0x38 ..\obj\stm32f10x_iwdg.o

.debug_line     0x00000000     0xa066
 .debug_line    0x00000000      0x986 ..\obj\spi.o
 .debug_line    0x00000986      0xb94 ..\obj\stm32f10x_tim.o
 .debug_line    0x0000151a      0x804 ..\obj\AS504x.o
 .debug_line    0x00001d1e      0x246 ..\obj\util.o
 .debug_line    0x00001f64      0x244 ..\obj\system_stm32f10x.o
 .debug_line    0x000021a8      0x9ba ..\obj\CatchRoboMain.o
 .debug_line    0x00002b62      0x704 ..\obj\led.o
 .debug_line    0x00003266      0x83e ..\obj\tim.o
 .debug_line    0x00003aa4       0xb2 ..\obj\startup_stm32f10x_md.o