Archive member included to satisfy reference by file (symbol)

c:/program files (x86)/gnu tools arm embedded/5.4 2016q3/bin/../lib/gcc/arm-none-eabi/5.4.1/../../../../arm-none-eabi/lib/armv7-m\libm.a(lib_a-s_cos.o)
                              ..\obj\utilplus.o (cos)
c:/program files (x86)/gnu tools arm embedded/5.4 2016q3/bin/../lib/gcc/arm-none-eabi/5.4.1/../../../../arm-none-eabi/lib/armv7-m\libm.a(lib_a-s_sin.o)
                              ..\obj\utilplus.o (sin)
c:/program files (x86)/gnu tools arm embedded/5.4 2016q3/bin/../lib/gcc/arm-none-eabi/5.4.1/../../../../arm-none-eabi/lib/armv7-m\libm.a(lib_a-sf_cos.o)
                              ..\obj\utilplus.o (cosf)
c:/program files (x86)/gnu tools arm embedded/5.4 2016q3/bin/../lib/gcc/arm-none-eabi/5.4.1/../../../../arm-none-eabi/lib/armv7-m\libm.a(lib_a-sf_sin.o)
                              ..\obj\utilplus.o (sinf)
c:/program files (x86)/gnu tools arm embedded/5.4 2016q3/bin/../lib/gcc/arm-none-eabi/5.4.1/../../../../arm-none-eabi/lib/armv7-m\libm.a(lib_a-w_atan2.o)
                              ..\obj\CatchRoboMain.o (atan2)
c:/program files (x86)/gnu tools arm embedded/5.4 2016q3/bin/../lib/gcc/arm-none-eabi/5.4.1/../../../../arm-none-eabi/lib/armv7-m\libm.a(lib_a-w_sqrt.o)
                              ..\obj\CatchRoboMain.o (sqrt)
c:/program files (x86)/gnu tools arm embedded/5.4 2016q3/bin/../lib/gcc/arm-none-eabi/5.4.1/../../../../arm-none-eabi/lib/armv7-m\libm.a(lib_a-wf_acos.o)
                              ..\obj\utilplus.o (acosf)
c:/program files (x86)/gnu tools arm embedded/5.4 2016q3/bin/../lib/gcc/arm-none-eabi/5.4.1/../../../../arm-none-eabi/lib/armv7-m\libm.a(lib_a-wf_atan2.o)
                              ..\obj\utilplus.o (atan2f)
c:/program files (x86)/gnu tools arm embedded/5.4 2016q3/bin/../lib/gcc/arm-none-eabi/5.4.1/../../../../arm-none-eabi/lib/armv7-m\libm.a(lib_a-wf_exp.o)
                              ..\obj\utilplus.o (expf)
c:/program files (x86)/gnu tools arm embedded/5.4 2016q3/bin/../lib/gcc/arm-none-eabi/5.4.1/../../../../arm-none-eabi/lib/armv7-m\libm.a(lib_a-wf_log.o)
                              ..\obj\utilplus.o (logf)
c:/program files (x86)/gnu tools arm embedded/5.4 2016q3/bin/../lib/gcc/arm-none-eabi/5.4.1/../../../../arm-none-eabi/lib/armv7-m\libm.a(lib_a-wf_pow.o)
                              ..\obj\utilplus.o (powf)
c:/program files (x86)/gnu tools arm embedded/5.4 2016q3/bin/../lib/gcc/arm-none-eabi/5.4.1/../../../../arm-none-eabi/lib/armv7-m\libm.a(lib_a-wf_sqrt.o)
                              ..\obj\utilplus.o (sqrtf)
c:/program files (x86)/gnu tools arm embedded/5.4 2016q3/bin/../lib/gcc/arm-none-eabi/5.4.1/../../../../arm-none-eabi/lib/armv7-m\libm.a(lib_a-e_atan2.o)
                              c:/program files (x86)/gnu tools arm embedded/5.4 2016q3/bin/../lib/gcc/arm-none-eabi/5.4.1/../../../../arm-none-eabi/lib/armv7-m\libm.a(lib_a-w_atan2.o) (__ieee754_atan2)
c:/program files (x86)/gnu tools arm embedded/5.4 2016q3/bin/../lib/gcc/arm-none-eabi/5.4.1/../../../../arm-none-eabi/lib/armv7-m\libm.a(lib_a-e_rem_pio2.o)
                              c:/program files (x86)/gnu tools arm embedded/5.4 2016q3/bin/../lib/gcc/arm-none-eabi/5.4.1/../../../../arm-none-eabi/lib/armv7-m\libm.a(lib_a-s_cos.o) (__ieee754_rem_pio2)
c:/program files (x86)/gnu tools arm embedded/5.4 2016q3/bin/../lib/gcc/arm-none-eabi/5.4.1/../../../../arm-none-eabi/lib/armv7-m\libm.a(lib_a-e_sqrt.o)
                              c:/program files (x86)/gnu tools arm embedded/5.4 2016q3/bin/../lib/gcc/arm-none-eabi/5.4.1/../../../../arm-none-eabi/lib/armv7-m\libm.a(lib_a-w_sqrt.o) (__ieee754_sqrt)
c:/program files (x86)/gnu tools arm embedded/5.4 2016q3/bin/../lib/gcc/arm-none-eabi/5.4.1/../../../../arm-none-eabi/lib/armv7-m\libm.a(lib_a-ef_acos.o)
                              c:/program files (x86)/gnu tools arm embedded/5.4 2016q3/bin/../lib/gcc/arm-none-eabi/5.4.1/../../../../arm-none-eabi/lib/armv7-m\libm.a(lib_a-wf_acos.o) (__ieee754_acosf)
c:/program files (x86)/gnu tools arm embedded/5.4 2016q3/bin/../lib/gcc/arm-none-eabi/5.4.1/../../../../arm-none-eabi/lib/armv7-m\libm.a(lib_a-ef_atan2.o)
                              c:/program files (x86)/gnu tools arm embedded/5.4 2016q3/bin/../lib/gcc/arm-none-eabi/5.4.1/../../../../arm-none-eabi/lib/armv7-m\libm.a(lib_a-wf_atan2.o) (__ieee754_atan2f)
c:/program files (x86)/gnu tools arm embedded/5.4 2016q3/bin/../lib/gcc/arm-none-eabi/5.4.1/../../../../arm-none-eabi/lib/armv7-m\libm.a(lib_a-ef_exp.o)
                              c:/program files (x86)/gnu tools arm embedded/5.4 2016q3/bin/../lib/gcc/arm-none-eabi/5.4.1/../../../../arm-none-eabi/lib/armv7-m\libm.a(lib_a-wf_exp.o) (__ieee754_expf)
c:/program files (x86)/gnu tools arm embedded/5.4 2016q3/bin/../lib/gcc/arm-none-eabi/5.4.1/../../../../arm-none-eabi/lib/armv7-m\libm.a(lib_a-ef_log.o)
[...]
Memory Configuration

Name             Origin             Length             Attributes
rom              0x08000000         0x00010000         xr
ram              0x20000000         0x00005000         xrw
*default*        0x00000000         0xffffffff

Linker script and memory map

                0x20005000                _eram = 0x20005000

.text           0x08000000     0xec59
 *(.isr_vector)
 .isr_vector    0x08000000      0x10c ..\obj\startup_stm32f10x_md.o
                0x08000000                g_pfnVectors
 *(.text*)
 .text._ZN6Switch5setupEP12GPIO_TypeDeft16GPIOMode_TypeDef
                0x0800010c       0x6c ..\obj\switch.o
                0x0800010c                Switch::setup(GPIO_TypeDef*, unsigned short, GPIOMode_TypeDef)
 .text._ZN6Switch4readEv
                0x08000178       0x1c ..\obj\switch.o
                0x08000178                Switch::read()
 .text._ZN6Switch5cycleEv
                0x08000194       0x88 ..\obj\switch.o
                0x08000194                Switch::cycle()
 .text.SPI1_IRQHandler
                0x0800021c       0xa8 ..\obj\spi.o
                0x0800021c                SPI1_IRQHandler
 .text.SPI2_IRQHandler
                0x080002c4       0xa4 ..\obj\spi.o
                0x080002c4                SPI2_IRQHandler
 .text._ZN10RingBufferIhLi128EEC2Ev
                0x08000368       0x24 ..\obj\spi.o
                0x08000368                RingBuffer<unsigned char, 128>::RingBuffer()
                0x08000368                RingBuffer<unsigned char, 128>::RingBuffer()
 .text._ZN10RingBufferIhLi128EE5writeEh
                0x0800038c       0x60 ..\obj\spi.o
                0x0800038c                RingBuffer<unsigned char, 128>::write(unsigned char)
 .text._ZN10RingBufferIhLi128EE4readEv
                0x080003ec       0x64 ..\obj\spi.o
                0x080003ec                RingBuffer<unsigned char, 128>::read()
 .text._ZN10RingBufferIhLi128EE6lengthEv
                0x08000450       0x44 ..\obj\spi.o
                0x08000450                RingBuffer<unsigned char, 128>::length()
 .text._ZN10RingBufferIhLi128EE7isEmptyEv
                0x08000494       0x28 ..\obj\spi.o
                0x08000494                RingBuffer<unsigned char, 128>::isEmpty()
 .text._Z41__static_initialization_and_destruction_0ii
                0x080004bc       0x4c ..\obj\spi.o
 .text._GLOBAL__sub_I__ZN10SPI_Master12interruptCntE
                0x08000508       0x10 ..\obj\spi.o
 .text.TIM_Cmd  0x08000518       0x40 ..\obj\stm32f10x_tim.o
                0x08000518                TIM_Cmd
 .text.TIM_ITConfig
                0x08000558       0x48 ..\obj\stm32f10x_tim.o
                0x08000558                TIM_ITConfig
 .text.TIM_EncoderInterfaceConfig
                0x080005a0       0x98 ..\obj\stm32f10x_tim.o
                0x080005a0                TIM_EncoderInterfaceConfig
 .text.TIM_GetITStatus
                0x08000638       0x54 ..\obj\stm32f10x_tim.o
                0x08000638                TIM_GetITStatus
 .text.TIM_ClearITPendingBit
                0x0800068c       0x20 ..\obj\stm32f10x_tim.o
                0x0800068c                TIM_ClearITPendingBit
 .text.floatlimit
                0x080006ac       0x3c ..\obj\util.o
                0x080006ac                floatlimit
 .text.constrain
                0x080006e8       0x3c ..\obj\util.o
                0x080006e8                constrain
 .text.float_to_uchar4
                0x08000724       0x38 ..\obj\util.o
                0x08000724                float_to_uchar4
 *fill*         0x0800075c        0x4 
 .text.deg_to_radian
                0x08000760       0x44 ..\obj\util.o
                0x08000760                deg_to_radian
 .text.SystemInit
                0x080007a4       0x68 ..\obj\system_stm32f10x.o
                0x080007a4                SystemInit
 .text.SetSysClock
                0x0800080c        0xc ..\obj\system_stm32f10x.o
 .text.SetSysClockTo72
                0x08000818      0x100 ..\obj\system_stm32f10x.o
 .text._ZN9CatchRobo5setupER5USARTR5SBDBTt
                0x08000918      0x200 ..\obj\CatchRoboMain.o
                0x08000918                CatchRobo::setup(USART&, SBDBT&, unsigned short)
 .text._ZN9CatchRobo8assignMDER14CanMotorDrivert
                0x08000b18       0x28 ..\obj\CatchRoboMain.o
                0x08000b18                CatchRobo::assignMD(CanMotorDriver&, unsigned short)
 .text._ZN9CatchRobo8assignADER3ADCt
                0x08000b40       0x28 ..\obj\CatchRoboMain.o
                0x08000b40                CatchRobo::assignAD(ADC&, unsigned short)
 .text._ZN9CatchRobo9assignENCER3TIMt
                0x08000b68       0x24 ..\obj\CatchRoboMain.o
                0x08000b68                CatchRobo::assignENC(TIM&, unsigned short)
 .text._ZN9CatchRobo11assignLimitER6Switcht
                0x08000b8c       0x24 ..\obj\CatchRoboMain.o
                0x08000b8c                CatchRobo::assignLimit(Switch&, unsigned short)
 .text._ZN9CatchRobo11assignValveER8CanValve
                0x08000bb0       0x1c ..\obj\CatchRoboMain.o
                0x08000bb0                CatchRobo::assignValve(CanValve&)
 .text._ZN9CatchRobo5cycleEv
                0x08000bcc      0x68c ..\obj\CatchRoboMain.o
                0x08000bcc                CatchRobo::cycle()
 .text._ZN9CatchRobo12controlCycleEv
                0x08001258      0xbe8 ..\obj\CatchRoboMain.o
                0x08001258                CatchRobo::controlCycle()
 .text._ZN9CatchRobo10armControlEv
                0x08001e40       0xf4 ..\obj\CatchRoboMain.o
                0x08001e40                CatchRobo::armControl()
 *fill*         0x08001f34        0x4 
 .text._ZN9CatchRobo12motorControlEv
                0x08001f38      0x414 ..\obj\CatchRoboMain.o
                0x08001f38                CatchRobo::motorControl()
 *fill*         0x0800234c        0x4 
 .text._ZN9CatchRobo5readREv
                0x08002350       0xf0 ..\obj\CatchRoboMain.o
                0x08002350                CatchRobo::readR()
 .text._ZN9CatchRobo5readXEv
                0x08002440       0x70 ..\obj\CatchRoboMain.o
                0x08002440                CatchRobo::readX()
 .text._ZN9CatchRobo5readSEv
                0x080024b0       0x50 ..\obj\CatchRoboMain.o
                0x080024b0                CatchRobo::readS()
 .text._ZN9CatchRobo5readJEv
                0x08002500       0x54 ..\obj\CatchRoboMain.o
                0x08002500                CatchRobo::readJ()
 .text._ZN9CatchRobo11offsetClearEv
                0x08002554       0x34 ..\obj\CatchRoboMain.o
                0x08002554                CatchRobo::offsetClear()
 .text._ZN9CatchRobo9offsetJogEv
                0x08002588      0x218 ..\obj\CatchRoboMain.o
                0x08002588                CatchRobo::offsetJog()
 .text._ZN14CanMotorDriver5setupER3CANt
                0x080027a0       0x24 ..\obj\canMotorDriver.o
                0x080027a0                CanMotorDriver::setup(CAN&, unsigned short)
 .text._ZN14CanMotorDriver4dutyEf
                0x080027c4       0xbc ..\obj\canMotorDriver.o
                0x080027c4                CanMotorDriver::duty(float)
 .text._ZN14CanMotorDriver8positionEf
                0x08002880       0x3c ..\obj\canMotorDriver.o
                0x08002880                CanMotorDriver::position(float)
 .text._ZN3LED5setupEP12GPIO_TypeDeft
                0x080028bc       0x5c ..\obj\led.o
                0x080028bc                LED::setup(GPIO_TypeDef*, unsigned short)
 .text._ZN3LED8intervalEm
                0x08002918       0x44 ..\obj\led.o
                0x08002918                LED::interval(unsigned long)
 .text._ZN3LED5cycleEv
                0x0800295c      0x11c ..\obj\led.o
                0x0800295c                LED::cycle()
 .text._ZN3TIM12encoderSetupEP11TIM_TypeDefP12GPIO_TypeDeftS3_t
                0x08002a78       0xa4 ..\obj\tim.o
                0x08002a78                TIM::encoderSetup(TIM_TypeDef*, GPIO_TypeDef*, unsigned short, GPIO_TypeDef*, unsigned short)
 .text._ZN3TIM10ioSetupEncEP12GPIO_TypeDeftS1_t
                0x08002b1c       0x34 ..\obj\tim.o
                0x08002b1c                TIM::ioSetupEnc(GPIO_TypeDef*, unsigned short, GPIO_TypeDef*, unsigned short)
 .text._ZN3TIM4readEv
                0x08002b50       0x90 ..\obj\tim.o
                0x08002b50                TIM::read()
 .text._ZN3TIM5resetEv
                0x08002be0       0x90 ..\obj\tim.o
                0x08002be0                TIM::reset()
 .text._ZN3TIM5writeEx
                0x08002c70      0x1d8 ..\obj\tim.o
                0x08002c70                TIM::write(long long)
 .text._Z16TIM1EncoderSetupv
                0x08002e48       0x54 ..\obj\tim.o
                0x08002e48                TIM1EncoderSetup()
 .text._Z16TIM2EncoderSetupv
                0x08002e9c       0x54 ..\obj\tim.o
                0x08002e9c                TIM2EncoderSetup()
 .text._Z16TIM3EncoderSetupv
                0x08002ef0       0x50 ..\obj\tim.o
                0x08002ef0                TIM3EncoderSetup()
 .text._Z16TIM4EncoderSetupv
                0x08002f40       0x50 ..\obj\tim.o
                0x08002f40                TIM4EncoderSetup()
 .text._Z8TIM1Readv
                0x08002f90       0x24 ..\obj\tim.o
                0x08002f90                TIM1Read()
 .text._Z8TIM2Readv
                0x08002fb4       0x24 ..\obj\tim.o
                0x08002fb4                TIM2Read()
 .text._Z8TIM3Readv
                0x08002fd8       0x24 ..\obj\tim.o
                0x08002fd8                TIM3Read()
 .text._Z8TIM4Readv
                0x08002ffc       0x24 ..\obj\tim.o
                0x08002ffc                TIM4Read()
 .text._Z16TIM1_ENCODER_IRQv
                0x08003020       0x40 ..\obj\tim.o
                0x08003020                TIM1_ENCODER_IRQ()
 .text._Z16TIM2_ENCODER_IRQv
                0x08003060       0x3c ..\obj\tim.o
                0x08003060                TIM2_ENCODER_IRQ()
 .text._Z16TIM3_ENCODER_IRQv
                0x0800309c       0x40 ..\obj\tim.o
                0x0800309c                TIM3_ENCODER_IRQ()
 .text._Z16TIM4_ENCODER_IRQv
                0x080030dc       0x40 ..\obj\tim.o
                0x080030dc                TIM4_ENCODER_IRQ()
 .text._Z19TIM1_PWM_Update_IRQv
                0x0800311c        0xc ..\obj\tim.o
                0x0800311c                TIM1_PWM_Update_IRQ()
 .text._Z19TIM2_PWM_Update_IRQv
                0x08003128        0xc ..\obj\tim.o
                0x08003128                TIM2_PWM_Update_IRQ()
 .text._Z19TIM3_PWM_Update_IRQv
                0x08003134        0xc ..\obj\tim.o
                0x08003134                TIM3_PWM_Update_IRQ()
 .text._Z19TIM4_PWM_Update_IRQv
                0x08003140        0xc ..\obj\tim.o
                0x08003140                TIM4_PWM_Update_IRQ()
 .text._Z16TIM4_PWM_CC1_IRQv
                0x0800314c        0xc ..\obj\tim.o
                0x0800314c                TIM4_PWM_CC1_IRQ()
 .text._Z16TIM4_PWM_CC2_IRQv
                0x08003158        0xc ..\obj\tim.o
                0x08003158                TIM4_PWM_CC2_IRQ()
 .text._Z16TIM4_PWM_CC3_IRQv
                0x08003164        0xc ..\obj\tim.o
                0x08003164                TIM4_PWM_CC3_IRQ()
 .text._Z16TIM4_PWM_CC4_IRQv
                0x08003170        0xc ..\obj\tim.o
                0x08003170                TIM4_PWM_CC4_IRQ()
 .text._Z19TIM1_TIM_Update_IRQv
                0x0800317c       0x1c ..\obj\tim.o
                0x0800317c                TIM1_TIM_Update_IRQ()
 .text._Z19TIM2_TIM_Update_IRQv
                0x08003198       0x1c ..\obj\tim.o
                0x08003198                TIM2_TIM_Update_IRQ()
 .text._Z19TIM3_TIM_Update_IRQv
                0x080031b4       0x1c ..\obj\tim.o
                0x080031b4                TIM3_TIM_Update_IRQ()
 .text._Z19TIM4_TIM_Update_IRQv
                0x080031d0       0x1c ..\obj\tim.o
                0x080031d0                TIM4_TIM_Update_IRQ()
 .text.TIM1_UP_IRQHandler
                0x080031ec       0x40 ..\obj\tim.o
                0x080031ec                TIM1_UP_IRQHandler
 .text.TIM2_IRQHandler
                0x0800322c       0x54 ..\obj\tim.o
                0x0800322c                TIM2_IRQHandler
 .text.TIM3_IRQHandler
                0x08003280       0x50 ..\obj\tim.o
                0x08003280                TIM3_IRQHandler
 .text.TIM4_IRQHandler
                0x080032d0      0x100 ..\obj\tim.o
                0x080032d0                TIM4_IRQHandler
 .text.Default_Reset_Handler
                0x080033d0       0x60 ..\obj\startup_stm32f10x_md.o
                0x080033d0                Default_Reset_Handler
                0x080033d0                Reset_Handler
 .text.Default_Handler
                0x08003430        0x8 ..\obj\startup_stm32f10x_md.o
                0x08003430                EXTI2_IRQHandler
                0x08003430                DebugMon_Handler
                0x08003430                TIM1_CC_IRQHandler
                0x08003430                HardFault_Handler
                0x08003430                PVD_IRQHandler
                0x08003430                PendSV_Handler
                0x08003430                NMI_Handler
                0x08003430                EXTI3_IRQHandler
                0x08003430                EXTI0_IRQHandler
                0x08003430                I2C2_EV_IRQHandler
                0x08003430                UsageFault_Handler
                0x08003430                ADC1_2_IRQHandler
                0x08003430                TAMPER_IRQHandler
                0x08003430                DMA1_Channel4_IRQHandler
                0x08003430                RTC_IRQHandler
                0x08003430                DMA1_Channel7_IRQHandler
                0x08003430                CAN1_RX1_IRQHandler
                0x08003430                I2C1_EV_IRQHandler
                0x08003430                DMA1_Channel6_IRQHandler
                0x08003430                RCC_IRQHandler
                0x08003430                TIM1_TRG_COM_IRQHandler
                0x08003430                DMA1_Channel1_IRQHandler
                0x08003430                EXTI15_10_IRQHandler
                0x08003430                EXTI9_5_IRQHandler
                0x08003430                MemManage_Handler
                0x08003430                SVC_Handler
                0x08003430                DMA1_Channel5_IRQHandler
                0x08003430                EXTI4_IRQHandler
                0x08003430                USB_LP_CAN1_RX0_IRQHandler
                0x08003430                USB_HP_CAN1_TX_IRQHandler
                0x08003430                DMA1_Channel3_IRQHandler
                0x08003430                WWDG_IRQHandler
                0x08003430                TIM1_BRK_IRQHandler
                0x08003430                EXTI1_IRQHandler
                0x08003430                RTCAlarm_IRQHandler
                0x08003430                I2C2_ER_IRQHandler
                0x08003430                DMA1_Channel2_IRQHandler
                0x08003430                CAN1_SCE_IRQHandler
                0x08003430                FLASH_IRQHandler
                0x08003430                BusFault_Handler
                0x08003430                I2C1_ER_IRQHandler
                0x08003430                USBWakeUp_IRQHandler
 .text.CAN_DeInit
                0x08003438       0x48 ..\obj\stm32f10x_can.o
                0x08003438                CAN_DeInit
 .text.CAN_Init
                0x08003480      0x1a0 ..\obj\stm32f10x_can.o
                0x08003480                CAN_Init
 .text.CAN_StructInit
                0x08003620       0x54 ..\obj\stm32f10x_can.o
                0x08003620                CAN_StructInit
 .text.CAN_Transmit
                0x08003674      0x194 ..\obj\stm32f10x_can.o
                0x08003674                CAN_Transmit
 .text.CAN_TransmitStatus
                0x08003808       0xd4 ..\obj\stm32f10x_can.o
                0x08003808                CAN_TransmitStatus
 .text.CAN_ITConfig
                0x080038dc       0x3c ..\obj\stm32f10x_can.o
                0x080038dc                CAN_ITConfig
 .text._ZN5SBDBT5setupEP13USART_TypeDefP12GPIO_TypeDeftS3_tm
                0x08003918       0x88 ..\obj\SBDBT.o
                0x08003918                SBDBT::setup(USART_TypeDef*, GPIO_TypeDef*, unsigned short, GPIO_TypeDef*, unsigned short, unsigned long)
 .text._ZN5SBDBT5cycleEv
                0x080039a0      0x264 ..\obj\SBDBT.o
                0x080039a0                SBDBT::cycle()
 .text.GPIO_Init
                0x08003c04      0x178 ..\obj\stm32f10x_gpio.o
                0x08003c04                GPIO_Init
 .text.GPIO_StructInit
                0x08003d7c       0x28 ..\obj\stm32f10x_gpio.o
                0x08003d7c                GPIO_StructInit
 .text.GPIO_ReadInputDataBit
                0x08003da4       0x34 ..\obj\stm32f10x_gpio.o
                0x08003da4                GPIO_ReadInputDataBit
 .text.GPIO_ReadOutputDataBit
                0x08003dd8       0x34 ..\obj\stm32f10x_gpio.o
                0x08003dd8                GPIO_ReadOutputDataBit
 .text.GPIO_WriteBit
                0x08003e0c       0x30 ..\obj\stm32f10x_gpio.o
                0x08003e0c                GPIO_WriteBit
 .text.GPIO_PinRemapConfig
                0x08003e3c       0xe0 ..\obj\stm32f10x_gpio.o
                0x08003e3c                GPIO_PinRemapConfig
 .text._ZN8CanValve5setupER3CANt
                0x08003f1c       0x2c ..\obj\canValve.o
                0x08003f1c                CanValve::setup(CAN&, unsigned short)
 .text._ZN8CanValve5writeEhh
                0x08003f48       0x4c ..\obj\canValve.o
                0x08003f48                CanValve::write(unsigned char, unsigned char)
 .text._Z5setupv
                0x08003f94      0x290 ..\obj\main.o
                0x08003f94                setup()
 .text.main     0x08004224       0x7c ..\obj\main.o
                0x08004224                main
 .text.NVIC_SetPriority
                0x080042a0       0x54 ..\obj\system.o
 .text.SysTick_Config
                0x080042f4       0x44 ..\obj\system.o
 .text._ZN6System5setupEv
                0x08004338       0x54 ..\obj\system.o
                0x08004338                System::setup()
 .text._ZN6System10usartSetupER5USART
                0x0800438c       0x80 ..\obj\system.o
                0x0800438c                System::usartSetup(USART&)
 .text._ZN6System5cycleEv
                0x0800440c       0xa4 ..\obj\system.o
                0x0800440c                System::cycle()
 .text._ZN6System8wdgSetupEth
                0x080044b0       0x24 ..\obj\system.o
                0x080044b0                System::wdgSetup(unsigned short, unsigned char)
 .text._ZN6System8wdgResetEv
                0x080044d4       0x14 ..\obj\system.o
                0x080044d4                System::wdgReset()
 .text._Z9IWDGSetupth
                0x080044e8       0x38 ..\obj\system.o
                0x080044e8                IWDGSetup(unsigned short, unsigned char)
 .text._Z9IWDGResetv
                0x08004520        0xc ..\obj\system.o
                0x08004520                IWDGReset()
 .text._ZN3CAN5setupEP11CAN_TypeDefP12GPIO_TypeDeftS3_tt
                0x0800452c       0x68 ..\obj\can.o
                0x0800452c                CAN::setup(CAN_TypeDef*, GPIO_TypeDef*, unsigned short, GPIO_TypeDef*, unsigned short, unsigned short)
 .text._ZN3CAN4sendEthPh
                0x08004594       0x34 ..\obj\can.o
                0x08004594                CAN::send(unsigned short, unsigned char, unsigned char*)
 .text._ZN3CAN7ioSetupEP12GPIO_TypeDeftS1_t
                0x080045c8       0x34 ..\obj\can.o
                0x080045c8                CAN::ioSetup(GPIO_TypeDef*, unsigned short, GPIO_TypeDef*, unsigned short)
 .text._Z9CAN1Setupt
                0x080045fc       0x94 ..\obj\can.o
                0x080045fc                CAN1Setup(unsigned short)
 .text._Z8CAN1SendthPh
                0x08004690       0xe8 ..\obj\can.o
                0x08004690                CAN1Send(unsigned short, unsigned char, unsigned char*)
 .text.RCC_ADCCLKConfig
                0x08004778       0x38 ..\obj\stm32f10x_rcc.o
                0x08004778                RCC_ADCCLKConfig
 .text.RCC_GetClocksFreq
                0x080047b0      0x160 ..\obj\stm32f10x_rcc.o
                0x080047b0                RCC_GetClocksFreq
 .text.RCC_APB2PeriphClockCmd
                0x08004910       0x3c ..\obj\stm32f10x_rcc.o
                0x08004910                RCC_APB2PeriphClockCmd
 .text.RCC_APB1PeriphClockCmd
                0x0800494c       0x3c ..\obj\stm32f10x_rcc.o
                0x0800494c                RCC_APB1PeriphClockCmd
 .text.RCC_APB1PeriphResetCmd
                0x08004988       0x3c ..\obj\stm32f10x_rcc.o
                0x08004988                RCC_APB1PeriphResetCmd
 .text._ZN4GPIO5setupEP12GPIO_TypeDeft16GPIOMode_TypeDef
                0x080049c4       0x64 ..\obj\gpio.o
                0x080049c4                GPIO::setup(GPIO_TypeDef*, unsigned short, GPIOMode_TypeDef)
 .text._ZN4GPIO5writeEt
                0x08004a28       0x54 ..\obj\gpio.o
                0x08004a28                GPIO::write(unsigned short)
 .text._ZN4GPIO4readEv
                0x08004a7c       0x68 ..\obj\gpio.o
                0x08004a7c                GPIO::read()
 .text._ZN4GPIO6toggleEv
                0x08004ae4       0x20 ..\obj\gpio.o
                0x08004ae4                GPIO::toggle()
 .text._Z9GPIOSetupv
                0x08004b04       0x28 ..\obj\gpio.o
                0x08004b04                GPIOSetup()
 .text._Z9pinToggleP12GPIO_TypeDeft
                0x08004b2c       0x48 ..\obj\gpio.o
                0x08004b2c                pinToggle(GPIO_TypeDef*, unsigned short)
 .text.ADC_Init
                0x08004b74       0xa4 ..\obj\stm32f10x_adc.o
                0x08004b74                ADC_Init
 .text.ADC_StructInit
                0x08004c18       0x38 ..\obj\stm32f10x_adc.o
                0x08004c18                ADC_StructInit
 .text.ADC_Cmd  0x08004c50       0x38 ..\obj\stm32f10x_adc.o
                0x08004c50                ADC_Cmd
 .text.ADC_ResetCalibration
                0x08004c88       0x20 ..\obj\stm32f10x_adc.o
                0x08004c88                ADC_ResetCalibration
 .text.ADC_GetResetCalibrationStatus
                0x08004ca8       0x30 ..\obj\stm32f10x_adc.o
                0x08004ca8                ADC_GetResetCalibrationStatus
 .text.ADC_StartCalibration
                0x08004cd8       0x20 ..\obj\stm32f10x_adc.o
                0x08004cd8                ADC_StartCalibration
 .text.ADC_GetCalibrationStatus
                0x08004cf8       0x30 ..\obj\stm32f10x_adc.o
                0x08004cf8                ADC_GetCalibrationStatus
 .text.ADC_SoftwareStartConvCmd
                0x08004d28       0x38 ..\obj\stm32f10x_adc.o
                0x08004d28                ADC_SoftwareStartConvCmd
 .text.ADC_RegularChannelConfig
                0x08004d60      0x194 ..\obj\stm32f10x_adc.o
                0x08004d60                ADC_RegularChannelConfig
 .text.ADC_GetConversionValue
                0x08004ef4       0x18 ..\obj\stm32f10x_adc.o
                0x08004ef4                ADC_GetConversionValue
 .text.ADC_GetFlagStatus
                0x08004f0c       0x34 ..\obj\stm32f10x_adc.o
                0x08004f0c                ADC_GetFlagStatus
 .text.USART_Init
                0x08004f40      0x174 ..\obj\stm32f10x_usart.o
                0x08004f40                USART_Init
 .text.USART_StructInit
                0x080050b4       0x38 ..\obj\stm32f10x_usart.o
                0x080050b4                USART_StructInit
 .text.USART_Cmd
                0x080050ec       0x40 ..\obj\stm32f10x_usart.o
                0x080050ec                USART_Cmd
 .text.USART_ITConfig
                0x0800512c       0x90 ..\obj\stm32f10x_usart.o
                0x0800512c                USART_ITConfig
 .text.USART_SendData
                0x080051bc       0x24 ..\obj\stm32f10x_usart.o
                0x080051bc                USART_SendData
 .text.USART_ReceiveData
                0x080051e0       0x20 ..\obj\stm32f10x_usart.o
                0x080051e0                USART_ReceiveData
 .text.USART_GetITStatus
                0x08005200       0xb4 ..\obj\stm32f10x_usart.o
                0x08005200                USART_GetITStatus
 .text._sbrk    0x080052b4       0x3c ..\obj\syscalls.o
                0x080052b4                _sbrk
 .text.abort    0x080052f0        0x8 ..\obj\syscalls.o
                0x080052f0                abort
 .text.FLASH_SetLatency
                0x080052f8       0x38 ..\obj\stm32f10x_flash.o
                0x080052f8                FLASH_SetLatency
 .text.FLASH_PrefetchBufferCmd
                0x08005330       0x30 ..\obj\stm32f10x_flash.o
                0x08005330                FLASH_PrefetchBufferCmd
 .text._ZN3ADC5setupEP11ADC_TypeDefhP12GPIO_TypeDefth
                0x08005360       0x90 ..\obj\adc.o
                0x08005360                ADC::setup(ADC_TypeDef*, unsigned char, GPIO_TypeDef*, unsigned short, unsigned char)
 .text._ZN3ADC4readEv
                0x080053f0       0x20 ..\obj\adc.o
                0x080053f0                ADC::read()
 .text._ZN3ADC4readEh
                0x08005410       0x40 ..\obj\adc.o
                0x08005410                ADC::read(unsigned char)
 .text._ZN3ADC5startEh
                0x08005450       0x98 ..\obj\adc.o
                0x08005450                ADC::start(unsigned char)
 .text._ZN3ADC9convertedEv
                0x080054e8       0x34 ..\obj\adc.o
                0x080054e8                ADC::converted()
 .text._ZN3ADC4peekEv
                0x0800551c       0x80 ..\obj\adc.o
                0x0800551c                ADC::peek()
 .text._ZN3ADC7ioSetupEP12GPIO_TypeDeft
                0x0800559c       0x24 ..\obj\adc.o
                0x0800559c                ADC::ioSetup(GPIO_TypeDef*, unsigned short)
 .text._Z9ADC1Setuph
                0x080055c0       0x94 ..\obj\adc.o
                0x080055c0                ADC1Setup(unsigned char)
 .text._Z9ADC2Setuph
                0x08005654       0x94 ..\obj\adc.o
                0x08005654                ADC2Setup(unsigned char)
 .text._Z9ADC1Starthh
                0x080056e8       0x30 ..\obj\adc.o
                0x080056e8                ADC1Start(unsigned char, unsigned char)
 .text._Z9ADC2Starthh
                0x08005718       0x30 ..\obj\adc.o
                0x08005718                ADC2Start(unsigned char, unsigned char)
 .text._Z12ADC1GetValuev
                0x08005748       0x14 ..\obj\adc.o
                0x08005748                ADC1GetValue()
 .text._Z12ADC2GetValuev
                0x0800575c       0x14 ..\obj\adc.o
                0x0800575c                ADC2GetValue()
 .text._Z5delaym
                0x08005770       0x58 ..\obj\systime.o
                0x08005770                delay(unsigned long)
 .text._Z6microsv
                0x080057c8       0x2c ..\obj\systime.o
                0x080057c8                micros()
 .text._Z6millisv
                0x080057f4       0x20 ..\obj\systime.o
                0x080057f4                millis()
 .text.SysTick_Handler
                0x08005814       0x20 ..\obj\systime.o
                0x08005814                SysTick_Handler
 .text._ZN12CatchRoboMap5setupEt
                0x08005834       0x3c ..\obj\CatchRoboMap.o
                0x08005834                CatchRoboMap::setup(unsigned short)
 .text._ZN12CatchRoboMap8callWorkEii
                0x08005870      0x290 ..\obj\CatchRoboMap.o
                0x08005870                CatchRoboMap::callWork(int, int)
 .text._ZN12CatchRoboMap15callShootingBoxEii
                0x08005b00       0xdc ..\obj\CatchRoboMap.o
                0x08005b00                CatchRoboMap::callShootingBox(int, int)
 .text.NVIC_Init
                0x08005bdc       0xc4 ..\obj\misc.o
                0x08005bdc                NVIC_Init
 .text._ZN3PID5setupEfff
                0x08005ca0       0x9c ..\obj\PID_Controller.o
                0x08005ca0                PID::setup(float, float, float)
 .text._ZN3PID8outLimitEff
                0x08005d3c       0x2c ..\obj\PID_Controller.o
                0x08005d3c                PID::outLimit(float, float)
 .text._ZN3PID11errorLimitIEff
                0x08005d68       0x20 ..\obj\PID_Controller.o
                0x08005d68                PID::errorLimitI(float, float)
 .text._ZN3PID10errorLimitEtff
                0x08005d88       0x50 ..\obj\PID_Controller.o
                0x08005d88                PID::errorLimit(unsigned short, float, float)
 .text._ZN3PID5inputEff
                0x08005dd8       0x84 ..\obj\PID_Controller.o
                0x08005dd8                PID::input(float, float)
 .text._ZN3PID7outputFEv
                0x08005e5c      0x1c8 ..\obj\PID_Controller.o
                0x08005e5c                PID::outputF()
 .text.SPI_Cmd  0x08006024       0x40 ..\obj\stm32f10x_spi.o
                0x08006024                SPI_Cmd
 .text.SPI_I2S_SendData
                0x08006064       0x1c ..\obj\stm32f10x_spi.o
                0x08006064                SPI_I2S_SendData
 .text.SPI_I2S_ReceiveData
                0x08006080       0x18 ..\obj\stm32f10x_spi.o
                0x08006080                SPI_I2S_ReceiveData
 .text.SPI_I2S_GetITStatus
                0x08006098       0x74 ..\obj\stm32f10x_spi.o
                0x08006098                SPI_I2S_GetITStatus
 .text.SPI_I2S_ClearITPendingBit
                0x0800610c       0x34 ..\obj\stm32f10x_spi.o
                0x0800610c                SPI_I2S_ClearITPendingBit
 .text._ZN5USART4putsEPKc
                0x08006140       0x3c ..\obj\usart.o
                0x08006140                USART::puts(char const*)
 .text._ZN5USART6printfEPKcz
                0x0800617c       0x44 ..\obj\usart.o
                0x0800617c                USART::printf(char const*, ...)
 .text._ZN5USART5setupEP13USART_TypeDefP12GPIO_TypeDeftS3_tm
                0x080061c0       0xd8 ..\obj\usart.o
                0x080061c0                USART::setup(USART_TypeDef*, GPIO_TypeDef*, unsigned short, GPIO_TypeDef*, unsigned short, unsigned long)
 .text._ZN5USART4sendEc
                0x08006298      0x17c ..\obj\usart.o
                0x08006298                USART::send(char)
 .text._ZN5USART4readEv
                0x08006414      0x118 ..\obj\usart.o
                0x08006414                USART::read()
 .text._ZN5USART9availableEv
                0x0800652c       0xe8 ..\obj\usart.o
                0x0800652c                USART::available()
 .text._ZN5USART7ioSetupEP12GPIO_TypeDeftS1_t
                0x08006614       0x34 ..\obj\usart.o
                0x08006614                USART::ioSetup(GPIO_TypeDef*, unsigned short, GPIO_TypeDef*, unsigned short)
 .text._Z11USART1Setupm
                0x08006648       0x4c ..\obj\usart.o
                0x08006648                USART1Setup(unsigned long)
 .text._Z11USART2Setupm
                0x08006694       0x4c ..\obj\usart.o
                0x08006694                USART2Setup(unsigned long)
 .text._Z11USART3Setupm
                0x080066e0       0x4c ..\obj\usart.o
                0x080066e0                USART3Setup(unsigned long)
 .text._Z13USART1ITSetupt
                0x0800672c       0x38 ..\obj\usart.o
                0x0800672c                USART1ITSetup(unsigned short)
 .text._Z13USART2ITSetupt
                0x08006764       0x38 ..\obj\usart.o
                0x08006764                USART2ITSetup(unsigned short)
 .text._Z13USART3ITSetupt
                0x0800679c       0x38 ..\obj\usart.o
                0x0800679c                USART3ITSetup(unsigned short)
 .text.USART1_IRQHandler
                0x080067d4       0xe0 ..\obj\usart.o
                0x080067d4                USART1_IRQHandler
 .text.USART2_IRQHandler
                0x080068b4       0xe0 ..\obj\usart.o
                0x080068b4                USART2_IRQHandler
 .text.USART3_IRQHandler
                0x08006994       0xe0 ..\obj\usart.o
                0x08006994                USART3_IRQHandler
 .text.IWDG_WriteAccessCmd
                0x08006a74       0x20 ..\obj\stm32f10x_iwdg.o
                0x08006a74                IWDG_WriteAccessCmd
 .text.IWDG_SetPrescaler
                0x08006a94       0x20 ..\obj\stm32f10x_iwdg.o
                0x08006a94                IWDG_SetPrescaler
 .text.IWDG_SetReload
                0x08006ab4       0x20 ..\obj\stm32f10x_iwdg.o
                0x08006ab4                IWDG_SetReload
 .text.IWDG_ReloadCounter
                0x08006ad4       0x18 ..\obj\stm32f10x_iwdg.o
                0x08006ad4                IWDG_ReloadCounter
 .text.IWDG_Enable
                0x08006aec       0x18 ..\obj\stm32f10x_iwdg.o
                0x08006aec                IWDG_Enable
 .text.cos      0x08006b04       0x90 c:/program files (x86)/gnu tools arm embedded/5.4 2016q3/bin/../lib/gcc/arm-none-eabi/5.4.1/../../../../arm-none-eabi/lib/armv7-m\libm.a(lib_a-s_cos.o)
                0x08006b04                cos
 .text.sin      0x08006b94       0x90 c:/program files (x86)/gnu tools arm embedded/5.4 2016q3/bin/../lib/gcc/arm-none-eabi/5.4.1/../../../../arm-none-eabi/lib/armv7-m\libm.a(lib_a-s_sin.o)
                0x08006b94                sin
 .text.atan2    0x08006c24        0x4 c:/program files (x86)/gnu tools arm embedded/5.4 2016q3/bin/../lib/gcc/arm-none-eabi/5.4.1/../../../../arm-none-eabi/lib/armv7-m\libm.a(lib_a-w_atan2.o)
                0x08006c24                atan2
 .text.sqrt     0x08006c28       0xb8 c:/program files (x86)/gnu tools arm embedded/5.4 2016q3/bin/../lib/gcc/arm-none-eabi/5.4.1/../../../../arm-none-eabi/lib/armv7-m\libm.a(lib_a-w_sqrt.o)
                0x08006c28                sqrt
 .text.__ieee754_atan2
                0x08006ce0      0x194 c:/program files (x86)/gnu tools arm embedded/5.4 2016q3/bin/../lib/gcc/arm-none-eabi/5.4.1/../../../../arm-none-eabi/lib/armv7-m\libm.a(lib_a-e_atan2.o)
                0x08006ce0                __ieee754_atan2
 *fill*         0x08006e74        0x4 
 .text.__ieee754_rem_pio2
                0x08006e78      0x42c c:/program files (x86)/gnu tools arm embedded/5.4 2016q3/bin/../lib/gcc/arm-none-eabi/5.4.1/../../../../arm-none-eabi/lib/armv7-m\libm.a(lib_a-e_rem_pio2.o)
                0x08006e78                __ieee754_rem_pio2
 .text.__ieee754_sqrt
                0x080072a4      0x188 c:/program files (x86)/gnu tools arm embedded/5.4 2016q3/bin/../lib/gcc/arm-none-eabi/5.4.1/../../../../arm-none-eabi/lib/armv7-m\libm.a(lib_a-e_sqrt.o)
                0x080072a4                __ieee754_sqrt
 *fill*         0x0800742c        0x4 
 .text.__kernel_cos
                0x08007430      0x248 c:/program files (x86)/gnu tools arm embedded/5.4 2016q3/bin/../lib/gcc/arm-none-eabi/5.4.1/../../../../arm-none-eabi/lib/armv7-m\libm.a(lib_a-k_cos.o)
                0x08007430                __kernel_cos
 .text.__kernel_rem_pio2
                0x08007678      0x7f0 c:/program files (x86)/gnu tools arm embedded/5.4 2016q3/bin/../lib/gcc/arm-none-eabi/5.4.1/../../../../arm-none-eabi/lib/armv7-m\libm.a(lib_a-k_rem_pio2.o)
                0x08007678                __kernel_rem_pio2
 .text.__kernel_sin
                0x08007e68      0x16c c:/program files (x86)/gnu tools arm embedded/5.4 2016q3/bin/../lib/gcc/arm-none-eabi/5.4.1/../../../../arm-none-eabi/lib/armv7-m\libm.a(lib_a-k_sin.o)
                0x08007e68                __kernel_sin
 *fill*         0x08007fd4        0x4 
 .text.atan     0x08007fd8      0x33c c:/program files (x86)/gnu tools arm embedded/5.4 2016q3/bin/../lib/gcc/arm-none-eabi/5.4.1/../../../../arm-none-eabi/lib/armv7-m\libm.a(lib_a-s_atan.o)
                0x08007fd8                atan
 .text.fabs     0x08008314        0x8 c:/program files (x86)/gnu tools arm embedded/5.4 2016q3/bin/../lib/gcc/arm-none-eabi/5.4.1/../../../../arm-none-eabi/lib/armv7-m\libm.a(lib_a-s_fabs.o)
                0x08008314                fabs
 *fill*         0x0800831c        0x4 
 .text.floor    0x08008320      0x110 c:/program files (x86)/gnu tools arm embedded/5.4 2016q3/bin/../lib/gcc/arm-none-eabi/5.4.1/../../../../arm-none-eabi/lib/armv7-m\libm.a(lib_a-s_floor.o)
                0x08008320                floor
 .text.matherr  0x08008430        0x4 c:/program files (x86)/gnu tools arm embedded/5.4 2016q3/bin/../lib/gcc/arm-none-eabi/5.4.1/../../../../arm-none-eabi/lib/armv7-m\libm.a(lib_a-s_matherr.o)
                0x08008430                matherr
 *fill*         0x08008434        0x4 
 .text.scalbn   0x08008438       0xe4 c:/program files (x86)/gnu tools arm embedded/5.4 2016q3/bin/../lib/gcc/arm-none-eabi/5.4.1/../../../../arm-none-eabi/lib/armv7-m\libm.a(lib_a-s_scalbn.o)
                0x08008438                scalbn
 .text.copysign
                0x0800851c       0x10 c:/program files (x86)/gnu tools arm embedded/5.4 2016q3/bin/../lib/gcc/arm-none-eabi/5.4.1/../../../../arm-none-eabi/lib/armv7-m\libm.a(lib_a-s_copysign.o)
                0x0800851c                copysign
 .text          0x0800852c      0x370 c:/program files (x86)/gnu tools arm embedded/5.4 2016q3/bin/../lib/gcc/arm-none-eabi/5.4.1/armv7-m\libgcc.a(_arm_addsubdf3.o)
                0x0800852c                __aeabi_drsub
                0x08008534                __aeabi_dsub
                0x08008534                __subdf3
                0x08008538                __aeabi_dadd
                0x08008538                __adddf3
                0x080087b0                __floatunsidf
                0x080087b0                __aeabi_ui2d
                0x080087d0                __floatsidf
                0x080087d0                __aeabi_i2d
                0x080087f4                __aeabi_f2d
                0x080087f4                __extendsfdf2
                0x08008830                __floatundidf
                0x08008830                __aeabi_ul2d
                0x08008840                __floatdidf
                0x08008840                __aeabi_l2d
 .text          0x0800889c      0x424 c:/program files (x86)/gnu tools arm embedded/5.4 2016q3/bin/../lib/gcc/arm-none-eabi/5.4.1/armv7-m\libgcc.a(_arm_muldivdf3.o)
                0x0800889c                __aeabi_dmul
                0x0800889c                __muldf3
                0x08008af0                __divdf3
                0x08008af0                __aeabi_ddiv
 .text          0x08008cc0      0x110 c:/program files (x86)/gnu tools arm embedded/5.4 2016q3/bin/../lib/gcc/arm-none-eabi/5.4.1/armv7-m\libgcc.a(_arm_cmpdf2.o)
                0x08008cc0                __gtdf2
                0x08008cc0                __gedf2
                0x08008cc8                __ltdf2
                0x08008cc8                __ledf2
                0x08008cd0                __nedf2
                0x08008cd0                __eqdf2
                0x08008cd0                __cmpdf2
                0x08008d4c                __aeabi_cdrcmple
                0x08008d5c                __aeabi_cdcmpeq
                0x08008d5c                __aeabi_cdcmple
                0x08008d6c                __aeabi_dcmpeq
                0x08008d80                __aeabi_dcmplt
                0x08008d94                __aeabi_dcmple
                0x08008da8                __aeabi_dcmpge
                0x08008dbc                __aeabi_dcmpgt
 .text          0x08008dd0       0x2c c:/program files (x86)/gnu tools arm embedded/5.4 2016q3/bin/../lib/gcc/arm-none-eabi/5.4.1/armv7-m\libgcc.a(_arm_unorddf2.o)
                0x08008dd0                __unorddf2
                0x08008dd0                __aeabi_dcmpun
 .text          0x08008dfc       0x50 c:/program files (x86)/gnu tools arm embedded/5.4 2016q3/bin/../lib/gcc/arm-none-eabi/5.4.1/armv7-m\libgcc.a(_arm_fixdfsi.o)
                0x08008dfc                __aeabi_d2iz
                0x08008dfc                __fixdfsi
 .text          0x08008e4c       0xa0 c:/program files (x86)/gnu tools arm embedded/5.4 2016q3/bin/../lib/gcc/arm-none-eabi/5.4.1/armv7-m\libgcc.a(_arm_truncdfsf2.o)
                0x08008e4c                __truncdfsf2
                0x08008e4c                __aeabi_d2f
 .text          0x08008eec      0x21c c:/program files (x86)/gnu tools arm embedded/5.4 2016q3/bin/../lib/gcc/arm-none-eabi/5.4.1/armv7-m\libgcc.a(_arm_addsubsf3.o)
                0x08008eec                __aeabi_frsub
                0x08008ef4                __subsf3
                0x08008ef4                __aeabi_fsub
                0x08008ef8                __aeabi_fadd
                0x08008ef8                __addsf3
                0x08009058                __aeabi_ui2f
                0x08009058                __floatunsisf
                0x08009060                __aeabi_i2f
                0x08009060                __floatsisf
                0x0800907c                __aeabi_ul2f
                0x0800907c                __floatundisf
                0x0800908c                __aeabi_l2f
                0x0800908c                __floatdisf
 .text          0x08009108      0x2a0 c:/program files (x86)/gnu tools arm embedded/5.4 2016q3/bin/../lib/gcc/arm-none-eabi/5.4.1/armv7-m\libgcc.a(_arm_muldivsf3.o)
                0x08009108                __mulsf3
                0x08009108                __aeabi_fmul
                0x08009270                __aeabi_fdiv
                0x08009270                __divsf3
 .text          0x080093a8       0xec c:/program files (x86)/gnu tools arm embedded/5.4 2016q3/bin/../lib/gcc/arm-none-eabi/5.4.1/armv7-m\libgcc.a(_arm_cmpsf2.o)
                0x080093a8                __gesf2
                0x080093a8                __gtsf2
                0x080093b0                __lesf2
                0x080093b0                __ltsf2
                0x080093b8                __nesf2
                0x080093b8                __eqsf2
                0x080093b8                __cmpsf2
                0x08009418                __aeabi_cfrcmple
                0x08009420                __aeabi_cfcmpeq
                0x08009420                __aeabi_cfcmple
                0x08009430                __aeabi_fcmpeq
                0x08009444                __aeabi_fcmplt
                0x08009458                __aeabi_fcmple
                0x0800946c                __aeabi_fcmpge
                0x08009480                __aeabi_fcmpgt
 .text          0x08009494       0x4c c:/program files (x86)/gnu tools arm embedded/5.4 2016q3/bin/../lib/gcc/arm-none-eabi/5.4.1/armv7-m\libgcc.a(_arm_fixsfsi.o)
                0x08009494                __aeabi_f2iz
                0x08009494                __fixsfsi
 .text          0x080094e0       0xa0 c:/program files (x86)/gnu tools arm embedded/5.4 2016q3/bin/../lib/gcc/arm-none-eabi/5.4.1/armv7-m\libgcc.a(_aeabi_ldivmod.o)
                0x080094e0                __aeabi_ldivmod
 .text          0x08009580       0x30 c:/program files (x86)/gnu tools arm embedded/5.4 2016q3/bin/../lib/gcc/arm-none-eabi/5.4.1/armv7-m\libgcc.a(_aeabi_uldivmod.o)
                0x08009580                __aeabi_uldivmod
 .text          0x080095b0      0x2ec c:/program files (x86)/gnu tools arm embedded/5.4 2016q3/bin/../lib/gcc/arm-none-eabi/5.4.1/armv7-m\libgcc.a(_udivmoddi4.o)
                0x080095b0                __udivmoddi4
 .text          0x0800989c      0x9e4 c:/program files (x86)/gnu tools arm embedded/5.4 2016q3/bin/../lib/gcc/arm-none-eabi/5.4.1/armv7-m\libgcc.a(unwind-arm.o)
                0x08009b5c                _Unwind_GetCFA
                0x08009b60                __gnu_Unwind_RaiseException
                0x08009bc0                __gnu_Unwind_ForcedUnwind
                0x08009bd4                __gnu_Unwind_Resume
                0x08009c18                __gnu_Unwind_Resume_or_Rethrow
                0x08009c2c                _Unwind_Complete
                0x08009c30                _Unwind_DeleteException
                0x08009c3c                _Unwind_VRS_Get
                0x08009c88                _Unwind_VRS_Set
                0x08009cd8                __gnu_Unwind_Backtrace
                0x0800a024                __aeabi_unwind_cpp_pr0
                0x0800a028                __aeabi_unwind_cpp_pr1
                0x0800a02c                __aeabi_unwind_cpp_pr2
                0x0800a030                _Unwind_VRS_Pop
 .text          0x0800a280      0x1ac c:/program files (x86)/gnu tools arm embedded/5.4 2016q3/bin/../lib/gcc/arm-none-eabi/5.4.1/armv7-m\libgcc.a(libunwind.o)
                0x0800a280                __restore_core_regs
                0x0800a280                restore_core_regs
                0x0800a298                __gnu_Unwind_Restore_VFP
                0x0800a2a0                __gnu_Unwind_Save_VFP
                0x0800a2a8                __gnu_Unwind_Restore_VFP_D
                0x0800a2b0                __gnu_Unwind_Save_VFP_D
                0x0800a2b8                __gnu_Unwind_Restore_VFP_D_16_to_31
                0x0800a2c0                __gnu_Unwind_Save_VFP_D_16_to_31
                0x0800a2c8                __gnu_Unwind_Restore_WMMXD
                0x0800a30c                __gnu_Unwind_Save_WMMXD
                0x0800a350                __gnu_Unwind_Restore_WMMXC
                0x0800a364                __gnu_Unwind_Save_WMMXC
                0x0800a378                ___Unwind_RaiseException
                0x0800a378                _Unwind_RaiseException
                0x0800a39c                _Unwind_Resume
                0x0800a39c                ___Unwind_Resume
                0x0800a3c0                _Unwind_Resume_or_Rethrow
                0x0800a3c0                ___Unwind_Resume_or_Rethrow
                0x0800a3e4                _Unwind_ForcedUnwind
                0x0800a3e4                ___Unwind_ForcedUnwind
                0x0800a408                ___Unwind_Backtrace
                0x0800a408                _Unwind_Backtrace
 .text          0x0800a42c      0x354 c:/program files (x86)/gnu tools arm embedded/5.4 2016q3/bin/../lib/gcc/arm-none-eabi/5.4.1/armv7-m\libgcc.a(pr-support.o)
                0x0800a484                __gnu_unwind_execute
                0x0800a728                __gnu_unwind_frame
                0x0800a750                _Unwind_GetRegionStart
                0x0800a75c                _Unwind_GetLanguageSpecificData
                0x0800a770                _Unwind_GetTextRelBase
                0x0800a778                _Unwind_GetDataRelBase
 .text          0x0800a780        0x4 c:/program files (x86)/gnu tools arm embedded/5.4 2016q3/bin/../lib/gcc/arm-none-eabi/5.4.1/armv7-m\libgcc.a(_dvmd_tls.o)
                0x0800a780                __aeabi_idiv0
                0x0800a780                __aeabi_ldiv0
 .text.__errno  0x0800a784        0xc c:/program files (x86)/gnu tools arm embedded/5.4 2016q3/bin/../lib/gcc/arm-none-eabi/5.4.1/../../../../arm-none-eabi/lib/armv7-m\libc.a(lib_a-errno.o)
                0x0800a784                __errno
 .text          0x0800a790       0xec c:/program files (x86)/gnu tools arm embedded/5.4 2016q3/bin/../lib/gcc/arm-none-eabi/5.4.1/../../../../arm-none-eabi/lib/armv7-m\libc.a(lib_a-memcpy.o)
                0x0800a790                memcpy
 .text._vsprintf_r
                0x0800a87c       0x34 c:/program files (x86)/gnu tools arm embedded/5.4 2016q3/bin/../lib/gcc/arm-none-eabi/5.4.1/../../../../arm-none-eabi/lib/armv7-m\libc.a(lib_a-vsprintf.o)
                0x0800a87c                _vsprintf_r
 .text.vsprintf
                0x0800a8b0       0x18 c:/program files (x86)/gnu tools arm embedded/5.4 2016q3/bin/../lib/gcc/arm-none-eabi/5.4.1/../../../../arm-none-eabi/lib/armv7-m\libc.a(lib_a-vsprintf.o)
                0x0800a8b0                vsprintf
 .text._svfprintf_r
                0x0800a8c8     0x1760 c:/program files (x86)/gnu tools arm embedded/5.4 2016q3/bin/../lib/gcc/arm-none-eabi/5.4.1/../../../../arm-none-eabi/lib/armv7-m\libc.a(lib_a-svfprintf.o)
                0x0800a8c8                _svfprintf_r
 .text.quorem   0x0800c028      0x12c c:/program files (x86)/gnu tools arm embedded/5.4 2016q3/bin/../lib/gcc/arm-none-eabi/5.4.1/../../../../arm-none-eabi/lib/armv7-m\libc.a(lib_a-dtoa.o)
 *fill*         0x0800c154        0x4 
 .text._dtoa_r  0x0800c158      0xe4c c:/program files (x86)/gnu tools arm embedded/5.4 2016q3/bin/../lib/gcc/arm-none-eabi/5.4.1/../../../../arm-none-eabi/lib/armv7-m\libc.a(lib_a-dtoa.o)
                0x0800c158                _dtoa_r
 .text._localeconv_r
                0x0800cfa4       0x1c c:/program files (x86)/gnu tools arm embedded/5.4 2016q3/bin/../lib/gcc/arm-none-eabi/5.4.1/../../../../arm-none-eabi/lib/armv7-m\libc.a(lib_a-localeconv.o)
                0x0800cfa4                _localeconv_r
 .text._malloc_r
                0x0800cfc0      0x558 c:/program files (x86)/gnu tools arm embedded/5.4 2016q3/bin/../lib/gcc/arm-none-eabi/5.4.1/../../../../arm-none-eabi/lib/armv7-m\libc.a(lib_a-mallocr.o)
                0x0800cfc0                _malloc_r
 .text.memchr   0x0800d518       0x8c c:/program files (x86)/gnu tools arm embedded/5.4 2016q3/bin/../lib/gcc/arm-none-eabi/5.4.1/../../../../arm-none-eabi/lib/armv7-m\libc.a(lib_a-memchr-stub.o)
                0x0800d518                memchr
 .text.__malloc_lock
                0x0800d5a4        0x4 c:/program files (x86)/gnu tools arm embedded/5.4 2016q3/bin/../lib/gcc/arm-none-eabi/5.4.1/../../../../arm-none-eabi/lib/armv7-m\libc.a(lib_a-mlock.o)
                0x0800d5a4                __malloc_lock
 .text.__malloc_unlock
                0x0800d5a8        0x4 c:/program files (x86)/gnu tools arm embedded/5.4 2016q3/bin/../lib/gcc/arm-none-eabi/5.4.1/../../../../arm-none-eabi/lib/armv7-m\libc.a(lib_a-mlock.o)
                0x0800d5a8                __malloc_unlock
 .text._Balloc  0x0800d5ac       0x50 c:/program files (x86)/gnu tools arm embedded/5.4 2016q3/bin/../lib/gcc/arm-none-eabi/5.4.1/../../../../arm-none-eabi/lib/armv7-m\libc.a(lib_a-mprec.o)
                0x0800d5ac                _Balloc
 .text._Bfree   0x0800d5fc       0x14 c:/program files (x86)/gnu tools arm embedded/5.4 2016q3/bin/../lib/gcc/arm-none-eabi/5.4.1/../../../../arm-none-eabi/lib/armv7-m\libc.a(lib_a-mprec.o)
                0x0800d5fc                _Bfree
 .text.__multadd
                0x0800d610       0x80 c:/program files (x86)/gnu tools arm embedded/5.4 2016q3/bin/../lib/gcc/arm-none-eabi/5.4.1/../../../../arm-none-eabi/lib/armv7-m\libc.a(lib_a-mprec.o)
                0x0800d610                __multadd
 .text.__hi0bits
                0x0800d690       0x40 c:/program files (x86)/gnu tools arm embedded/5.4 2016q3/bin/../lib/gcc/arm-none-eabi/5.4.1/../../../../arm-none-eabi/lib/armv7-m\libc.a(lib_a-mprec.o)
                0x0800d690                __hi0bits
 .text.__lo0bits
                0x0800d6d0       0x5c c:/program files (x86)/gnu tools arm embedded/5.4 2016q3/bin/../lib/gcc/arm-none-eabi/5.4.1/../../../../arm-none-eabi/lib/armv7-m\libc.a(lib_a-mprec.o)
                0x0800d6d0                __lo0bits
 .text.__i2b    0x0800d72c       0x14 c:/program files (x86)/gnu tools arm embedded/5.4 2016q3/bin/../lib/gcc/arm-none-eabi/5.4.1/../../../../arm-none-eabi/lib/armv7-m\libc.a(lib_a-mprec.o)
                0x0800d72c                __i2b
 .text.__multiply
                0x0800d740      0x13c c:/program files (x86)/gnu tools arm embedded/5.4 2016q3/bin/../lib/gcc/arm-none-eabi/5.4.1/../../../../arm-none-eabi/lib/armv7-m\libc.a(lib_a-mprec.o)
                0x0800d740                __multiply
 .text.__pow5mult
                0x0800d87c       0xa0 c:/program files (x86)/gnu tools arm embedded/5.4 2016q3/bin/../lib/gcc/arm-none-eabi/5.4.1/../../../../arm-none-eabi/lib/armv7-m\libc.a(lib_a-mprec.o)
                0x0800d87c                __pow5mult
 .text.__lshift
                0x0800d91c       0xac c:/program files (x86)/gnu tools arm embedded/5.4 2016q3/bin/../lib/gcc/arm-none-eabi/5.4.1/../../../../arm-none-eabi/lib/armv7-m\libc.a(lib_a-mprec.o)
                0x0800d91c                __lshift
 .text.__mcmp   0x0800d9c8       0x40 c:/program files (x86)/gnu tools arm embedded/5.4 2016q3/bin/../lib/gcc/arm-none-eabi/5.4.1/../../../../arm-none-eabi/lib/armv7-m\libc.a(lib_a-mprec.o)
                0x0800d9c8                __mcmp
 .text.__mdiff  0x0800da08      0x128 c:/program files (x86)/gnu tools arm embedded/5.4 2016q3/bin/../lib/gcc/arm-none-eabi/5.4.1/../../../../arm-none-eabi/lib/armv7-m\libc.a(lib_a-mprec.o)
                0x0800da08                __mdiff
 .text.__d2b    0x0800db30       0xa8 c:/program files (x86)/gnu tools arm embedded/5.4 2016q3/bin/../lib/gcc/arm-none-eabi/5.4.1/../../../../arm-none-eabi/lib/armv7-m\libc.a(lib_a-mprec.o)
                0x0800db30                __d2b
 .text._sbrk_r  0x0800dbd8       0x24 c:/program files (x86)/gnu tools arm embedded/5.4 2016q3/bin/../lib/gcc/arm-none-eabi/5.4.1/../../../../arm-none-eabi/lib/armv7-m\libc.a(lib_a-sbrkr.o)
                0x0800dbd8                _sbrk_r
 .text.strlen   0x0800dbfc       0x5c c:/program files (x86)/gnu tools arm embedded/5.4 2016q3/bin/../lib/gcc/arm-none-eabi/5.4.1/../../../../arm-none-eabi/lib/armv7-m\libc.a(lib_a-strlen-stub.o)
                0x0800dbfc                strlen
 .text.__ssprint_r
                0x0800dc58      0x100 c:/program files (x86)/gnu tools arm embedded/5.4 2016q3/bin/../lib/gcc/arm-none-eabi/5.4.1/../../../../arm-none-eabi/lib/armv7-m\libc.a(lib_a-svfiprintf.o)
                0x0800dc58                __ssprint_r
 .text._calloc_r
                0x0800dd58       0x60 c:/program files (x86)/gnu tools arm embedded/5.4 2016q3/bin/../lib/gcc/arm-none-eabi/5.4.1/../../../../arm-none-eabi/lib/armv7-m\libc.a(lib_a-callocr.o)
                0x0800dd58                _calloc_r
 .text._malloc_trim_r
                0x0800ddb8       0x9c c:/program files (x86)/gnu tools arm embedded/5.4 2016q3/bin/../lib/gcc/arm-none-eabi/5.4.1/../../../../arm-none-eabi/lib/armv7-m\libc.a(lib_a-freer.o)
                0x0800ddb8                _malloc_trim_r
 .text._free_r  0x0800de54      0x1d0 c:/program files (x86)/gnu tools arm embedded/5.4 2016q3/bin/../lib/gcc/arm-none-eabi/5.4.1/../../../../arm-none-eabi/lib/armv7-m\libc.a(lib_a-freer.o)
                0x0800de54                _free_r
 .text.__ascii_mbtowc
                0x0800e024       0x2c c:/program files (x86)/gnu tools arm embedded/5.4 2016q3/bin/../lib/gcc/arm-none-eabi/5.4.1/../../../../arm-none-eabi/lib/armv7-m\libc.a(lib_a-mbtowc_r.o)
                0x0800e024                __ascii_mbtowc
 .text.memmove  0x0800e050       0xc8 c:/program files (x86)/gnu tools arm embedded/5.4 2016q3/bin/../lib/gcc/arm-none-eabi/5.4.1/../../../../arm-none-eabi/lib/armv7-m\libc.a(lib_a-memmove.o)
                0x0800e050                memmove
 .text.memset   0x0800e118       0x9c c:/program files (x86)/gnu tools arm embedded/5.4 2016q3/bin/../lib/gcc/arm-none-eabi/5.4.1/../../../../arm-none-eabi/lib/armv7-m\libc.a(lib_a-memset.o)
                0x0800e118                memset
 .text._realloc_r
                0x0800e1b4      0x3d4 c:/program files (x86)/gnu tools arm embedded/5.4 2016q3/bin/../lib/gcc/arm-none-eabi/5.4.1/../../../../arm-none-eabi/lib/armv7-m\libc.a(lib_a-reallocr.o)
                0x0800e1b4                _realloc_r
 .text.__ascii_wctomb
                0x0800e588       0x1c c:/program files (x86)/gnu tools arm embedded/5.4 2016q3/bin/../lib/gcc/arm-none-eabi/5.4.1/../../../../arm-none-eabi/lib/armv7-m\libc.a(lib_a-wctomb_r.o)
                0x0800e588                __ascii_wctomb
 *(.init)
 *(.fini)
 *crtbegin.o(.ctors)
 *crtbegin?.o(.ctors)
 *(EXCLUDE_FILE(*crtend.o *crtend?.o) .ctors)
 *(SORT(.ctors.*))
 *(.ctors)
 *crtbegin.o(.dtors)
 *crtbegin?.o(.dtors)
 *(EXCLUDE_FILE(*crtend.o *crtend?.o) .dtors)
 *(SORT(.dtors.*))
 *(.dtors)
 *(.rodata*)
 .rodata        0x0800e5a4       0xf6 ..\obj\CatchRoboMain.o
 *fill*         0x0800e69a        0x2 
 .rodata        0x0800e69c      0x10d ..\obj\system.o
 *fill*         0x0800e7a9        0x3 
 .rodata.str1.4
                0x0800e7ac        0x5 c:/program files (x86)/gnu tools arm embedded/5.4 2016q3/bin/../lib/gcc/arm-none-eabi/5.4.1/../../../../arm-none-eabi/lib/armv7-m\libm.a(lib_a-w_sqrt.o)
 *fill*         0x0800e7b1        0x3 
 .rodata.npio2_hw
                0x0800e7b4       0x80 c:/program files (x86)/gnu tools arm embedded/5.4 2016q3/bin/../lib/gcc/arm-none-eabi/5.4.1/../../../../arm-none-eabi/lib/armv7-m\libm.a(lib_a-e_rem_pio2.o)
 .rodata.two_over_pi
                0x0800e834      0x108 c:/program files (x86)/gnu tools arm embedded/5.4 2016q3/bin/../lib/gcc/arm-none-eabi/5.4.1/../../../../arm-none-eabi/lib/armv7-m\libm.a(lib_a-e_rem_pio2.o)
 .rodata.init_jk
                0x0800e93c       0x10 c:/program files (x86)/gnu tools arm embedded/5.4 2016q3/bin/../lib/gcc/arm-none-eabi/5.4.1/../../../../arm-none-eabi/lib/armv7-m\libm.a(lib_a-k_rem_pio2.o)
 *fill*         0x0800e94c        0x4 
 .rodata.PIo2   0x0800e950       0x40 c:/program files (x86)/gnu tools arm embedded/5.4 2016q3/bin/../lib/gcc/arm-none-eabi/5.4.1/../../../../arm-none-eabi/lib/armv7-m\libm.a(lib_a-k_rem_pio2.o)
 .rodata.atanlo
                0x0800e990       0x20 c:/program files (x86)/gnu tools arm embedded/5.4 2016q3/bin/../lib/gcc/arm-none-eabi/5.4.1/../../../../arm-none-eabi/lib/armv7-m\libm.a(lib_a-s_atan.o)
 .rodata.atanhi
                0x0800e9b0       0x20 c:/program files (x86)/gnu tools arm embedded/5.4 2016q3/bin/../lib/gcc/arm-none-eabi/5.4.1/../../../../arm-none-eabi/lib/armv7-m\libm.a(lib_a-s_atan.o)
 .rodata.zeroes.7256
                0x0800e9d0       0x10 c:/program files (x86)/gnu tools arm embedded/5.4 2016q3/bin/../lib/gcc/arm-none-eabi/5.4.1/../../../../arm-none-eabi/lib/armv7-m\libc.a(lib_a-svfprintf.o)
 .rodata.str1.4
                0x0800e9e0       0x42 c:/program files (x86)/gnu tools arm embedded/5.4 2016q3/bin/../lib/gcc/arm-none-eabi/5.4.1/../../../../arm-none-eabi/lib/armv7-m\libc.a(lib_a-svfprintf.o)
 *fill*         0x0800ea22        0x2 
 .rodata.blanks.7255
                0x0800ea24       0x10 c:/program files (x86)/gnu tools arm embedded/5.4 2016q3/bin/../lib/gcc/arm-none-eabi/5.4.1/../../../../arm-none-eabi/lib/armv7-m\libc.a(lib_a-svfprintf.o)
 .rodata.str1.4
                0x0800ea34       0x10 c:/program files (x86)/gnu tools arm embedded/5.4 2016q3/bin/../lib/gcc/arm-none-eabi/5.4.1/../../../../arm-none-eabi/lib/armv7-m\libc.a(lib_a-dtoa.o)
                                 0x12 (size before relaxing)
 *fill*         0x0800ea44        0x4 
 .rodata.__mprec_tens
                0x0800ea48       0xc8 c:/program files (x86)/gnu tools arm embedded/5.4 2016q3/bin/../lib/gcc/arm-none-eabi/5.4.1/../../../../arm-none-eabi/lib/armv7-m\libc.a(lib_a-mprec.o)
                0x0800ea48                __mprec_tens
 .rodata.p05.6085
                0x0800eb10        0xc c:/program files (x86)/gnu tools arm embedded/5.4 2016q3/bin/../lib/gcc/arm-none-eabi/5.4.1/../../../../arm-none-eabi/lib/armv7-m\libc.a(lib_a-mprec.o)
 *fill*         0x0800eb1c        0x4 
 .rodata.__mprec_bigtens
                0x0800eb20       0x28 c:/program files (x86)/gnu tools arm embedded/5.4 2016q3/bin/../lib/gcc/arm-none-eabi/5.4.1/../../../../arm-none-eabi/lib/armv7-m\libc.a(lib_a-mprec.o)
                0x0800eb20                __mprec_bigtens
 .rodata.str1.4
                0x0800eb48       0x10 c:/program files (x86)/gnu tools arm embedded/5.4 2016q3/bin/../lib/gcc/arm-none-eabi/5.4.1/../../../../arm-none-eabi/lib/armv7-m\libc.a(lib_a-locale.o)
                                 0x12 (size before relaxing)
 .rodata._ctype_
                0x0800eb58      0x101 c:/program files (x86)/gnu tools arm embedded/5.4 2016q3/bin/../lib/gcc/arm-none-eabi/5.4.1/../../../../arm-none-eabi/lib/armv7-m\libc.a(lib_a-ctype_.o)
                0x0800eb58                _ctype_
 *(.eh_fram e*)

.glue_7         0x0800ec5c        0x0
 .glue_7        0x0800ec5c        0x0 linker stubs

.glue_7t        0x0800ec5c        0x0
 .glue_7t       0x0800ec5c        0x0 linker stubs

.vfp11_veneer   0x0800ec5c        0x0
 .vfp11_veneer  0x0800ec5c        0x0 linker stubs

.v4_bx          0x0800ec5c        0x0
 .v4_bx         0x0800ec5c        0x0 linker stubs

.iplt           0x0800ec5c        0x0
 .iplt          0x0800ec5c        0x0 ..\obj\switch.o

.ARM.extab      0x0800ec5c      0x340
 *(.ARM.extab* .gnu.linkonce.armextab.*)
 .ARM.extab.text._ZN6Switch5setupEP12GPIO_TypeDeft16GPIOMode_TypeDef
                0x0800ec5c        0xc ..\obj\switch.o
 .ARM.extab.text._ZN6Switch5cycleEv
                0x0800ec68        0xc ..\obj\switch.o
 .ARM.extab.text._ZN10RingBufferIhLi128EEC2Ev
                0x0800ec74        0x0 ..\obj\spi.o
 .ARM.extab.text._ZN10RingBufferIhLi128EE5writeEh
                0x0800ec74        0x0 ..\obj\spi.o
 .ARM.extab.text._ZN10RingBufferIhLi128EE4readEv
                0x0800ec74        0x0 ..\obj\spi.o
 .ARM.extab.text._ZN10RingBufferIhLi128EE6lengthEv
                0x0800ec74        0x0 ..\obj\spi.o
 .ARM.extab.text._ZN10RingBufferIhLi128EE7isEmptyEv
                0x0800ec74        0x0 ..\obj\spi.o
 .ARM.extab.text._ZN9CatchRobo5setupER5USARTR5SBDBTt
                0x0800ec74        0xc ..\obj\CatchRoboMain.o
 .ARM.extab.text._ZN9CatchRobo5cycleEv
                0x0800ec80        0xc ..\obj\CatchRoboMain.o
 .ARM.extab.text._ZN9CatchRobo5readREv
                0x0800ec8c        0xc ..\obj\CatchRoboMain.o
 .ARM.extab.text._ZN9CatchRobo5readXEv
                0x0800ec98        0xc ..\obj\CatchRoboMain.o
 .ARM.extab.text._ZN9CatchRobo5readSEv
                0x0800eca4        0xc ..\obj\CatchRoboMain.o
 .ARM.extab.text._ZN9CatchRobo5readJEv
                0x0800ecb0        0xc ..\obj\CatchRoboMain.o
 .ARM.extab.text._ZN9CatchRobo9offsetJogEv
                0x0800ecbc        0xc ..\obj\CatchRoboMain.o
 .ARM.extab.text._ZN14CanMotorDriver4dutyEf
                0x0800ecc8        0xc ..\obj\canMotorDriver.o
 .ARM.extab.text._ZN14CanMotorDriver8positionEf
                0x0800ecd4        0xc ..\obj\canMotorDriver.o
 .ARM.extab.text._ZN3LED5setupEP12GPIO_TypeDeft
                0x0800ece0        0xc ..\obj\led.o
 .ARM.extab.text._ZN3LED8intervalEm
                0x0800ecec        0xc ..\obj\led.o
 .ARM.extab.text._ZN3LED5cycleEv
                0x0800ecf8        0xc ..\obj\led.o
 .ARM.extab.text._ZN3TIM12encoderSetupEP11TIM_TypeDefP12GPIO_TypeDeftS3_t
                0x0800ed04        0xc ..\obj\tim.o
 .ARM.extab.text._ZN3TIM10ioSetupEncEP12GPIO_TypeDeftS1_t
                0x0800ed10        0xc ..\obj\tim.o
 .ARM.extab.text._Z16TIM1EncoderSetupv
                0x0800ed1c        0xc ..\obj\tim.o
 .ARM.extab.text._Z16TIM2EncoderSetupv
                0x0800ed28        0xc ..\obj\tim.o
 .ARM.extab.text._Z16TIM3EncoderSetupv
                0x0800ed34        0xc ..\obj\tim.o
 .ARM.extab.text._Z16TIM4EncoderSetupv
                0x0800ed40        0xc ..\obj\tim.o
 .ARM.extab.text._ZN5SBDBT5setupEP13USART_TypeDefP12GPIO_TypeDeftS3_tm
                0x0800ed4c        0xc ..\obj\SBDBT.o
 .ARM.extab.text._ZN5SBDBT5cycleEv
                0x0800ed58        0xc ..\obj\SBDBT.o
 .ARM.extab.text._ZN8CanValve5writeEhh
                0x0800ed64        0xc ..\obj\canValve.o
 .ARM.extab.text.main
                0x0800ed70        0xc ..\obj\main.o
 .ARM.extab.text._ZN6System5setupEv
                0x0800ed7c        0xc ..\obj\system.o
 .ARM.extab.text._ZN6System10usartSetupER5USART
                0x0800ed88        0xc ..\obj\system.o
 .ARM.extab.text._ZN6System5cycleEv
                0x0800ed94        0xc ..\obj\system.o
 .ARM.extab.text._ZN6System8wdgSetupEth
                0x0800eda0        0xc ..\obj\system.o
 .ARM.extab.text._ZN6System8wdgResetEv
                0x0800edac        0xc ..\obj\system.o
 .ARM.extab.text._Z9IWDGSetupth
                0x0800edb8        0xc ..\obj\system.o
 .ARM.extab.text._ZN3CAN5setupEP11CAN_TypeDefP12GPIO_TypeDeftS3_tt
                0x0800edc4        0xc ..\obj\can.o
 .ARM.extab.text._ZN3CAN4sendEthPh
                0x0800edd0        0xc ..\obj\can.o
 .ARM.extab.text._ZN3CAN7ioSetupEP12GPIO_TypeDeftS1_t
                0x0800eddc        0xc ..\obj\can.o
 .ARM.extab.text._Z9CAN1Setupt
                0x0800ede8        0xc ..\obj\can.o
 .ARM.extab.text._Z8CAN1SendthPh
                0x0800edf4        0xc ..\obj\can.o
 .ARM.extab.text._ZN4GPIO5setupEP12GPIO_TypeDeft16GPIOMode_TypeDef
                0x0800ee00        0xc ..\obj\gpio.o
 .ARM.extab.text._ZN4GPIO5writeEt
                0x0800ee0c        0xc ..\obj\gpio.o
 .ARM.extab.text._ZN4GPIO4readEv
                0x0800ee18        0xc ..\obj\gpio.o
 .ARM.extab.text._ZN4GPIO6toggleEv
                0x0800ee24        0xc ..\obj\gpio.o
 .ARM.extab.text._Z9pinToggleP12GPIO_TypeDeft
                0x0800ee30        0xc ..\obj\gpio.o
 .ARM.extab.text._ZN3ADC5setupEP11ADC_TypeDefhP12GPIO_TypeDefth
                0x0800ee3c        0xc ..\obj\adc.o
 .ARM.extab.text._ZN3ADC4readEv
                0x0800ee48        0xc ..\obj\adc.o
 .ARM.extab.text._ZN3ADC4readEh
                0x0800ee54        0xc ..\obj\adc.o
 .ARM.extab.text._ZN3ADC5startEh
                0x0800ee60        0xc ..\obj\adc.o
 .ARM.extab.text._ZN3ADC9convertedEv
                0x0800ee6c        0xc ..\obj\adc.o
 .ARM.extab.text._ZN3ADC4peekEv
                0x0800ee78        0xc ..\obj\adc.o
 .ARM.extab.text._ZN3ADC7ioSetupEP12GPIO_TypeDeft
                0x0800ee84        0xc ..\obj\adc.o
 .ARM.extab.text._Z9ADC1Setuph
                0x0800ee90        0xc ..\obj\adc.o
 .ARM.extab.text._Z9ADC2Setuph
                0x0800ee9c        0xc ..\obj\adc.o
 .ARM.extab.text._Z9ADC1Starthh
                0x0800eea8        0xc ..\obj\adc.o
 .ARM.extab.text._Z9ADC2Starthh
                0x0800eeb4        0xc ..\obj\adc.o
 .ARM.extab.text._ZN3PID5inputEff
                0x0800eec0        0xc ..\obj\PID_Controller.o
 .ARM.extab.text._ZN3PID7outputFEv
                0x0800eecc        0xc ..\obj\PID_Controller.o
 .ARM.extab.text._ZN5USART4putsEPKc
                0x0800eed8        0xc ..\obj\usart.o
 .ARM.extab.text._ZN5USART6printfEPKcz
                0x0800eee4       0x10 ..\obj\usart.o
 .ARM.extab.text._ZN5USART5setupEP13USART_TypeDefP12GPIO_TypeDeftS3_tm
                0x0800eef4        0xc ..\obj\usart.o
 .ARM.extab.text._ZN5USART4sendEc
                0x0800ef00        0xc ..\obj\usart.o
 .ARM.extab.text._ZN5USART7ioSetupEP12GPIO_TypeDeftS1_t
                0x0800ef0c        0xc ..\obj\usart.o
 .ARM.extab.text._Z11USART1Setupm
                0x0800ef18        0xc ..\obj\usart.o
 .ARM.extab.text._Z11USART2Setupm
                0x0800ef24        0xc ..\obj\usart.o
 .ARM.extab.text._Z11USART3Setupm
                0x0800ef30        0xc ..\obj\usart.o
 .ARM.extab.text._Z13USART1ITSetupt
                0x0800ef3c        0xc ..\obj\usart.o
 .ARM.extab.text._Z13USART2ITSetupt
                0x0800ef48        0xc ..\obj\usart.o
 .ARM.extab.text._Z13USART3ITSetupt
                0x0800ef54        0xc ..\obj\usart.o
 .ARM.extab.text.USART1_IRQHandler
                0x0800ef60        0xc ..\obj\usart.o
 .ARM.extab.text.USART2_IRQHandler
                0x0800ef6c        0xc ..\obj\usart.o
 .ARM.extab.text.USART3_IRQHandler
                0x0800ef78        0xc ..\obj\usart.o
 .ARM.extab     0x0800ef84       0x18 c:/program files (x86)/gnu tools arm embedded/5.4 2016q3/bin/../lib/gcc/arm-none-eabi/5.4.1/armv7-m\libgcc.a(pr-support.o)
                0x0800ef9c                __exidx_start = .

.ARM.exidx      0x0800ef9c      0x390
 *(.ARM.exidx* .gnu.linkonce.armexidx.*)
 .ARM.exidx.text._ZN6Switch5setupEP12GPIO_TypeDeft16GPIOMode_TypeDef
                0x0800ef9c        0x8 ..\obj\switch.o
 .ARM.exidx.text._ZN6Switch4readEv
                0x0800efa4        0x8 ..\obj\switch.o
 .ARM.exidx.text._ZN6Switch5cycleEv
                0x0800efac        0x8 ..\obj\switch.o
 .ARM.exidx.text.SPI1_IRQHandler
                0x0800efb4        0x8 ..\obj\spi.o
 .ARM.exidx.text.SPI2_IRQHandler
                0x0800efbc        0x0 ..\obj\spi.o
                                  0x8 (size before relaxing)
 .ARM.exidx.text._ZN10RingBufferIhLi128EEC2Ev
                0x0800efbc        0x8 ..\obj\spi.o
 .ARM.exidx.text._ZN10RingBufferIhLi128EE5writeEh
                0x0800efc4        0x0 ..\obj\spi.o
                                  0x8 (size before relaxing)
 .ARM.exidx.text._ZN10RingBufferIhLi128EE4readEv
                0x0800efc4        0x0 ..\obj\spi.o
                                  0x8 (size before relaxing)
 .ARM.exidx.text._ZN10RingBufferIhLi128EE6lengthEv
                0x0800efc4        0x0 ..\obj\spi.o
                                  0x8 (size before relaxing)
 .ARM.exidx.text._ZN10RingBufferIhLi128EE7isEmptyEv
                0x0800efc4        0x0 ..\obj\spi.o
                                  0x8 (size before relaxing)
 .ARM.exidx.text._Z41__static_initialization_and_destruction_0ii
                0x0800efc4        0x0 ..\obj\spi.o
                                  0x8 (size before relaxing)
 .ARM.exidx.text._GLOBAL__sub_I__ZN10SPI_Master12interruptCntE
                0x0800efc4        0x0 ..\obj\spi.o
                                  0x8 (size before relaxing)
 .ARM.exidx.text._ZN9CatchRobo5setupER5USARTR5SBDBTt
                0x0800efc4        0x8 ..\obj\CatchRoboMain.o
 .ARM.exidx.text._ZN9CatchRobo8assignMDER14CanMotorDrivert
                0x0800efcc        0x8 ..\obj\CatchRoboMain.o
 .ARM.exidx.text._ZN9CatchRobo8assignADER3ADCt
                0x0800efd4        0x0 ..\obj\CatchRoboMain.o
                                  0x8 (size before relaxing)
 .ARM.exidx.text._ZN9CatchRobo9assignENCER3TIMt
                0x0800efd4        0x0 ..\obj\CatchRoboMain.o
                                  0x8 (size before relaxing)
 .ARM.exidx.text._ZN9CatchRobo11assignLimitER6Switcht
                0x0800efd4        0x0 ..\obj\CatchRoboMain.o
                                  0x8 (size before relaxing)
 .ARM.exidx.text._ZN9CatchRobo11assignValveER8CanValve
                0x0800efd4        0x0 ..\obj\CatchRoboMain.o
                                  0x8 (size before relaxing)
 .ARM.exidx.text._ZN9CatchRobo5cycleEv
                0x0800efd4        0x8 ..\obj\CatchRoboMain.o
 .ARM.exidx.text._ZN9CatchRobo12controlCycleEv
                0x0800efdc        0x8 ..\obj\CatchRoboMain.o
 .ARM.exidx.text._ZN9CatchRobo10armControlEv
                0x0800efe4        0x8 ..\obj\CatchRoboMain.o
 .ARM.exidx.text._ZN9CatchRobo12motorControlEv
                0x0800efec        0x8 ..\obj\CatchRoboMain.o
 .ARM.exidx.text._ZN9CatchRobo5readREv
                0x0800eff4        0x8 ..\obj\CatchRoboMain.o
 .ARM.exidx.text._ZN9CatchRobo5readXEv
                0x0800effc        0x8 ..\obj\CatchRoboMain.o
 .ARM.exidx.text._ZN9CatchRobo5readSEv
                0x0800f004        0x8 ..\obj\CatchRoboMain.o
 .ARM.exidx.text._ZN9CatchRobo5readJEv
                0x0800f00c        0x8 ..\obj\CatchRoboMain.o
 .ARM.exidx.text._ZN9CatchRobo11offsetClearEv
                0x0800f014        0x8 ..\obj\CatchRoboMain.o
 .ARM.exidx.text._ZN9CatchRobo9offsetJogEv
                0x0800f01c        0x8 ..\obj\CatchRoboMain.o
 .ARM.exidx.text._ZN14CanMotorDriver5setupER3CANt
                0x0800f024        0x8 ..\obj\canMotorDriver.o
 .ARM.exidx.text._ZN14CanMotorDriver4dutyEf
                0x0800f02c        0x8 ..\obj\canMotorDriver.o
 .ARM.exidx.text._ZN14CanMotorDriver8positionEf
                0x0800f034        0x8 ..\obj\canMotorDriver.o
 .ARM.exidx.text._ZN3LED5setupEP12GPIO_TypeDeft
                0x0800f03c        0x8 ..\obj\led.o
 .ARM.exidx.text._ZN3LED8intervalEm
                0x0800f044        0x8 ..\obj\led.o
 .ARM.exidx.text._ZN3LED5cycleEv
                0x0800f04c        0x8 ..\obj\led.o
 .ARM.exidx.text._ZN3TIM12encoderSetupEP11TIM_TypeDefP12GPIO_TypeDeftS3_t
                0x0800f054        0x8 ..\obj\tim.o
 .ARM.exidx.text._ZN3TIM10ioSetupEncEP12GPIO_TypeDeftS1_t
                0x0800f05c        0x8 ..\obj\tim.o
 .ARM.exidx.text._ZN3TIM4readEv
                0x0800f064        0x8 ..\obj\tim.o
 .ARM.exidx.text._ZN3TIM5resetEv
                0x0800f06c        0x0 ..\obj\tim.o
                                  0x8 (size before relaxing)
 .ARM.exidx.text._ZN3TIM5writeEx
                0x0800f06c        0x0 ..\obj\tim.o
                                  0x8 (size before relaxing)
 .ARM.exidx.text._Z16TIM1EncoderSetupv
                0x0800f06c        0x8 ..\obj\tim.o
 .ARM.exidx.text._Z16TIM2EncoderSetupv
                0x0800f074        0x8 ..\obj\tim.o
 .ARM.exidx.text._Z16TIM3EncoderSetupv
                0x0800f07c        0x8 ..\obj\tim.o
 .ARM.exidx.text._Z16TIM4EncoderSetupv
                0x0800f084        0x8 ..\obj\tim.o
 .ARM.exidx.text._Z8TIM1Readv
                0x0800f08c        0x8 ..\obj\tim.o
 .ARM.exidx.text._Z8TIM2Readv
                0x0800f094        0x0 ..\obj\tim.o
                                  0x8 (size before relaxing)
 .ARM.exidx.text._Z8TIM3Readv
                0x0800f094        0x0 ..\obj\tim.o
                                  0x8 (size before relaxing)
 .ARM.exidx.text._Z8TIM4Readv
                0x0800f094        0x0 ..\obj\tim.o
                                  0x8 (size before relaxing)
 .ARM.exidx.text._Z16TIM1_ENCODER_IRQv
                0x0800f094        0x0 ..\obj\tim.o
                                  0x8 (size before relaxing)
 .ARM.exidx.text._Z16TIM2_ENCODER_IRQv
                0x0800f094        0x0 ..\obj\tim.o
                                  0x8 (size before relaxing)
 .ARM.exidx.text._Z16TIM3_ENCODER_IRQv
                0x0800f094        0x0 ..\obj\tim.o
                                  0x8 (size before relaxing)
 .ARM.exidx.text._Z16TIM4_ENCODER_IRQv
                0x0800f094        0x0 ..\obj\tim.o
                                  0x8 (size before relaxing)
 .ARM.exidx.text._Z19TIM1_PWM_Update_IRQv
                0x0800f094        0x0 ..\obj\tim.o
                                  0x8 (size before relaxing)
 .ARM.exidx.text._Z19TIM2_PWM_Update_IRQv
                0x0800f094        0x0 ..\obj\tim.o
                                  0x8 (size before relaxing)
 .ARM.exidx.text._Z19TIM3_PWM_Update_IRQv
                0x0800f094        0x0 ..\obj\tim.o
                                  0x8 (size before relaxing)
 .ARM.exidx.text._Z19TIM4_PWM_Update_IRQv
                0x0800f094        0x0 ..\obj\tim.o
                                  0x8 (size before relaxing)
 .ARM.exidx.text._Z16TIM4_PWM_CC1_IRQv
                0x0800f094        0x0 ..\obj\tim.o
                                  0x8 (size before relaxing)
 .ARM.exidx.text._Z16TIM4_PWM_CC2_IRQv
                0x0800f094        0x0 ..\obj\tim.o
                                  0x8 (size before relaxing)
 .ARM.exidx.text._Z16TIM4_PWM_CC3_IRQv
                0x0800f094        0x0 ..\obj\tim.o
                                  0x8 (size before relaxing)
 .ARM.exidx.text._Z16TIM4_PWM_CC4_IRQv
                0x0800f094        0x0 ..\obj\tim.o
                                  0x8 (size before relaxing)
 .ARM.exidx.text._Z19TIM1_TIM_Update_IRQv
                0x0800f094        0x0 ..\obj\tim.o
                                  0x8 (size before relaxing)
 .ARM.exidx.text._Z19TIM2_TIM_Update_IRQv
                0x0800f094        0x0 ..\obj\tim.o
                                  0x8 (size before relaxing)
 .ARM.exidx.text._Z19TIM3_TIM_Update_IRQv
                0x0800f094        0x0 ..\obj\tim.o
                                  0x8 (size before relaxing)
 .ARM.exidx.text._Z19TIM4_TIM_Update_IRQv
                0x0800f094        0x0 ..\obj\tim.o
                                  0x8 (size before relaxing)
 .ARM.exidx.text.TIM1_UP_IRQHandler
                0x0800f094        0x8 ..\obj\tim.o
 .ARM.exidx.text.TIM2_IRQHandler
                0x0800f09c        0x0 ..\obj\tim.o
                                  0x8 (size before relaxing)
 .ARM.exidx.text.TIM3_IRQHandler
                0x0800f09c        0x0 ..\obj\tim.o
                                  0x8 (size before relaxing)
 .ARM.exidx.text.TIM4_IRQHandler
                0x0800f09c        0x8 ..\obj\tim.o
 .ARM.exidx.text._ZN5SBDBT5setupEP13USART_TypeDefP12GPIO_TypeDeftS3_tm
                0x0800f0a4        0x8 ..\obj\SBDBT.o
 .ARM.exidx.text._ZN5SBDBT5cycleEv
                0x0800f0ac       0x10 ..\obj\SBDBT.o
                                  0x8 (size before relaxing)
 .ARM.exidx.text._ZN8CanValve5setupER3CANt
                0x0800f0bc        0x0 ..\obj\canValve.o
                                  0x8 (size before relaxing)
 .ARM.exidx.text._ZN8CanValve5writeEhh
                0x0800f0bc        0x8 ..\obj\canValve.o
 .ARM.exidx.text._Z5setupv
                0x0800f0c4        0x8 ..\obj\main.o
 .ARM.exidx.text.main
                0x0800f0cc        0x8 ..\obj\main.o
 .ARM.exidx.text.NVIC_SetPriority
                0x0800f0d4        0x8 ..\obj\system.o
 .ARM.exidx.text.SysTick_Config
                0x0800f0dc        0x0 ..\obj\system.o
                                  0x8 (size before relaxing)
 .ARM.exidx.text._ZN6System5setupEv
                0x0800f0dc        0x8 ..\obj\system.o
 .ARM.exidx.text._ZN6System10usartSetupER5USART
                0x0800f0e4        0x8 ..\obj\system.o
 .ARM.exidx.text._ZN6System5cycleEv
                0x0800f0ec        0x8 ..\obj\system.o
 .ARM.exidx.text._ZN6System8wdgSetupEth
                0x0800f0f4        0x8 ..\obj\system.o
 .ARM.exidx.text._ZN6System8wdgResetEv
                0x0800f0fc        0x8 ..\obj\system.o
 .ARM.exidx.text._Z9IWDGSetupth
                0x0800f104        0x8 ..\obj\system.o
 .ARM.exidx.text._Z9IWDGResetv
                0x0800f10c        0x8 ..\obj\system.o
 .ARM.exidx.text._ZN3CAN5setupEP11CAN_TypeDefP12GPIO_TypeDeftS3_tt
                0x0800f114        0x8 ..\obj\can.o
 .ARM.exidx.text._ZN3CAN4sendEthPh
                0x0800f11c        0x8 ..\obj\can.o
 .ARM.exidx.text._ZN3CAN7ioSetupEP12GPIO_TypeDeftS1_t
                0x0800f124        0x8 ..\obj\can.o
 .ARM.exidx.text._Z9CAN1Setupt
                0x0800f12c        0x8 ..\obj\can.o
 .ARM.exidx.text._Z8CAN1SendthPh
                0x0800f134       0x10 ..\obj\can.o
                                  0x8 (size before relaxing)
 .ARM.exidx.text._ZN4GPIO5setupEP12GPIO_TypeDeft16GPIOMode_TypeDef
                0x0800f144        0x8 ..\obj\gpio.o
 .ARM.exidx.text._ZN4GPIO5writeEt
                0x0800f14c        0x8 ..\obj\gpio.o
 .ARM.exidx.text._ZN4GPIO4readEv
                0x0800f154        0x8 ..\obj\gpio.o
 .ARM.exidx.text._ZN4GPIO6toggleEv
                0x0800f15c        0x8 ..\obj\gpio.o
 .ARM.exidx.text._Z9GPIOSetupv
                0x0800f164        0x8 ..\obj\gpio.o
 .ARM.exidx.text._Z9pinToggleP12GPIO_TypeDeft
                0x0800f16c       0x10 ..\obj\gpio.o
                                  0x8 (size before relaxing)
 .ARM.exidx.text._ZN3ADC5setupEP11ADC_TypeDefhP12GPIO_TypeDefth
                0x0800f17c        0x8 ..\obj\adc.o
 .ARM.exidx.text._ZN3ADC4readEv
                0x0800f184        0x8 ..\obj\adc.o
 .ARM.exidx.text._ZN3ADC4readEh
                0x0800f18c        0x8 ..\obj\adc.o
 .ARM.exidx.text._ZN3ADC5startEh
                0x0800f194        0x8 ..\obj\adc.o
 .ARM.exidx.text._ZN3ADC9convertedEv
                0x0800f19c        0x8 ..\obj\adc.o
 .ARM.exidx.text._ZN3ADC4peekEv
                0x0800f1a4        0x8 ..\obj\adc.o
 .ARM.exidx.text._ZN3ADC7ioSetupEP12GPIO_TypeDeft
                0x0800f1ac        0x8 ..\obj\adc.o
 .ARM.exidx.text._Z9ADC1Setuph
                0x0800f1b4        0x8 ..\obj\adc.o
 .ARM.exidx.text._Z9ADC2Setuph
                0x0800f1bc        0x8 ..\obj\adc.o
 .ARM.exidx.text._Z9ADC1Starthh
                0x0800f1c4        0x8 ..\obj\adc.o
 .ARM.exidx.text._Z9ADC2Starthh
                0x0800f1cc        0x8 ..\obj\adc.o
 .ARM.exidx.text._Z12ADC1GetValuev
                0x0800f1d4        0x8 ..\obj\adc.o
 .ARM.exidx.text._Z12ADC2GetValuev
                0x0800f1dc        0x0 ..\obj\adc.o
                                  0x8 (size before relaxing)
 .ARM.exidx.text._Z5delaym
                0x0800f1dc        0x8 ..\obj\systime.o
 .ARM.exidx.text._Z6microsv
                0x0800f1e4        0x0 ..\obj\systime.o
                                  0x8 (size before relaxing)
 .ARM.exidx.text._Z6millisv
                0x0800f1e4        0x0 ..\obj\systime.o
                                  0x8 (size before relaxing)
 .ARM.exidx.text.SysTick_Handler
                0x0800f1e4        0x0 ..\obj\systime.o
                                  0x8 (size before relaxing)
 .ARM.exidx.text._ZN12CatchRoboMap5setupEt
                0x0800f1e4        0x0 ..\obj\CatchRoboMap.o
                                  0x8 (size before relaxing)
 .ARM.exidx.text._ZN12CatchRoboMap8callWorkEii
                0x0800f1e4        0x0 ..\obj\CatchRoboMap.o
                                  0x8 (size before relaxing)
 .ARM.exidx.text._ZN12CatchRoboMap15callShootingBoxEii
                0x0800f1e4        0x0 ..\obj\CatchRoboMap.o
                                  0x8 (size before relaxing)
 .ARM.exidx.text._ZN3PID5setupEfff
                0x0800f1e4        0x0 ..\obj\PID_Controller.o
                                  0x8 (size before relaxing)
 .ARM.exidx.text._ZN3PID8outLimitEff
                0x0800f1e4        0x0 ..\obj\PID_Controller.o
                                  0x8 (size before relaxing)
 .ARM.exidx.text._ZN3PID11errorLimitIEff
                0x0800f1e4        0x0 ..\obj\PID_Controller.o
                                  0x8 (size before relaxing)
 .ARM.exidx.text._ZN3PID10errorLimitEtff
                0x0800f1e4        0x0 ..\obj\PID_Controller.o
                                  0x8 (size before relaxing)
 .ARM.exidx.text._ZN3PID5inputEff
                0x0800f1e4        0x8 ..\obj\PID_Controller.o
 .ARM.exidx.text._ZN3PID7outputFEv
                0x0800f1ec       0x10 ..\obj\PID_Controller.o
                                  0x8 (size before relaxing)
 .ARM.exidx.text._ZN5USART4putsEPKc
                0x0800f1fc        0x8 ..\obj\usart.o
 .ARM.exidx.text._ZN5USART6printfEPKcz
                0x0800f204        0x8 ..\obj\usart.o
 .ARM.exidx.text._ZN5USART5setupEP13USART_TypeDefP12GPIO_TypeDeftS3_tm
                0x0800f20c        0x8 ..\obj\usart.o
 .ARM.exidx.text._ZN5USART4sendEc
                0x0800f214        0x8 ..\obj\usart.o
 .ARM.exidx.text._ZN5USART4readEv
                0x0800f21c        0x8 ..\obj\usart.o
 .ARM.exidx.text._ZN5USART9availableEv
                0x0800f224        0x0 ..\obj\usart.o
                                  0x8 (size before relaxing)
 .ARM.exidx.text._ZN5USART7ioSetupEP12GPIO_TypeDeftS1_t
                0x0800f224        0x8 ..\obj\usart.o
 .ARM.exidx.text._Z11USART1Setupm
                0x0800f22c        0x8 ..\obj\usart.o
 .ARM.exidx.text._Z11USART2Setupm
                0x0800f234        0x8 ..\obj\usart.o
 .ARM.exidx.text._Z11USART3Setupm
                0x0800f23c        0x8 ..\obj\usart.o
 .ARM.exidx.text._Z13USART1ITSetupt
                0x0800f244        0x8 ..\obj\usart.o
 .ARM.exidx.text._Z13USART2ITSetupt
                0x0800f24c        0x8 ..\obj\usart.o
 .ARM.exidx.text._Z13USART3ITSetupt
                0x0800f254        0x8 ..\obj\usart.o
 .ARM.exidx.text.USART1_IRQHandler
                0x0800f25c        0x8 ..\obj\usart.o
 .ARM.exidx.text.USART2_IRQHandler
                0x0800f264        0x8 ..\obj\usart.o
 .ARM.exidx.text.USART3_IRQHandler
                0x0800f26c       0x10 ..\obj\usart.o
                                  0x8 (size before relaxing)
 .ARM.exidx     0x0800f27c        0x0 c:/program files (x86)/gnu tools arm embedded/5.4 2016q3/bin/../lib/gcc/arm-none-eabi/5.4.1/armv7-m\libgcc.a(_udivmoddi4.o)
                                  0x8 (size before relaxing)
 .ARM.exidx     0x0800f27c       0x78 c:/program files (x86)/gnu tools arm embedded/5.4 2016q3/bin/../lib/gcc/arm-none-eabi/5.4.1/armv7-m\libgcc.a(unwind-arm.o)
                                 0xd8 (size before relaxing)
 .ARM.exidx     0x0800f2f4       0x38 c:/program files (x86)/gnu tools arm embedded/5.4 2016q3/bin/../lib/gcc/arm-none-eabi/5.4.1/armv7-m\libgcc.a(pr-support.o)
                                 0x48 (size before relaxing)
                0x0800f32c                __exidx_end = .
                0x0800f32c                __etext = .
                0x0800f32c                _sidata = __etext

.rel.dyn        0x0800f32c        0x0
 .rel.iplt      0x0800f32c        0x0 ..\obj\switch.o

.data           0x20000000      0x9dc load address 0x0800f32c
                0x20000000                __data_start__ = .
                0x20000000                _sdata = __data_start__
 *(vtable)
 *(.data*)
 .data          0x20000000       0x14 ..\obj\system_stm32f10x.o
                0x20000000                SystemCoreClock
                0x20000004                AHBPrescTable
 .data          0x20000014       0x14 ..\obj\stm32f10x_rcc.o
 .data          0x20000028        0x6 ..\obj\usart.o
                0x20000028                USART::usart1RxAddress
                0x2000002a                USART::usart2RxAddress
                0x2000002c                USART::usart3RxAddress
 .data.__fdlib_version
                0x2000002e        0x1 c:/program files (x86)/gnu tools arm embedded/5.4 2016q3/bin/../lib/gcc/arm-none-eabi/5.4.1/../../../../arm-none-eabi/lib/armv7-m\libm.a(lib_a-s_lib_ver.o)
                0x2000002e                __fdlib_version
 *fill*         0x2000002f        0x1 
 .data.impure_data
                0x20000030      0x428 c:/program files (x86)/gnu tools arm embedded/5.4 2016q3/bin/../lib/gcc/arm-none-eabi/5.4.1/../../../../arm-none-eabi/lib/armv7-m\libc.a(lib_a-impure.o)
 .data._impure_ptr
                0x20000458        0x4 c:/program files (x86)/gnu tools arm embedded/5.4 2016q3/bin/../lib/gcc/arm-none-eabi/5.4.1/../../../../arm-none-eabi/lib/armv7-m\libc.a(lib_a-impure.o)
                0x20000458                _impure_ptr
 .data.__malloc_av_
                0x2000045c      0x408 c:/program files (x86)/gnu tools arm embedded/5.4 2016q3/bin/../lib/gcc/arm-none-eabi/5.4.1/../../../../arm-none-eabi/lib/armv7-m\libc.a(lib_a-mallocr.o)
                0x2000045c                __malloc_av_
 .data.__malloc_trim_threshold
                0x20000864        0x4 c:/program files (x86)/gnu tools arm embedded/5.4 2016q3/bin/../lib/gcc/arm-none-eabi/5.4.1/../../../../arm-none-eabi/lib/armv7-m\libc.a(lib_a-mallocr.o)
                0x20000864                __malloc_trim_threshold
 .data.__malloc_sbrk_base
                0x20000868        0x4 c:/program files (x86)/gnu tools arm embedded/5.4 2016q3/bin/../lib/gcc/arm-none-eabi/5.4.1/../../../../arm-none-eabi/lib/armv7-m\libc.a(lib_a-mallocr.o)
                0x20000868                __malloc_sbrk_base
 .data.__global_locale
                0x2000086c      0x16c c:/program files (x86)/gnu tools arm embedded/5.4 2016q3/bin/../lib/gcc/arm-none-eabi/5.4.1/../../../../arm-none-eabi/lib/armv7-m\libc.a(lib_a-locale.o)
                0x2000086c                __global_locale
                0x200009d8                . = ALIGN (0x4)
                [!provide]                PROVIDE (__preinit_array_start, .)
 *(.preinit_array)
                [!provide]                PROVIDE (__preinit_array_end, .)
                0x200009d8                . = ALIGN (0x4)
                [!provide]                PROVIDE (__init_array_start, .)
 *(SORT(.init_array.*))
 *(.init_array)
 .init_array    0x200009d8        0x4 ..\obj\spi.o
                [!provide]                PROVIDE (__init_array_end, .)
                0x200009dc                . = ALIGN (0x4)
                [!provide]                PROVIDE (__fini_array_start, .)
 *(SORT(.fini_array.*))
 *(.fini_array)
                [!provide]                PROVIDE (__fini_array_end, .)
 *(.jcr*)
                0x200009dc                . = ALIGN (0x4)
                0x200009dc                __data_end__ = .
                0x200009dc                _edata = __data_end__

.igot.plt       0x200009dc        0x0 load address 0x0800fd08
 .igot.plt      0x200009dc        0x0 ..\obj\switch.o

.bss            0x200009e0      0xe68 load address 0x0800fd10
                0x200009e0                . = ALIGN (0x4)
                0x200009e0                __bss_start__ = .
                0x200009e0                _sbss = __bss_start__
 *(.bss*)
 .bss           0x200009e0      0x234 ..\obj\spi.o
                0x200009e0                SPI_Master::interruptCnt
                0x200009e2                SPI_Master::writeCnt
                0x200009e4                SPI_Master::spi1txBuffer
                0x20000a70                SPI_Master::spi2txBuffer
                0x20000afc                SPI_Master::spi1rxBuffer
                0x20000b88                SPI_Master::spi2rxBuffer
 .bss           0x20000c14       0x20 ..\obj\tim.o
                0x20000c14                TIM::tim1_mode
                0x20000c18                TIM::tim2_mode
                0x20000c1c                TIM::tim3_mode
                0x20000c20                TIM::tim4_mode
                0x20000c24                TIM::tim1Cnt
                0x20000c28                TIM::tim2Cnt
                0x20000c2c                TIM::tim3Cnt
                0x20000c30                TIM::tim4Cnt
 *fill*         0x20000c34        0x4 
 .bss           0x20000c38      0x698 ..\obj\main.o
                0x20000c38                sys
                0x20000c40                serial
                0x20000c48                ps3
                0x20000ce0                id
                0x20000cf0                can
                0x20000d18                led
                0x20000dc0                pot
                0x20000de4                enc
                0x20000e08                limit
                0x20000e58                md
                0x20000e98                servo
                0x20000eb8                valve
                0x20000ec0                intervalTime
                0x20000ec8                canIntervalTime
                0x20000ed0                robo
                0x200012a0                map
                0x200012b0                motorDuty
                0x200012c0                rxTime
                0x200012c8                canData
 .bss           0x200012d0        0x6 ..\obj\system.o
                0x200012d0                System::cycleFunctionCnt
                0x200012d2                System::cycleFunctionNumber
                0x200012d4                System::error
 *fill*         0x200012d6        0x2 
 .bss           0x200012d8       0x7c ..\obj\can.o
                0x200012d8                CAN::filterCnt
                0x200012dc                CAN::filterAddress
                0x2000134c                CAN::errorCnt
                0x2000134e                CAN::errorAddress
                0x20001350                CAN::sendAddress
 .bss           0x20001354        0x4 ..\obj\syscalls.o
 .bss           0x20001358        0x8 ..\obj\systime.o
 .bss           0x20001360      0x4b0 ..\obj\usart.o
                0x20001360                USART::usart1RxBuffer
                0x200013e0                USART::usart1ReadAddress
                0x200013e4                USART::usart2RxBuffer
                0x20001464                USART::usart2ReadAddress
                0x20001468                USART::usart3RxBuffer
                0x200014e8                USART::usart3ReadAddress
                0x200014ec                USART::usart1TxBuffer
                0x200015ec                USART::usart1TxSendAddress
                0x200015ee                USART::usart1TxWriteAddress
                0x200015f0                USART::usart2TxBuffer
                0x200016f0                USART::usart2TxSendAddress
                0x200016f2                USART::usart2TxWriteAddress
                0x200016f4                USART::usart3TxBuffer
                0x200017f4                USART::usart3TxSendAddress
                0x200017f6                USART::usart3TxWriteAddress
                0x200017f8                USART::usart1receiveTime
                0x20001800                USART::usart2receiveTime
                0x20001808                USART::usart3receiveTime
 .bss.__malloc_max_total_mem
                0x20001810        0x4 c:/program files (x86)/gnu tools arm embedded/5.4 2016q3/bin/../lib/gcc/arm-none-eabi/5.4.1/../../../../arm-none-eabi/lib/armv7-m\libc.a(lib_a-mallocr.o)
                0x20001810                __malloc_max_total_mem
 .bss.__malloc_max_sbrked_mem
                0x20001814        0x4 c:/program files (x86)/gnu tools arm embedded/5.4 2016q3/bin/../lib/gcc/arm-none-eabi/5.4.1/../../../../arm-none-eabi/lib/armv7-m\libc.a(lib_a-mallocr.o)
                0x20001814                __malloc_max_sbrked_mem
 .bss.__malloc_top_pad
                0x20001818        0x4 c:/program files (x86)/gnu tools arm embedded/5.4 2016q3/bin/../lib/gcc/arm-none-eabi/5.4.1/../../../../arm-none-eabi/lib/armv7-m\libc.a(lib_a-mallocr.o)
                0x20001818                __malloc_top_pad
 .bss.__malloc_current_mallinfo
                0x2000181c       0x28 c:/program files (x86)/gnu tools arm embedded/5.4 2016q3/bin/../lib/gcc/arm-none-eabi/5.4.1/../../../../arm-none-eabi/lib/armv7-m\libc.a(lib_a-mallocr.o)
                0x2000181c                __malloc_current_mallinfo
 *(COMMON)
 COMMON         0x20001844        0x4 c:/program files (x86)/gnu tools arm embedded/5.4 2016q3/bin/../lib/gcc/arm-none-eabi/5.4.1/../../../../arm-none-eabi/lib/armv7-m\libc.a(lib_a-reent.o)
                0x20001844                errno
                0x20001848                . = ALIGN (0x4)
                0x20001848                __bss_end__ = .
                0x20001848                _ebss = __bss_end__

.heap           0x20001848        0x0
                0x20001848                __end__ = .
                0x20001848                _end = __end__
                0x20001848                end = __end__
 *(.heap*)
                0x20001848                __HeapLimit = .

.co_stack       0x20001848      0x400 load address 0x08010b78
                0x20001848                . = ALIGN (0x8)
 *(.co_stack .co_stack.*)
 .co_stack      0x20001848      0x400 ..\obj\startup_stm32f10x_md.o
                0x20001848                pulStack
                0x20005000                __StackTop = (ORIGIN (ram) + LENGTH (ram))