Archive member included because of file (symbol)

c:/program files (x86)/gnu tools arm embedded/4.9 2014q4/bin/../lib/gcc/arm-none-eabi/4.9.3/armv7-m\libgcc.a(unwind-arm.o)
                              ..\obj\main.o (__aeabi_unwind_cpp_pr0)
c:/program files (x86)/gnu tools arm embedded/4.9 2014q4/bin/../lib/gcc/arm-none-eabi/4.9.3/armv7-m\libgcc.a(libunwind.o)
                              c:/program files (x86)/gnu tools arm embedded/4.9 2014q4/bin/../lib/gcc/arm-none-eabi/4.9.3/armv7-m\libgcc.a(unwind-arm.o) (restore_core_regs)
c:/program files (x86)/gnu tools arm embedded/4.9 2014q4/bin/../lib/gcc/arm-none-eabi/4.9.3/armv7-m\libgcc.a(pr-support.o)
                              c:/program files (x86)/gnu tools arm embedded/4.9 2014q4/bin/../lib/gcc/arm-none-eabi/4.9.3/armv7-m\libgcc.a(unwind-arm.o) (__gnu_unwind_execute)
c:/program files (x86)/gnu tools arm embedded/4.9 2014q4/bin/../lib/gcc/arm-none-eabi/4.9.3/../../../../arm-none-eabi/lib/armv7-m\libc.a(lib_a-memcpy.o)
                              c:/program files (x86)/gnu tools arm embedded/4.9 2014q4/bin/../lib/gcc/arm-none-eabi/4.9.3/armv7-m\libgcc.a(unwind-arm.o) (memcpy)
c:/program files (x86)/gnu tools arm embedded/4.9 2014q4/bin/../lib/gcc/arm-none-eabi/4.9.3/../../../../arm-none-eabi/lib/armv7-m\libc.a(lib_a-vsprintf.o)
                              ..\obj\USART.o (vsprintf)
c:/program files (x86)/gnu tools arm embedded/4.9 2014q4/bin/../lib/gcc/arm-none-eabi/4.9.3/../../../../arm-none-eabi/lib/armv7-m\libc.a(lib_a-impure.o)
                              c:/program files (x86)/gnu tools arm embedded/4.9 2014q4/bin/../lib/gcc/arm-none-eabi/4.9.3/../../../../arm-none-eabi/lib/armv7-m\libc.a(lib_a-vsprintf.o) (_impure_ptr)
c:/program files (x86)/gnu tools arm embedded/4.9 2014q4/bin/../lib/gcc/arm-none-eabi/4.9.3/../../../../arm-none-eabi/lib/armv7-m\libc.a(lib_a-svfprintf.o)
                              c:/program files (x86)/gnu tools arm embedded/4.9 2014q4/bin/../lib/gcc/arm-none-eabi/4.9.3/../../../../arm-none-eabi/lib/armv7-m\libc.a(lib_a-vsprintf.o) (_svfprintf_r)
c:/program files (x86)/gnu tools arm embedded/4.9 2014q4/bin/../lib/gcc/arm-none-eabi/4.9.3/../../../../arm-none-eabi/lib/armv7-m\libc.a(lib_a-dtoa.o)
                              c:/program files (x86)/gnu tools arm embedded/4.9 2014q4/bin/../lib/gcc/arm-none-eabi/4.9.3/../../../../arm-none-eabi/lib/armv7-m\libc.a(lib_a-svfprintf.o) (_dtoa_r)
c:/program files (x86)/gnu tools arm embedded/4.9 2014q4/bin/../lib/gcc/arm-none-eabi/4.9.3/../../../../arm-none-eabi/lib/armv7-m\libc.a(lib_a-locale.o)
                              c:/program files (x86)/gnu tools arm embedded/4.9 2014q4/bin/../lib/gcc/arm-none-eabi/4.9.3/../../../../arm-none-eabi/lib/armv7-m\libc.a(lib_a-svfprintf.o) (_localeconv_r)
c:/program files (x86)/gnu tools arm embedded/4.9 2014q4/bin/../lib/gcc/arm-none-eabi/4.9.3/../../../../arm-none-eabi/lib/armv7-m\libc.a(lib_a-mallocr.o)
                              c:/program files (x86)/gnu tools arm embedded/4.9 2014q4/bin/../lib/gcc/arm-none-eabi/4.9.3/../../../../arm-none-eabi/lib/armv7-m\libc.a(lib_a-svfprintf.o) (_malloc_r)
c:/program files (x86)/gnu tools arm embedded/4.9 2014q4/bin/../lib/gcc/arm-none-eabi/4.9.3/../../../../arm-none-eabi/lib/armv7-m\libc.a(lib_a-memchr.o)
                              c:/program files (x86)/gnu tools arm embedded/4.9 2014q4/bin/../lib/gcc/arm-none-eabi/4.9.3/../../../../arm-none-eabi/lib/armv7-m\libc.a(lib_a-svfprintf.o) (memchr)
c:/program files (x86)/gnu tools arm embedded/4.9 2014q4/bin/../lib/gcc/arm-none-eabi/4.9.3/../../../../arm-none-eabi/lib/armv7-m\libc.a(lib_a-mlock.o)
                              c:/program files (x86)/gnu tools arm embedded/4.9 2014q4/bin/../lib/gcc/arm-none-eabi/4.9.3/../../../../arm-none-eabi/lib/armv7-m\libc.a(lib_a-mallocr.o) (__malloc_lock)
c:/program files (x86)/gnu tools arm embedded/4.9 2014q4/bin/../lib/gcc/arm-none-eabi/4.9.3/../../../../arm-none-eabi/lib/armv7-m\libc.a(lib_a-mprec.o)
                              c:/program files (x86)/gnu tools arm embedded/4.9 2014q4/bin/../lib/gcc/arm-none-eabi/4.9.3/../../../../arm-none-eabi/lib/armv7-m\libc.a(lib_a-dtoa.o) (_Balloc)
c:/program files (x86)/gnu tools arm embedded/4.9 2014q4/bin/../lib/gcc/arm-none-eabi/4.9.3/../../../../arm-none-eabi/lib/armv7-m\libc.a(lib_a-s_fpclassify.o)
                              c:/program files (x86)/gnu tools arm embedded/4.9 2014q4/bin/../lib/gcc/arm-none-eabi/4.9.3/../../../../arm-none-eabi/lib/armv7-m\libc.a(lib_a-svfprintf.o) (__fpclassifyd)
c:/program files (x86)/gnu tools arm embedded/4.9 2014q4/bin/../lib/gcc/arm-none-eabi/4.9.3/../../../../arm-none-eabi/lib/armv7-m\libc.a(lib_a-sbrkr.o)
                              c:/program files (x86)/gnu tools arm embedded/4.9 2014q4/bin/../lib/gcc/arm-none-eabi/4.9.3/../../../../arm-none-eabi/lib/armv7-m\libc.a(lib_a-mallocr.o) (_sbrk_r)
[...]
Memory Configuration

Name             Origin             Length             Attributes
rom              0x08000000         0x00010000         xr
ram              0x20000000         0x00005000         xrw
*default*        0x00000000         0xffffffff

Linker script and memory map

                0x20005000                _eram = 0x20005000

.text           0x08000000     0x90ac
 *(.isr_vector)
 .isr_vector    0x08000000      0x10c ..\obj\startup_stm32f10x_md.o
                0x08000000                g_pfnVectors
 *(.text*)
 .text.TIM_TimeBaseInit
                0x0800010c       0xf8 ..\obj\stm32f10x_tim.o
                0x0800010c                TIM_TimeBaseInit
 .text.TIM_OC1Init
                0x08000204      0x118 ..\obj\stm32f10x_tim.o
                0x08000204                TIM_OC1Init
 .text.TIM_OC2Init
                0x0800031c      0x110 ..\obj\stm32f10x_tim.o
                0x0800031c                TIM_OC2Init
 .text.TIM_OC3Init
                0x0800042c      0x10c ..\obj\stm32f10x_tim.o
                0x0800042c                TIM_OC3Init
 .text.TIM_OC4Init
                0x08000538       0xd0 ..\obj\stm32f10x_tim.o
                0x08000538                TIM_OC4Init
 .text.TIM_BDTRConfig
                0x08000608       0x50 ..\obj\stm32f10x_tim.o
                0x08000608                TIM_BDTRConfig
 .text.TIM_TimeBaseStructInit
                0x08000658       0x34 ..\obj\stm32f10x_tim.o
                0x08000658                TIM_TimeBaseStructInit
 .text.TIM_OCStructInit
                0x0800068c       0x44 ..\obj\stm32f10x_tim.o
                0x0800068c                TIM_OCStructInit
 .text.TIM_BDTRStructInit
                0x080006d0       0x3c ..\obj\stm32f10x_tim.o
                0x080006d0                TIM_BDTRStructInit
 .text.TIM_Cmd  0x0800070c       0x40 ..\obj\stm32f10x_tim.o
                0x0800070c                TIM_Cmd
 .text.TIM_ITConfig
                0x0800074c       0x48 ..\obj\stm32f10x_tim.o
                0x0800074c                TIM_ITConfig
 .text.TIM_EncoderInterfaceConfig
                0x08000794       0x98 ..\obj\stm32f10x_tim.o
                0x08000794                TIM_EncoderInterfaceConfig
 .text.TIM_ARRPreloadConfig
                0x0800082c       0x40 ..\obj\stm32f10x_tim.o
                0x0800082c                TIM_ARRPreloadConfig
 .text.TIM_GetITStatus
                0x0800086c       0x54 ..\obj\stm32f10x_tim.o
                0x0800086c                TIM_GetITStatus
 .text.TIM_ClearITPendingBit
                0x080008c0       0x20 ..\obj\stm32f10x_tim.o
                0x080008c0                TIM_ClearITPendingBit
 .text.SystemInit
                0x080008e0       0x68 ..\obj\system_stm32f10x.o
                0x080008e0                SystemInit
 .text.SetSysClock
                0x08000948        0xc ..\obj\system_stm32f10x.o
 .text.SetSysClockTo72
                0x08000954      0x100 ..\obj\system_stm32f10x.o
 .text._Z9CAN1Setupv
                0x08000a54       0xb0 ..\obj\CAN.o
                0x08000a54                CAN1Setup()
 .text._Z8CAN1SendthPh
                0x08000b04       0x74 ..\obj\CAN.o
                0x08000b04                CAN1Send(unsigned short, unsigned char, unsigned char*)
 .text.NVIC_SetPriority
                0x08000b78       0x54 ..\obj\SYSTEM.o
 .text.SysTick_Config
                0x08000bcc       0x44 ..\obj\SYSTEM.o
 .text._Z5setupv
                0x08000c10       0x20 ..\obj\SYSTEM.o
                0x08000c10                setup()
 .text.SysTick_Handler
                0x08000c30       0x38 ..\obj\SYSTEM.o
                0x08000c30                SysTick_Handler
 .text._Z5delaym
                0x08000c68       0x28 ..\obj\SYSTEM.o
                0x08000c68                delay(unsigned long)
 .text.Default_Reset_Handler
                0x08000c90       0x5c ..\obj\startup_stm32f10x_md.o
                0x08000c90                Default_Reset_Handler
                0x08000c90                Reset_Handler
 .text.Default_Handler
                0x08000cec        0x8 ..\obj\startup_stm32f10x_md.o
                0x08000cec                EXTI2_IRQHandler
                0x08000cec                DebugMon_Handler
                0x08000cec                TIM1_CC_IRQHandler
                0x08000cec                HardFault_Handler
                0x08000cec                PVD_IRQHandler
                0x08000cec                PendSV_Handler
                0x08000cec                NMI_Handler
                0x08000cec                EXTI3_IRQHandler
                0x08000cec                EXTI0_IRQHandler
                0x08000cec                I2C2_EV_IRQHandler
                0x08000cec                UsageFault_Handler
                0x08000cec                ADC1_2_IRQHandler
                0x08000cec                TAMPER_IRQHandler
                0x08000cec                DMA1_Channel4_IRQHandler
                0x08000cec                USART3_IRQHandler
                0x08000cec                RTC_IRQHandler
                0x08000cec                DMA1_Channel7_IRQHandler
                0x08000cec                CAN1_RX1_IRQHandler
                0x08000cec                I2C1_EV_IRQHandler
                0x08000cec                DMA1_Channel6_IRQHandler
                0x08000cec                RCC_IRQHandler
                0x08000cec                TIM1_TRG_COM_IRQHandler
                0x08000cec                DMA1_Channel1_IRQHandler
                0x08000cec                EXTI15_10_IRQHandler
                0x08000cec                EXTI9_5_IRQHandler
                0x08000cec                SPI2_IRQHandler
                0x08000cec                MemManage_Handler
                0x08000cec                SVC_Handler
                0x08000cec                DMA1_Channel5_IRQHandler
                0x08000cec                EXTI4_IRQHandler
                0x08000cec                USB_HP_CAN1_TX_IRQHandler
                0x08000cec                DMA1_Channel3_IRQHandler
                0x08000cec                WWDG_IRQHandler
                0x08000cec                TIM1_BRK_IRQHandler
                0x08000cec                EXTI1_IRQHandler
                0x08000cec                RTCAlarm_IRQHandler
                0x08000cec                I2C2_ER_IRQHandler
                0x08000cec                DMA1_Channel2_IRQHandler
                0x08000cec                CAN1_SCE_IRQHandler
                0x08000cec                FLASH_IRQHandler
                0x08000cec                BusFault_Handler
                0x08000cec                I2C1_ER_IRQHandler
                0x08000cec                USBWakeUp_IRQHandler
 .text.CAN_DeInit
                0x08000cf4       0x44 ..\obj\stm32f10x_can.o
                0x08000cf4                CAN_DeInit
 .text.CAN_Init
                0x08000d38      0x1a4 ..\obj\stm32f10x_can.o
                0x08000d38                CAN_Init
 .text.CAN_FilterInit
                0x08000edc      0x174 ..\obj\stm32f10x_can.o
                0x08000edc                CAN_FilterInit
 .text.CAN_StructInit
                0x08001050       0x54 ..\obj\stm32f10x_can.o
                0x08001050                CAN_StructInit
 .text.CAN_Transmit
                0x080010a4      0x190 ..\obj\stm32f10x_can.o
                0x080010a4                CAN_Transmit
 .text.CAN_Receive
                0x08001234      0x170 ..\obj\stm32f10x_can.o
                0x08001234                CAN_Receive
 .text.GPIO_Init
                0x080013a4      0x180 ..\obj\stm32f10x_gpio.o
                0x080013a4                GPIO_Init
 .text.GPIO_StructInit
                0x08001524       0x28 ..\obj\stm32f10x_gpio.o
                0x08001524                GPIO_StructInit
 .text.GPIO_ReadInputDataBit
                0x0800154c       0x34 ..\obj\stm32f10x_gpio.o
                0x0800154c                GPIO_ReadInputDataBit
 .text.GPIO_WriteBit
                0x08001580       0x30 ..\obj\stm32f10x_gpio.o
                0x08001580                GPIO_WriteBit
 .text._ZN5MOTORC2Ev
                0x080015b0       0x1c ..\obj\main.o
                0x080015b0                MOTOR::MOTOR()
                0x080015b0                MOTOR::MOTOR()
 .text.main     0x080015cc      0x59c ..\obj\main.o
                0x080015cc                main
 .text.USB_LP_CAN1_RX0_IRQHandler
                0x08001b68       0x2c ..\obj\main.o
                0x08001b68                USB_LP_CAN1_RX0_IRQHandler
 .text.TIM4_IRQHandler
                0x08001b94      0x108 ..\obj\main.o
                0x08001b94                TIM4_IRQHandler
 .text.TIM1_UP_IRQHandler
                0x08001c9c       0x34 ..\obj\main.o
                0x08001c9c                TIM1_UP_IRQHandler
 .text._Z41__static_initialization_and_destruction_0ii
                0x08001cd0       0x34 ..\obj\main.o
 .text._GLOBAL__sub_I_a
                0x08001d04       0x10 ..\obj\main.o
 .text._ZN4GPIO5setupEP12GPIO_TypeDeft16GPIOMode_TypeDef
                0x08001d14       0x78 ..\obj\GPIO.o
                0x08001d14                GPIO::setup(GPIO_TypeDef*, unsigned short, GPIOMode_TypeDef)
 .text._ZN4GPIO5writeE9BitAction
                0x08001d8c       0x2c ..\obj\GPIO.o
                0x08001d8c                GPIO::write(BitAction)
 .text._ZN4GPIO4readEv
                0x08001db8       0x24 ..\obj\GPIO.o
                0x08001db8                GPIO::read()
 .text._Z9GPIOSetupv
                0x08001ddc       0x28 ..\obj\GPIO.o
                0x08001ddc                GPIOSetup()
 .text.RCC_GetClocksFreq
                0x08001e04      0x164 ..\obj\stm32f10x_rcc.o
                0x08001e04                RCC_GetClocksFreq
 .text.RCC_APB2PeriphClockCmd
                0x08001f68       0x3c ..\obj\stm32f10x_rcc.o
                0x08001f68                RCC_APB2PeriphClockCmd
 .text.RCC_APB1PeriphClockCmd
                0x08001fa4       0x3c ..\obj\stm32f10x_rcc.o
                0x08001fa4                RCC_APB1PeriphClockCmd
 .text.RCC_APB1PeriphResetCmd
                0x08001fe0       0x3c ..\obj\stm32f10x_rcc.o
                0x08001fe0                RCC_APB1PeriphResetCmd
 .text.USART_Init
                0x0800201c      0x174 ..\obj\stm32f10x_usart.o
                0x0800201c                USART_Init
 .text.USART_StructInit
                0x08002190       0x38 ..\obj\stm32f10x_usart.o
                0x08002190                USART_StructInit
 .text.USART_Cmd
                0x080021c8       0x40 ..\obj\stm32f10x_usart.o
                0x080021c8                USART_Cmd
 .text.USART_ITConfig
                0x08002208       0x90 ..\obj\stm32f10x_usart.o
                0x08002208                USART_ITConfig
 .text.USART_SendData
                0x08002298       0x24 ..\obj\stm32f10x_usart.o
                0x08002298                USART_SendData
 .text.USART_ReceiveData
                0x080022bc       0x20 ..\obj\stm32f10x_usart.o
                0x080022bc                USART_ReceiveData
 .text.USART_GetITStatus
                0x080022dc       0xb8 ..\obj\stm32f10x_usart.o
                0x080022dc                USART_GetITStatus
 .text._sbrk    0x08002394       0x40 ..\obj\syscalls.o
                0x08002394                _sbrk
 .text.abort    0x080023d4        0x8 ..\obj\syscalls.o
                0x080023d4                abort
 .text._ZN5MOTOR5setupER3TIMS1_
                0x080023dc       0x24 ..\obj\app.o
                0x080023dc                MOTOR::setup(TIM&, TIM&)
 .text._ZN5MOTOR4dutyEl
                0x08002400       0x7c ..\obj\app.o
                0x08002400                MOTOR::duty(long)
 .text.SPI1_IRQHandler
                0x0800247c       0x4c ..\obj\SPI.o
                0x0800247c                SPI1_IRQHandler
 .text.NVIC_Init
                0x080024c8       0xc4 ..\obj\misc.o
                0x080024c8                NVIC_Init
 .text.SPI_I2S_GetITStatus
                0x0800258c       0x78 ..\obj\stm32f10x_spi.o
                0x0800258c                SPI_I2S_GetITStatus
 .text.SPI_I2S_ClearITPendingBit
                0x08002604       0x34 ..\obj\stm32f10x_spi.o
                0x08002604                SPI_I2S_ClearITPendingBit
 .text._ZN5USART4putsEPKc
                0x08002638       0x38 ..\obj\USART.o
                0x08002638                USART::puts(char const*)
 .text._ZN5USART6printfEPKcz
                0x08002670       0x40 ..\obj\USART.o
                0x08002670                USART::printf(char const*, ...)
 .text._ZN5USART5setupEP13USART_TypeDefm
                0x080026b0       0x68 ..\obj\USART.o
                0x080026b0                USART::setup(USART_TypeDef*, unsigned long)
 .text._ZN5USART4sendEc
                0x08002718       0x80 ..\obj\USART.o
                0x08002718                USART::send(char)
 .text._Z11USART2Setupm
                0x08002798       0x50 ..\obj\USART.o
                0x08002798                USART2Setup(unsigned long)
 .text._Z11USART1Setupm
                0x080027e8       0x50 ..\obj\USART.o
                0x080027e8                USART1Setup(unsigned long)
 .text._Z13USART2ITSetupt
                0x08002838       0x38 ..\obj\USART.o
                0x08002838                USART2ITSetup(unsigned short)
 .text._Z13USART1ITSetupt
                0x08002870       0x38 ..\obj\USART.o
                0x08002870                USART1ITSetup(unsigned short)
 .text.USART1_IRQHandler
                0x080028a8       0xe8 ..\obj\USART.o
                0x080028a8                USART1_IRQHandler
 .text.USART2_IRQHandler
                0x08002990       0x88 ..\obj\USART.o
                0x08002990                USART2_IRQHandler
 .text._ZN3TIM8pwmSetupEP11TIM_TypeDefttt
                0x08002a18      0x138 ..\obj\TIM.o
                0x08002a18                TIM::pwmSetup(TIM_TypeDef*, unsigned short, unsigned short, unsigned short)
 .text._ZN3TIM4dutyEt
                0x08002b50      0x110 ..\obj\TIM.o
                0x08002b50                TIM::duty(unsigned short)
 .text._ZN3TIM12encoderSetupEP11TIM_TypeDef
                0x08002c60       0x88 ..\obj\TIM.o
                0x08002c60                TIM::encoderSetup(TIM_TypeDef*)
 .text._ZN3TIM4readEv
                0x08002ce8       0x68 ..\obj\TIM.o
                0x08002ce8                TIM::read()
 .text._ZN3TIM10timerSetupEP11TIM_TypeDef
                0x08002d50       0xb4 ..\obj\TIM.o
                0x08002d50                TIM::timerSetup(TIM_TypeDef*)
 .text._Z9TIM1Setupt
                0x08002e04       0x78 ..\obj\TIM.o
                0x08002e04                TIM1Setup(unsigned short)
 .text._Z9TIM2Setupt
                0x08002e7c       0x3c ..\obj\TIM.o
                0x08002e7c                TIM2Setup(unsigned short)
 .text._Z9TIM3Setupt
                0x08002eb8       0x40 ..\obj\TIM.o
                0x08002eb8                TIM3Setup(unsigned short)
 .text._Z9TIM4Setupt
                0x08002ef8       0x40 ..\obj\TIM.o
                0x08002ef8                TIM4Setup(unsigned short)
 .text._Z11TIM1ITSetupt
                0x08002f38       0x3c ..\obj\TIM.o
                0x08002f38                TIM1ITSetup(unsigned short)
 .text._Z11TIM2ITSetupt
                0x08002f74       0x38 ..\obj\TIM.o
                0x08002f74                TIM2ITSetup(unsigned short)
 .text._Z11TIM3ITSetupt
                0x08002fac       0x3c ..\obj\TIM.o
                0x08002fac                TIM3ITSetup(unsigned short)
 .text._Z11TIM4ITSetupt
                0x08002fe8       0x3c ..\obj\TIM.o
                0x08002fe8                TIM4ITSetup(unsigned short)
 .text._Z11OC1PWMSetupP11TIM_TypeDeft
                0x08003024       0x48 ..\obj\TIM.o
                0x08003024                OC1PWMSetup(TIM_TypeDef*, unsigned short)
 .text._Z11OC2PWMSetupP11TIM_TypeDeft
                0x0800306c       0x48 ..\obj\TIM.o
                0x0800306c                OC2PWMSetup(TIM_TypeDef*, unsigned short)
 .text._Z11OC3PWMSetupP11TIM_TypeDeft
                0x080030b4       0x48 ..\obj\TIM.o
                0x080030b4                OC3PWMSetup(TIM_TypeDef*, unsigned short)
 .text._Z11OC4PWMSetupP11TIM_TypeDeft
                0x080030fc       0x48 ..\obj\TIM.o
                0x080030fc                OC4PWMSetup(TIM_TypeDef*, unsigned short)
 .text._Z10OC1DutySetP11TIM_TypeDeft
                0x08003144       0x1c ..\obj\TIM.o
                0x08003144                OC1DutySet(TIM_TypeDef*, unsigned short)
 .text._Z10OC2DutySetP11TIM_TypeDeft
                0x08003160       0x1c ..\obj\TIM.o
                0x08003160                OC2DutySet(TIM_TypeDef*, unsigned short)
 .text._Z10OC3DutySetP11TIM_TypeDeft
                0x0800317c       0x1c ..\obj\TIM.o
                0x0800317c                OC3DutySet(TIM_TypeDef*, unsigned short)
 .text._Z10OC4DutySetP11TIM_TypeDeft
                0x08003198       0x20 ..\obj\TIM.o
                0x08003198                OC4DutySet(TIM_TypeDef*, unsigned short)
 .text._Z16TIM1EncoderSetupv
                0x080031b8       0x50 ..\obj\TIM.o
                0x080031b8                TIM1EncoderSetup()
 .text._Z16TIM2EncoderSetupv
                0x08003208       0x50 ..\obj\TIM.o
                0x08003208                TIM2EncoderSetup()
 .text._Z16TIM3EncoderSetupv
                0x08003258       0x50 ..\obj\TIM.o
                0x08003258                TIM3EncoderSetup()
 .text._Z16TIM4EncoderSetupv
                0x080032a8       0x50 ..\obj\TIM.o
                0x080032a8                TIM4EncoderSetup()
 .text._Z8TIM1Readv
                0x080032f8       0x28 ..\obj\TIM.o
                0x080032f8                TIM1Read()
 .text._Z8TIM2Readv
                0x08003320       0x24 ..\obj\TIM.o
                0x08003320                TIM2Read()
 .text._Z8TIM3Readv
                0x08003344       0x28 ..\obj\TIM.o
                0x08003344                TIM3Read()
 .text._Z8TIM4Readv
                0x0800336c       0x28 ..\obj\TIM.o
                0x0800336c                TIM4Read()
 .text._Z16TIM2_ENCODER_IRQv
                0x08003394       0x3c ..\obj\TIM.o
                0x08003394                TIM2_ENCODER_IRQ()
 .text._Z16TIM3_ENCODER_IRQv
                0x080033d0       0x40 ..\obj\TIM.o
                0x080033d0                TIM3_ENCODER_IRQ()
 .text._Z19TIM2_TIM_Update_IRQv
                0x08003410       0x1c ..\obj\TIM.o
                0x08003410                TIM2_TIM_Update_IRQ()
 .text._Z19TIM3_TIM_Update_IRQv
                0x0800342c       0x1c ..\obj\TIM.o
                0x0800342c                TIM3_TIM_Update_IRQ()
 .text.TIM2_IRQHandler
                0x08003448       0x50 ..\obj\TIM.o
                0x08003448                TIM2_IRQHandler
 .text.TIM3_IRQHandler
                0x08003498       0x50 ..\obj\TIM.o
                0x08003498                TIM3_IRQHandler
 .text          0x080034e8      0xa54 c:/program files (x86)/gnu tools arm embedded/4.9 2014q4/bin/../lib/gcc/arm-none-eabi/4.9.3/armv7-m\libgcc.a(unwind-arm.o)
                0x080037c8                _Unwind_GetCFA
                0x080037cc                __gnu_Unwind_RaiseException
                0x0800382c                __gnu_Unwind_ForcedUnwind
                0x08003840                __gnu_Unwind_Resume
                0x08003884                __gnu_Unwind_Resume_or_Rethrow
                0x08003898                _Unwind_Complete
                0x0800389c                _Unwind_DeleteException
                0x080038a8                _Unwind_VRS_Get
                0x080038f8                _Unwind_VRS_Set
                0x08003948                __gnu_Unwind_Backtrace
                0x08003c8c                __aeabi_unwind_cpp_pr0
                0x08003c90                __aeabi_unwind_cpp_pr1
                0x08003c94                __aeabi_unwind_cpp_pr2
                0x08003c98                _Unwind_VRS_Pop
 .text          0x08003f3c      0x1ac c:/program files (x86)/gnu tools arm embedded/4.9 2014q4/bin/../lib/gcc/arm-none-eabi/4.9.3/armv7-m\libgcc.a(libunwind.o)
                0x08003f3c                __restore_core_regs
                0x08003f3c                restore_core_regs
                0x08003f54                __gnu_Unwind_Restore_VFP
                0x08003f5c                __gnu_Unwind_Save_VFP
                0x08003f64                __gnu_Unwind_Restore_VFP_D
                0x08003f6c                __gnu_Unwind_Save_VFP_D
                0x08003f74                __gnu_Unwind_Restore_VFP_D_16_to_31
                0x08003f7c                __gnu_Unwind_Save_VFP_D_16_to_31
                0x08003f84                __gnu_Unwind_Restore_WMMXD
                0x08003fc8                __gnu_Unwind_Save_WMMXD
                0x0800400c                __gnu_Unwind_Restore_WMMXC
                0x08004020                __gnu_Unwind_Save_WMMXC
                0x08004034                ___Unwind_RaiseException
                0x08004034                _Unwind_RaiseException
                0x08004058                _Unwind_Resume
                0x08004058                ___Unwind_Resume
                0x0800407c                _Unwind_Resume_or_Rethrow
                0x0800407c                ___Unwind_Resume_or_Rethrow
                0x080040a0                _Unwind_ForcedUnwind
                0x080040a0                ___Unwind_ForcedUnwind
                0x080040c4                ___Unwind_Backtrace
                0x080040c4                _Unwind_Backtrace
 .text          0x080040e8      0x37c c:/program files (x86)/gnu tools arm embedded/4.9 2014q4/bin/../lib/gcc/arm-none-eabi/4.9.3/armv7-m\libgcc.a(pr-support.o)
                0x08004140                __gnu_unwind_execute
                0x0800440c                __gnu_unwind_frame
                0x08004434                _Unwind_GetRegionStart
                0x08004440                _Unwind_GetLanguageSpecificData
                0x08004454                _Unwind_GetDataRelBase
                0x0800445c                _Unwind_GetTextRelBase
 .text          0x08004464       0xec c:/program files (x86)/gnu tools arm embedded/4.9 2014q4/bin/../lib/gcc/arm-none-eabi/4.9.3/../../../../arm-none-eabi/lib/armv7-m\libc.a(lib_a-memcpy.o)
                0x08004464                memcpy
 .text._vsprintf_r
                0x08004550       0x34 c:/program files (x86)/gnu tools arm embedded/4.9 2014q4/bin/../lib/gcc/arm-none-eabi/4.9.3/../../../../arm-none-eabi/lib/armv7-m\libc.a(lib_a-vsprintf.o)
                0x08004550                _vsprintf_r
 .text.vsprintf
                0x08004584       0x18 c:/program files (x86)/gnu tools arm embedded/4.9 2014q4/bin/../lib/gcc/arm-none-eabi/4.9.3/../../../../arm-none-eabi/lib/armv7-m\libc.a(lib_a-vsprintf.o)
                0x08004584                vsprintf
 .text._svfprintf_r
                0x0800459c     0x14f4 c:/program files (x86)/gnu tools arm embedded/4.9 2014q4/bin/../lib/gcc/arm-none-eabi/4.9.3/../../../../arm-none-eabi/lib/armv7-m\libc.a(lib_a-svfprintf.o)
                0x0800459c                _svfprintf_r
 .text.quorem   0x08005a90      0x130 c:/program files (x86)/gnu tools arm embedded/4.9 2014q4/bin/../lib/gcc/arm-none-eabi/4.9.3/../../../../arm-none-eabi/lib/armv7-m\libc.a(lib_a-dtoa.o)
 .text._dtoa_r  0x08005bc0      0xea8 c:/program files (x86)/gnu tools arm embedded/4.9 2014q4/bin/../lib/gcc/arm-none-eabi/4.9.3/../../../../arm-none-eabi/lib/armv7-m\libc.a(lib_a-dtoa.o)
                0x08005bc0                _dtoa_r
 .text._localeconv_r
                0x08006a68        0x8 c:/program files (x86)/gnu tools arm embedded/4.9 2014q4/bin/../lib/gcc/arm-none-eabi/4.9.3/../../../../arm-none-eabi/lib/armv7-m\libc.a(lib_a-locale.o)
                0x08006a68                _localeconv_r
 .text._malloc_r
                0x08006a70      0x504 c:/program files (x86)/gnu tools arm embedded/4.9 2014q4/bin/../lib/gcc/arm-none-eabi/4.9.3/../../../../arm-none-eabi/lib/armv7-m\libc.a(lib_a-mallocr.o)
                0x08006a70                _malloc_r
 .text.memchr   0x08006f74       0x94 c:/program files (x86)/gnu tools arm embedded/4.9 2014q4/bin/../lib/gcc/arm-none-eabi/4.9.3/../../../../arm-none-eabi/lib/armv7-m\libc.a(lib_a-memchr.o)
                0x08006f74                memchr
 .text.__malloc_lock
                0x08007008        0x4 c:/program files (x86)/gnu tools arm embedded/4.9 2014q4/bin/../lib/gcc/arm-none-eabi/4.9.3/../../../../arm-none-eabi/lib/armv7-m\libc.a(lib_a-mlock.o)
                0x08007008                __malloc_lock
 .text.__malloc_unlock
                0x0800700c        0x4 c:/program files (x86)/gnu tools arm embedded/4.9 2014q4/bin/../lib/gcc/arm-none-eabi/4.9.3/../../../../arm-none-eabi/lib/armv7-m\libc.a(lib_a-mlock.o)
                0x0800700c                __malloc_unlock
 .text._Balloc  0x08007010       0x50 c:/program files (x86)/gnu tools arm embedded/4.9 2014q4/bin/../lib/gcc/arm-none-eabi/4.9.3/../../../../arm-none-eabi/lib/armv7-m\libc.a(lib_a-mprec.o)
                0x08007010                _Balloc
 .text._Bfree   0x08007060       0x14 c:/program files (x86)/gnu tools arm embedded/4.9 2014q4/bin/../lib/gcc/arm-none-eabi/4.9.3/../../../../arm-none-eabi/lib/armv7-m\libc.a(lib_a-mprec.o)
                0x08007060                _Bfree
 .text.__multadd
                0x08007074       0x84 c:/program files (x86)/gnu tools arm embedded/4.9 2014q4/bin/../lib/gcc/arm-none-eabi/4.9.3/../../../../arm-none-eabi/lib/armv7-m\libc.a(lib_a-mprec.o)
                0x08007074                __multadd
 .text.__hi0bits
                0x080070f8       0x40 c:/program files (x86)/gnu tools arm embedded/4.9 2014q4/bin/../lib/gcc/arm-none-eabi/4.9.3/../../../../arm-none-eabi/lib/armv7-m\libc.a(lib_a-mprec.o)
                0x080070f8                __hi0bits
 .text.__lo0bits
                0x08007138       0x5c c:/program files (x86)/gnu tools arm embedded/4.9 2014q4/bin/../lib/gcc/arm-none-eabi/4.9.3/../../../../arm-none-eabi/lib/armv7-m\libc.a(lib_a-mprec.o)
                0x08007138                __lo0bits
 .text.__i2b    0x08007194       0x14 c:/program files (x86)/gnu tools arm embedded/4.9 2014q4/bin/../lib/gcc/arm-none-eabi/4.9.3/../../../../arm-none-eabi/lib/armv7-m\libc.a(lib_a-mprec.o)
                0x08007194                __i2b
 .text.__multiply
                0x080071a8      0x140 c:/program files (x86)/gnu tools arm embedded/4.9 2014q4/bin/../lib/gcc/arm-none-eabi/4.9.3/../../../../arm-none-eabi/lib/armv7-m\libc.a(lib_a-mprec.o)
                0x080071a8                __multiply
 .text.__pow5mult
                0x080072e8       0xa0 c:/program files (x86)/gnu tools arm embedded/4.9 2014q4/bin/../lib/gcc/arm-none-eabi/4.9.3/../../../../arm-none-eabi/lib/armv7-m\libc.a(lib_a-mprec.o)
                0x080072e8                __pow5mult
 .text.__lshift
                0x08007388       0xb0 c:/program files (x86)/gnu tools arm embedded/4.9 2014q4/bin/../lib/gcc/arm-none-eabi/4.9.3/../../../../arm-none-eabi/lib/armv7-m\libc.a(lib_a-mprec.o)
                0x08007388                __lshift
 .text.__mcmp   0x08007438       0x48 c:/program files (x86)/gnu tools arm embedded/4.9 2014q4/bin/../lib/gcc/arm-none-eabi/4.9.3/../../../../arm-none-eabi/lib/armv7-m\libc.a(lib_a-mprec.o)
                0x08007438                __mcmp
 .text.__mdiff  0x08007480       0xe4 c:/program files (x86)/gnu tools arm embedded/4.9 2014q4/bin/../lib/gcc/arm-none-eabi/4.9.3/../../../../arm-none-eabi/lib/armv7-m\libc.a(lib_a-mprec.o)
                0x08007480                __mdiff
 .text.__d2b    0x08007564       0xa8 c:/program files (x86)/gnu tools arm embedded/4.9 2014q4/bin/../lib/gcc/arm-none-eabi/4.9.3/../../../../arm-none-eabi/lib/armv7-m\libc.a(lib_a-mprec.o)
                0x08007564                __d2b
 .text.__fpclassifyd
                0x0800760c       0x58 c:/program files (x86)/gnu tools arm embedded/4.9 2014q4/bin/../lib/gcc/arm-none-eabi/4.9.3/../../../../arm-none-eabi/lib/armv7-m\libc.a(lib_a-s_fpclassify.o)
                0x0800760c                __fpclassifyd
 .text._sbrk_r  0x08007664       0x24 c:/program files (x86)/gnu tools arm embedded/4.9 2014q4/bin/../lib/gcc/arm-none-eabi/4.9.3/../../../../arm-none-eabi/lib/armv7-m\libc.a(lib_a-sbrkr.o)
                0x08007664                _sbrk_r
 .text.strlen   0x08007688       0x5c c:/program files (x86)/gnu tools arm embedded/4.9 2014q4/bin/../lib/gcc/arm-none-eabi/4.9.3/../../../../arm-none-eabi/lib/armv7-m\libc.a(lib_a-strlen.o)
                0x08007688                strlen
 .text.__ssprint_r
                0x080076e4      0x104 c:/program files (x86)/gnu tools arm embedded/4.9 2014q4/bin/../lib/gcc/arm-none-eabi/4.9.3/../../../../arm-none-eabi/lib/armv7-m\libc.a(lib_a-svfiprintf.o)
                0x080076e4                __ssprint_r
 .text._calloc_r
                0x080077e8       0x60 c:/program files (x86)/gnu tools arm embedded/4.9 2014q4/bin/../lib/gcc/arm-none-eabi/4.9.3/../../../../arm-none-eabi/lib/armv7-m\libc.a(lib_a-callocr.o)
                0x080077e8                _calloc_r
 .text._malloc_trim_r
                0x08007848       0x9c c:/program files (x86)/gnu tools arm embedded/4.9 2014q4/bin/../lib/gcc/arm-none-eabi/4.9.3/../../../../arm-none-eabi/lib/armv7-m\libc.a(lib_a-freer.o)
                0x08007848                _malloc_trim_r
 .text._free_r  0x080078e4      0x1b0 c:/program files (x86)/gnu tools arm embedded/4.9 2014q4/bin/../lib/gcc/arm-none-eabi/4.9.3/../../../../arm-none-eabi/lib/armv7-m\libc.a(lib_a-freer.o)
                0x080078e4                _free_r
 .text.memmove  0x08007a94       0xc8 c:/program files (x86)/gnu tools arm embedded/4.9 2014q4/bin/../lib/gcc/arm-none-eabi/4.9.3/../../../../arm-none-eabi/lib/armv7-m\libc.a(lib_a-memmove.o)
                0x08007a94                memmove
 .text.memset   0x08007b5c       0x9c c:/program files (x86)/gnu tools arm embedded/4.9 2014q4/bin/../lib/gcc/arm-none-eabi/4.9.3/../../../../arm-none-eabi/lib/armv7-m\libc.a(lib_a-memset.o)
                0x08007b5c                memset
 .text._realloc_r
                0x08007bf8      0x3e0 c:/program files (x86)/gnu tools arm embedded/4.9 2014q4/bin/../lib/gcc/arm-none-eabi/4.9.3/../../../../arm-none-eabi/lib/armv7-m\libc.a(lib_a-reallocr.o)
                0x08007bf8                _realloc_r
 .text          0x08007fd8      0x370 c:/program files (x86)/gnu tools arm embedded/4.9 2014q4/bin/../lib/gcc/arm-none-eabi/4.9.3/armv7-m\libgcc.a(_arm_addsubdf3.o)
                0x08007fd8                __aeabi_drsub
                0x08007fe0                __aeabi_dsub
                0x08007fe0                __subdf3
                0x08007fe4                __aeabi_dadd
                0x08007fe4                __adddf3
                0x0800825c                __floatunsidf
                0x0800825c                __aeabi_ui2d
                0x0800827c                __floatsidf
                0x0800827c                __aeabi_i2d
                0x080082a0                __aeabi_f2d
                0x080082a0                __extendsfdf2
                0x080082dc                __floatundidf
                0x080082dc                __aeabi_ul2d
                0x080082ec                __floatdidf
                0x080082ec                __aeabi_l2d
 .text          0x08008348      0x424 c:/program files (x86)/gnu tools arm embedded/4.9 2014q4/bin/../lib/gcc/arm-none-eabi/4.9.3/armv7-m\libgcc.a(_arm_muldivdf3.o)
                0x08008348                __aeabi_dmul
                0x08008348                __muldf3
                0x0800859c                __divdf3
                0x0800859c                __aeabi_ddiv
 .text          0x0800876c      0x110 c:/program files (x86)/gnu tools arm embedded/4.9 2014q4/bin/../lib/gcc/arm-none-eabi/4.9.3/armv7-m\libgcc.a(_arm_cmpdf2.o)
                0x0800876c                __gtdf2
                0x0800876c                __gedf2
                0x08008774                __ltdf2
                0x08008774                __ledf2
                0x0800877c                __nedf2
                0x0800877c                __eqdf2
                0x0800877c                __cmpdf2
                0x080087f8                __aeabi_cdrcmple
                0x08008808                __aeabi_cdcmpeq
                0x08008808                __aeabi_cdcmple
                0x08008818                __aeabi_dcmpeq
                0x0800882c                __aeabi_dcmplt
                0x08008840                __aeabi_dcmple
                0x08008854                __aeabi_dcmpge
                0x08008868                __aeabi_dcmpgt
 .text          0x0800887c       0x50 c:/program files (x86)/gnu tools arm embedded/4.9 2014q4/bin/../lib/gcc/arm-none-eabi/4.9.3/armv7-m\libgcc.a(_arm_fixdfsi.o)
                0x0800887c                __aeabi_d2iz
                0x0800887c                __fixdfsi
 .text          0x080088cc       0x2c c:/program files (x86)/gnu tools arm embedded/4.9 2014q4/bin/../lib/gcc/arm-none-eabi/4.9.3/armv7-m\libgcc.a(_aeabi_uldivmod.o)
                0x080088cc                __aeabi_uldivmod
 .text          0x080088f8       0x60 c:/program files (x86)/gnu tools arm embedded/4.9 2014q4/bin/../lib/gcc/arm-none-eabi/4.9.3/armv7-m\libgcc.a(bpabi.o)
                0x080088f8                __gnu_ldivmod_helper
                0x08008928                __gnu_uldivmod_helper
 .text          0x08008958        0x4 c:/program files (x86)/gnu tools arm embedded/4.9 2014q4/bin/../lib/gcc/arm-none-eabi/4.9.3/armv7-m\libgcc.a(_dvmd_tls.o)
                0x08008958                __aeabi_idiv0
                0x08008958                __aeabi_ldiv0
 .text          0x0800895c      0x2ac c:/program files (x86)/gnu tools arm embedded/4.9 2014q4/bin/../lib/gcc/arm-none-eabi/4.9.3/armv7-m\libgcc.a(_divdi3.o)
                0x0800895c                __divdi3
 .text          0x08008c08      0x270 c:/program files (x86)/gnu tools arm embedded/4.9 2014q4/bin/../lib/gcc/arm-none-eabi/4.9.3/armv7-m\libgcc.a(_udivdi3.o)
                0x08008c08                __udivdi3
 *(.init)
 *(.fini)
 *crtbegin.o(.ctors)
 *crtbegin?.o(.ctors)
 *(EXCLUDE_FILE(*crtend.o *crtend?.o) .ctors)
 *(SORT(.ctors.*))
 *(.ctors)
 *crtbegin.o(.dtors)
 *crtbegin?.o(.dtors)
 *(EXCLUDE_FILE(*crtend.o *crtend?.o) .dtors)
 *(SORT(.dtors.*))
 *(.dtors)
 *(.rodata*)
 .rodata        0x08008e78       0xb4 ..\obj\main.o
 .rodata.str1.4
                0x08008f2c        0x2 c:/program files (x86)/gnu tools arm embedded/4.9 2014q4/bin/../lib/gcc/arm-none-eabi/4.9.3/../../../../arm-none-eabi/lib/armv7-m\libc.a(lib_a-impure.o)
                                  0x4 (size before relaxing)
 *fill*         0x08008f2e        0x2 
 .rodata.blanks.6794
                0x08008f30       0x10 c:/program files (x86)/gnu tools arm embedded/4.9 2014q4/bin/../lib/gcc/arm-none-eabi/4.9.3/../../../../arm-none-eabi/lib/armv7-m\libc.a(lib_a-svfprintf.o)
 .rodata.str1.4
                0x08008f40       0x42 c:/program files (x86)/gnu tools arm embedded/4.9 2014q4/bin/../lib/gcc/arm-none-eabi/4.9.3/../../../../arm-none-eabi/lib/armv7-m\libc.a(lib_a-svfprintf.o)
                                 0x44 (size before relaxing)
 *fill*         0x08008f82        0x2 
 .rodata.zeroes.6795
                0x08008f84       0x10 c:/program files (x86)/gnu tools arm embedded/4.9 2014q4/bin/../lib/gcc/arm-none-eabi/4.9.3/../../../../arm-none-eabi/lib/armv7-m\libc.a(lib_a-svfprintf.o)
 .rodata.str1.4
                0x08008f94       0x10 c:/program files (x86)/gnu tools arm embedded/4.9 2014q4/bin/../lib/gcc/arm-none-eabi/4.9.3/../../../../arm-none-eabi/lib/armv7-m\libc.a(lib_a-dtoa.o)
                                 0x14 (size before relaxing)
 .rodata.str1.4
                0x08008fa4        0xc c:/program files (x86)/gnu tools arm embedded/4.9 2014q4/bin/../lib/gcc/arm-none-eabi/4.9.3/../../../../arm-none-eabi/lib/armv7-m\libc.a(lib_a-locale.o)
                                 0x14 (size before relaxing)
 .rodata.__mprec_tens
                0x08008fb0       0xc8 c:/program files (x86)/gnu tools arm embedded/4.9 2014q4/bin/../lib/gcc/arm-none-eabi/4.9.3/../../../../arm-none-eabi/lib/armv7-m\libc.a(lib_a-mprec.o)
                0x08008fb0                __mprec_tens
 .rodata.__mprec_bigtens
                0x08009078       0x28 c:/program files (x86)/gnu tools arm embedded/4.9 2014q4/bin/../lib/gcc/arm-none-eabi/4.9.3/../../../../arm-none-eabi/lib/armv7-m\libc.a(lib_a-mprec.o)
                0x08009078                __mprec_bigtens
 .rodata.p05.5265
                0x080090a0        0xc c:/program files (x86)/gnu tools arm embedded/4.9 2014q4/bin/../lib/gcc/arm-none-eabi/4.9.3/../../../../arm-none-eabi/lib/armv7-m\libc.a(lib_a-mprec.o)
 *(.eh_fram e*)

.glue_7         0x080090ac        0x0
 .glue_7        0x00000000        0x0 linker stubs

.glue_7t        0x080090ac        0x0
 .glue_7t       0x00000000        0x0 linker stubs

.vfp11_veneer   0x080090ac        0x0
 .vfp11_veneer  0x00000000        0x0 linker stubs

.v4_bx          0x080090ac        0x0
 .v4_bx         0x00000000        0x0 linker stubs

.iplt           0x080090ac        0x0
 .iplt          0x00000000        0x0 ..\obj\stm32f10x_tim.o

.ARM.extab      0x080090ac      0x1bc
 *(.ARM.extab* .gnu.linkonce.armextab.*)
 .ARM.extab.text._Z9CAN1Setupv
                0x080090ac        0xc ..\obj\CAN.o
 .ARM.extab.text._Z8CAN1SendthPh
                0x080090b8        0xc ..\obj\CAN.o
 .ARM.extab.text._ZN5MOTORC2Ev
                0x080090c4        0x0 ..\obj\main.o
 .ARM.extab.text._ZN4GPIO5setupEP12GPIO_TypeDeft16GPIOMode_TypeDef
                0x080090c4        0xc ..\obj\GPIO.o
 .ARM.extab.text._ZN4GPIO5writeE9BitAction
                0x080090d0        0xc ..\obj\GPIO.o
 .ARM.extab.text._ZN4GPIO4readEv
                0x080090dc        0xc ..\obj\GPIO.o
 .ARM.extab.text._ZN5MOTOR4dutyEl
                0x080090e8        0xc ..\obj\app.o
 .ARM.extab.text._ZN5USART4putsEPKc
                0x080090f4        0xc ..\obj\USART.o
 .ARM.extab.text._ZN5USART6printfEPKcz
                0x08009100        0xc ..\obj\USART.o
 .ARM.extab.text._ZN5USART5setupEP13USART_TypeDefm
                0x0800910c        0xc ..\obj\USART.o
 .ARM.extab.text._ZN5USART4sendEc
                0x08009118        0xc ..\obj\USART.o
 .ARM.extab.text._Z11USART2Setupm
                0x08009124        0xc ..\obj\USART.o
 .ARM.extab.text._Z11USART1Setupm
                0x08009130        0xc ..\obj\USART.o
 .ARM.extab.text._Z13USART2ITSetupt
                0x0800913c        0xc ..\obj\USART.o
 .ARM.extab.text._Z13USART1ITSetupt
                0x08009148        0xc ..\obj\USART.o
 .ARM.extab.text.USART1_IRQHandler
                0x08009154        0xc ..\obj\USART.o
 .ARM.extab.text.USART2_IRQHandler
                0x08009160        0xc ..\obj\USART.o
 .ARM.extab.text._ZN3TIM8pwmSetupEP11TIM_TypeDefttt
                0x0800916c        0xc ..\obj\TIM.o
 .ARM.extab.text._ZN3TIM12encoderSetupEP11TIM_TypeDef
                0x08009178        0xc ..\obj\TIM.o
 .ARM.extab.text._ZN3TIM10timerSetupEP11TIM_TypeDef
                0x08009184        0xc ..\obj\TIM.o
 .ARM.extab.text._Z9TIM1Setupt
                0x08009190        0xc ..\obj\TIM.o
 .ARM.extab.text._Z9TIM2Setupt
                0x0800919c        0xc ..\obj\TIM.o
 .ARM.extab.text._Z9TIM3Setupt
                0x080091a8        0xc ..\obj\TIM.o
 .ARM.extab.text._Z9TIM4Setupt
                0x080091b4        0xc ..\obj\TIM.o
 .ARM.extab.text._Z11TIM1ITSetupt
                0x080091c0        0xc ..\obj\TIM.o
 .ARM.extab.text._Z11TIM2ITSetupt
                0x080091cc        0xc ..\obj\TIM.o
 .ARM.extab.text._Z11TIM3ITSetupt
                0x080091d8        0xc ..\obj\TIM.o
 .ARM.extab.text._Z11TIM4ITSetupt
                0x080091e4        0xc ..\obj\TIM.o
 .ARM.extab.text._Z11OC1PWMSetupP11TIM_TypeDeft
                0x080091f0        0xc ..\obj\TIM.o
 .ARM.extab.text._Z11OC2PWMSetupP11TIM_TypeDeft
                0x080091fc        0xc ..\obj\TIM.o
 .ARM.extab.text._Z11OC3PWMSetupP11TIM_TypeDeft
                0x08009208        0xc ..\obj\TIM.o
 .ARM.extab.text._Z11OC4PWMSetupP11TIM_TypeDeft
                0x08009214        0xc ..\obj\TIM.o
 .ARM.extab.text._Z16TIM1EncoderSetupv
                0x08009220        0xc ..\obj\TIM.o
 .ARM.extab.text._Z16TIM2EncoderSetupv
                0x0800922c        0xc ..\obj\TIM.o
 .ARM.extab.text._Z16TIM3EncoderSetupv
                0x08009238        0xc ..\obj\TIM.o
 .ARM.extab.text._Z16TIM4EncoderSetupv
                0x08009244        0xc ..\obj\TIM.o
 .ARM.extab     0x08009250       0x18 c:/program files (x86)/gnu tools arm embedded/4.9 2014q4/bin/../lib/gcc/arm-none-eabi/4.9.3/armv7-m\libgcc.a(pr-support.o)
                0x08009268                __exidx_start = .

.ARM.exidx      0x08009268      0x238
 *(.ARM.exidx* .gnu.linkonce.armexidx.*)
 .ARM.exidx.text._Z9CAN1Setupv
                0x08009268        0x8 ..\obj\CAN.o
 .ARM.exidx.text._Z8CAN1SendthPh
                0x08009270        0x8 ..\obj\CAN.o
 .ARM.exidx.text.NVIC_SetPriority
                0x08009278        0x8 ..\obj\SYSTEM.o
 .ARM.exidx.text.SysTick_Config
                0x08009280        0x0 ..\obj\SYSTEM.o
                                  0x8 (size before relaxing)
 .ARM.exidx.text._Z5setupv
                0x08009280        0x0 ..\obj\SYSTEM.o
                                  0x8 (size before relaxing)
 .ARM.exidx.text.SysTick_Handler
                0x08009280        0x0 ..\obj\SYSTEM.o
                                  0x8 (size before relaxing)
 .ARM.exidx.text._Z5delaym
                0x08009280        0x0 ..\obj\SYSTEM.o
                                  0x8 (size before relaxing)
 .ARM.exidx.text._ZN5MOTORC2Ev
                0x08009280        0x0 ..\obj\main.o
                                  0x8 (size before relaxing)
 .ARM.exidx.text.main
                0x08009280        0x8 ..\obj\main.o
 .ARM.exidx.text.USB_LP_CAN1_RX0_IRQHandler
                0x08009288        0x8 ..\obj\main.o
 .ARM.exidx.text.TIM4_IRQHandler
                0x08009290        0x0 ..\obj\main.o
                                  0x8 (size before relaxing)
 .ARM.exidx.text.TIM1_UP_IRQHandler
                0x08009290        0x0 ..\obj\main.o
                                  0x8 (size before relaxing)
 .ARM.exidx.text._Z41__static_initialization_and_destruction_0ii
                0x08009290        0x8 ..\obj\main.o
 .ARM.exidx.text._GLOBAL__sub_I_a
                0x08009298        0x0 ..\obj\main.o
                                  0x8 (size before relaxing)
 .ARM.exidx.text._ZN4GPIO5setupEP12GPIO_TypeDeft16GPIOMode_TypeDef
                0x08009298        0x8 ..\obj\GPIO.o
 .ARM.exidx.text._ZN4GPIO5writeE9BitAction
                0x080092a0        0x8 ..\obj\GPIO.o
 .ARM.exidx.text._ZN4GPIO4readEv
                0x080092a8        0x8 ..\obj\GPIO.o
 .ARM.exidx.text._Z9GPIOSetupv
                0x080092b0       0x10 ..\obj\GPIO.o
                                  0x8 (size before relaxing)
 .ARM.exidx.text._ZN5MOTOR5setupER3TIMS1_
                0x080092c0        0x0 ..\obj\app.o
                                  0x8 (size before relaxing)
 .ARM.exidx.text._ZN5MOTOR4dutyEl
                0x080092c0        0x8 ..\obj\app.o
 .ARM.exidx.text.SPI1_IRQHandler
                0x080092c8       0x10 ..\obj\SPI.o
                                  0x8 (size before relaxing)
 .ARM.exidx.text._ZN5USART4putsEPKc
                0x080092d8        0x8 ..\obj\USART.o
 .ARM.exidx.text._ZN5USART6printfEPKcz
                0x080092e0        0x8 ..\obj\USART.o
 .ARM.exidx.text._ZN5USART5setupEP13USART_TypeDefm
                0x080092e8        0x8 ..\obj\USART.o
 .ARM.exidx.text._ZN5USART4sendEc
                0x080092f0        0x8 ..\obj\USART.o
 .ARM.exidx.text._Z11USART2Setupm
                0x080092f8        0x8 ..\obj\USART.o
 .ARM.exidx.text._Z11USART1Setupm
                0x08009300        0x8 ..\obj\USART.o
 .ARM.exidx.text._Z13USART2ITSetupt
                0x08009308        0x8 ..\obj\USART.o
 .ARM.exidx.text._Z13USART1ITSetupt
                0x08009310        0x8 ..\obj\USART.o
 .ARM.exidx.text.USART1_IRQHandler
                0x08009318        0x8 ..\obj\USART.o
 .ARM.exidx.text.USART2_IRQHandler
                0x08009320        0x8 ..\obj\USART.o
 .ARM.exidx.text._ZN3TIM8pwmSetupEP11TIM_TypeDefttt
                0x08009328        0x8 ..\obj\TIM.o
 .ARM.exidx.text._ZN3TIM4dutyEt
                0x08009330        0x8 ..\obj\TIM.o
 .ARM.exidx.text._ZN3TIM12encoderSetupEP11TIM_TypeDef
                0x08009338        0x8 ..\obj\TIM.o
 .ARM.exidx.text._ZN3TIM4readEv
                0x08009340        0x8 ..\obj\TIM.o
 .ARM.exidx.text._ZN3TIM10timerSetupEP11TIM_TypeDef
                0x08009348        0x8 ..\obj\TIM.o
 .ARM.exidx.text._Z9TIM1Setupt
                0x08009350        0x8 ..\obj\TIM.o
 .ARM.exidx.text._Z9TIM2Setupt
                0x08009358        0x8 ..\obj\TIM.o
 .ARM.exidx.text._Z9TIM3Setupt
                0x08009360        0x8 ..\obj\TIM.o
 .ARM.exidx.text._Z9TIM4Setupt
                0x08009368        0x8 ..\obj\TIM.o
 .ARM.exidx.text._Z11TIM1ITSetupt
                0x08009370        0x8 ..\obj\TIM.o
 .ARM.exidx.text._Z11TIM2ITSetupt
                0x08009378        0x8 ..\obj\TIM.o
 .ARM.exidx.text._Z11TIM3ITSetupt
                0x08009380        0x8 ..\obj\TIM.o
 .ARM.exidx.text._Z11TIM4ITSetupt
                0x08009388        0x8 ..\obj\TIM.o
 .ARM.exidx.text._Z11OC1PWMSetupP11TIM_TypeDeft
                0x08009390        0x8 ..\obj\TIM.o
 .ARM.exidx.text._Z11OC2PWMSetupP11TIM_TypeDeft
                0x08009398        0x8 ..\obj\TIM.o
 .ARM.exidx.text._Z11OC3PWMSetupP11TIM_TypeDeft
                0x080093a0        0x8 ..\obj\TIM.o
 .ARM.exidx.text._Z11OC4PWMSetupP11TIM_TypeDeft
                0x080093a8        0x8 ..\obj\TIM.o
 .ARM.exidx.text._Z10OC1DutySetP11TIM_TypeDeft
                0x080093b0        0x8 ..\obj\TIM.o
 .ARM.exidx.text._Z10OC2DutySetP11TIM_TypeDeft
                0x080093b8        0x0 ..\obj\TIM.o
                                  0x8 (size before relaxing)
 .ARM.exidx.text._Z10OC3DutySetP11TIM_TypeDeft
                0x080093b8        0x0 ..\obj\TIM.o
                                  0x8 (size before relaxing)
 .ARM.exidx.text._Z10OC4DutySetP11TIM_TypeDeft
                0x080093b8        0x0 ..\obj\TIM.o
                                  0x8 (size before relaxing)
 .ARM.exidx.text._Z16TIM1EncoderSetupv
                0x080093b8        0x8 ..\obj\TIM.o
 .ARM.exidx.text._Z16TIM2EncoderSetupv
                0x080093c0        0x8 ..\obj\TIM.o
 .ARM.exidx.text._Z16TIM3EncoderSetupv
                0x080093c8        0x8 ..\obj\TIM.o
 .ARM.exidx.text._Z16TIM4EncoderSetupv
                0x080093d0        0x8 ..\obj\TIM.o
 .ARM.exidx.text._Z8TIM1Readv
                0x080093d8        0x8 ..\obj\TIM.o
 .ARM.exidx.text._Z8TIM2Readv
                0x080093e0        0x0 ..\obj\TIM.o
                                  0x8 (size before relaxing)
 .ARM.exidx.text._Z8TIM3Readv
                0x080093e0        0x0 ..\obj\TIM.o
                                  0x8 (size before relaxing)
 .ARM.exidx.text._Z8TIM4Readv
                0x080093e0        0x0 ..\obj\TIM.o
                                  0x8 (size before relaxing)
 .ARM.exidx.text._Z16TIM2_ENCODER_IRQv
                0x080093e0        0x0 ..\obj\TIM.o
                                  0x8 (size before relaxing)
 .ARM.exidx.text._Z16TIM3_ENCODER_IRQv
                0x080093e0        0x0 ..\obj\TIM.o
                                  0x8 (size before relaxing)
 .ARM.exidx.text._Z19TIM2_TIM_Update_IRQv
                0x080093e0        0x0 ..\obj\TIM.o
                                  0x8 (size before relaxing)
 .ARM.exidx.text._Z19TIM3_TIM_Update_IRQv
                0x080093e0        0x0 ..\obj\TIM.o
                                  0x8 (size before relaxing)
 .ARM.exidx.text.TIM2_IRQHandler
                0x080093e0        0x8 ..\obj\TIM.o
 .ARM.exidx.text.TIM3_IRQHandler
                0x080093e8        0x0 ..\obj\TIM.o
                                  0x8 (size before relaxing)
 .ARM.exidx     0x080093e8       0x80 c:/program files (x86)/gnu tools arm embedded/4.9 2014q4/bin/../lib/gcc/arm-none-eabi/4.9.3/armv7-m\libgcc.a(unwind-arm.o)
                                 0xd8 (size before relaxing)
 .ARM.exidx     0x08009468       0x38 c:/program files (x86)/gnu tools arm embedded/4.9 2014q4/bin/../lib/gcc/arm-none-eabi/4.9.3/armv7-m\libgcc.a(pr-support.o)
                                 0x48 (size before relaxing)
 .ARM.exidx     0x080094a0        0x0 c:/program files (x86)/gnu tools arm embedded/4.9 2014q4/bin/../lib/gcc/arm-none-eabi/4.9.3/armv7-m\libgcc.a(_divdi3.o)
                                  0x8 (size before relaxing)
 .ARM.exidx     0x080094a0        0x0 c:/program files (x86)/gnu tools arm embedded/4.9 2014q4/bin/../lib/gcc/arm-none-eabi/4.9.3/armv7-m\libgcc.a(_udivdi3.o)
                                  0x8 (size before relaxing)
                0x080094a0                __exidx_end = .
                0x080094a0                __etext = .
                0x080094a0                _sidata = __etext

.rel.dyn        0x080094a0        0x0
 .rel.iplt      0x00000000        0x0 ..\obj\stm32f10x_tim.o

.data           0x20000000      0x8a8 load address 0x080094a0
                0x20000000                __data_start__ = .
                0x20000000                _sdata = __data_start__
 *(vtable)
 *(.data*)
 .data          0x20000000       0x14 ..\obj\system_stm32f10x.o
                0x20000000                SystemCoreClock
                0x20000004                AHBPrescTable
 .data          0x20000014       0x14 ..\obj\stm32f10x_rcc.o
 .data          0x20000028        0x4 ..\obj\USART.o
                0x20000028                USART::usart1RxAddress
                0x2000002a                USART::usart2RxAddress
 *fill*         0x2000002c        0x4 
 .data.impure_data
                0x20000030      0x428 c:/program files (x86)/gnu tools arm embedded/4.9 2014q4/bin/../lib/gcc/arm-none-eabi/4.9.3/../../../../arm-none-eabi/lib/armv7-m\libc.a(lib_a-impure.o)
 .data._impure_ptr
                0x20000458        0x4 c:/program files (x86)/gnu tools arm embedded/4.9 2014q4/bin/../lib/gcc/arm-none-eabi/4.9.3/../../../../arm-none-eabi/lib/armv7-m\libc.a(lib_a-impure.o)
                0x20000458                _impure_ptr
 .data.lconv    0x2000045c       0x38 c:/program files (x86)/gnu tools arm embedded/4.9 2014q4/bin/../lib/gcc/arm-none-eabi/4.9.3/../../../../arm-none-eabi/lib/armv7-m\libc.a(lib_a-locale.o)
 .data.__malloc_av_
                0x20000494      0x408 c:/program files (x86)/gnu tools arm embedded/4.9 2014q4/bin/../lib/gcc/arm-none-eabi/4.9.3/../../../../arm-none-eabi/lib/armv7-m\libc.a(lib_a-mallocr.o)
                0x20000494                __malloc_av_
 .data.__malloc_trim_threshold
                0x2000089c        0x4 c:/program files (x86)/gnu tools arm embedded/4.9 2014q4/bin/../lib/gcc/arm-none-eabi/4.9.3/../../../../arm-none-eabi/lib/armv7-m\libc.a(lib_a-mallocr.o)
                0x2000089c                __malloc_trim_threshold
 .data.__malloc_sbrk_base
                0x200008a0        0x4 c:/program files (x86)/gnu tools arm embedded/4.9 2014q4/bin/../lib/gcc/arm-none-eabi/4.9.3/../../../../arm-none-eabi/lib/armv7-m\libc.a(lib_a-mallocr.o)
                0x200008a0                __malloc_sbrk_base
                0x200008a4                . = ALIGN (0x4)
                0x200008a4                PROVIDE (__preinit_array_start, .)
 *(.preinit_array)
                0x200008a4                PROVIDE (__preinit_array_end, .)
                0x200008a4                . = ALIGN (0x4)
                0x200008a4                PROVIDE (__init_array_start, .)
 *(SORT(.init_array.*))
 *(.init_array)
 .init_array    0x200008a4        0x4 ..\obj\main.o
                0x200008a8                PROVIDE (__init_array_end, .)
                0x200008a8                . = ALIGN (0x4)
                0x200008a8                PROVIDE (__fini_array_start, .)
 *(SORT(.fini_array.*))
 *(.fini_array)
                0x200008a8                PROVIDE (__fini_array_end, .)
 *(.jcr*)
                0x200008a8                . = ALIGN (0x4)
                0x200008a8                __data_end__ = .
                0x200008a8                _edata = __data_end__

.igot.plt       0x200008a8        0x0 load address 0x08009d48
 .igot.plt      0x00000000        0x0 ..\obj\stm32f10x_tim.o

.bss            0x200008a8      0x494 load address 0x08009d48
                0x200008a8                . = ALIGN (0x4)
                0x200008a8                __bss_start__ = .
                0x200008a8                _sbss = __bss_start__
 *(.bss*)
 .bss           0x200008a8       0x10 ..\obj\SYSTEM.o
 .bss           0x200008b8      0x218 ..\obj\main.o
                0x200008b8                a
                0x200008ba                rxFlag
                0x200008bc                encOld
                0x200008c0                encPwm
                0x200008c4                canData
                0x200008cc                canAddress
                0x200008d0                intervalTimer
                0x200008d8                timCnt
                0x200008e0                RxMessage
                0x200008f4                encAa
                0x20000900                encAb
                0x2000090c                encBa
                0x20000918                encBb
                0x20000924                sw1
                0x20000930                sw2
                0x2000093c                buzzer
                0x20000948                ledA
                0x20000954                ledB
                0x20000960                sel1
                0x2000096c                sel2
                0x20000978                sel4
                0x20000984                sel8
                0x20000990                motorEN
                0x2000099c                limitA1
                0x200009a8                limitA2
                0x200009b4                limitB1
                0x200009c0                limitB2
                0x200009cc                usartTX
                0x200009d8                usartRX
                0x200009e4                canTX
                0x200009f0                canRX
                0x200009fc                spiNSS
                0x20000a08                spiSCK
                0x20000a14                spiMOSI
                0x20000a20                spiMISO
                0x20000a2c                pinPwmA
                0x20000a38                pinPwmAN
                0x20000a44                pinPwmB
                0x20000a50                pinPwmBN
                0x20000a5c                timer
                0x20000a68                pwmA
                0x20000a74                pwmAN
                0x20000a80                pwmB
                0x20000a8c                pwmBN
                0x20000a98                encA
                0x20000aa4                encB
                0x20000ab0                serial
                0x20000ab4                motorA
                0x20000ac0                motorB
 .bss           0x20000ad0        0x4 ..\obj\syscalls.o
 .bss           0x20000ad4      0x210 ..\obj\USART.o
                0x20000ad4                USART::usart1RxBuffer
                0x20000b54                USART::usart1ReadAddress
                0x20000b58                USART::usart2RxBuffer
                0x20000bd8                USART::usart2ReadAddress
                0x20000bdc                USART::usart1TxBuffer
                0x20000c5c                USART::usart1TxSendAddress
                0x20000c5e                USART::usart1TxWriteAddress
                0x20000c60                USART::usart2TxBuffer
                0x20000ce0                USART::usart2TxSendAddress
                0x20000ce2                USART::usart2TxWriteAddress
 .bss           0x20000ce4       0x20 ..\obj\TIM.o
                0x20000ce4                TIM::tim1_mode
                0x20000ce8                TIM::tim2_mode
                0x20000cec                TIM::tim3_mode
                0x20000cf0                TIM::tim4_mode
                0x20000cf4                TIM::tim1Cnt
                0x20000cf8                TIM::tim2Cnt
                0x20000cfc                TIM::tim3Cnt
                0x20000d00                TIM::tim4Cnt
 .bss.__malloc_max_total_mem
                0x20000d04        0x4 c:/program files (x86)/gnu tools arm embedded/4.9 2014q4/bin/../lib/gcc/arm-none-eabi/4.9.3/../../../../arm-none-eabi/lib/armv7-m\libc.a(lib_a-mallocr.o)
                0x20000d04                __malloc_max_total_mem
 .bss.__malloc_max_sbrked_mem
                0x20000d08        0x4 c:/program files (x86)/gnu tools arm embedded/4.9 2014q4/bin/../lib/gcc/arm-none-eabi/4.9.3/../../../../arm-none-eabi/lib/armv7-m\libc.a(lib_a-mallocr.o)
                0x20000d08                __malloc_max_sbrked_mem
 .bss.__malloc_top_pad
                0x20000d0c        0x4 c:/program files (x86)/gnu tools arm embedded/4.9 2014q4/bin/../lib/gcc/arm-none-eabi/4.9.3/../../../../arm-none-eabi/lib/armv7-m\libc.a(lib_a-mallocr.o)
                0x20000d0c                __malloc_top_pad
 .bss.__malloc_current_mallinfo
                0x20000d10       0x28 c:/program files (x86)/gnu tools arm embedded/4.9 2014q4/bin/../lib/gcc/arm-none-eabi/4.9.3/../../../../arm-none-eabi/lib/armv7-m\libc.a(lib_a-mallocr.o)
                0x20000d10                __malloc_current_mallinfo
 *(COMMON)
 COMMON         0x20000d38        0x4 c:/program files (x86)/gnu tools arm embedded/4.9 2014q4/bin/../lib/gcc/arm-none-eabi/4.9.3/../../../../arm-none-eabi/lib/armv7-m\libc.a(lib_a-reent.o)
                0x20000d38                errno
                0x20000d3c                . = ALIGN (0x4)
                0x20000d3c                __bss_end__ = .
                0x20000d3c                _ebss = __bss_end__

.heap           0x20000d3c        0x0
                0x20000d3c                __end__ = .
                0x20000d3c                _end = __end__
                0x20000d3c                end = __end__
 *(.heap*)
                0x20000d3c                __HeapLimit = .

.co_stack       0x20000d3c      0x404 load address 0x0800a1dc
                0x20000d40                . = ALIGN (0x8)
 *fill*         0x20000d3c        0x4 
 *(.co_stack .co_stack.*)
 .co_stack      0x20000d40      0x400 ..\obj\startup_stm32f10x_md.o
                0x20000d40                pulStack
                0x20005000                __StackTop = (ORIGIN (ram) + 0x5000)
                0x20004bfc                __StackLimit = (__StackTop - SIZEOF (.co_stack))
                0x20005000                PROVIDE (__stack, __StackTop)
                0x00000001                ASSERT ((__StackLimit >= __HeapLimit), region ram  overflowed with stack)
LOAD ..\obj\stm32f10x_tim.o
LOAD ..\obj\system_stm32f10x.o
LOAD ..\obj\CAN.o
LOAD ..\obj\SYSTEM.o
LOAD ..\obj\startup_stm32f10x_md.o
LOAD ..\obj\stm32f10x_can.o
LOAD ..\obj\stm32f10x_gpio.o
LOAD ..\obj\main.o
LOAD ..\obj\GPIO.o
LOAD ..\obj\ADC.o
LOAD ..\obj\stm32f10x_rcc.o
LOAD ..\obj\stm32f10x_exti.o
LOAD ..\obj\stm32f10x_adc.o
LOAD ..\obj\stm32f10x_usart.o
LOAD ..\obj\syscalls.o
LOAD ..\obj\app.o
LOAD ..\obj\SPI.o
LOAD ..\obj\REMAP.o
LOAD ..\obj\misc.o
LOAD ..\obj\stm32f10x_spi.o
LOAD ..\obj\USART.o
LOAD ..\obj\TIM.o
LOAD c:/program files (x86)/gnu tools arm embedded/4.9 2014q4/bin/../lib/gcc/arm-none-eabi/4.9.3/../../../../arm-none-eabi/lib/armv7-m\libm.a
LOAD c:/program files (x86)/gnu tools arm embedded/4.9 2014q4/bin/../lib/gcc/arm-none-eabi/4.9.3/armv7-m\libgcc.a
LOAD c:/program files (x86)/gnu tools arm embedded/4.9 2014q4/bin/../lib/gcc/arm-none-eabi/4.9.3/../../../../arm-none-eabi/lib/armv7-m\libc.a
LOAD c:/program files (x86)/gnu tools arm embedded/4.9 2014q4/bin/../lib/gcc/arm-none-eabi/4.9.3/../../../../arm-none-eabi/lib/armv7-m\libstdc++.a
START GROUP
LOAD c:/program files (x86)/gnu tools arm embedded/4.9 2014q4/bin/../lib/gcc/arm-none-eabi/4.9.3/armv7-m\libgcc.a
LOAD c:/program files (x86)/gnu tools arm embedded/4.9 2014q4/bin/../lib/gcc/arm-none-eabi/4.9.3/../../../../arm-none-eabi/lib/armv7-m\libg.a
LOAD c:/program files (x86)/gnu tools arm embedded/4.9 2014q4/bin/../lib/gcc/arm-none-eabi/4.9.3/../../../../arm-none-eabi/lib/armv7-m\libc.a
END GROUP
OUTPUT(F103_48.elf elf32-littlearm)

.debug_info     0x00000000     0xa120
 .debug_info    0x00000000     0x1c58 ..\obj\stm32f10x_tim.o
 .debug_info    0x00001c58      0x479 ..\obj\system_stm32f10x.o
 .debug_info    0x000020d1      0x74a ..\obj\CAN.o
 .debug_info    0x0000281b      0x618 ..\obj\SYSTEM.o
 .debug_info    0x00002e33       0xfc ..\obj\startup_stm32f10x_md.o
 .debug_info    0x00002f2f      0xb9c ..\obj\stm32f10x_can.o
 .debug_info    0x00003acb      0x6e7 ..\obj\stm32f10x_gpio.o
 .debug_info    0x000041b2     0x112d ..\obj\main.o
 .debug_info    0x000052df      0x4d5 ..\obj\GPIO.o
 .debug_info    0x000057b4      0x88d ..\obj\stm32f10x_rcc.o
 .debug_info    0x00006041      0x9e8 ..\obj\stm32f10x_usart.o
 .debug_info    0x00006a29      0x3ee ..\obj\syscalls.o
 .debug_info    0x00006e17      0x630 ..\obj\app.o
 .debug_info    0x00007447      0x496 ..\obj\SPI.o
 .debug_info    0x000078dd      0x53d ..\obj\misc.o
 .debug_info    0x00007e1a      0x8f3 ..\obj\stm32f10x_spi.o
 .debug_info    0x0000870d      0x999 ..\obj\USART.o
 .debug_info    0x000090a6     0x107a ..\obj\TIM.o

.debug_abbrev   0x00000000     0x1df6
 .debug_abbrev  0x00000000      0x1b0 ..\obj\stm32f10x_tim.o
 .debug_abbrev  0x000001b0      0x14c ..\obj\system_stm32f10x.o
 .debug_abbrev  0x000002fc      0x175 ..\obj\CAN.o
 .debug_abbrev  0x00000471      0x1b7 ..\obj\SYSTEM.o
 .debug_abbrev  0x00000628       0xae ..\obj\startup_stm32f10x_md.o
 .debug_abbrev  0x000006d6      0x1f3 ..\obj\stm32f10x_can.o
 .debug_abbrev  0x000008c9      0x1c8 ..\obj\stm32f10x_gpio.o
 .debug_abbrev  0x00000a91      0x2f4 ..\obj\main.o
 .debug_abbrev  0x00000d85      0x1cf ..\obj\GPIO.o
 .debug_abbrev  0x00000f54      0x1ba ..\obj\stm32f10x_rcc.o
 .debug_abbrev  0x0000110e      0x162 ..\obj\stm32f10x_usart.o
 .debug_abbrev  0x00001270       0xe2 ..\obj\syscalls.o
 .debug_abbrev  0x00001352      0x1c3 ..\obj\app.o
 .debug_abbrev  0x00001515      0x125 ..\obj\SPI.o
 .debug_abbrev  0x0000163a      0x145 ..\obj\misc.o
 .debug_abbrev  0x0000177f      0x17e ..\obj\stm32f10x_spi.o
 .debug_abbrev  0x000018fd      0x25b ..\obj\USART.o
 .debug_abbrev  0x00001b58      0x29e ..\obj\TIM.o

.debug_aranges  0x00000000      0xbc8
 .debug_aranges
                0x00000000      0x2f0 ..\obj\stm32f10x_tim.o
 .debug_aranges
                0x000002f0       0x38 ..\obj\system_stm32f10x.o
 .debug_aranges
                0x00000328       0x28 ..\obj\CAN.o
 .debug_aranges
                0x00000350       0x48 ..\obj\SYSTEM.o
 .debug_aranges
                0x00000398       0x28 ..\obj\startup_stm32f10x_md.o
 .debug_aranges
                0x000003c0       0xe0 ..\obj\stm32f10x_can.o
 .debug_aranges
                0x000004a0       0xa8 ..\obj\stm32f10x_gpio.o
 .debug_aranges
                0x00000548       0x50 ..\obj\main.o
 .debug_aranges
                0x00000598       0x58 ..\obj\GPIO.o
 .debug_aranges
                0x000005f0      0x118 ..\obj\stm32f10x_rcc.o
 .debug_aranges
                0x00000708      0x100 ..\obj\stm32f10x_usart.o
 .debug_aranges
                0x00000808       0x60 ..\obj\syscalls.o
 .debug_aranges
                0x00000868       0x30 ..\obj\app.o
 .debug_aranges
                0x00000898       0x28 ..\obj\SPI.o
 .debug_aranges
                0x000008c0       0x40 ..\obj\misc.o
 .debug_aranges
                0x00000900       0xd0 ..\obj\stm32f10x_spi.o
 .debug_aranges
                0x000009d0       0x80 ..\obj\USART.o
 .debug_aranges
                0x00000a50      0x178 ..\obj\TIM.o

.debug_ranges   0x00000000      0xaa8
 .debug_ranges  0x00000000      0x2e0 ..\obj\stm32f10x_tim.o
 .debug_ranges  0x000002e0       0x28 ..\obj\system_stm32f10x.o
 .debug_ranges  0x00000308       0x18 ..\obj\CAN.o
 .debug_ranges  0x00000320       0x38 ..\obj\SYSTEM.o
 .debug_ranges  0x00000358       0x18 ..\obj\startup_stm32f10x_md.o
 .debug_ranges  0x00000370       0xd0 ..\obj\stm32f10x_can.o
 .debug_ranges  0x00000440       0x98 ..\obj\stm32f10x_gpio.o
 .debug_ranges  0x000004d8       0x40 ..\obj\main.o
 .debug_ranges  0x00000518       0x48 ..\obj\GPIO.o
 .debug_ranges  0x00000560      0x108 ..\obj\stm32f10x_rcc.o
 .debug_ranges  0x00000668       0xf0 ..\obj\stm32f10x_usart.o
 .debug_ranges  0x00000758       0x50 ..\obj\syscalls.o
 .debug_ranges  0x000007a8       0x20 ..\obj\app.o
 .debug_ranges  0x000007c8       0x18 ..\obj\SPI.o
 .debug_ranges  0x000007e0       0x30 ..\obj\misc.o
 .debug_ranges  0x00000810       0xc0 ..\obj\stm32f10x_spi.o
 .debug_ranges  0x000008d0       0x70 ..\obj\USART.o
 .debug_ranges  0x00000940      0x168 ..\obj\TIM.o

.debug_line     0x00000000     0x42e9
 .debug_line    0x00000000      0xb0b ..\obj\stm32f10x_tim.o
 .debug_line    0x00000b0b      0x231 ..\obj\system_stm32f10x.o
 .debug_line    0x00000d3c      0x260 ..\obj\CAN.o
 .debug_line    0x00000f9c      0x256 ..\obj\SYSTEM.o
 .debug_line    0x000011f2       0xaf ..\obj\startup_stm32f10x_md.o
 .debug_line    0x000012a1      0x580 ..\obj\stm32f10x_can.o
 .debug_line    0x00001821      0x3e3 ..\obj\stm32f10x_gpio.o
 .debug_line    0x00001c04      0x398 ..\obj\main.o
 .debug_line    0x00001f9c      0x2b0 ..\obj\GPIO.o
 .debug_line    0x0000224c      0x4f0 ..\obj\stm32f10x_rcc.o
 .debug_line    0x0000273c      0x4c6 ..\obj\stm32f10x_usart.o
 .debug_line    0x00002c02      0x182 ..\obj\syscalls.o
 .debug_line    0x00002d84      0x20f ..\obj\app.o
 .debug_line    0x00002f93      0x27f ..\obj\SPI.o
 .debug_line    0x00003212      0x271 ..\obj\misc.o
 .debug_line    0x00003483      0x44e ..\obj\stm32f10x_spi.o
 .debug_line    0x000038d1      0x3ef ..\obj\USART.o
 .debug_line    0x00003cc0      0x629 ..\obj\TIM.o

.debug_str      0x00000000     0x3d47
 .debug_str     0x00000000      0xccb ..\obj\stm32f10x_tim.o
                                0xdf2 (size before relaxing)
 .debug_str     0x00000ccb      0x171 ..\obj\system_stm32f10x.o
                                0x304 (size before relaxing)
 .debug_str     0x00000e3c      0x6cd ..\obj\CAN.o
                                0x8c3 (size before relaxing)
 .debug_str     0x00001509      0x138 ..\obj\SYSTEM.o
                                0x648 (size before relaxing)
 .debug_str     0x00001641       0xca ..\obj\startup_stm32f10x_md.o
                                0x161 (size before relaxing)
 .debug_str     0x0000170b      0x327 ..\obj\stm32f10x_can.o
                                0x743 (size before relaxing)
 .debug_str     0x00001a32      0x340 ..\obj\stm32f10x_gpio.o
                                0x52e (size before relaxing)
 .debug_str     0x00001d72      0x668 ..\obj\main.o
                                0xbe6 (size before relaxing)
 .debug_str     0x000023da      0x125 ..\obj\GPIO.o
                                0x515 (size before relaxing)
 .debug_str     0x000024ff      0x3e9 ..\obj\stm32f10x_rcc.o
                                0x62f (size before relaxing)
 .debug_str     0x000028e8      0x417 ..\obj\stm32f10x_usart.o
                                0x6a5 (size before relaxing)
 .debug_str     0x00002cff      0x16d ..\obj\syscalls.o
                                0x2e6 (size before relaxing)
 .debug_str     0x00002e6c       0x5d ..\obj\app.o
                                0x524 (size before relaxing)
 .debug_str     0x00002ec9      0x150 ..\obj\SPI.o
                                0x705 (size before relaxing)
 .debug_str     0x00003019      0x118 ..\obj\misc.o
                                0x3d3 (size before relaxing)
 .debug_str     0x00003131      0x2d2 ..\obj\stm32f10x_spi.o
                                0x612 (size before relaxing)
 .debug_str     0x00003403      0x2ae ..\obj\USART.o
                                0xab7 (size before relaxing)
 .debug_str     0x000036b1      0x696 ..\obj\TIM.o
                               0x1050 (size before relaxing)

.comment        0x00000000       0x70
 .comment       0x00000000       0x70 ..\obj\stm32f10x_tim.o
                                 0x71 (size before relaxing)
 .comment       0x00000000       0x71 ..\obj\system_stm32f10x.o
 .comment       0x00000000       0x71 ..\obj\CAN.o
 .comment       0x00000000       0x71 ..\obj\SYSTEM.o
 .comment       0x00000000       0x71 ..\obj\startup_stm32f10x_md.o
 .comment       0x00000000       0x71 ..\obj\stm32f10x_can.o
 .comment       0x00000000       0x71 ..\obj\stm32f10x_gpio.o
 .comment       0x00000000       0x71 ..\obj\main.o
 .comment       0x00000000       0x71 ..\obj\GPIO.o
 .comment       0x00000000       0x71 ..\obj\stm32f10x_rcc.o
 .comment       0x00000000       0x71 ..\obj\stm32f10x_usart.o
 .comment       0x00000000       0x71 ..\obj\syscalls.o
 .comment       0x00000000       0x71 ..\obj\app.o
 .comment       0x00000000       0x71 ..\obj\SPI.o
 .comment       0x00000000       0x71 ..\obj\misc.o
 .comment       0x00000000       0x71 ..\obj\stm32f10x_spi.o
 .comment       0x00000000       0x71 ..\obj\USART.o
 .comment       0x00000000       0x71 ..\obj\TIM.o

.ARM.attributes
                0x00000000       0x31
 .ARM.attributes
                0x00000000       0x33 ..\obj\stm32f10x_tim.o
 .ARM.attributes
                0x00000033       0x33 ..\obj\system_stm32f10x.o
 .ARM.attributes
                0x00000066       0x33 ..\obj\CAN.o
 .ARM.attributes
                0x00000099       0x33 ..\obj\SYSTEM.o
 .ARM.attributes
                0x000000cc       0x33 ..\obj\startup_stm32f10x_md.o
 .ARM.attributes
                0x000000ff       0x33 ..\obj\stm32f10x_can.o
 .ARM.attributes
                0x00000132       0x33 ..\obj\stm32f10x_gpio.o
 .ARM.attributes
                0x00000165       0x33 ..\obj\main.o
 .ARM.attributes
                0x00000198       0x33 ..\obj\GPIO.o
 .ARM.attributes
                0x000001cb       0x33 ..\obj\stm32f10x_rcc.o
 .ARM.attributes
                0x000001fe       0x33 ..\obj\stm32f10x_usart.o
 .ARM.attributes
                0x00000231       0x33 ..\obj\syscalls.o
 .ARM.attributes
                0x00000264       0x33 ..\obj\app.o
 .ARM.attributes
                0x00000297       0x33 ..\obj\SPI.o
 .ARM.attributes
                0x000002ca       0x33 ..\obj\misc.o
 .ARM.attributes
                0x000002fd       0x33 ..\obj\stm32f10x_spi.o
 .ARM.attributes
                0x00000330       0x33 ..\obj\USART.o
 .ARM.attributes
                0x00000363       0x33 ..\obj\TIM.o
 .ARM.attributes
                0x00000396       0x1b c:/program files (x86)/gnu tools arm embedded/4.9 2014q4/bin/../lib/gcc/arm-none-eabi/4.9.3/../../../../arm-none-eabi/lib/armv7-m\libc.a(lib_a-memcpy.o)
 .ARM.attributes
                0x000003b1       0x2d c:/program files (x86)/gnu tools arm embedded/4.9 2014q4/bin/../lib/gcc/arm-none-eabi/4.9.3/../../../../arm-none-eabi/lib/armv7-m\libc.a(lib_a-vsprintf.o)
 .ARM.attributes
                0x000003de       0x2d c:/program files (x86)/gnu tools arm embedded/4.9 2014q4/bin/../lib/gcc/arm-none-eabi/4.9.3/../../../../arm-none-eabi/lib/armv7-m\libc.a(lib_a-impure.o)
 .ARM.attributes
                0x0000040b       0x2d c:/program files (x86)/gnu tools arm embedded/4.9 2014q4/bin/../lib/gcc/arm-none-eabi/4.9.3/../../../../arm-none-eabi/lib/armv7-m\libc.a(lib_a-svfprintf.o)
 .ARM.attributes
                0x00000438       0x2d c:/program files (x86)/gnu tools arm embedded/4.9 2014q4/bin/../lib/gcc/arm-none-eabi/4.9.3/../../../../arm-none-eabi/lib/armv7-m\libc.a(lib_a-dtoa.o)
 .ARM.attributes
                0x00000465       0x2d c:/program files (x86)/gnu tools arm embedded/4.9 2014q4/bin/../lib/gcc/arm-none-eabi/4.9.3/../../../../arm-none-eabi/lib/armv7-m\libc.a(lib_a-locale.o)
 .ARM.attributes
                0x00000492       0x2d c:/program files (x86)/gnu tools arm embedded/4.9 2014q4/bin/../lib/gcc/arm-none-eabi/4.9.3/../../../../arm-none-eabi/lib/armv7-m\libc.a(lib_a-mallocr.o)
 .ARM.attributes
                0x000004bf       0x2d c:/program files (x86)/gnu tools arm embedded/4.9 2014q4/bin/../lib/gcc/arm-none-eabi/4.9.3/../../../../arm-none-eabi/lib/armv7-m\libc.a(lib_a-memchr.o)
 .ARM.attributes
                0x000004ec       0x2d c:/program files (x86)/gnu tools arm embedded/4.9 2014q4/bin/../lib/gcc/arm-none-eabi/4.9.3/../../../../arm-none-eabi/lib/armv7-m\libc.a(lib_a-mlock.o)
 .ARM.attributes
                0x00000519       0x2d c:/program files (x86)/gnu tools arm embedded/4.9 2014q4/bin/../lib/gcc/arm-none-eabi/4.9.3/../../../../arm-none-eabi/lib/armv7-m\libc.a(lib_a-mprec.o)
 .ARM.attributes
                0x00000546       0x2d c:/program files (x86)/gnu tools arm embedded/4.9 2014q4/bin/../lib/gcc/arm-none-eabi/4.9.3/../../../../arm-none-eabi/lib/armv7-m\libc.a(lib_a-s_fpclassify.o)
 .ARM.attributes
                0x00000573       0x2d c:/program files (x86)/gnu tools arm embedded/4.9 2014q4/bin/../lib/gcc/arm-none-eabi/4.9.3/../../../../arm-none-eabi/lib/armv7-m\libc.a(lib_a-sbrkr.o)
 .ARM.attributes
                0x000005a0       0x2d c:/program files (x86)/gnu tools arm embedded/4.9 2014q4/bin/../lib/gcc/arm-none-eabi/4.9.3/../../../../arm-none-eabi/lib/armv7-m\libc.a(lib_a-strlen.o)
 .ARM.attributes
                0x000005cd       0x2d c:/program files (x86)/gnu tools arm embedded/4.9 2014q4/bin/../lib/gcc/arm-none-eabi/4.9.3/../../../../arm-none-eabi/lib/armv7-m\libc.a(lib_a-svfiprintf.o)
 .ARM.attributes
                0x000005fa       0x2d c:/program files (x86)/gnu tools arm embedded/4.9 2014q4/bin/../lib/gcc/arm-none-eabi/4.9.3/../../../../arm-none-eabi/lib/armv7-m\libc.a(lib_a-callocr.o)
 .ARM.attributes
                0x00000627       0x2d c:/program files (x86)/gnu tools arm embedded/4.9 2014q4/bin/../lib/gcc/arm-none-eabi/4.9.3/../../../../arm-none-eabi/lib/armv7-m\libc.a(lib_a-freer.o)
 .ARM.attributes
                0x00000654       0x2d c:/program files (x86)/gnu tools arm embedded/4.9 2014q4/bin/../lib/gcc/arm-none-eabi/4.9.3/../../../../arm-none-eabi/lib/armv7-m\libc.a(lib_a-memmove.o)
 .ARM.attributes
                0x00000681       0x2d c:/program files (x86)/gnu tools arm embedded/4.9 2014q4/bin/../lib/gcc/arm-none-eabi/4.9.3/../../../../arm-none-eabi/lib/armv7-m\libc.a(lib_a-memset.o)
 .ARM.attributes
                0x000006ae       0x2d c:/program files (x86)/gnu tools arm embedded/4.9 2014q4/bin/../lib/gcc/arm-none-eabi/4.9.3/../../../../arm-none-eabi/lib/armv7-m\libc.a(lib_a-reallocr.o)
 .ARM.attributes
                0x000006db       0x2d c:/program files (x86)/gnu tools arm embedded/4.9 2014q4/bin/../lib/gcc/arm-none-eabi/4.9.3/../../../../arm-none-eabi/lib/armv7-m\libc.a(lib_a-reent.o)
 .ARM.attributes
                0x00000708       0x1d c:/program files (x86)/gnu tools arm embedded/4.9 2014q4/bin/../lib/gcc/arm-none-eabi/4.9.3/armv7-m\libgcc.a(_arm_addsubdf3.o)
 .ARM.attributes
                0x00000725       0x1d c:/program files (x86)/gnu tools arm embedded/4.9 2014q4/bin/../lib/gcc/arm-none-eabi/4.9.3/armv7-m\libgcc.a(_arm_muldivdf3.o)
 .ARM.attributes
                0x00000742       0x1d c:/program files (x86)/gnu tools arm embedded/4.9 2014q4/bin/../lib/gcc/arm-none-eabi/4.9.3/armv7-m\libgcc.a(_arm_cmpdf2.o)
 .ARM.attributes
                0x0000075f       0x1d c:/program files (x86)/gnu tools arm embedded/4.9 2014q4/bin/../lib/gcc/arm-none-eabi/4.9.3/armv7-m\libgcc.a(_arm_fixdfsi.o)
 .ARM.attributes
                0x0000077c       0x1d c:/program files (x86)/gnu tools arm embedded/4.9 2014q4/bin/../lib/gcc/arm-none-eabi/4.9.3/armv7-m\libgcc.a(_aeabi_uldivmod.o)
 .ARM.attributes
                0x00000799       0x2d c:/program files (x86)/gnu tools arm embedded/4.9 2014q4/bin/../lib/gcc/arm-none-eabi/4.9.3/armv7-m\libgcc.a(bpabi.o)
 .ARM.attributes
                0x000007c6       0x1d c:/program files (x86)/gnu tools arm embedded/4.9 2014q4/bin/../lib/gcc/arm-none-eabi/4.9.3/armv7-m\libgcc.a(_dvmd_tls.o)
 .ARM.attributes
                0x000007e3       0x2d c:/program files (x86)/gnu tools arm embedded/4.9 2014q4/bin/../lib/gcc/arm-none-eabi/4.9.3/armv7-m\libgcc.a(_divdi3.o)
 .ARM.attributes
                0x00000810       0x2d c:/program files (x86)/gnu tools arm embedded/4.9 2014q4/bin/../lib/gcc/arm-none-eabi/4.9.3/armv7-m\libgcc.a(_udivdi3.o)

.debug_frame    0x00000000     0x39c4
 .debug_frame   0x00000000      0xe2c ..\obj\stm32f10x_tim.o
 .debug_frame   0x00000e2c       0x98 ..\obj\system_stm32f10x.o
 .debug_frame   0x00000ec4       0x58 ..\obj\CAN.o
 .debug_frame   0x00000f1c       0xe0 ..\obj\SYSTEM.o
 .debug_frame   0x00000ffc       0x4c ..\obj\startup_stm32f10x_md.o
 .debug_frame   0x00001048      0x3f0 ..\obj\stm32f10x_can.o
 .debug_frame   0x00001438      0x2d0 ..\obj\stm32f10x_gpio.o
 .debug_frame   0x00001708       0xf0 ..\obj\main.o
 .debug_frame   0x000017f8      0x128 ..\obj\GPIO.o
 .debug_frame   0x00001920      0x4f4 ..\obj\stm32f10x_rcc.o
 .debug_frame   0x00001e14      0x490 ..\obj\stm32f10x_usart.o
 .debug_frame   0x000022a4      0x168 ..\obj\syscalls.o
 .debug_frame   0x0000240c       0x80 ..\obj\app.o
 .debug_frame   0x0000248c       0x50 ..\obj\SPI.o
 .debug_frame   0x000024dc       0xd8 ..\obj\misc.o
 .debug_frame   0x000025b4      0x3a0 ..\obj\stm32f10x_spi.o
 .debug_frame   0x00002954      0x20c ..\obj\USART.o
 .debug_frame   0x00002b60      0x600 ..\obj\TIM.o
 .debug_frame   0x00003160       0x50 c:/program files (x86)/gnu tools arm embedded/4.9 2014q4/bin/../lib/gcc/arm-none-eabi/4.9.3/../../../../arm-none-eabi/lib/armv7-m\libc.a(lib_a-vsprintf.o)
 .debug_frame   0x000031b0       0x40 c:/program files (x86)/gnu tools arm embedded/4.9 2014q4/bin/../lib/gcc/arm-none-eabi/4.9.3/../../../../arm-none-eabi/lib/armv7-m\libc.a(lib_a-svfprintf.o)
 .debug_frame   0x000031f0       0x84 c:/program files (x86)/gnu tools arm embedded/4.9 2014q4/bin/../lib/gcc/arm-none-eabi/4.9.3/../../../../arm-none-eabi/lib/armv7-m\libc.a(lib_a-dtoa.o)
 .debug_frame   0x00003274       0x9c c:/program files (x86)/gnu tools arm embedded/4.9 2014q4/bin/../lib/gcc/arm-none-eabi/4.9.3/../../../../arm-none-eabi/lib/armv7-m\libc.a(lib_a-locale.o)
 .debug_frame   0x00003310       0x54 c:/program files (x86)/gnu tools arm embedded/4.9 2014q4/bin/../lib/gcc/arm-none-eabi/4.9.3/../../../../arm-none-eabi/lib/armv7-m\libc.a(lib_a-mallocr.o)
 .debug_frame   0x00003364       0x3c c:/program files (x86)/gnu tools arm embedded/4.9 2014q4/bin/../lib/gcc/arm-none-eabi/4.9.3/../../../../arm-none-eabi/lib/armv7-m\libc.a(lib_a-memchr.o)
 .debug_frame   0x000033a0       0x30 c:/program files (x86)/gnu tools arm embedded/4.9 2014q4/bin/../lib/gcc/arm-none-eabi/4.9.3/../../../../arm-none-eabi/lib/armv7-m\libc.a(lib_a-mlock.o)
 .debug_frame   0x000033d0      0x268 c:/program files (x86)/gnu tools arm embedded/4.9 2014q4/bin/../lib/gcc/arm-none-eabi/4.9.3/../../../../arm-none-eabi/lib/armv7-m\libc.a(lib_a-mprec.o)
 .debug_frame   0x00003638       0x34 c:/program files (x86)/gnu tools arm embedded/4.9 2014q4/bin/../lib/gcc/arm-none-eabi/4.9.3/../../../../arm-none-eabi/lib/armv7-m\libc.a(lib_a-s_fpclassify.o)
 .debug_frame   0x0000366c       0x2c c:/program files (x86)/gnu tools arm embedded/4.9 2014q4/bin/../lib/gcc/arm-none-eabi/4.9.3/../../../../arm-none-eabi/lib/armv7-m\libc.a(lib_a-sbrkr.o)
 .debug_frame   0x00003698       0x20 c:/program files (x86)/gnu tools arm embedded/4.9 2014q4/bin/../lib/gcc/arm-none-eabi/4.9.3/../../../../arm-none-eabi/lib/armv7-m\libc.a(lib_a-strlen.o)
 .debug_frame   0x000036b8       0x78 c:/program files (x86)/gnu tools arm embedded/4.9 2014q4/bin/../lib/gcc/arm-none-eabi/4.9.3/../../../../arm-none-eabi/lib/armv7-m\libc.a(lib_a-svfiprintf.o)
 .debug_frame   0x00003730       0x28 c:/program files (x86)/gnu tools arm embedded/4.9 2014q4/bin/../lib/gcc/arm-none-eabi/4.9.3/../../../../arm-none-eabi/lib/armv7-m\libc.a(lib_a-callocr.o)
 .debug_frame   0x00003758       0x74 c:/program files (x86)/gnu tools arm embedded/4.9 2014q4/bin/../lib/gcc/arm-none-eabi/4.9.3/../../../../arm-none-eabi/lib/armv7-m\libc.a(lib_a-freer.o)
 .debug_frame   0x000037cc       0x30 c:/program files (x86)/gnu tools arm embedded/4.9 2014q4/bin/../lib/gcc/arm-none-eabi/4.9.3/../../../../arm-none-eabi/lib/armv7-m\libc.a(lib_a-memmove.o)
 .debug_frame   0x000037fc       0x34 c:/program files (x86)/gnu tools arm embedded/4.9 2014q4/bin/../lib/gcc/arm-none-eabi/4.9.3/../../../../arm-none-eabi/lib/armv7-m\libc.a(lib_a-memset.o)
 .debug_frame   0x00003830       0x58 c:/program files (x86)/gnu tools arm embedded/4.9 2014q4/bin/../lib/gcc/arm-none-eabi/4.9.3/../../../../arm-none-eabi/lib/armv7-m\libc.a(lib_a-reallocr.o)
 .debug_frame   0x00003888       0x58 c:/program files (x86)/gnu tools arm embedded/4.9 2014q4/bin/../lib/gcc/arm-none-eabi/4.9.3/../../../../arm-none-eabi/lib/armv7-m\libc.a(lib_a-reent.o)
 .debug_frame   0x000038e0       0x28 c:/program files (x86)/gnu tools arm embedded/4.9 2014q4/bin/../lib/gcc/arm-none-eabi/4.9.3/armv7-m\libgcc.a(_aeabi_uldivmod.o)
 .debug_frame   0x00003908       0x54 c:/program files (x86)/gnu tools arm embedded/4.9 2014q4/bin/../lib/gcc/arm-none-eabi/4.9.3/armv7-m\libgcc.a(bpabi.o)
 .debug_frame   0x0000395c       0x34 c:/program files (x86)/gnu tools arm embedded/4.9 2014q4/bin/../lib/gcc/arm-none-eabi/4.9.3/armv7-m\libgcc.a(_divdi3.o)
 .debug_frame   0x00003990       0x34 c:/program files (x86)/gnu tools arm embedded/4.9 2014q4/bin/../lib/gcc/arm-none-eabi/4.9.3/armv7-m\libgcc.a(_udivdi3.o)
