Archive member included to satisfy reference by file (symbol)

c:/program files (x86)/gnu tools arm embedded/5.4 2016q3/bin/../lib/gcc/arm-none-eabi/5.4.1/armv7-m\libgcc.a(_aeabi_uldivmod.o)
                              ..\obj\system.o (__aeabi_uldivmod)
c:/program files (x86)/gnu tools arm embedded/5.4 2016q3/bin/../lib/gcc/arm-none-eabi/5.4.1/armv7-m\libgcc.a(_udivmoddi4.o)
                              c:/program files (x86)/gnu tools arm embedded/5.4 2016q3/bin/../lib/gcc/arm-none-eabi/5.4.1/armv7-m\libgcc.a(_aeabi_uldivmod.o) (__udivmoddi4)
c:/program files (x86)/gnu tools arm embedded/5.4 2016q3/bin/../lib/gcc/arm-none-eabi/5.4.1/armv7-m\libgcc.a(unwind-arm.o)
                              ..\obj\spi.o (__aeabi_unwind_cpp_pr0)
c:/program files (x86)/gnu tools arm embedded/5.4 2016q3/bin/../lib/gcc/arm-none-eabi/5.4.1/armv7-m\libgcc.a(libunwind.o)
                              c:/program files (x86)/gnu tools arm embedded/5.4 2016q3/bin/../lib/gcc/arm-none-eabi/5.4.1/armv7-m\libgcc.a(unwind-arm.o) (restore_core_regs)
c:/program files (x86)/gnu tools arm embedded/5.4 2016q3/bin/../lib/gcc/arm-none-eabi/5.4.1/armv7-m\libgcc.a(pr-support.o)
                              c:/program files (x86)/gnu tools arm embedded/5.4 2016q3/bin/../lib/gcc/arm-none-eabi/5.4.1/armv7-m\libgcc.a(unwind-arm.o) (__gnu_unwind_execute)
c:/program files (x86)/gnu tools arm embedded/5.4 2016q3/bin/../lib/gcc/arm-none-eabi/5.4.1/armv7-m\libgcc.a(_dvmd_tls.o)
                              c:/program files (x86)/gnu tools arm embedded/5.4 2016q3/bin/../lib/gcc/arm-none-eabi/5.4.1/armv7-m\libgcc.a(_aeabi_uldivmod.o) (__aeabi_ldiv0)
c:/program files (x86)/gnu tools arm embedded/5.4 2016q3/bin/../lib/gcc/arm-none-eabi/5.4.1/../../../../arm-none-eabi/lib/armv7-m\libc.a(lib_a-memcpy.o)
                              c:/program files (x86)/gnu tools arm embedded/5.4 2016q3/bin/../lib/gcc/arm-none-eabi/5.4.1/armv7-m\libgcc.a(unwind-arm.o) (memcpy)
c:/program files (x86)/gnu tools arm embedded/5.4 2016q3/bin/../lib/gcc/arm-none-eabi/5.4.1/../../../../arm-none-eabi/lib/armv7-m\libc.a(lib_a-vsprintf.o)
                              ..\obj\usart.o (vsprintf)
c:/program files (x86)/gnu tools arm embedded/5.4 2016q3/bin/../lib/gcc/arm-none-eabi/5.4.1/../../../../arm-none-eabi/lib/armv7-m\libc.a(lib_a-impure.o)
                              c:/program files (x86)/gnu tools arm embedded/5.4 2016q3/bin/../lib/gcc/arm-none-eabi/5.4.1/../../../../arm-none-eabi/lib/armv7-m\libc.a(lib_a-vsprintf.o) (_impure_ptr)
c:/program files (x86)/gnu tools arm embedded/5.4 2016q3/bin/../lib/gcc/arm-none-eabi/5.4.1/../../../../arm-none-eabi/lib/armv7-m\libc.a(lib_a-svfprintf.o)
                              c:/program files (x86)/gnu tools arm embedded/5.4 2016q3/bin/../lib/gcc/arm-none-eabi/5.4.1/../../../../arm-none-eabi/lib/armv7-m\libc.a(lib_a-vsprintf.o) (_svfprintf_r)
c:/program files (x86)/gnu tools arm embedded/5.4 2016q3/bin/../lib/gcc/arm-none-eabi/5.4.1/../../../../arm-none-eabi/lib/armv7-m\libc.a(lib_a-dtoa.o)
                              c:/program files (x86)/gnu tools arm embedded/5.4 2016q3/bin/../lib/gcc/arm-none-eabi/5.4.1/../../../../arm-none-eabi/lib/armv7-m\libc.a(lib_a-svfprintf.o) (_dtoa_r)
c:/program files (x86)/gnu tools arm embedded/5.4 2016q3/bin/../lib/gcc/arm-none-eabi/5.4.1/../../../../arm-none-eabi/lib/armv7-m\libc.a(lib_a-localeconv.o)
                              c:/program files (x86)/gnu tools arm embedded/5.4 2016q3/bin/../lib/gcc/arm-none-eabi/5.4.1/../../../../arm-none-eabi/lib/armv7-m\libc.a(lib_a-svfprintf.o) (_localeconv_r)
c:/program files (x86)/gnu tools arm embedded/5.4 2016q3/bin/../lib/gcc/arm-none-eabi/5.4.1/../../../../arm-none-eabi/lib/armv7-m\libc.a(lib_a-mallocr.o)
                              c:/program files (x86)/gnu tools arm embedded/5.4 2016q3/bin/../lib/gcc/arm-none-eabi/5.4.1/../../../../arm-none-eabi/lib/armv7-m\libc.a(lib_a-svfprintf.o) (_malloc_r)
c:/program files (x86)/gnu tools arm embedded/5.4 2016q3/bin/../lib/gcc/arm-none-eabi/5.4.1/../../../../arm-none-eabi/lib/armv7-m\libc.a(lib_a-memchr-stub.o)
                              c:/program files (x86)/gnu tools arm embedded/5.4 2016q3/bin/../lib/gcc/arm-none-eabi/5.4.1/../../../../arm-none-eabi/lib/armv7-m\libc.a(lib_a-svfprintf.o) (memchr)
c:/program files (x86)/gnu tools arm embedded/5.4 2016q3/bin/../lib/gcc/arm-none-eabi/5.4.1/../../../../arm-none-eabi/lib/armv7-m\libc.a(lib_a-mlock.o)
                              c:/program files (x86)/gnu tools arm embedded/5.4 2016q3/bin/../lib/gcc/arm-none-eabi/5.4.1/../../../../arm-none-eabi/lib/armv7-m\libc.a(lib_a-mallocr.o) (__malloc_lock)
c:/program files (x86)/gnu tools arm embedded/5.4 2016q3/bin/../lib/gcc/arm-none-eabi/5.4.1/../../../../arm-none-eabi/lib/armv7-m\libc.a(lib_a-mprec.o)
                              c:/program files (x86)/gnu tools arm embedded/5.4 2016q3/bin/../lib/gcc/arm-none-eabi/5.4.1/../../../../arm-none-eabi/lib/armv7-m\libc.a(lib_a-dtoa.o) (_Balloc)
[...]
Memory Configuration

Name             Origin             Length             Attributes
rom              0x08000000         0x00010000         xr
ram              0x20000000         0x00005000         xrw
*default*        0x00000000         0xffffffff

Linker script and memory map

                0x20005000                _eram = 0x20005000

.text           0x08000000     0x9149
 *(.isr_vector)
 .isr_vector    0x08000000      0x10c ..\obj\startup_stm32f10x_md.o
                0x08000000                g_pfnVectors
 *(.text*)
 .text.SPI1_IRQHandler
                0x0800010c       0x50 ..\obj\spi.o
                0x0800010c                SPI1_IRQHandler
 .text.TIM_TimeBaseInit
                0x0800015c       0xf8 ..\obj\stm32f10x_tim.o
                0x0800015c                TIM_TimeBaseInit
 .text.TIM_OC1Init
                0x08000254      0x118 ..\obj\stm32f10x_tim.o
                0x08000254                TIM_OC1Init
 .text.TIM_OC2Init
                0x0800036c      0x110 ..\obj\stm32f10x_tim.o
                0x0800036c                TIM_OC2Init
 .text.TIM_OC3Init
                0x0800047c      0x10c ..\obj\stm32f10x_tim.o
                0x0800047c                TIM_OC3Init
 .text.TIM_OC4Init
                0x08000588       0xd0 ..\obj\stm32f10x_tim.o
                0x08000588                TIM_OC4Init
 .text.TIM_BDTRConfig
                0x08000658       0x50 ..\obj\stm32f10x_tim.o
                0x08000658                TIM_BDTRConfig
 .text.TIM_TimeBaseStructInit
                0x080006a8       0x34 ..\obj\stm32f10x_tim.o
                0x080006a8                TIM_TimeBaseStructInit
 .text.TIM_OCStructInit
                0x080006dc       0x44 ..\obj\stm32f10x_tim.o
                0x080006dc                TIM_OCStructInit
 .text.TIM_BDTRStructInit
                0x08000720       0x3c ..\obj\stm32f10x_tim.o
                0x08000720                TIM_BDTRStructInit
 .text.TIM_Cmd  0x0800075c       0x40 ..\obj\stm32f10x_tim.o
                0x0800075c                TIM_Cmd
 .text.TIM_ITConfig
                0x0800079c       0x48 ..\obj\stm32f10x_tim.o
                0x0800079c                TIM_ITConfig
 .text.TIM_EncoderInterfaceConfig
                0x080007e4       0x98 ..\obj\stm32f10x_tim.o
                0x080007e4                TIM_EncoderInterfaceConfig
 .text.TIM_ARRPreloadConfig
                0x0800087c       0x40 ..\obj\stm32f10x_tim.o
                0x0800087c                TIM_ARRPreloadConfig
 .text.TIM_ClearITPendingBit
                0x080008bc       0x20 ..\obj\stm32f10x_tim.o
                0x080008bc                TIM_ClearITPendingBit
 .text.SystemInit
                0x080008dc       0x68 ..\obj\system_stm32f10x.o
                0x080008dc                SystemInit
 .text.SetSysClock
                0x08000944        0xc ..\obj\system_stm32f10x.o
 .text.SetSysClockTo72
                0x08000950      0x100 ..\obj\system_stm32f10x.o
 .text._ZN3TIM8pwmSetupEP11TIM_TypeDefttt
                0x08000a50      0x138 ..\obj\tim.o
                0x08000a50                TIM::pwmSetup(TIM_TypeDef*, unsigned short, unsigned short, unsigned short)
 .text._ZN3TIM4dutyEt
                0x08000b88      0x110 ..\obj\tim.o
                0x08000b88                TIM::duty(unsigned short)
 .text._ZN3TIM12encoderSetupEP11TIM_TypeDef
                0x08000c98       0x90 ..\obj\tim.o
                0x08000c98                TIM::encoderSetup(TIM_TypeDef*)
 .text._ZN3TIM10timerSetupEP11TIM_TypeDef
                0x08000d28       0xb4 ..\obj\tim.o
                0x08000d28                TIM::timerSetup(TIM_TypeDef*)
 .text._Z9TIM1Setupt
                0x08000ddc       0x78 ..\obj\tim.o
                0x08000ddc                TIM1Setup(unsigned short)
 .text._Z9TIM2Setupt
                0x08000e54       0x40 ..\obj\tim.o
                0x08000e54                TIM2Setup(unsigned short)
 .text._Z9TIM3Setupt
                0x08000e94       0x40 ..\obj\tim.o
                0x08000e94                TIM3Setup(unsigned short)
 .text._Z9TIM4Setupt
                0x08000ed4       0x40 ..\obj\tim.o
                0x08000ed4                TIM4Setup(unsigned short)
 .text._Z11TIM1ITSetupt
                0x08000f14       0x3c ..\obj\tim.o
                0x08000f14                TIM1ITSetup(unsigned short)
 .text._Z11TIM2ITSetupt
                0x08000f50       0x3c ..\obj\tim.o
                0x08000f50                TIM2ITSetup(unsigned short)
 .text._Z11TIM3ITSetupt
                0x08000f8c       0x3c ..\obj\tim.o
                0x08000f8c                TIM3ITSetup(unsigned short)
 .text._Z11TIM4ITSetupt
                0x08000fc8       0x3c ..\obj\tim.o
                0x08000fc8                TIM4ITSetup(unsigned short)
 .text._Z11OC1PWMSetupP11TIM_TypeDeft
                0x08001004       0x4c ..\obj\tim.o
                0x08001004                OC1PWMSetup(TIM_TypeDef*, unsigned short)
 .text._Z11OC2PWMSetupP11TIM_TypeDeft
                0x08001050       0x4c ..\obj\tim.o
                0x08001050                OC2PWMSetup(TIM_TypeDef*, unsigned short)
 .text._Z11OC3PWMSetupP11TIM_TypeDeft
                0x0800109c       0x4c ..\obj\tim.o
                0x0800109c                OC3PWMSetup(TIM_TypeDef*, unsigned short)
 .text._Z11OC4PWMSetupP11TIM_TypeDeft
                0x080010e8       0x4c ..\obj\tim.o
                0x080010e8                OC4PWMSetup(TIM_TypeDef*, unsigned short)
 .text._Z10OC1DutySetP11TIM_TypeDeft
                0x08001134       0x1c ..\obj\tim.o
                0x08001134                OC1DutySet(TIM_TypeDef*, unsigned short)
 .text._Z10OC2DutySetP11TIM_TypeDeft
                0x08001150       0x1c ..\obj\tim.o
                0x08001150                OC2DutySet(TIM_TypeDef*, unsigned short)
 .text._Z10OC3DutySetP11TIM_TypeDeft
                0x0800116c       0x1c ..\obj\tim.o
                0x0800116c                OC3DutySet(TIM_TypeDef*, unsigned short)
 .text._Z10OC4DutySetP11TIM_TypeDeft
                0x08001188       0x20 ..\obj\tim.o
                0x08001188                OC4DutySet(TIM_TypeDef*, unsigned short)
 .text._Z16TIM1EncoderSetupv
                0x080011a8       0x54 ..\obj\tim.o
                0x080011a8                TIM1EncoderSetup()
 .text._Z16TIM2EncoderSetupv
                0x080011fc       0x54 ..\obj\tim.o
                0x080011fc                TIM2EncoderSetup()
 .text._Z16TIM3EncoderSetupv
                0x08001250       0x50 ..\obj\tim.o
                0x08001250                TIM3EncoderSetup()
 .text._Z16TIM4EncoderSetupv
                0x080012a0       0x50 ..\obj\tim.o
                0x080012a0                TIM4EncoderSetup()
 .text._Z16TIM1_ENCODER_IRQv
                0x080012f0       0x40 ..\obj\tim.o
                0x080012f0                TIM1_ENCODER_IRQ()
 .text._Z16TIM2_ENCODER_IRQv
                0x08001330       0x3c ..\obj\tim.o
                0x08001330                TIM2_ENCODER_IRQ()
 .text._Z16TIM3_ENCODER_IRQv
                0x0800136c       0x40 ..\obj\tim.o
                0x0800136c                TIM3_ENCODER_IRQ()
 .text._Z16TIM4_ENCODER_IRQv
                0x080013ac       0x40 ..\obj\tim.o
                0x080013ac                TIM4_ENCODER_IRQ()
 .text._Z19TIM1_TIM_Update_IRQv
                0x080013ec       0x1c ..\obj\tim.o
                0x080013ec                TIM1_TIM_Update_IRQ()
 .text._Z19TIM2_TIM_Update_IRQv
                0x08001408       0x1c ..\obj\tim.o
                0x08001408                TIM2_TIM_Update_IRQ()
 .text._Z19TIM3_TIM_Update_IRQv
                0x08001424       0x1c ..\obj\tim.o
                0x08001424                TIM3_TIM_Update_IRQ()
 .text._Z19TIM4_TIM_Update_IRQv
                0x08001440       0x1c ..\obj\tim.o
                0x08001440                TIM4_TIM_Update_IRQ()
 .text.TIM1_UP_IRQHandler
                0x0800145c       0x40 ..\obj\tim.o
                0x0800145c                TIM1_UP_IRQHandler
 .text.TIM2_IRQHandler
                0x0800149c       0x54 ..\obj\tim.o
                0x0800149c                TIM2_IRQHandler
 .text.TIM3_IRQHandler
                0x080014f0       0x50 ..\obj\tim.o
                0x080014f0                TIM3_IRQHandler
 .text.TIM4_IRQHandler
                0x08001540       0x50 ..\obj\tim.o
                0x08001540                TIM4_IRQHandler
 .text.Default_Reset_Handler
                0x08001590       0x60 ..\obj\startup_stm32f10x_md.o
                0x08001590                Default_Reset_Handler
                0x08001590                Reset_Handler
 .text.Default_Handler
                0x080015f0        0x8 ..\obj\startup_stm32f10x_md.o
                0x080015f0                EXTI2_IRQHandler
                0x080015f0                DebugMon_Handler
                0x080015f0                TIM1_CC_IRQHandler
                0x080015f0                HardFault_Handler
                0x080015f0                PVD_IRQHandler
                0x080015f0                PendSV_Handler
                0x080015f0                NMI_Handler
                0x080015f0                EXTI3_IRQHandler
                0x080015f0                EXTI0_IRQHandler
                0x080015f0                I2C2_EV_IRQHandler
                0x080015f0                UsageFault_Handler
                0x080015f0                ADC1_2_IRQHandler
                0x080015f0                TAMPER_IRQHandler
                0x080015f0                DMA1_Channel4_IRQHandler
                0x080015f0                RTC_IRQHandler
                0x080015f0                DMA1_Channel7_IRQHandler
                0x080015f0                I2C1_EV_IRQHandler
                0x080015f0                DMA1_Channel6_IRQHandler
                0x080015f0                RCC_IRQHandler
                0x080015f0                TIM1_TRG_COM_IRQHandler
                0x080015f0                DMA1_Channel1_IRQHandler
                0x080015f0                EXTI15_10_IRQHandler
                0x080015f0                EXTI9_5_IRQHandler
                0x080015f0                SPI2_IRQHandler
                0x080015f0                MemManage_Handler
                0x080015f0                SVC_Handler
                0x080015f0                DMA1_Channel5_IRQHandler
                0x080015f0                EXTI4_IRQHandler
                0x080015f0                USB_HP_CAN1_TX_IRQHandler
                0x080015f0                DMA1_Channel3_IRQHandler
                0x080015f0                WWDG_IRQHandler
                0x080015f0                TIM1_BRK_IRQHandler
                0x080015f0                EXTI1_IRQHandler
                0x080015f0                RTCAlarm_IRQHandler
                0x080015f0                I2C2_ER_IRQHandler
                0x080015f0                DMA1_Channel2_IRQHandler
                0x080015f0                CAN1_SCE_IRQHandler
                0x080015f0                FLASH_IRQHandler
                0x080015f0                BusFault_Handler
                0x080015f0                I2C1_ER_IRQHandler
                0x080015f0                USBWakeUp_IRQHandler
 .text.CAN_DeInit
                0x080015f8       0x48 ..\obj\stm32f10x_can.o
                0x080015f8                CAN_DeInit
 .text.CAN_Init
                0x08001640      0x1a0 ..\obj\stm32f10x_can.o
                0x08001640                CAN_Init
 .text.CAN_StructInit
                0x080017e0       0x54 ..\obj\stm32f10x_can.o
                0x080017e0                CAN_StructInit
 .text.CAN_Receive
                0x08001834      0x174 ..\obj\stm32f10x_can.o
                0x08001834                CAN_Receive
 .text.CAN_ITConfig
                0x080019a8       0x3c ..\obj\stm32f10x_can.o
                0x080019a8                CAN_ITConfig
 .text.GPIO_Init
                0x080019e4      0x178 ..\obj\stm32f10x_gpio.o
                0x080019e4                GPIO_Init
 .text.GPIO_StructInit
                0x08001b5c       0x28 ..\obj\stm32f10x_gpio.o
                0x08001b5c                GPIO_StructInit
 .text.GPIO_ReadInputDataBit
                0x08001b84       0x34 ..\obj\stm32f10x_gpio.o
                0x08001b84                GPIO_ReadInputDataBit
 .text.GPIO_WriteBit
                0x08001bb8       0x30 ..\obj\stm32f10x_gpio.o
                0x08001bb8                GPIO_WriteBit
 .text.GPIO_PinRemapConfig
                0x08001be8       0xe0 ..\obj\stm32f10x_gpio.o
                0x08001be8                GPIO_PinRemapConfig
 .text._ZN3TIMC2Ev
                0x08001cc8       0x1c ..\obj\main.o
                0x08001cc8                TIM::TIM()
                0x08001cc8                TIM::TIM()
 .text.main     0x08001ce4      0x584 ..\obj\main.o
                0x08001ce4                main
 .text.USB_LP_CAN1_RX0_IRQHandler
                0x08002268       0x2c ..\obj\main.o
                0x08002268                USB_LP_CAN1_RX0_IRQHandler
 .text.CAN1_RX1_IRQHandler
                0x08002294       0x2c ..\obj\main.o
                0x08002294                CAN1_RX1_IRQHandler
 .text._Z41__static_initialization_and_destruction_0ii
                0x080022c0       0x68 ..\obj\main.o
 .text._GLOBAL__sub_I_rxFlag
                0x08002328       0x10 ..\obj\main.o
 .text.NVIC_SetPriority
                0x08002338       0x54 ..\obj\system.o
 .text.SysTick_Config
                0x0800238c       0x44 ..\obj\system.o
 .text._Z5setupv
                0x080023d0       0x24 ..\obj\system.o
                0x080023d0                setup()
 .text._Z5delaym
                0x080023f4       0x58 ..\obj\system.o
                0x080023f4                delay(unsigned long)
 .text._Z6microsv
                0x0800244c       0x2c ..\obj\system.o
                0x0800244c                micros()
 .text.SysTick_Handler
                0x08002478       0x20 ..\obj\system.o
                0x08002478                SysTick_Handler
 .text._Z9CAN1Setupv
                0x08002498       0x80 ..\obj\can.o
                0x08002498                CAN1Setup()
 .text.RCC_GetClocksFreq
                0x08002518      0x160 ..\obj\stm32f10x_rcc.o
                0x08002518                RCC_GetClocksFreq
 .text.RCC_APB2PeriphClockCmd
                0x08002678       0x3c ..\obj\stm32f10x_rcc.o
                0x08002678                RCC_APB2PeriphClockCmd
 .text.RCC_APB1PeriphClockCmd
                0x080026b4       0x3c ..\obj\stm32f10x_rcc.o
                0x080026b4                RCC_APB1PeriphClockCmd
 .text.RCC_APB1PeriphResetCmd
                0x080026f0       0x3c ..\obj\stm32f10x_rcc.o
                0x080026f0                RCC_APB1PeriphResetCmd
 .text._ZN4GPIO5setupEP12GPIO_TypeDeft16GPIOMode_TypeDef
                0x0800272c       0x7c ..\obj\gpio.o
                0x0800272c                GPIO::setup(GPIO_TypeDef*, unsigned short, GPIOMode_TypeDef)
 .text._ZN4GPIO5writeE9BitAction
                0x080027a8       0x28 ..\obj\gpio.o
                0x080027a8                GPIO::write(BitAction)
 .text._ZN4GPIO4readEv
                0x080027d0       0x24 ..\obj\gpio.o
                0x080027d0                GPIO::read()
 .text._ZN5MOTOR5setupER3TIMS1_
                0x080027f4       0x24 ..\obj\motor.o
                0x080027f4                MOTOR::setup(TIM&, TIM&)
 .text._ZN5MOTOR4dutyEl
                0x08002818       0x74 ..\obj\motor.o
                0x08002818                MOTOR::duty(long)
 .text.USART_Init
                0x0800288c      0x174 ..\obj\stm32f10x_usart.o
                0x0800288c                USART_Init
 .text.USART_StructInit
                0x08002a00       0x38 ..\obj\stm32f10x_usart.o
                0x08002a00                USART_StructInit
 .text.USART_Cmd
                0x08002a38       0x40 ..\obj\stm32f10x_usart.o
                0x08002a38                USART_Cmd
 .text.USART_ITConfig
                0x08002a78       0x90 ..\obj\stm32f10x_usart.o
                0x08002a78                USART_ITConfig
 .text.USART_SendData
                0x08002b08       0x24 ..\obj\stm32f10x_usart.o
                0x08002b08                USART_SendData
 .text.USART_ReceiveData
                0x08002b2c       0x20 ..\obj\stm32f10x_usart.o
                0x08002b2c                USART_ReceiveData
 .text.USART_GetITStatus
                0x08002b4c       0xb4 ..\obj\stm32f10x_usart.o
                0x08002b4c                USART_GetITStatus
 .text._sbrk    0x08002c00       0x3c ..\obj\syscalls.o
                0x08002c00                _sbrk
 .text.abort    0x08002c3c        0x8 ..\obj\syscalls.o
                0x08002c3c                abort
 .text.NVIC_Init
                0x08002c44       0xc4 ..\obj\misc.o
                0x08002c44                NVIC_Init
 .text.SPI_I2S_GetITStatus
                0x08002d08       0x74 ..\obj\stm32f10x_spi.o
                0x08002d08                SPI_I2S_GetITStatus
 .text.SPI_I2S_ClearITPendingBit
                0x08002d7c       0x34 ..\obj\stm32f10x_spi.o
                0x08002d7c                SPI_I2S_ClearITPendingBit
 .text._ZN5USART4putsEPKc
                0x08002db0       0x3c ..\obj\usart.o
                0x08002db0                USART::puts(char const*)
 .text._ZN5USART6printfEPKcz
                0x08002dec       0x40 ..\obj\usart.o
                0x08002dec                USART::printf(char const*, ...)
 .text._ZN5USART5setupEP13USART_TypeDefm
                0x08002e2c       0xb0 ..\obj\usart.o
                0x08002e2c                USART::setup(USART_TypeDef*, unsigned long)
 .text._ZN5USART4sendEc
                0x08002edc      0x17c ..\obj\usart.o
                0x08002edc                USART::send(char)
 .text._Z11USART1Setupm
                0x08003058       0x54 ..\obj\usart.o
                0x08003058                USART1Setup(unsigned long)
 .text._Z11USART2Setupm
                0x080030ac       0x54 ..\obj\usart.o
                0x080030ac                USART2Setup(unsigned long)
 .text._Z11USART3Setupm
                0x08003100       0x54 ..\obj\usart.o
                0x08003100                USART3Setup(unsigned long)
 .text._Z13USART1ITSetupt
                0x08003154       0x38 ..\obj\usart.o
                0x08003154                USART1ITSetup(unsigned short)
 .text._Z13USART2ITSetupt
                0x0800318c       0x38 ..\obj\usart.o
                0x0800318c                USART2ITSetup(unsigned short)
 .text._Z13USART3ITSetupt
                0x080031c4       0x38 ..\obj\usart.o
                0x080031c4                USART3ITSetup(unsigned short)
 .text.USART1_IRQHandler
                0x080031fc       0xe8 ..\obj\usart.o
                0x080031fc                USART1_IRQHandler
 .text.USART2_IRQHandler
                0x080032e4       0xe8 ..\obj\usart.o
                0x080032e4                USART2_IRQHandler
 .text.USART3_IRQHandler
                0x080033cc       0xe8 ..\obj\usart.o
                0x080033cc                USART3_IRQHandler
 .text          0x080034b4       0x30 c:/program files (x86)/gnu tools arm embedded/5.4 2016q3/bin/../lib/gcc/arm-none-eabi/5.4.1/armv7-m\libgcc.a(_aeabi_uldivmod.o)
                0x080034b4                __aeabi_uldivmod
 .text          0x080034e4      0x2ec c:/program files (x86)/gnu tools arm embedded/5.4 2016q3/bin/../lib/gcc/arm-none-eabi/5.4.1/armv7-m\libgcc.a(_udivmoddi4.o)
                0x080034e4                __udivmoddi4
 .text          0x080037d0      0x9e4 c:/program files (x86)/gnu tools arm embedded/5.4 2016q3/bin/../lib/gcc/arm-none-eabi/5.4.1/armv7-m\libgcc.a(unwind-arm.o)
                0x08003a90                _Unwind_GetCFA
                0x08003a94                __gnu_Unwind_RaiseException
                0x08003af4                __gnu_Unwind_ForcedUnwind
                0x08003b08                __gnu_Unwind_Resume
                0x08003b4c                __gnu_Unwind_Resume_or_Rethrow
                0x08003b60                _Unwind_Complete
                0x08003b64                _Unwind_DeleteException
                0x08003b70                _Unwind_VRS_Get
                0x08003bbc                _Unwind_VRS_Set
                0x08003c0c                __gnu_Unwind_Backtrace
                0x08003f58                __aeabi_unwind_cpp_pr0
                0x08003f5c                __aeabi_unwind_cpp_pr1
                0x08003f60                __aeabi_unwind_cpp_pr2
                0x08003f64                _Unwind_VRS_Pop
 .text          0x080041b4      0x1ac c:/program files (x86)/gnu tools arm embedded/5.4 2016q3/bin/../lib/gcc/arm-none-eabi/5.4.1/armv7-m\libgcc.a(libunwind.o)
                0x080041b4                __restore_core_regs
                0x080041b4                restore_core_regs
                0x080041cc                __gnu_Unwind_Restore_VFP
                0x080041d4                __gnu_Unwind_Save_VFP
                0x080041dc                __gnu_Unwind_Restore_VFP_D
                0x080041e4                __gnu_Unwind_Save_VFP_D
                0x080041ec                __gnu_Unwind_Restore_VFP_D_16_to_31
                0x080041f4                __gnu_Unwind_Save_VFP_D_16_to_31
                0x080041fc                __gnu_Unwind_Restore_WMMXD
                0x08004240                __gnu_Unwind_Save_WMMXD
                0x08004284                __gnu_Unwind_Restore_WMMXC
                0x08004298                __gnu_Unwind_Save_WMMXC
                0x080042ac                ___Unwind_RaiseException
                0x080042ac                _Unwind_RaiseException
                0x080042d0                _Unwind_Resume
                0x080042d0                ___Unwind_Resume
                0x080042f4                _Unwind_Resume_or_Rethrow
                0x080042f4                ___Unwind_Resume_or_Rethrow
                0x08004318                _Unwind_ForcedUnwind
                0x08004318                ___Unwind_ForcedUnwind
                0x0800433c                ___Unwind_Backtrace
                0x0800433c                _Unwind_Backtrace
 .text          0x08004360      0x354 c:/program files (x86)/gnu tools arm embedded/5.4 2016q3/bin/../lib/gcc/arm-none-eabi/5.4.1/armv7-m\libgcc.a(pr-support.o)
                0x080043b8                __gnu_unwind_execute
                0x0800465c                __gnu_unwind_frame
                0x08004684                _Unwind_GetRegionStart
                0x08004690                _Unwind_GetLanguageSpecificData
                0x080046a4                _Unwind_GetTextRelBase
                0x080046ac                _Unwind_GetDataRelBase
 .text          0x080046b4        0x4 c:/program files (x86)/gnu tools arm embedded/5.4 2016q3/bin/../lib/gcc/arm-none-eabi/5.4.1/armv7-m\libgcc.a(_dvmd_tls.o)
                0x080046b4                __aeabi_idiv0
                0x080046b4                __aeabi_ldiv0
 .text          0x080046b8       0xec c:/program files (x86)/gnu tools arm embedded/5.4 2016q3/bin/../lib/gcc/arm-none-eabi/5.4.1/../../../../arm-none-eabi/lib/armv7-m\libc.a(lib_a-memcpy.o)
                0x080046b8                memcpy
 .text._vsprintf_r
                0x080047a4       0x34 c:/program files (x86)/gnu tools arm embedded/5.4 2016q3/bin/../lib/gcc/arm-none-eabi/5.4.1/../../../../arm-none-eabi/lib/armv7-m\libc.a(lib_a-vsprintf.o)
                0x080047a4                _vsprintf_r
 .text.vsprintf
                0x080047d8       0x18 c:/program files (x86)/gnu tools arm embedded/5.4 2016q3/bin/../lib/gcc/arm-none-eabi/5.4.1/../../../../arm-none-eabi/lib/armv7-m\libc.a(lib_a-vsprintf.o)
                0x080047d8                vsprintf
 .text._svfprintf_r
                0x080047f0     0x1760 c:/program files (x86)/gnu tools arm embedded/5.4 2016q3/bin/../lib/gcc/arm-none-eabi/5.4.1/../../../../arm-none-eabi/lib/armv7-m\libc.a(lib_a-svfprintf.o)
                0x080047f0                _svfprintf_r
 .text.quorem   0x08005f50      0x12c c:/program files (x86)/gnu tools arm embedded/5.4 2016q3/bin/../lib/gcc/arm-none-eabi/5.4.1/../../../../arm-none-eabi/lib/armv7-m\libc.a(lib_a-dtoa.o)
 *fill*         0x0800607c        0x4 
 .text._dtoa_r  0x08006080      0xe4c c:/program files (x86)/gnu tools arm embedded/5.4 2016q3/bin/../lib/gcc/arm-none-eabi/5.4.1/../../../../arm-none-eabi/lib/armv7-m\libc.a(lib_a-dtoa.o)
                0x08006080                _dtoa_r
 .text._localeconv_r
                0x08006ecc       0x1c c:/program files (x86)/gnu tools arm embedded/5.4 2016q3/bin/../lib/gcc/arm-none-eabi/5.4.1/../../../../arm-none-eabi/lib/armv7-m\libc.a(lib_a-localeconv.o)
                0x08006ecc                _localeconv_r
 .text._malloc_r
                0x08006ee8      0x558 c:/program files (x86)/gnu tools arm embedded/5.4 2016q3/bin/../lib/gcc/arm-none-eabi/5.4.1/../../../../arm-none-eabi/lib/armv7-m\libc.a(lib_a-mallocr.o)
                0x08006ee8                _malloc_r
 .text.memchr   0x08007440       0x8c c:/program files (x86)/gnu tools arm embedded/5.4 2016q3/bin/../lib/gcc/arm-none-eabi/5.4.1/../../../../arm-none-eabi/lib/armv7-m\libc.a(lib_a-memchr-stub.o)
                0x08007440                memchr
 .text.__malloc_lock
                0x080074cc        0x4 c:/program files (x86)/gnu tools arm embedded/5.4 2016q3/bin/../lib/gcc/arm-none-eabi/5.4.1/../../../../arm-none-eabi/lib/armv7-m\libc.a(lib_a-mlock.o)
                0x080074cc                __malloc_lock
 .text.__malloc_unlock
                0x080074d0        0x4 c:/program files (x86)/gnu tools arm embedded/5.4 2016q3/bin/../lib/gcc/arm-none-eabi/5.4.1/../../../../arm-none-eabi/lib/armv7-m\libc.a(lib_a-mlock.o)
                0x080074d0                __malloc_unlock
 .text._Balloc  0x080074d4       0x50 c:/program files (x86)/gnu tools arm embedded/5.4 2016q3/bin/../lib/gcc/arm-none-eabi/5.4.1/../../../../arm-none-eabi/lib/armv7-m\libc.a(lib_a-mprec.o)
                0x080074d4                _Balloc
 .text._Bfree   0x08007524       0x14 c:/program files (x86)/gnu tools arm embedded/5.4 2016q3/bin/../lib/gcc/arm-none-eabi/5.4.1/../../../../arm-none-eabi/lib/armv7-m\libc.a(lib_a-mprec.o)
                0x08007524                _Bfree
 .text.__multadd
                0x08007538       0x80 c:/program files (x86)/gnu tools arm embedded/5.4 2016q3/bin/../lib/gcc/arm-none-eabi/5.4.1/../../../../arm-none-eabi/lib/armv7-m\libc.a(lib_a-mprec.o)
                0x08007538                __multadd
 .text.__hi0bits
                0x080075b8       0x40 c:/program files (x86)/gnu tools arm embedded/5.4 2016q3/bin/../lib/gcc/arm-none-eabi/5.4.1/../../../../arm-none-eabi/lib/armv7-m\libc.a(lib_a-mprec.o)
                0x080075b8                __hi0bits
 .text.__lo0bits
                0x080075f8       0x5c c:/program files (x86)/gnu tools arm embedded/5.4 2016q3/bin/../lib/gcc/arm-none-eabi/5.4.1/../../../../arm-none-eabi/lib/armv7-m\libc.a(lib_a-mprec.o)
                0x080075f8                __lo0bits
 .text.__i2b    0x08007654       0x14 c:/program files (x86)/gnu tools arm embedded/5.4 2016q3/bin/../lib/gcc/arm-none-eabi/5.4.1/../../../../arm-none-eabi/lib/armv7-m\libc.a(lib_a-mprec.o)
                0x08007654                __i2b
 .text.__multiply
                0x08007668      0x13c c:/program files (x86)/gnu tools arm embedded/5.4 2016q3/bin/../lib/gcc/arm-none-eabi/5.4.1/../../../../arm-none-eabi/lib/armv7-m\libc.a(lib_a-mprec.o)
                0x08007668                __multiply
 .text.__pow5mult
                0x080077a4       0xa0 c:/program files (x86)/gnu tools arm embedded/5.4 2016q3/bin/../lib/gcc/arm-none-eabi/5.4.1/../../../../arm-none-eabi/lib/armv7-m\libc.a(lib_a-mprec.o)
                0x080077a4                __pow5mult
 .text.__lshift
                0x08007844       0xac c:/program files (x86)/gnu tools arm embedded/5.4 2016q3/bin/../lib/gcc/arm-none-eabi/5.4.1/../../../../arm-none-eabi/lib/armv7-m\libc.a(lib_a-mprec.o)
                0x08007844                __lshift
 .text.__mcmp   0x080078f0       0x40 c:/program files (x86)/gnu tools arm embedded/5.4 2016q3/bin/../lib/gcc/arm-none-eabi/5.4.1/../../../../arm-none-eabi/lib/armv7-m\libc.a(lib_a-mprec.o)
                0x080078f0                __mcmp
 .text.__mdiff  0x08007930      0x128 c:/program files (x86)/gnu tools arm embedded/5.4 2016q3/bin/../lib/gcc/arm-none-eabi/5.4.1/../../../../arm-none-eabi/lib/armv7-m\libc.a(lib_a-mprec.o)
                0x08007930                __mdiff
 .text.__d2b    0x08007a58       0xa8 c:/program files (x86)/gnu tools arm embedded/5.4 2016q3/bin/../lib/gcc/arm-none-eabi/5.4.1/../../../../arm-none-eabi/lib/armv7-m\libc.a(lib_a-mprec.o)
                0x08007a58                __d2b
 .text._sbrk_r  0x08007b00       0x24 c:/program files (x86)/gnu tools arm embedded/5.4 2016q3/bin/../lib/gcc/arm-none-eabi/5.4.1/../../../../arm-none-eabi/lib/armv7-m\libc.a(lib_a-sbrkr.o)
                0x08007b00                _sbrk_r
 .text.strlen   0x08007b24       0x5c c:/program files (x86)/gnu tools arm embedded/5.4 2016q3/bin/../lib/gcc/arm-none-eabi/5.4.1/../../../../arm-none-eabi/lib/armv7-m\libc.a(lib_a-strlen-stub.o)
                0x08007b24                strlen
 .text.__ssprint_r
                0x08007b80      0x100 c:/program files (x86)/gnu tools arm embedded/5.4 2016q3/bin/../lib/gcc/arm-none-eabi/5.4.1/../../../../arm-none-eabi/lib/armv7-m\libc.a(lib_a-svfiprintf.o)
                0x08007b80                __ssprint_r
 .text._calloc_r
                0x08007c80       0x60 c:/program files (x86)/gnu tools arm embedded/5.4 2016q3/bin/../lib/gcc/arm-none-eabi/5.4.1/../../../../arm-none-eabi/lib/armv7-m\libc.a(lib_a-callocr.o)
                0x08007c80                _calloc_r
 .text._malloc_trim_r
                0x08007ce0       0x9c c:/program files (x86)/gnu tools arm embedded/5.4 2016q3/bin/../lib/gcc/arm-none-eabi/5.4.1/../../../../arm-none-eabi/lib/armv7-m\libc.a(lib_a-freer.o)
                0x08007ce0                _malloc_trim_r
 .text._free_r  0x08007d7c      0x1d0 c:/program files (x86)/gnu tools arm embedded/5.4 2016q3/bin/../lib/gcc/arm-none-eabi/5.4.1/../../../../arm-none-eabi/lib/armv7-m\libc.a(lib_a-freer.o)
                0x08007d7c                _free_r
 .text.__ascii_mbtowc
                0x08007f4c       0x2c c:/program files (x86)/gnu tools arm embedded/5.4 2016q3/bin/../lib/gcc/arm-none-eabi/5.4.1/../../../../arm-none-eabi/lib/armv7-m\libc.a(lib_a-mbtowc_r.o)
                0x08007f4c                __ascii_mbtowc
 .text.memmove  0x08007f78       0xc8 c:/program files (x86)/gnu tools arm embedded/5.4 2016q3/bin/../lib/gcc/arm-none-eabi/5.4.1/../../../../arm-none-eabi/lib/armv7-m\libc.a(lib_a-memmove.o)
                0x08007f78                memmove
 .text.memset   0x08008040       0x9c c:/program files (x86)/gnu tools arm embedded/5.4 2016q3/bin/../lib/gcc/arm-none-eabi/5.4.1/../../../../arm-none-eabi/lib/armv7-m\libc.a(lib_a-memset.o)
                0x08008040                memset
 .text._realloc_r
                0x080080dc      0x3d4 c:/program files (x86)/gnu tools arm embedded/5.4 2016q3/bin/../lib/gcc/arm-none-eabi/5.4.1/../../../../arm-none-eabi/lib/armv7-m\libc.a(lib_a-reallocr.o)
                0x080080dc                _realloc_r
 .text.__ascii_wctomb
                0x080084b0       0x1c c:/program files (x86)/gnu tools arm embedded/5.4 2016q3/bin/../lib/gcc/arm-none-eabi/5.4.1/../../../../arm-none-eabi/lib/armv7-m\libc.a(lib_a-wctomb_r.o)
                0x080084b0                __ascii_wctomb
 .text          0x080084cc      0x370 c:/program files (x86)/gnu tools arm embedded/5.4 2016q3/bin/../lib/gcc/arm-none-eabi/5.4.1/armv7-m\libgcc.a(_arm_addsubdf3.o)
                0x080084cc                __aeabi_drsub
                0x080084d4                __aeabi_dsub
                0x080084d4                __subdf3
                0x080084d8                __aeabi_dadd
                0x080084d8                __adddf3
                0x08008750                __floatunsidf
                0x08008750                __aeabi_ui2d
                0x08008770                __floatsidf
                0x08008770                __aeabi_i2d
                0x08008794                __aeabi_f2d
                0x08008794                __extendsfdf2
                0x080087d0                __floatundidf
                0x080087d0                __aeabi_ul2d
                0x080087e0                __floatdidf
                0x080087e0                __aeabi_l2d
 .text          0x0800883c      0x424 c:/program files (x86)/gnu tools arm embedded/5.4 2016q3/bin/../lib/gcc/arm-none-eabi/5.4.1/armv7-m\libgcc.a(_arm_muldivdf3.o)
                0x0800883c                __aeabi_dmul
                0x0800883c                __muldf3
                0x08008a90                __divdf3
                0x08008a90                __aeabi_ddiv
 .text          0x08008c60      0x110 c:/program files (x86)/gnu tools arm embedded/5.4 2016q3/bin/../lib/gcc/arm-none-eabi/5.4.1/armv7-m\libgcc.a(_arm_cmpdf2.o)
                0x08008c60                __gtdf2
                0x08008c60                __gedf2
                0x08008c68                __ltdf2
                0x08008c68                __ledf2
                0x08008c70                __nedf2
                0x08008c70                __eqdf2
                0x08008c70                __cmpdf2
                0x08008cec                __aeabi_cdrcmple
                0x08008cfc                __aeabi_cdcmpeq
                0x08008cfc                __aeabi_cdcmple
                0x08008d0c                __aeabi_dcmpeq
                0x08008d20                __aeabi_dcmplt
                0x08008d34                __aeabi_dcmple
                0x08008d48                __aeabi_dcmpge
                0x08008d5c                __aeabi_dcmpgt
 .text          0x08008d70       0x2c c:/program files (x86)/gnu tools arm embedded/5.4 2016q3/bin/../lib/gcc/arm-none-eabi/5.4.1/armv7-m\libgcc.a(_arm_unorddf2.o)
                0x08008d70                __unorddf2
                0x08008d70                __aeabi_dcmpun
 .text          0x08008d9c       0x50 c:/program files (x86)/gnu tools arm embedded/5.4 2016q3/bin/../lib/gcc/arm-none-eabi/5.4.1/armv7-m\libgcc.a(_arm_fixdfsi.o)
                0x08008d9c                __aeabi_d2iz
                0x08008d9c                __fixdfsi
 *(.init)
 *(.fini)
 *crtbegin.o(.ctors)
 *crtbegin?.o(.ctors)
 *(EXCLUDE_FILE(*crtend.o *crtend?.o) .ctors)
 *(SORT(.ctors.*))
 *(.ctors)
 *crtbegin.o(.dtors)
 *crtbegin?.o(.dtors)
 *(EXCLUDE_FILE(*crtend.o *crtend?.o) .dtors)
 *(SORT(.dtors.*))
 *(.dtors)
 *(.rodata*)
 .rodata        0x08008dec       0xd2 ..\obj\main.o
 *fill*         0x08008ebe        0x2 
 .rodata.zeroes.7256
                0x08008ec0       0x10 c:/program files (x86)/gnu tools arm embedded/5.4 2016q3/bin/../lib/gcc/arm-none-eabi/5.4.1/../../../../arm-none-eabi/lib/armv7-m\libc.a(lib_a-svfprintf.o)
 .rodata.str1.4
                0x08008ed0       0x42 c:/program files (x86)/gnu tools arm embedded/5.4 2016q3/bin/../lib/gcc/arm-none-eabi/5.4.1/../../../../arm-none-eabi/lib/armv7-m\libc.a(lib_a-svfprintf.o)
 *fill*         0x08008f12        0x2 
 .rodata.blanks.7255
                0x08008f14       0x10 c:/program files (x86)/gnu tools arm embedded/5.4 2016q3/bin/../lib/gcc/arm-none-eabi/5.4.1/../../../../arm-none-eabi/lib/armv7-m\libc.a(lib_a-svfprintf.o)
 .rodata.str1.4
                0x08008f24       0x10 c:/program files (x86)/gnu tools arm embedded/5.4 2016q3/bin/../lib/gcc/arm-none-eabi/5.4.1/../../../../arm-none-eabi/lib/armv7-m\libc.a(lib_a-dtoa.o)
                                 0x12 (size before relaxing)
 *fill*         0x08008f34        0x4 
 .rodata.__mprec_tens
                0x08008f38       0xc8 c:/program files (x86)/gnu tools arm embedded/5.4 2016q3/bin/../lib/gcc/arm-none-eabi/5.4.1/../../../../arm-none-eabi/lib/armv7-m\libc.a(lib_a-mprec.o)
                0x08008f38                __mprec_tens
 .rodata.p05.6085
                0x08009000        0xc c:/program files (x86)/gnu tools arm embedded/5.4 2016q3/bin/../lib/gcc/arm-none-eabi/5.4.1/../../../../arm-none-eabi/lib/armv7-m\libc.a(lib_a-mprec.o)
 *fill*         0x0800900c        0x4 
 .rodata.__mprec_bigtens
                0x08009010       0x28 c:/program files (x86)/gnu tools arm embedded/5.4 2016q3/bin/../lib/gcc/arm-none-eabi/5.4.1/../../../../arm-none-eabi/lib/armv7-m\libc.a(lib_a-mprec.o)
                0x08009010                __mprec_bigtens
 .rodata.str1.4
                0x08009038       0x10 c:/program files (x86)/gnu tools arm embedded/5.4 2016q3/bin/../lib/gcc/arm-none-eabi/5.4.1/../../../../arm-none-eabi/lib/armv7-m\libc.a(lib_a-locale.o)
                                 0x12 (size before relaxing)
 .rodata._ctype_
                0x08009048      0x101 c:/program files (x86)/gnu tools arm embedded/5.4 2016q3/bin/../lib/gcc/arm-none-eabi/5.4.1/../../../../arm-none-eabi/lib/armv7-m\libc.a(lib_a-ctype_.o)
                0x08009048                _ctype_
 *(.eh_fram e*)

.glue_7         0x0800914c        0x0
 .glue_7        0x0800914c        0x0 linker stubs

.glue_7t        0x0800914c        0x0
 .glue_7t       0x0800914c        0x0 linker stubs

.vfp11_veneer   0x0800914c        0x0
 .vfp11_veneer  0x0800914c        0x0 linker stubs

.v4_bx          0x0800914c        0x0
 .v4_bx         0x0800914c        0x0 linker stubs

.iplt           0x0800914c        0x0
 .iplt          0x0800914c        0x0 ..\obj\spi.o

.ARM.extab      0x0800914c      0x1d4
 *(.ARM.extab* .gnu.linkonce.armextab.*)
 .ARM.extab.text._ZN3TIM8pwmSetupEP11TIM_TypeDefttt
                0x0800914c        0xc ..\obj\tim.o
 .ARM.extab.text._ZN3TIM12encoderSetupEP11TIM_TypeDef
                0x08009158        0xc ..\obj\tim.o
 .ARM.extab.text._ZN3TIM10timerSetupEP11TIM_TypeDef
                0x08009164        0xc ..\obj\tim.o
 .ARM.extab.text._Z9TIM1Setupt
                0x08009170        0xc ..\obj\tim.o
 .ARM.extab.text._Z9TIM2Setupt
                0x0800917c        0xc ..\obj\tim.o
 .ARM.extab.text._Z9TIM3Setupt
                0x08009188        0xc ..\obj\tim.o
 .ARM.extab.text._Z9TIM4Setupt
                0x08009194        0xc ..\obj\tim.o
 .ARM.extab.text._Z11TIM1ITSetupt
                0x080091a0        0xc ..\obj\tim.o
 .ARM.extab.text._Z11TIM2ITSetupt
                0x080091ac        0xc ..\obj\tim.o
 .ARM.extab.text._Z11TIM3ITSetupt
                0x080091b8        0xc ..\obj\tim.o
 .ARM.extab.text._Z11TIM4ITSetupt
                0x080091c4        0xc ..\obj\tim.o
 .ARM.extab.text._Z11OC1PWMSetupP11TIM_TypeDeft
                0x080091d0        0xc ..\obj\tim.o
 .ARM.extab.text._Z11OC2PWMSetupP11TIM_TypeDeft
                0x080091dc        0xc ..\obj\tim.o
 .ARM.extab.text._Z11OC3PWMSetupP11TIM_TypeDeft
                0x080091e8        0xc ..\obj\tim.o
 .ARM.extab.text._Z11OC4PWMSetupP11TIM_TypeDeft
                0x080091f4        0xc ..\obj\tim.o
 .ARM.extab.text._Z16TIM1EncoderSetupv
                0x08009200        0xc ..\obj\tim.o
 .ARM.extab.text._Z16TIM2EncoderSetupv
                0x0800920c        0xc ..\obj\tim.o
 .ARM.extab.text._Z16TIM3EncoderSetupv
                0x08009218        0xc ..\obj\tim.o
 .ARM.extab.text._Z16TIM4EncoderSetupv
                0x08009224        0xc ..\obj\tim.o
 .ARM.extab.text._ZN3TIMC2Ev
                0x08009230        0x0 ..\obj\main.o
 .ARM.extab.text._Z9CAN1Setupv
                0x08009230        0xc ..\obj\can.o
 .ARM.extab.text._ZN4GPIO5setupEP12GPIO_TypeDeft16GPIOMode_TypeDef
                0x0800923c        0xc ..\obj\gpio.o
 .ARM.extab.text._ZN4GPIO5writeE9BitAction
                0x08009248        0xc ..\obj\gpio.o
 .ARM.extab.text._ZN4GPIO4readEv
                0x08009254        0xc ..\obj\gpio.o
 .ARM.extab.text._ZN5MOTOR4dutyEl
                0x08009260        0xc ..\obj\motor.o
 .ARM.extab.text._ZN5USART4putsEPKc
                0x0800926c        0xc ..\obj\usart.o
 .ARM.extab.text._ZN5USART6printfEPKcz
                0x08009278        0xc ..\obj\usart.o
 .ARM.extab.text._ZN5USART5setupEP13USART_TypeDefm
                0x08009284        0xc ..\obj\usart.o
 .ARM.extab.text._ZN5USART4sendEc
                0x08009290        0xc ..\obj\usart.o
 .ARM.extab.text._Z11USART1Setupm
                0x0800929c        0xc ..\obj\usart.o
 .ARM.extab.text._Z11USART2Setupm
                0x080092a8        0xc ..\obj\usart.o
 .ARM.extab.text._Z11USART3Setupm
                0x080092b4        0xc ..\obj\usart.o
 .ARM.extab.text._Z13USART1ITSetupt
                0x080092c0        0xc ..\obj\usart.o
 .ARM.extab.text._Z13USART2ITSetupt
                0x080092cc        0xc ..\obj\usart.o
 .ARM.extab.text._Z13USART3ITSetupt
                0x080092d8        0xc ..\obj\usart.o
 .ARM.extab.text.USART1_IRQHandler
                0x080092e4        0xc ..\obj\usart.o
 .ARM.extab.text.USART2_IRQHandler
                0x080092f0        0xc ..\obj\usart.o
 .ARM.extab.text.USART3_IRQHandler
                0x080092fc        0xc ..\obj\usart.o
 .ARM.extab     0x08009308       0x18 c:/program files (x86)/gnu tools arm embedded/5.4 2016q3/bin/../lib/gcc/arm-none-eabi/5.4.1/armv7-m\libgcc.a(pr-support.o)
                0x08009320                __exidx_start = .

.ARM.exidx      0x08009320      0x248
 *(.ARM.exidx* .gnu.linkonce.armexidx.*)
 .ARM.exidx.text.SPI1_IRQHandler
                0x08009320       0x10 ..\obj\spi.o
                                  0x8 (size before relaxing)
 .ARM.exidx.text._ZN3TIM8pwmSetupEP11TIM_TypeDefttt
                0x08009330        0x8 ..\obj\tim.o
 .ARM.exidx.text._ZN3TIM4dutyEt
                0x08009338        0x8 ..\obj\tim.o
 .ARM.exidx.text._ZN3TIM12encoderSetupEP11TIM_TypeDef
                0x08009340        0x8 ..\obj\tim.o
 .ARM.exidx.text._ZN3TIM10timerSetupEP11TIM_TypeDef
                0x08009348        0x8 ..\obj\tim.o
 .ARM.exidx.text._Z9TIM1Setupt
                0x08009350        0x8 ..\obj\tim.o
 .ARM.exidx.text._Z9TIM2Setupt
                0x08009358        0x8 ..\obj\tim.o
 .ARM.exidx.text._Z9TIM3Setupt
                0x08009360        0x8 ..\obj\tim.o
 .ARM.exidx.text._Z9TIM4Setupt
                0x08009368        0x8 ..\obj\tim.o
 .ARM.exidx.text._Z11TIM1ITSetupt
                0x08009370        0x8 ..\obj\tim.o
 .ARM.exidx.text._Z11TIM2ITSetupt
                0x08009378        0x8 ..\obj\tim.o
 .ARM.exidx.text._Z11TIM3ITSetupt
                0x08009380        0x8 ..\obj\tim.o
 .ARM.exidx.text._Z11TIM4ITSetupt
                0x08009388        0x8 ..\obj\tim.o
 .ARM.exidx.text._Z11OC1PWMSetupP11TIM_TypeDeft
                0x08009390        0x8 ..\obj\tim.o
 .ARM.exidx.text._Z11OC2PWMSetupP11TIM_TypeDeft
                0x08009398        0x8 ..\obj\tim.o
 .ARM.exidx.text._Z11OC3PWMSetupP11TIM_TypeDeft
                0x080093a0        0x8 ..\obj\tim.o
 .ARM.exidx.text._Z11OC4PWMSetupP11TIM_TypeDeft
                0x080093a8        0x8 ..\obj\tim.o
 .ARM.exidx.text._Z10OC1DutySetP11TIM_TypeDeft
                0x080093b0        0x8 ..\obj\tim.o
 .ARM.exidx.text._Z10OC2DutySetP11TIM_TypeDeft
                0x080093b8        0x0 ..\obj\tim.o
                                  0x8 (size before relaxing)
 .ARM.exidx.text._Z10OC3DutySetP11TIM_TypeDeft
                0x080093b8        0x0 ..\obj\tim.o
                                  0x8 (size before relaxing)
 .ARM.exidx.text._Z10OC4DutySetP11TIM_TypeDeft
                0x080093b8        0x0 ..\obj\tim.o
                                  0x8 (size before relaxing)
 .ARM.exidx.text._Z16TIM1EncoderSetupv
                0x080093b8        0x8 ..\obj\tim.o
 .ARM.exidx.text._Z16TIM2EncoderSetupv
                0x080093c0        0x8 ..\obj\tim.o
 .ARM.exidx.text._Z16TIM3EncoderSetupv
                0x080093c8        0x8 ..\obj\tim.o
 .ARM.exidx.text._Z16TIM4EncoderSetupv
                0x080093d0        0x8 ..\obj\tim.o
 .ARM.exidx.text._Z16TIM1_ENCODER_IRQv
                0x080093d8        0x8 ..\obj\tim.o
 .ARM.exidx.text._Z16TIM2_ENCODER_IRQv
                0x080093e0        0x0 ..\obj\tim.o
                                  0x8 (size before relaxing)
 .ARM.exidx.text._Z16TIM3_ENCODER_IRQv
                0x080093e0        0x0 ..\obj\tim.o
                                  0x8 (size before relaxing)
 .ARM.exidx.text._Z16TIM4_ENCODER_IRQv
                0x080093e0        0x0 ..\obj\tim.o
                                  0x8 (size before relaxing)
 .ARM.exidx.text._Z19TIM1_TIM_Update_IRQv
                0x080093e0        0x0 ..\obj\tim.o
                                  0x8 (size before relaxing)
 .ARM.exidx.text._Z19TIM2_TIM_Update_IRQv
                0x080093e0        0x0 ..\obj\tim.o
                                  0x8 (size before relaxing)
 .ARM.exidx.text._Z19TIM3_TIM_Update_IRQv
                0x080093e0        0x0 ..\obj\tim.o
                                  0x8 (size before relaxing)
 .ARM.exidx.text._Z19TIM4_TIM_Update_IRQv
                0x080093e0        0x0 ..\obj\tim.o
                                  0x8 (size before relaxing)
 .ARM.exidx.text.TIM1_UP_IRQHandler
                0x080093e0        0x8 ..\obj\tim.o
 .ARM.exidx.text.TIM2_IRQHandler
                0x080093e8        0x0 ..\obj\tim.o
                                  0x8 (size before relaxing)
 .ARM.exidx.text.TIM3_IRQHandler
                0x080093e8        0x0 ..\obj\tim.o
                                  0x8 (size before relaxing)
 .ARM.exidx.text.TIM4_IRQHandler
                0x080093e8        0x8 ..\obj\tim.o
 .ARM.exidx.text._ZN3TIMC2Ev
                0x080093f0        0x0 ..\obj\main.o
                                  0x8 (size before relaxing)
 .ARM.exidx.text.main
                0x080093f0        0x8 ..\obj\main.o
 .ARM.exidx.text.USB_LP_CAN1_RX0_IRQHandler
                0x080093f8        0x8 ..\obj\main.o
 .ARM.exidx.text.CAN1_RX1_IRQHandler
                0x08009400        0x0 ..\obj\main.o
                                  0x8 (size before relaxing)
 .ARM.exidx.text._Z41__static_initialization_and_destruction_0ii
                0x08009400        0x8 ..\obj\main.o
 .ARM.exidx.text._GLOBAL__sub_I_rxFlag
                0x08009408        0x0 ..\obj\main.o
                                  0x8 (size before relaxing)
 .ARM.exidx.text.NVIC_SetPriority
                0x08009408        0x0 ..\obj\system.o
                                  0x8 (size before relaxing)
 .ARM.exidx.text.SysTick_Config
                0x08009408        0x0 ..\obj\system.o
                                  0x8 (size before relaxing)
 .ARM.exidx.text._Z5setupv
                0x08009408        0x0 ..\obj\system.o
                                  0x8 (size before relaxing)
 .ARM.exidx.text._Z5delaym
                0x08009408        0x0 ..\obj\system.o
                                  0x8 (size before relaxing)
 .ARM.exidx.text._Z6microsv
                0x08009408        0x0 ..\obj\system.o
                                  0x8 (size before relaxing)
 .ARM.exidx.text.SysTick_Handler
                0x08009408        0x0 ..\obj\system.o
                                  0x8 (size before relaxing)
 .ARM.exidx.text._Z9CAN1Setupv
                0x08009408       0x10 ..\obj\can.o
                                  0x8 (size before relaxing)
 .ARM.exidx.text._ZN4GPIO5setupEP12GPIO_TypeDeft16GPIOMode_TypeDef
                0x08009418        0x8 ..\obj\gpio.o
 .ARM.exidx.text._ZN4GPIO5writeE9BitAction
                0x08009420        0x8 ..\obj\gpio.o
 .ARM.exidx.text._ZN4GPIO4readEv
                0x08009428        0x8 ..\obj\gpio.o
 .ARM.exidx.text._ZN5MOTOR5setupER3TIMS1_
                0x08009430        0x8 ..\obj\motor.o
 .ARM.exidx.text._ZN5MOTOR4dutyEl
                0x08009438       0x10 ..\obj\motor.o
                                  0x8 (size before relaxing)
 .ARM.exidx.text._ZN5USART4putsEPKc
                0x08009448        0x8 ..\obj\usart.o
 .ARM.exidx.text._ZN5USART6printfEPKcz
                0x08009450        0x8 ..\obj\usart.o
 .ARM.exidx.text._ZN5USART5setupEP13USART_TypeDefm
                0x08009458        0x8 ..\obj\usart.o
 .ARM.exidx.text._ZN5USART4sendEc
                0x08009460        0x8 ..\obj\usart.o
 .ARM.exidx.text._Z11USART1Setupm
                0x08009468        0x8 ..\obj\usart.o
 .ARM.exidx.text._Z11USART2Setupm
                0x08009470        0x8 ..\obj\usart.o
 .ARM.exidx.text._Z11USART3Setupm
                0x08009478        0x8 ..\obj\usart.o
 .ARM.exidx.text._Z13USART1ITSetupt
                0x08009480        0x8 ..\obj\usart.o
 .ARM.exidx.text._Z13USART2ITSetupt
                0x08009488        0x8 ..\obj\usart.o
 .ARM.exidx.text._Z13USART3ITSetupt
                0x08009490        0x8 ..\obj\usart.o
 .ARM.exidx.text.USART1_IRQHandler
                0x08009498        0x8 ..\obj\usart.o
 .ARM.exidx.text.USART2_IRQHandler
                0x080094a0        0x8 ..\obj\usart.o
 .ARM.exidx.text.USART3_IRQHandler
                0x080094a8       0x10 ..\obj\usart.o
                                  0x8 (size before relaxing)
 .ARM.exidx     0x080094b8        0x0 c:/program files (x86)/gnu tools arm embedded/5.4 2016q3/bin/../lib/gcc/arm-none-eabi/5.4.1/armv7-m\libgcc.a(_udivmoddi4.o)
                                  0x8 (size before relaxing)
 .ARM.exidx     0x080094b8       0x78 c:/program files (x86)/gnu tools arm embedded/5.4 2016q3/bin/../lib/gcc/arm-none-eabi/5.4.1/armv7-m\libgcc.a(unwind-arm.o)
                                 0xd8 (size before relaxing)
 .ARM.exidx     0x08009530       0x38 c:/program files (x86)/gnu tools arm embedded/5.4 2016q3/bin/../lib/gcc/arm-none-eabi/5.4.1/armv7-m\libgcc.a(pr-support.o)
                                 0x48 (size before relaxing)
                0x08009568                __exidx_end = .
                0x08009568                __etext = .
                0x08009568                _sidata = __etext

.rel.dyn        0x08009568        0x0
 .rel.iplt      0x08009568        0x0 ..\obj\spi.o

.data           0x20000000      0x9dc load address 0x08009568
                0x20000000                __data_start__ = .
                0x20000000                _sdata = __data_start__
 *(vtable)
 *(.data*)
 .data          0x20000000       0x14 ..\obj\system_stm32f10x.o
                0x20000000                SystemCoreClock
                0x20000004                AHBPrescTable
 .data          0x20000014       0x14 ..\obj\stm32f10x_rcc.o
 .data          0x20000028        0x6 ..\obj\usart.o
                0x20000028                USART::usart1RxAddress
                0x2000002a                USART::usart2RxAddress
                0x2000002c                USART::usart3RxAddress
 *fill*         0x2000002e        0x2 
 .data.impure_data
                0x20000030      0x428 c:/program files (x86)/gnu tools arm embedded/5.4 2016q3/bin/../lib/gcc/arm-none-eabi/5.4.1/../../../../arm-none-eabi/lib/armv7-m\libc.a(lib_a-impure.o)
 .data._impure_ptr
                0x20000458        0x4 c:/program files (x86)/gnu tools arm embedded/5.4 2016q3/bin/../lib/gcc/arm-none-eabi/5.4.1/../../../../arm-none-eabi/lib/armv7-m\libc.a(lib_a-impure.o)
                0x20000458                _impure_ptr
 .data.__malloc_av_
                0x2000045c      0x408 c:/program files (x86)/gnu tools arm embedded/5.4 2016q3/bin/../lib/gcc/arm-none-eabi/5.4.1/../../../../arm-none-eabi/lib/armv7-m\libc.a(lib_a-mallocr.o)
                0x2000045c                __malloc_av_
 .data.__malloc_trim_threshold
                0x20000864        0x4 c:/program files (x86)/gnu tools arm embedded/5.4 2016q3/bin/../lib/gcc/arm-none-eabi/5.4.1/../../../../arm-none-eabi/lib/armv7-m\libc.a(lib_a-mallocr.o)
                0x20000864                __malloc_trim_threshold
 .data.__malloc_sbrk_base
                0x20000868        0x4 c:/program files (x86)/gnu tools arm embedded/5.4 2016q3/bin/../lib/gcc/arm-none-eabi/5.4.1/../../../../arm-none-eabi/lib/armv7-m\libc.a(lib_a-mallocr.o)
                0x20000868                __malloc_sbrk_base
 .data.__global_locale
                0x2000086c      0x16c c:/program files (x86)/gnu tools arm embedded/5.4 2016q3/bin/../lib/gcc/arm-none-eabi/5.4.1/../../../../arm-none-eabi/lib/armv7-m\libc.a(lib_a-locale.o)
                0x2000086c                __global_locale
                0x200009d8                . = ALIGN (0x4)
                [!provide]                PROVIDE (__preinit_array_start, .)
 *(.preinit_array)
                [!provide]                PROVIDE (__preinit_array_end, .)
                0x200009d8                . = ALIGN (0x4)
                [!provide]                PROVIDE (__init_array_start, .)
 *(SORT(.init_array.*))
 *(.init_array)
 .init_array    0x200009d8        0x4 ..\obj\main.o
                [!provide]                PROVIDE (__init_array_end, .)
                0x200009dc                . = ALIGN (0x4)
                [!provide]                PROVIDE (__fini_array_start, .)
 *(SORT(.fini_array.*))
 *(.fini_array)
                [!provide]                PROVIDE (__fini_array_end, .)
 *(.jcr*)
                0x200009dc                . = ALIGN (0x4)
                0x200009dc                __data_end__ = .
                0x200009dc                _edata = __data_end__

.igot.plt       0x200009dc        0x0 load address 0x08009f44
 .igot.plt      0x200009dc        0x0 ..\obj\spi.o

.bss            0x200009e0      0x5a4 load address 0x08009f48
                0x200009e0                . = ALIGN (0x4)
                0x200009e0                __bss_start__ = .
                0x200009e0                _sbss = __bss_start__
 *(.bss*)
 .bss           0x200009e0       0x20 ..\obj\tim.o
                0x200009e0                TIM::tim1_mode
                0x200009e4                TIM::tim2_mode
                0x200009e8                TIM::tim3_mode
                0x200009ec                TIM::tim4_mode
                0x200009f0                TIM::tim1Cnt
                0x200009f4                TIM::tim2Cnt
                0x200009f8                TIM::tim3Cnt
                0x200009fc                TIM::tim4Cnt
 .bss           0x20000a00      0x228 ..\obj\main.o
                0x20000a00                rxFlag
                0x20000a02                encOld
                0x20000a04                encPwm
                0x20000a08                canData
                0x20000a10                canAddress
                0x20000a18                intervalTimer
                0x20000a20                timCnt
                0x20000a28                RxMessage
                0x20000a3c                encAa
                0x20000a48                encAb
                0x20000a54                encBa
                0x20000a60                encBb
                0x20000a6c                sw1
                0x20000a78                sw2
                0x20000a84                buzzer
                0x20000a90                ledA
                0x20000a9c                ledB
                0x20000aa8                sel1
                0x20000ab4                sel2
                0x20000ac0                sel4
                0x20000acc                sel8
                0x20000ad8                motorEN
                0x20000ae4                limitA1
                0x20000af0                limitA2
                0x20000afc                limitB1
                0x20000b08                limitB2
                0x20000b14                usartTX
                0x20000b20                usartRX
                0x20000b2c                canTX
                0x20000b38                canRX
                0x20000b44                io0
                0x20000b50                io1
                0x20000b5c                io2
                0x20000b68                io3
                0x20000b74                pinPwmA
                0x20000b80                pinPwmAN
                0x20000b8c                pinPwmB
                0x20000b98                pinPwmBN
                0x20000ba4                timer
                0x20000bb4                pwmA
                0x20000bc4                pwmAN
                0x20000bd4                pwmB
                0x20000be4                pwmBN
                0x20000bf4                encA
                0x20000c04                encB
                0x20000c14                serial
                0x20000c18                motorA
                0x20000c20                motorB
 .bss           0x20000c28        0x8 ..\obj\system.o
 .bss           0x20000c30        0x4 ..\obj\syscalls.o
 .bss           0x20000c34      0x318 ..\obj\usart.o
                0x20000c34                USART::usart1RxBuffer
                0x20000cb4                USART::usart1ReadAddress
                0x20000cb8                USART::usart2RxBuffer
                0x20000d38                USART::usart2ReadAddress
                0x20000d3c                USART::usart3RxBuffer
                0x20000dbc                USART::usart3ReadAddress
                0x20000dc0                USART::usart1TxBuffer
                0x20000e40                USART::usart1TxSendAddress
                0x20000e42                USART::usart1TxWriteAddress
                0x20000e44                USART::usart2TxBuffer
                0x20000ec4                USART::usart2TxSendAddress
                0x20000ec6                USART::usart2TxWriteAddress
                0x20000ec8                USART::usart3TxBuffer
                0x20000f48                USART::usart3TxSendAddress
                0x20000f4a                USART::usart3TxWriteAddress
 .bss.__malloc_max_total_mem
                0x20000f4c        0x4 c:/program files (x86)/gnu tools arm embedded/5.4 2016q3/bin/../lib/gcc/arm-none-eabi/5.4.1/../../../../arm-none-eabi/lib/armv7-m\libc.a(lib_a-mallocr.o)
                0x20000f4c                __malloc_max_total_mem
 .bss.__malloc_max_sbrked_mem
                0x20000f50        0x4 c:/program files (x86)/gnu tools arm embedded/5.4 2016q3/bin/../lib/gcc/arm-none-eabi/5.4.1/../../../../arm-none-eabi/lib/armv7-m\libc.a(lib_a-mallocr.o)
                0x20000f50                __malloc_max_sbrked_mem
 .bss.__malloc_top_pad
                0x20000f54        0x4 c:/program files (x86)/gnu tools arm embedded/5.4 2016q3/bin/../lib/gcc/arm-none-eabi/5.4.1/../../../../arm-none-eabi/lib/armv7-m\libc.a(lib_a-mallocr.o)
                0x20000f54                __malloc_top_pad
 .bss.__malloc_current_mallinfo
                0x20000f58       0x28 c:/program files (x86)/gnu tools arm embedded/5.4 2016q3/bin/../lib/gcc/arm-none-eabi/5.4.1/../../../../arm-none-eabi/lib/armv7-m\libc.a(lib_a-mallocr.o)
                0x20000f58                __malloc_current_mallinfo
 *(COMMON)
 COMMON         0x20000f80        0x4 c:/program files (x86)/gnu tools arm embedded/5.4 2016q3/bin/../lib/gcc/arm-none-eabi/5.4.1/../../../../arm-none-eabi/lib/armv7-m\libc.a(lib_a-reent.o)
                0x20000f80                errno
                0x20000f84                . = ALIGN (0x4)
                0x20000f84                __bss_end__ = .
                0x20000f84                _ebss = __bss_end__

.heap           0x20000f84        0x0
                0x20000f84                __end__ = .
                0x20000f84                _end = __end__
                0x20000f84                end = __end__
 *(.heap*)
                0x20000f84                __HeapLimit = .

.co_stack       0x20000f84      0x404 load address 0x0800a4ec
                0x20000f88                . = ALIGN (0x8)
 *fill*         0x20000f84        0x4 
 *(.co_stack .co_stack.*)
 .co_stack      0x20000f88      0x400 ..\obj\startup_stm32f10x_md.o
                0x20000f88                pulStack
                0x20005000                __StackTop = (ORIGIN (ram) + LENGTH (ram))
                0x20004bfc                __StackLimit = (__StackTop - SIZEOF (.co_stack))
                [!provide]                PROVIDE (__stack, __StackTop)
                0x00000001                ASSERT ((__StackLimit >= __HeapLimit), region ram  overflowed with stack)
LOAD ..\obj\spi.o
LOAD ..\obj\stm32f10x_tim.o
LOAD ..\obj\iwdg.o
LOAD ..\obj\system_stm32f10x.o
LOAD ..\obj\tim.o
LOAD ..\obj\canEncoder.o
LOAD ..\obj\startup_stm32f10x_md.o
LOAD ..\obj\stm32f10x_can.o
LOAD ..\obj\stm32f10x_gpio.o
LOAD ..\obj\canValve.o
LOAD ..\obj\main.o
LOAD ..\obj\system.o
LOAD ..\obj\can.o
LOAD ..\obj\stm32f10x_rcc.o
LOAD ..\obj\gpio.o
LOAD ..\obj\motor.o
LOAD ..\obj\stm32f10x_exti.o
LOAD ..\obj\stm32f10x_adc.o
LOAD ..\obj\remap.o
LOAD ..\obj\stm32f10x_usart.o
LOAD ..\obj\syscalls.o
LOAD ..\obj\adc.o
LOAD ..\obj\app.o
LOAD ..\obj\misc.o
LOAD ..\obj\stm32f10x_spi.o
LOAD ..\obj\usart.o
LOAD ..\obj\stm32f10x_iwdg.o
LOAD c:/program files (x86)/gnu tools arm embedded/5.4 2016q3/bin/../lib/gcc/arm-none-eabi/5.4.1/../../../../arm-none-eabi/lib/armv7-m\libm.a
LOAD c:/program files (x86)/gnu tools arm embedded/5.4 2016q3/bin/../lib/gcc/arm-none-eabi/5.4.1/armv7-m\libgcc.a
LOAD c:/program files (x86)/gnu tools arm embedded/5.4 2016q3/bin/../lib/gcc/arm-none-eabi/5.4.1/../../../../arm-none-eabi/lib/armv7-m\libc.a
LOAD c:/program files (x86)/gnu tools arm embedded/5.4 2016q3/bin/../lib/gcc/arm-none-eabi/5.4.1/../../../../arm-none-eabi/lib/armv7-m\libstdc++.a
START GROUP
LOAD c:/program files (x86)/gnu tools arm embedded/5.4 2016q3/bin/../lib/gcc/arm-none-eabi/5.4.1/armv7-m\libgcc.a
LOAD c:/program files (x86)/gnu tools arm embedded/5.4 2016q3/bin/../lib/gcc/arm-none-eabi/5.4.1/../../../../arm-none-eabi/lib/armv7-m\libg.a
LOAD c:/program files (x86)/gnu tools arm embedded/5.4 2016q3/bin/../lib/gcc/arm-none-eabi/5.4.1/../../../../arm-none-eabi/lib/armv7-m\libc.a
END GROUP
OUTPUT(F103_48.elf elf32-littlearm)

.debug_info     0x00000000     0xa690
 .debug_info    0x00000000      0x494 ..\obj\spi.o
 .debug_info    0x00000494     0x1c60 ..\obj\stm32f10x_tim.o
 .debug_info    0x000020f4      0x49c ..\obj\system_stm32f10x.o
 .debug_info    0x00002590     0x10c8 ..\obj\tim.o
 .debug_info    0x00003658      0x101 ..\obj\startup_stm32f10x_md.o
 .debug_info    0x00003759      0xba4 ..\obj\stm32f10x_can.o
 .debug_info    0x000042fd      0x6f6 ..\obj\stm32f10x_gpio.o
 .debug_info    0x000049f3     0x115f ..\obj\main.o
 .debug_info    0x00005b52      0x65d ..\obj\system.o
 .debug_info    0x000061af      0x9e4 ..\obj\can.o
 .debug_info    0x00006b93      0x8a3 ..\obj\stm32f10x_rcc.o
 .debug_info    0x00007436      0x4d0 ..\obj\gpio.o
 .debug_info    0x00007906      0x635 ..\obj\motor.o
 .debug_info    0x00007f3b      0x9f0 ..\obj\stm32f10x_usart.o
 .debug_info    0x0000892b      0x458 ..\obj\syscalls.o
 .debug_info    0x00008d83      0x556 ..\obj\misc.o
 .debug_info    0x000092d9      0x8fb ..\obj\stm32f10x_spi.o
 .debug_info    0x00009bd4      0xabc ..\obj\usart.o

.debug_abbrev   0x00000000     0x1ef2
 .debug_abbrev  0x00000000      0x129 ..\obj\spi.o
 .debug_abbrev  0x00000129      0x1b2 ..\obj\stm32f10x_tim.o
 .debug_abbrev  0x000002db      0x14e ..\obj\system_stm32f10x.o
 .debug_abbrev  0x00000429      0x2ba ..\obj\tim.o
 .debug_abbrev  0x000006e3       0xae ..\obj\startup_stm32f10x_md.o
 .debug_abbrev  0x00000791      0x1f5 ..\obj\stm32f10x_can.o
 .debug_abbrev  0x00000986      0x1cc ..\obj\stm32f10x_gpio.o
 .debug_abbrev  0x00000b52      0x2c4 ..\obj\main.o
 .debug_abbrev  0x00000e16      0x1dc ..\obj\system.o
 .debug_abbrev  0x00000ff2      0x201 ..\obj\can.o
 .debug_abbrev  0x000011f3      0x1bc ..\obj\stm32f10x_rcc.o
 .debug_abbrev  0x000013af      0x1ca ..\obj\gpio.o
 .debug_abbrev  0x00001579      0x1ba ..\obj\motor.o
 .debug_abbrev  0x00001733      0x164 ..\obj\stm32f10x_usart.o
 .debug_abbrev  0x00001897       0xe5 ..\obj\syscalls.o
 .debug_abbrev  0x0000197c      0x147 ..\obj\misc.o
 .debug_abbrev  0x00001ac3      0x180 ..\obj\stm32f10x_spi.o
 .debug_abbrev  0x00001c43      0x2af ..\obj\usart.o

.debug_aranges  0x00000000      0xc20
 .debug_aranges
                0x00000000       0x28 ..\obj\spi.o
 .debug_aranges
                0x00000028      0x2f0 ..\obj\stm32f10x_tim.o
 .debug_aranges
                0x00000318       0x38 ..\obj\system_stm32f10x.o
 .debug_aranges
                0x00000350      0x198 ..\obj\tim.o
 .debug_aranges
                0x000004e8       0x28 ..\obj\startup_stm32f10x_md.o
 .debug_aranges
                0x00000510       0xe0 ..\obj\stm32f10x_can.o
 .debug_aranges
                0x000005f0       0xa8 ..\obj\stm32f10x_gpio.o
 .debug_aranges
                0x00000698       0x48 ..\obj\main.o
 .debug_aranges
                0x000006e0       0x50 ..\obj\system.o
 .debug_aranges
                0x00000730       0x50 ..\obj\can.o
 .debug_aranges
                0x00000780      0x118 ..\obj\stm32f10x_rcc.o
 .debug_aranges
                0x00000898       0x58 ..\obj\gpio.o
 .debug_aranges
                0x000008f0       0x28 ..\obj\motor.o
 .debug_aranges
                0x00000918      0x100 ..\obj\stm32f10x_usart.o
 .debug_aranges
                0x00000a18       0x60 ..\obj\syscalls.o
 .debug_aranges
                0x00000a78       0x40 ..\obj\misc.o
 .debug_aranges
                0x00000ab8       0xd0 ..\obj\stm32f10x_spi.o
 .debug_aranges
                0x00000b88       0x98 ..\obj\usart.o

.debug_ranges   0x00000000      0xb00
 .debug_ranges  0x00000000       0x18 ..\obj\spi.o
 .debug_ranges  0x00000018      0x2e0 ..\obj\stm32f10x_tim.o
 .debug_ranges  0x000002f8       0x28 ..\obj\system_stm32f10x.o
 .debug_ranges  0x00000320      0x188 ..\obj\tim.o
 .debug_ranges  0x000004a8       0x18 ..\obj\startup_stm32f10x_md.o
 .debug_ranges  0x000004c0       0xd0 ..\obj\stm32f10x_can.o
 .debug_ranges  0x00000590       0x98 ..\obj\stm32f10x_gpio.o
 .debug_ranges  0x00000628       0x38 ..\obj\main.o
 .debug_ranges  0x00000660       0x40 ..\obj\system.o
 .debug_ranges  0x000006a0       0x40 ..\obj\can.o
 .debug_ranges  0x000006e0      0x108 ..\obj\stm32f10x_rcc.o
 .debug_ranges  0x000007e8       0x48 ..\obj\gpio.o
 .debug_ranges  0x00000830       0x18 ..\obj\motor.o
 .debug_ranges  0x00000848       0xf0 ..\obj\stm32f10x_usart.o
 .debug_ranges  0x00000938       0x50 ..\obj\syscalls.o
 .debug_ranges  0x00000988       0x30 ..\obj\misc.o
 .debug_ranges  0x000009b8       0xc0 ..\obj\stm32f10x_spi.o
 .debug_ranges  0x00000a78       0x88 ..\obj\usart.o

.debug_line     0x00000000     0x4896
 .debug_line    0x00000000      0x296 ..\obj\spi.o
 .debug_line    0x00000296      0xb88 ..\obj\stm32f10x_tim.o
 .debug_line    0x00000e1e      0x23e ..\obj\system_stm32f10x.o
 .debug_line    0x0000105c      0x713 ..\obj\tim.o
 .debug_line    0x0000176f       0xaf ..\obj\startup_stm32f10x_md.o
 .debug_line    0x0000181e      0x5a2 ..\obj\stm32f10x_can.o
 .debug_line    0x00001dc0      0x408 ..\obj\stm32f10x_gpio.o
 .debug_line    0x000021c8      0x3b1 ..\obj\main.o
 .debug_line    0x00002579      0x275 ..\obj\system.o
 .debug_line    0x000027ee      0x31f ..\obj\can.o
 .debug_line    0x00002b0d      0x503 ..\obj\stm32f10x_rcc.o
 .debug_line    0x00003010      0x307 ..\obj\gpio.o
 .debug_line    0x00003317      0x254 ..\obj\motor.o
 .debug_line    0x0000356b      0x4ea ..\obj\stm32f10x_usart.o
 .debug_line    0x00003a55      0x1fb ..\obj\syscalls.o
 .debug_line    0x00003c50      0x27b ..\obj\misc.o
 .debug_line    0x00003ecb      0x465 ..\obj\stm32f10x_spi.o
 .debug_line    0x00004330      0x566 ..\obj\usart.o

.debug_str      0x00000000     0x3fea
 .debug_str     0x00000000      0x673 ..\obj\spi.o
                                0x710 (size before relaxing)
 .debug_str     0x00000673      0xbd2 ..\obj\stm32f10x_tim.o
                                0xdf2 (size before relaxing)
 .debug_str     0x00001245      0x171 ..\obj\system_stm32f10x.o
                                0x304 (size before relaxing)
 .debug_str     0x000013b6      0x8b1 ..\obj\tim.o
                               0x10ca (size before relaxing)
 .debug_str     0x00001c67       0xca ..\obj\startup_stm32f10x_md.o
                                0x161 (size before relaxing)
 .debug_str     0x00001d31      0x4a0 ..\obj\stm32f10x_can.o
                                0x743 (size before relaxing)
 .debug_str     0x000021d1      0x340 ..\obj\stm32f10x_gpio.o
                                0x52e (size before relaxing)
 .debug_str     0x00002511      0x557 ..\obj\main.o
                                0xc35 (size before relaxing)
 .debug_str     0x00002a68      0x136 ..\obj\system.o
                                0x675 (size before relaxing)
 .debug_str     0x00002b9e      0x199 ..\obj\can.o
                                0x9a5 (size before relaxing)
 .debug_str     0x00002d37      0x3db ..\obj\stm32f10x_rcc.o
                                0x62f (size before relaxing)
 .debug_str     0x00003112      0x132 ..\obj\gpio.o
                                0x520 (size before relaxing)
 .debug_str     0x00003244       0x6c ..\obj\motor.o
                                0x55f (size before relaxing)
 .debug_str     0x000032b0      0x417 ..\obj\stm32f10x_usart.o
                                0x6a5 (size before relaxing)
 .debug_str     0x000036c7      0x18b ..\obj\syscalls.o
                                0x34a (size before relaxing)
 .debug_str     0x00003852      0x118 ..\obj\misc.o
                                0x3d3 (size before relaxing)
 .debug_str     0x0000396a      0x2d2 ..\obj\stm32f10x_spi.o
                                0x612 (size before relaxing)
 .debug_str     0x00003c3c      0x3ae ..\obj\usart.o
                                0xc2c (size before relaxing)

.comment        0x00000000       0x6e
 .comment       0x00000000       0x6e ..\obj\spi.o
                                 0x6f (size before relaxing)
 .comment       0x0000006e       0x6f ..\obj\stm32f10x_tim.o
 .comment       0x0000006e       0x6f ..\obj\system_stm32f10x.o
 .comment       0x0000006e       0x6f ..\obj\tim.o
 .comment       0x0000006e       0x6f ..\obj\startup_stm32f10x_md.o
 .comment       0x0000006e       0x6f ..\obj\stm32f10x_can.o
 .comment       0x0000006e       0x6f ..\obj\stm32f10x_gpio.o
 .comment       0x0000006e       0x6f ..\obj\main.o
 .comment       0x0000006e       0x6f ..\obj\system.o
 .comment       0x0000006e       0x6f ..\obj\can.o
 .comment       0x0000006e       0x6f ..\obj\stm32f10x_rcc.o
 .comment       0x0000006e       0x6f ..\obj\gpio.o
 .comment       0x0000006e       0x6f ..\obj\motor.o
 .comment       0x0000006e       0x6f ..\obj\stm32f10x_usart.o
 .comment       0x0000006e       0x6f ..\obj\syscalls.o
 .comment       0x0000006e       0x6f ..\obj\misc.o
 .comment       0x0000006e       0x6f ..\obj\stm32f10x_spi.o
 .comment       0x0000006e       0x6f ..\obj\usart.o

.ARM.attributes
                0x00000000       0x31
 .ARM.attributes
                0x00000000       0x33 ..\obj\spi.o
 .ARM.attributes
                0x00000033       0x33 ..\obj\stm32f10x_tim.o
 .ARM.attributes
                0x00000066       0x33 ..\obj\system_stm32f10x.o
 .ARM.attributes
                0x00000099       0x33 ..\obj\tim.o
 .ARM.attributes
                0x000000cc       0x33 ..\obj\startup_stm32f10x_md.o
 .ARM.attributes
                0x000000ff       0x33 ..\obj\stm32f10x_can.o
 .ARM.attributes
                0x00000132       0x33 ..\obj\stm32f10x_gpio.o
 .ARM.attributes
                0x00000165       0x33 ..\obj\main.o
 .ARM.attributes
                0x00000198       0x33 ..\obj\system.o
 .ARM.attributes
                0x000001cb       0x33 ..\obj\can.o
 .ARM.attributes
                0x000001fe       0x33 ..\obj\stm32f10x_rcc.o
 .ARM.attributes
                0x00000231       0x33 ..\obj\gpio.o
 .ARM.attributes
                0x00000264       0x33 ..\obj\motor.o
 .ARM.attributes
                0x00000297       0x33 ..\obj\stm32f10x_usart.o
 .ARM.attributes
                0x000002ca       0x33 ..\obj\syscalls.o
 .ARM.attributes
                0x000002fd       0x33 ..\obj\misc.o
 .ARM.attributes
                0x00000330       0x33 ..\obj\stm32f10x_spi.o
 .ARM.attributes
                0x00000363       0x33 ..\obj\usart.o
 .ARM.attributes
                0x00000396       0x1d c:/program files (x86)/gnu tools arm embedded/5.4 2016q3/bin/../lib/gcc/arm-none-eabi/5.4.1/armv7-m\libgcc.a(_aeabi_uldivmod.o)
 .ARM.attributes
                0x000003b3       0x2d c:/program files (x86)/gnu tools arm embedded/5.4 2016q3/bin/../lib/gcc/arm-none-eabi/5.4.1/armv7-m\libgcc.a(_udivmoddi4.o)
 .ARM.attributes
                0x000003e0       0x1d c:/program files (x86)/gnu tools arm embedded/5.4 2016q3/bin/../lib/gcc/arm-none-eabi/5.4.1/armv7-m\libgcc.a(_dvmd_tls.o)
 .ARM.attributes
                0x000003fd       0x1b c:/program files (x86)/gnu tools arm embedded/5.4 2016q3/bin/../lib/gcc/arm-none-eabi/5.4.1/../../../../arm-none-eabi/lib/armv7-m\libc.a(lib_a-memcpy.o)
 .ARM.attributes
                0x00000418       0x2d c:/program files (x86)/gnu tools arm embedded/5.4 2016q3/bin/../lib/gcc/arm-none-eabi/5.4.1/../../../../arm-none-eabi/lib/armv7-m\libc.a(lib_a-vsprintf.o)
 .ARM.attributes
                0x00000445       0x2d c:/program files (x86)/gnu tools arm embedded/5.4 2016q3/bin/../lib/gcc/arm-none-eabi/5.4.1/../../../../arm-none-eabi/lib/armv7-m\libc.a(lib_a-impure.o)
 .ARM.attributes
                0x00000472       0x2d c:/program files (x86)/gnu tools arm embedded/5.4 2016q3/bin/../lib/gcc/arm-none-eabi/5.4.1/../../../../arm-none-eabi/lib/armv7-m\libc.a(lib_a-svfprintf.o)
 .ARM.attributes
                0x0000049f       0x2d c:/program files (x86)/gnu tools arm embedded/5.4 2016q3/bin/../lib/gcc/arm-none-eabi/5.4.1/../../../../arm-none-eabi/lib/armv7-m\libc.a(lib_a-dtoa.o)
 .ARM.attributes
                0x000004cc       0x2d c:/program files (x86)/gnu tools arm embedded/5.4 2016q3/bin/../lib/gcc/arm-none-eabi/5.4.1/../../../../arm-none-eabi/lib/armv7-m\libc.a(lib_a-localeconv.o)
 .ARM.attributes
                0x000004f9       0x2d c:/program files (x86)/gnu tools arm embedded/5.4 2016q3/bin/../lib/gcc/arm-none-eabi/5.4.1/../../../../arm-none-eabi/lib/armv7-m\libc.a(lib_a-mallocr.o)
 .ARM.attributes
                0x00000526       0x2d c:/program files (x86)/gnu tools arm embedded/5.4 2016q3/bin/../lib/gcc/arm-none-eabi/5.4.1/../../../../arm-none-eabi/lib/armv7-m\libc.a(lib_a-memchr-stub.o)
 .ARM.attributes
                0x00000553       0x2d c:/program files (x86)/gnu tools arm embedded/5.4 2016q3/bin/../lib/gcc/arm-none-eabi/5.4.1/../../../../arm-none-eabi/lib/armv7-m\libc.a(lib_a-mlock.o)
 .ARM.attributes
                0x00000580       0x2d c:/program files (x86)/gnu tools arm embedded/5.4 2016q3/bin/../lib/gcc/arm-none-eabi/5.4.1/../../../../arm-none-eabi/lib/armv7-m\libc.a(lib_a-mprec.o)
 .ARM.attributes
                0x000005ad       0x2d c:/program files (x86)/gnu tools arm embedded/5.4 2016q3/bin/../lib/gcc/arm-none-eabi/5.4.1/../../../../arm-none-eabi/lib/armv7-m\libc.a(lib_a-sbrkr.o)
 .ARM.attributes
                0x000005da       0x2d c:/program files (x86)/gnu tools arm embedded/5.4 2016q3/bin/../lib/gcc/arm-none-eabi/5.4.1/../../../../arm-none-eabi/lib/armv7-m\libc.a(lib_a-strlen-stub.o)
 .ARM.attributes
                0x00000607       0x2d c:/program files (x86)/gnu tools arm embedded/5.4 2016q3/bin/../lib/gcc/arm-none-eabi/5.4.1/../../../../arm-none-eabi/lib/armv7-m\libc.a(lib_a-svfiprintf.o)
 .ARM.attributes
                0x00000634       0x2d c:/program files (x86)/gnu tools arm embedded/5.4 2016q3/bin/../lib/gcc/arm-none-eabi/5.4.1/../../../../arm-none-eabi/lib/armv7-m\libc.a(lib_a-callocr.o)
 .ARM.attributes
                0x00000661       0x2d c:/program files (x86)/gnu tools arm embedded/5.4 2016q3/bin/../lib/gcc/arm-none-eabi/5.4.1/../../../../arm-none-eabi/lib/armv7-m\libc.a(lib_a-freer.o)
 .ARM.attributes
                0x0000068e       0x2d c:/program files (x86)/gnu tools arm embedded/5.4 2016q3/bin/../lib/gcc/arm-none-eabi/5.4.1/../../../../arm-none-eabi/lib/armv7-m\libc.a(lib_a-locale.o)
 .ARM.attributes
                0x000006bb       0x2d c:/program files (x86)/gnu tools arm embedded/5.4 2016q3/bin/../lib/gcc/arm-none-eabi/5.4.1/../../../../arm-none-eabi/lib/armv7-m\libc.a(lib_a-mbtowc_r.o)
 .ARM.attributes
                0x000006e8       0x2d c:/program files (x86)/gnu tools arm embedded/5.4 2016q3/bin/../lib/gcc/arm-none-eabi/5.4.1/../../../../arm-none-eabi/lib/armv7-m\libc.a(lib_a-memmove.o)
 .ARM.attributes
                0x00000715       0x2d c:/program files (x86)/gnu tools arm embedded/5.4 2016q3/bin/../lib/gcc/arm-none-eabi/5.4.1/../../../../arm-none-eabi/lib/armv7-m\libc.a(lib_a-memset.o)
 .ARM.attributes
                0x00000742       0x2d c:/program files (x86)/gnu tools arm embedded/5.4 2016q3/bin/../lib/gcc/arm-none-eabi/5.4.1/../../../../arm-none-eabi/lib/armv7-m\libc.a(lib_a-reallocr.o)
 .ARM.attributes
                0x0000076f       0x2d c:/program files (x86)/gnu tools arm embedded/5.4 2016q3/bin/../lib/gcc/arm-none-eabi/5.4.1/../../../../arm-none-eabi/lib/armv7-m\libc.a(lib_a-reent.o)
 .ARM.attributes
                0x0000079c       0x2d c:/program files (x86)/gnu tools arm embedded/5.4 2016q3/bin/../lib/gcc/arm-none-eabi/5.4.1/../../../../arm-none-eabi/lib/armv7-m\libc.a(lib_a-wctomb_r.o)
 .ARM.attributes
                0x000007c9       0x2d c:/program files (x86)/gnu tools arm embedded/5.4 2016q3/bin/../lib/gcc/arm-none-eabi/5.4.1/../../../../arm-none-eabi/lib/armv7-m\libc.a(lib_a-ctype_.o)
 .ARM.attributes
                0x000007f6       0x1d c:/program files (x86)/gnu tools arm embedded/5.4 2016q3/bin/../lib/gcc/arm-none-eabi/5.4.1/armv7-m\libgcc.a(_arm_addsubdf3.o)
 .ARM.attributes
                0x00000813       0x1d c:/program files (x86)/gnu tools arm embedded/5.4 2016q3/bin/../lib/gcc/arm-none-eabi/5.4.1/armv7-m\libgcc.a(_arm_muldivdf3.o)
 .ARM.attributes
                0x00000830       0x1d c:/program files (x86)/gnu tools arm embedded/5.4 2016q3/bin/../lib/gcc/arm-none-eabi/5.4.1/armv7-m\libgcc.a(_arm_cmpdf2.o)
 .ARM.attributes
                0x0000084d       0x1d c:/program files (x86)/gnu tools arm embedded/5.4 2016q3/bin/../lib/gcc/arm-none-eabi/5.4.1/armv7-m\libgcc.a(_arm_unorddf2.o)
 .ARM.attributes
                0x0000086a       0x1d c:/program files (x86)/gnu tools arm embedded/5.4 2016q3/bin/../lib/gcc/arm-none-eabi/5.4.1/armv7-m\libgcc.a(_arm_fixdfsi.o)

.debug_frame    0x00000000     0x3b50
 .debug_frame   0x00000000       0x50 ..\obj\spi.o
 .debug_frame   0x00000050      0xe2c ..\obj\stm32f10x_tim.o
 .debug_frame   0x00000e7c       0x98 ..\obj\system_stm32f10x.o
 .debug_frame   0x00000f14      0x688 ..\obj\tim.o
 .debug_frame   0x0000159c       0x4c ..\obj\startup_stm32f10x_md.o
 .debug_frame   0x000015e8      0x3f0 ..\obj\stm32f10x_can.o
 .debug_frame   0x000019d8      0x2d0 ..\obj\stm32f10x_gpio.o
 .debug_frame   0x00001ca8       0xd4 ..\obj\main.o
 .debug_frame   0x00001d7c      0x108 ..\obj\system.o
 .debug_frame   0x00001e84      0x110 ..\obj\can.o
 .debug_frame   0x00001f94      0x4f4 ..\obj\stm32f10x_rcc.o
 .debug_frame   0x00002488      0x128 ..\obj\gpio.o
 .debug_frame   0x000025b0       0x5c ..\obj\motor.o
 .debug_frame   0x0000260c      0x490 ..\obj\stm32f10x_usart.o
 .debug_frame   0x00002a9c      0x168 ..\obj\syscalls.o
 .debug_frame   0x00002c04       0xd8 ..\obj\misc.o
 .debug_frame   0x00002cdc      0x3a0 ..\obj\stm32f10x_spi.o
 .debug_frame   0x0000307c      0x27c ..\obj\usart.o
 .debug_frame   0x000032f8       0x2c c:/program files (x86)/gnu tools arm embedded/5.4 2016q3/bin/../lib/gcc/arm-none-eabi/5.4.1/armv7-m\libgcc.a(_aeabi_uldivmod.o)
 .debug_frame   0x00003324       0x38 c:/program files (x86)/gnu tools arm embedded/5.4 2016q3/bin/../lib/gcc/arm-none-eabi/5.4.1/armv7-m\libgcc.a(_udivmoddi4.o)
 .debug_frame   0x0000335c       0x50 c:/program files (x86)/gnu tools arm embedded/5.4 2016q3/bin/../lib/gcc/arm-none-eabi/5.4.1/../../../../arm-none-eabi/lib/armv7-m\libc.a(lib_a-vsprintf.o)
 .debug_frame   0x000033ac       0x44 c:/program files (x86)/gnu tools arm embedded/5.4 2016q3/bin/../lib/gcc/arm-none-eabi/5.4.1/../../../../arm-none-eabi/lib/armv7-m\libc.a(lib_a-svfprintf.o)
 .debug_frame   0x000033f0       0x84 c:/program files (x86)/gnu tools arm embedded/5.4 2016q3/bin/../lib/gcc/arm-none-eabi/5.4.1/../../../../arm-none-eabi/lib/armv7-m\libc.a(lib_a-dtoa.o)
 .debug_frame   0x00003474       0x40 c:/program files (x86)/gnu tools arm embedded/5.4 2016q3/bin/../lib/gcc/arm-none-eabi/5.4.1/../../../../arm-none-eabi/lib/armv7-m\libc.a(lib_a-localeconv.o)
 .debug_frame   0x000034b4       0x54 c:/program files (x86)/gnu tools arm embedded/5.4 2016q3/bin/../lib/gcc/arm-none-eabi/5.4.1/../../../../arm-none-eabi/lib/armv7-m\libc.a(lib_a-mallocr.o)
 .debug_frame   0x00003508       0x34 c:/program files (x86)/gnu tools arm embedded/5.4 2016q3/bin/../lib/gcc/arm-none-eabi/5.4.1/../../../../arm-none-eabi/lib/armv7-m\libc.a(lib_a-memchr-stub.o)
 .debug_frame   0x0000353c       0x30 c:/program files (x86)/gnu tools arm embedded/5.4 2016q3/bin/../lib/gcc/arm-none-eabi/5.4.1/../../../../arm-none-eabi/lib/armv7-m\libc.a(lib_a-mlock.o)
 .debug_frame   0x0000356c      0x264 c:/program files (x86)/gnu tools arm embedded/5.4 2016q3/bin/../lib/gcc/arm-none-eabi/5.4.1/../../../../arm-none-eabi/lib/armv7-m\libc.a(lib_a-mprec.o)
 .debug_frame   0x000037d0       0x2c c:/program files (x86)/gnu tools arm embedded/5.4 2016q3/bin/../lib/gcc/arm-none-eabi/5.4.1/../../../../arm-none-eabi/lib/armv7-m\libc.a(lib_a-sbrkr.o)
 .debug_frame   0x000037fc       0x20 c:/program files (x86)/gnu tools arm embedded/5.4 2016q3/bin/../lib/gcc/arm-none-eabi/5.4.1/../../../../arm-none-eabi/lib/armv7-m\libc.a(lib_a-strlen-stub.o)
 .debug_frame   0x0000381c       0x78 c:/program files (x86)/gnu tools arm embedded/5.4 2016q3/bin/../lib/gcc/arm-none-eabi/5.4.1/../../../../arm-none-eabi/lib/armv7-m\libc.a(lib_a-svfiprintf.o)
 .debug_frame   0x00003894       0x28 c:/program files (x86)/gnu tools arm embedded/5.4 2016q3/bin/../lib/gcc/arm-none-eabi/5.4.1/../../../../arm-none-eabi/lib/armv7-m\libc.a(lib_a-callocr.o)
 .debug_frame   0x000038bc       0x74 c:/program files (x86)/gnu tools arm embedded/5.4 2016q3/bin/../lib/gcc/arm-none-eabi/5.4.1/../../../../arm-none-eabi/lib/armv7-m\libc.a(lib_a-freer.o)
 .debug_frame   0x00003930       0x84 c:/program files (x86)/gnu tools arm embedded/5.4 2016q3/bin/../lib/gcc/arm-none-eabi/5.4.1/../../../../arm-none-eabi/lib/armv7-m\libc.a(lib_a-locale.o)
 .debug_frame   0x000039b4       0x4c c:/program files (x86)/gnu tools arm embedded/5.4 2016q3/bin/../lib/gcc/arm-none-eabi/5.4.1/../../../../arm-none-eabi/lib/armv7-m\libc.a(lib_a-mbtowc_r.o)
 .debug_frame   0x00003a00       0x30 c:/program files (x86)/gnu tools arm embedded/5.4 2016q3/bin/../lib/gcc/arm-none-eabi/5.4.1/../../../../arm-none-eabi/lib/armv7-m\libc.a(lib_a-memmove.o)
 .debug_frame   0x00003a30       0x34 c:/program files (x86)/gnu tools arm embedded/5.4 2016q3/bin/../lib/gcc/arm-none-eabi/5.4.1/../../../../arm-none-eabi/lib/armv7-m\libc.a(lib_a-memset.o)
 .debug_frame   0x00003a64       0x58 c:/program files (x86)/gnu tools arm embedded/5.4 2016q3/bin/../lib/gcc/arm-none-eabi/5.4.1/../../../../arm-none-eabi/lib/armv7-m\libc.a(lib_a-reallocr.o)
 .debug_frame   0x00003abc       0x58 c:/program files (x86)/gnu tools arm embedded/5.4 2016q3/bin/../lib/gcc/arm-none-eabi/5.4.1/../../../../arm-none-eabi/lib/armv7-m\libc.a(lib_a-reent.o)
 .debug_frame   0x00003b14       0x3c c:/program files (x86)/gnu tools arm embedded/5.4 2016q3/bin/../lib/gcc/arm-none-eabi/5.4.1/../../../../arm-none-eabi/lib/armv7-m\libc.a(lib_a-wctomb_r.o)
