Archive member included because of file (symbol)

c:/program files (x86)/gnu tools arm embedded/4.9 2014q4/bin/../lib/gcc/arm-none-eabi/4.9.3/armv7-m\libgcc.a(unwind-arm.o)
                              ..\obj\main.o (__aeabi_unwind_cpp_pr0)
c:/program files (x86)/gnu tools arm embedded/4.9 2014q4/bin/../lib/gcc/arm-none-eabi/4.9.3/armv7-m\libgcc.a(libunwind.o)
                              c:/program files (x86)/gnu tools arm embedded/4.9 2014q4/bin/../lib/gcc/arm-none-eabi/4.9.3/armv7-m\libgcc.a(unwind-arm.o) (restore_core_regs)
c:/program files (x86)/gnu tools arm embedded/4.9 2014q4/bin/../lib/gcc/arm-none-eabi/4.9.3/armv7-m\libgcc.a(pr-support.o)
                              c:/program files (x86)/gnu tools arm embedded/4.9 2014q4/bin/../lib/gcc/arm-none-eabi/4.9.3/armv7-m\libgcc.a(unwind-arm.o) (__gnu_unwind_execute)
c:/program files (x86)/gnu tools arm embedded/4.9 2014q4/bin/../lib/gcc/arm-none-eabi/4.9.3/../../../../arm-none-eabi/lib/armv7-m\libg.a(lib_a-memcpy.o)
                              c:/program files (x86)/gnu tools arm embedded/4.9 2014q4/bin/../lib/gcc/arm-none-eabi/4.9.3/armv7-m\libgcc.a(unwind-arm.o) (memcpy)

Allocating common symbols
Common symbol       size              file

__dso_handle        0x4               ..\obj\startup_stm32f10x_md.o

Discarded input sections

 .text          0x00000000        0x0 ..\obj\semihosting.o
 .data          0x00000000        0x0 ..\obj\semihosting.o
 .text.SH_SendString
                0x00000000       0x24 ..\obj\semihosting.o
 .text.SH_GetChar
                0x00000000       0x40 ..\obj\semihosting.o
 .text          0x00000000        0x0 ..\obj\stm32f10x_tim.o
 .data          0x00000000        0x0 ..\obj\stm32f10x_tim.o
 .bss           0x00000000        0x0 ..\obj\stm32f10x_tim.o
 .text.TIM_DeInit
                0x00000000      0x22c ..\obj\stm32f10x_tim.o
 .text.TIM_TimeBaseInit
                0x00000000       0xf8 ..\obj\stm32f10x_tim.o
 .text.TIM_OC1Init
                0x00000000      0x118 ..\obj\stm32f10x_tim.o
 .text.TIM_OC2Init
                0x00000000      0x110 ..\obj\stm32f10x_tim.o
 .text.TIM_OC3Init
                0x00000000      0x10c ..\obj\stm32f10x_tim.o
 .text.TIM_OC4Init
                0x00000000       0xd0 ..\obj\stm32f10x_tim.o
 .text.TIM_ICInit
                0x00000000       0xa8 ..\obj\stm32f10x_tim.o
 .text.TIM_PWMIConfig
                0x00000000       0xb8 ..\obj\stm32f10x_tim.o
 .text.TIM_BDTRConfig
                0x00000000       0x50 ..\obj\stm32f10x_tim.o
 .text.TIM_TimeBaseStructInit
                0x00000000       0x34 ..\obj\stm32f10x_tim.o
 .text.TIM_OCStructInit
                0x00000000       0x44 ..\obj\stm32f10x_tim.o
 .text.TIM_ICStructInit
                0x00000000       0x30 ..\obj\stm32f10x_tim.o
 .text.TIM_BDTRStructInit
                0x00000000       0x3c ..\obj\stm32f10x_tim.o
 .text.TIM_Cmd  0x00000000       0x40 ..\obj\stm32f10x_tim.o
 .text.TIM_CtrlPWMOutputs
                0x00000000       0x4c ..\obj\stm32f10x_tim.o
 .text.TIM_ITConfig
                0x00000000       0x48 ..\obj\stm32f10x_tim.o
 .text.TIM_GenerateEvent
                0x00000000       0x1c ..\obj\stm32f10x_tim.o
 .text.TIM_DMAConfig
                0x00000000       0x28 ..\obj\stm32f10x_tim.o
 .text.TIM_DMACmd
                0x00000000       0x48 ..\obj\stm32f10x_tim.o
 .text.TIM_InternalClockConfig
                0x00000000       0x24 ..\obj\stm32f10x_tim.o
 .text.TIM_ITRxExternalClockConfig
                0x00000000       0x2c ..\obj\stm32f10x_tim.o
 .text.TIM_TIxExternalClockConfig
                0x00000000       0x60 ..\obj\stm32f10x_tim.o
 .text.TIM_ETRClockMode1Config
                0x00000000       0x5c ..\obj\stm32f10x_tim.o
 .text.TIM_ETRClockMode2Config
                0x00000000       0x3c ..\obj\stm32f10x_tim.o
 .text.TIM_ETRConfig
                0x00000000       0x54 ..\obj\stm32f10x_tim.o
 .text.TIM_PrescalerConfig
                0x00000000       0x28 ..\obj\stm32f10x_tim.o
 .text.TIM_CounterModeConfig
                0x00000000       0x38 ..\obj\stm32f10x_tim.o
 .text.TIM_SelectInputTrigger
                0x00000000       0x38 ..\obj\stm32f10x_tim.o
 .text.TIM_EncoderInterfaceConfig
                0x00000000       0x98 ..\obj\stm32f10x_tim.o
 .text.TIM_ForcedOC1Config
                0x00000000       0x38 ..\obj\stm32f10x_tim.o
 .text.TIM_ForcedOC2Config
                0x00000000       0x3c ..\obj\stm32f10x_tim.o
 .text.TIM_ForcedOC3Config
                0x00000000       0x38 ..\obj\stm32f10x_tim.o
 .text.TIM_ForcedOC4Config
                0x00000000       0x3c ..\obj\stm32f10x_tim.o
 .text.TIM_ARRPreloadConfig
                0x00000000       0x40 ..\obj\stm32f10x_tim.o
 .text.TIM_SelectCOM
                0x00000000       0x40 ..\obj\stm32f10x_tim.o
 .text.TIM_SelectCCDMA
                0x00000000       0x40 ..\obj\stm32f10x_tim.o
 .text.TIM_CCPreloadControl
                0x00000000       0x40 ..\obj\stm32f10x_tim.o
 .text.TIM_OC1PreloadConfig
                0x00000000       0x38 ..\obj\stm32f10x_tim.o
 .text.TIM_OC2PreloadConfig
                0x00000000       0x3c ..\obj\stm32f10x_tim.o
 .text.TIM_OC3PreloadConfig
                0x00000000       0x38 ..\obj\stm32f10x_tim.o
 .text.TIM_OC4PreloadConfig
                0x00000000       0x3c ..\obj\stm32f10x_tim.o
 .text.TIM_OC1FastConfig
                0x00000000       0x38 ..\obj\stm32f10x_tim.o
 .text.TIM_OC2FastConfig
                0x00000000       0x3c ..\obj\stm32f10x_tim.o
 .text.TIM_OC3FastConfig
                0x00000000       0x38 ..\obj\stm32f10x_tim.o
 .text.TIM_OC4FastConfig
                0x00000000       0x3c ..\obj\stm32f10x_tim.o
 .text.TIM_ClearOC1Ref
                0x00000000       0x38 ..\obj\stm32f10x_tim.o
 .text.TIM_ClearOC2Ref
                0x00000000       0x3c ..\obj\stm32f10x_tim.o
 .text.TIM_ClearOC3Ref
                0x00000000       0x38 ..\obj\stm32f10x_tim.o
 .text.TIM_ClearOC4Ref
                0x00000000       0x3c ..\obj\stm32f10x_tim.o
 .text.TIM_OC1PolarityConfig
                0x00000000       0x38 ..\obj\stm32f10x_tim.o
 .text.TIM_OC1NPolarityConfig
                0x00000000       0x38 ..\obj\stm32f10x_tim.o
 .text.TIM_OC2PolarityConfig
                0x00000000       0x3c ..\obj\stm32f10x_tim.o
 .text.TIM_OC2NPolarityConfig
                0x00000000       0x3c ..\obj\stm32f10x_tim.o
 .text.TIM_OC3PolarityConfig
                0x00000000       0x3c ..\obj\stm32f10x_tim.o
 .text.TIM_OC3NPolarityConfig
                0x00000000       0x3c ..\obj\stm32f10x_tim.o
 .text.TIM_OC4PolarityConfig
                0x00000000       0x3c ..\obj\stm32f10x_tim.o
 .text.TIM_CCxCmd
                0x00000000       0x54 ..\obj\stm32f10x_tim.o
 .text.TIM_CCxNCmd
                0x00000000       0x54 ..\obj\stm32f10x_tim.o
 .text.TIM_SelectOCxM
                0x00000000       0xac ..\obj\stm32f10x_tim.o
 .text.TIM_UpdateDisableConfig
                0x00000000       0x40 ..\obj\stm32f10x_tim.o
 .text.TIM_UpdateRequestConfig
                0x00000000       0x40 ..\obj\stm32f10x_tim.o
 .text.TIM_SelectHallSensor
                0x00000000       0x40 ..\obj\stm32f10x_tim.o
 .text.TIM_SelectOnePulseMode
                0x00000000       0x38 ..\obj\stm32f10x_tim.o
 .text.TIM_SelectOutputTrigger
                0x00000000       0x38 ..\obj\stm32f10x_tim.o
 .text.TIM_SelectSlaveMode
                0x00000000       0x38 ..\obj\stm32f10x_tim.o
 .text.TIM_SelectMasterSlaveMode
                0x00000000       0x38 ..\obj\stm32f10x_tim.o
 .text.TIM_SetCounter
                0x00000000       0x1c ..\obj\stm32f10x_tim.o
 .text.TIM_SetAutoreload
                0x00000000       0x1c ..\obj\stm32f10x_tim.o
 .text.TIM_SetCompare1
                0x00000000       0x1c ..\obj\stm32f10x_tim.o
 .text.TIM_SetCompare2
                0x00000000       0x1c ..\obj\stm32f10x_tim.o
 .text.TIM_SetCompare3
                0x00000000       0x1c ..\obj\stm32f10x_tim.o
 .text.TIM_SetCompare4
                0x00000000       0x20 ..\obj\stm32f10x_tim.o
 .text.TIM_SetIC1Prescaler
                0x00000000       0x38 ..\obj\stm32f10x_tim.o
 .text.TIM_SetIC2Prescaler
                0x00000000       0x3c ..\obj\stm32f10x_tim.o
 .text.TIM_SetIC3Prescaler
                0x00000000       0x38 ..\obj\stm32f10x_tim.o
 .text.TIM_SetIC4Prescaler
                0x00000000       0x3c ..\obj\stm32f10x_tim.o
 .text.TIM_SetClockDivision
                0x00000000       0x38 ..\obj\stm32f10x_tim.o
 .text.TIM_GetCapture1
                0x00000000       0x1c ..\obj\stm32f10x_tim.o
 .text.TIM_GetCapture2
                0x00000000       0x1c ..\obj\stm32f10x_tim.o
 .text.TIM_GetCapture3
                0x00000000       0x1c ..\obj\stm32f10x_tim.o
 .text.TIM_GetCapture4
                0x00000000       0x1c ..\obj\stm32f10x_tim.o
 .text.TIM_GetCounter
                0x00000000       0x1c ..\obj\stm32f10x_tim.o
 .text.TIM_GetPrescaler
                0x00000000       0x1c ..\obj\stm32f10x_tim.o
 .text.TIM_GetFlagStatus
                0x00000000       0x38 ..\obj\stm32f10x_tim.o
 .text.TIM_ClearFlag
                0x00000000       0x20 ..\obj\stm32f10x_tim.o
 .text.TIM_GetITStatus
                0x00000000       0x54 ..\obj\stm32f10x_tim.o
 .text.TIM_ClearITPendingBit
                0x00000000       0x20 ..\obj\stm32f10x_tim.o
 .text.TI1_Config
                0x00000000       0xe0 ..\obj\stm32f10x_tim.o
 .text.TI2_Config
                0x00000000       0xf4 ..\obj\stm32f10x_tim.o
 .text.TI3_Config
                0x00000000       0xec ..\obj\stm32f10x_tim.o
 .text.TI4_Config
                0x00000000       0xf8 ..\obj\stm32f10x_tim.o
 .debug_info    0x00000000     0x1c58 ..\obj\stm32f10x_tim.o
 .debug_abbrev  0x00000000      0x1b0 ..\obj\stm32f10x_tim.o
 .debug_aranges
                0x00000000      0x2f0 ..\obj\stm32f10x_tim.o
 .debug_ranges  0x00000000      0x2e0 ..\obj\stm32f10x_tim.o
 .debug_line    0x00000000      0xb33 ..\obj\stm32f10x_tim.o
 .debug_str     0x00000000      0xdfc ..\obj\stm32f10x_tim.o
 .comment       0x00000000       0x71 ..\obj\stm32f10x_tim.o
 .debug_frame   0x00000000      0xe2c ..\obj\stm32f10x_tim.o
 .ARM.attributes
                0x00000000       0x33 ..\obj\stm32f10x_tim.o
 .text          0x00000000        0x0 ..\obj\system_stm32f10x.o
 .bss           0x00000000        0x0 ..\obj\system_stm32f10x.o
 .text.SystemCoreClockUpdate
                0x00000000       0xdc ..\obj\system_stm32f10x.o
 .text          0x00000000        0x0 ..\obj\startup_stm32f10x_md.o
 .data          0x00000000        0x0 ..\obj\startup_stm32f10x_md.o
 .bss           0x00000000        0x0 ..\obj\startup_stm32f10x_md.o
 COMMON         0x00000000        0x4 ..\obj\startup_stm32f10x_md.o
 .text          0x00000000        0x0 ..\obj\stm32f10x_can.o
 .data          0x00000000        0x0 ..\obj\stm32f10x_can.o
 .bss           0x00000000        0x0 ..\obj\stm32f10x_can.o
 .text.CAN_SlaveStartBank
                0x00000000       0x60 ..\obj\stm32f10x_can.o
 .text.CAN_DBGFreeze
                0x00000000       0x38 ..\obj\stm32f10x_can.o
 .text.CAN_TTComModeCmd
                0x00000000       0x98 ..\obj\stm32f10x_can.o
 .text.CAN_TransmitStatus
                0x00000000       0xd4 ..\obj\stm32f10x_can.o
 .text.CAN_CancelTransmit
                0x00000000       0x50 ..\obj\stm32f10x_can.o
 .text.CAN_FIFORelease
                0x00000000       0x38 ..\obj\stm32f10x_can.o
 .text.CAN_MessagePending
                0x00000000       0x4c ..\obj\stm32f10x_can.o
 .text.CAN_OperatingModeRequest
                0x00000000       0xfc ..\obj\stm32f10x_can.o
 .text.CAN_Sleep
                0x00000000       0x3c ..\obj\stm32f10x_can.o
 .text.CAN_WakeUp
                0x00000000       0x58 ..\obj\stm32f10x_can.o
 .text.CAN_GetLastErrorCode
                0x00000000       0x28 ..\obj\stm32f10x_can.o
 .text.CAN_GetReceiveErrorCounter
                0x00000000       0x24 ..\obj\stm32f10x_can.o
 .text.CAN_GetLSBTransmitErrorCounter
                0x00000000       0x28 ..\obj\stm32f10x_can.o
 .text.CAN_GetFlagStatus
                0x00000000       0xd0 ..\obj\stm32f10x_can.o
 .text.CAN_ClearFlag
                0x00000000       0x70 ..\obj\stm32f10x_can.o
 .text.CAN_GetITStatus
                0x00000000      0x194 ..\obj\stm32f10x_can.o
 .text.CAN_ClearITPendingBit
                0x00000000       0xdc ..\obj\stm32f10x_can.o
 .text.CheckITStatus
                0x00000000       0x30 ..\obj\stm32f10x_can.o
 .text          0x00000000        0x0 ..\obj\stm32f10x_gpio.o
 .data          0x00000000        0x0 ..\obj\stm32f10x_gpio.o
 .bss           0x00000000        0x0 ..\obj\stm32f10x_gpio.o
 .text.GPIO_DeInit
                0x00000000       0xe4 ..\obj\stm32f10x_gpio.o
 .text.GPIO_AFIODeInit
                0x00000000       0x18 ..\obj\stm32f10x_gpio.o
 .text.GPIO_ReadInputDataBit
                0x00000000       0x34 ..\obj\stm32f10x_gpio.o
 .text.GPIO_ReadInputData
                0x00000000       0x1c ..\obj\stm32f10x_gpio.o
 .text.GPIO_ReadOutputDataBit
                0x00000000       0x34 ..\obj\stm32f10x_gpio.o
 .text.GPIO_ReadOutputData
                0x00000000       0x1c ..\obj\stm32f10x_gpio.o
 .text.GPIO_SetBits
                0x00000000       0x1c ..\obj\stm32f10x_gpio.o
 .text.GPIO_ResetBits
                0x00000000       0x1c ..\obj\stm32f10x_gpio.o
 .text.GPIO_Write
                0x00000000       0x1c ..\obj\stm32f10x_gpio.o
 .text.GPIO_PinLockConfig
                0x00000000       0x44 ..\obj\stm32f10x_gpio.o
 .text.GPIO_EventOutputConfig
                0x00000000       0x4c ..\obj\stm32f10x_gpio.o
 .text.GPIO_EventOutputCmd
                0x00000000       0x20 ..\obj\stm32f10x_gpio.o
 .text.GPIO_ETH_MediaInterfaceConfig
                0x00000000       0x1c ..\obj\stm32f10x_gpio.o
 .text          0x00000000        0x0 ..\obj\main.o
 .data          0x00000000        0x0 ..\obj\main.o
 .ARM.extab.text.NVIC_SetPriority
                0x00000000        0x0 ..\obj\main.o
 .ARM.extab.text.SysTick_Config
                0x00000000        0x0 ..\obj\main.o
 .ARM.extab.text.USB_LP_CAN1_RX0_IRQHandler
                0x00000000        0x0 ..\obj\main.o
 .ARM.extab.text.CAN1_RX1_IRQHandler
                0x00000000        0x0 ..\obj\main.o
 .ARM.extab.text.EXTI0_IRQHandler
                0x00000000        0x0 ..\obj\main.o
 .text          0x00000000        0x0 ..\obj\printf.o
 .bss           0x00000000        0x0 ..\obj\printf.o
 .text.snprintf
                0x00000000       0x30 ..\obj\printf.o
 .text.fprintf  0x00000000       0x2c ..\obj\printf.o
 .text.sprintf  0x00000000       0x2c ..\obj\printf.o
 .text.puts     0x00000000       0x24 ..\obj\printf.o
 .text          0x00000000        0x0 ..\obj\stm32f10x_rcc.o
 .bss           0x00000000        0x0 ..\obj\stm32f10x_rcc.o
 .text.RCC_DeInit
                0x00000000       0x5c ..\obj\stm32f10x_rcc.o
 .text.RCC_HSEConfig
                0x00000000       0x5c ..\obj\stm32f10x_rcc.o
 .text.RCC_WaitForHSEStartUp
                0x00000000       0x50 ..\obj\stm32f10x_rcc.o
 .text.RCC_AdjustHSICalibrationValue
                0x00000000       0x3c ..\obj\stm32f10x_rcc.o
 .text.RCC_HSICmd
                0x00000000       0x20 ..\obj\stm32f10x_rcc.o
 .text.RCC_PLLConfig
                0x00000000       0x3c ..\obj\stm32f10x_rcc.o
 .text.RCC_PLLCmd
                0x00000000       0x20 ..\obj\stm32f10x_rcc.o
 .text.RCC_SYSCLKConfig
                0x00000000       0x38 ..\obj\stm32f10x_rcc.o
 .text.RCC_GetSYSCLKSource
                0x00000000       0x20 ..\obj\stm32f10x_rcc.o
 .text.RCC_HCLKConfig
                0x00000000       0x38 ..\obj\stm32f10x_rcc.o
 .text.RCC_PCLK1Config
                0x00000000       0x38 ..\obj\stm32f10x_rcc.o
 .text.RCC_PCLK2Config
                0x00000000       0x38 ..\obj\stm32f10x_rcc.o
 .text.RCC_ITConfig
                0x00000000       0x4c ..\obj\stm32f10x_rcc.o
 .text.RCC_USBCLKConfig
                0x00000000       0x1c ..\obj\stm32f10x_rcc.o
 .text.RCC_LSEConfig
                0x00000000       0x40 ..\obj\stm32f10x_rcc.o
 .text.RCC_LSICmd
                0x00000000       0x20 ..\obj\stm32f10x_rcc.o
 .text.RCC_RTCCLKConfig
                0x00000000       0x24 ..\obj\stm32f10x_rcc.o
 .text.RCC_RTCCLKCmd
                0x00000000       0x20 ..\obj\stm32f10x_rcc.o
 .text.RCC_AHBPeriphClockCmd
                0x00000000       0x3c ..\obj\stm32f10x_rcc.o
 .text.RCC_APB2PeriphResetCmd
                0x00000000       0x3c ..\obj\stm32f10x_rcc.o
 .text.RCC_BackupResetCmd
                0x00000000       0x20 ..\obj\stm32f10x_rcc.o
 .text.RCC_ClockSecuritySystemCmd
                0x00000000       0x20 ..\obj\stm32f10x_rcc.o
 .text.RCC_MCOConfig
                0x00000000       0x20 ..\obj\stm32f10x_rcc.o
 .text.RCC_GetFlagStatus
                0x00000000       0x74 ..\obj\stm32f10x_rcc.o
 .text.RCC_ClearFlag
                0x00000000       0x1c ..\obj\stm32f10x_rcc.o
 .text.RCC_GetITStatus
                0x00000000       0x38 ..\obj\stm32f10x_rcc.o
 .text.RCC_ClearITPendingBit
                0x00000000       0x20 ..\obj\stm32f10x_rcc.o
 .text          0x00000000        0x0 ..\obj\stm32f10x_exti.o
 .data          0x00000000        0x0 ..\obj\stm32f10x_exti.o
 .bss           0x00000000        0x0 ..\obj\stm32f10x_exti.o
 .text.EXTI_DeInit
                0x00000000       0x34 ..\obj\stm32f10x_exti.o
 .text.EXTI_GenerateSWInterrupt
                0x00000000       0x24 ..\obj\stm32f10x_exti.o
 .text.EXTI_GetFlagStatus
                0x00000000       0x34 ..\obj\stm32f10x_exti.o
 .text.EXTI_ClearFlag
                0x00000000       0x1c ..\obj\stm32f10x_exti.o
 .text.EXTI_GetITStatus
                0x00000000       0x48 ..\obj\stm32f10x_exti.o
 .text          0x00000000        0x0 ..\obj\stm32f10x_adc.o
 .data          0x00000000        0x0 ..\obj\stm32f10x_adc.o
 .bss           0x00000000        0x0 ..\obj\stm32f10x_adc.o
 .text.ADC_DeInit
                0x00000000       0x74 ..\obj\stm32f10x_adc.o
 .text.ADC_DMACmd
                0x00000000       0x38 ..\obj\stm32f10x_adc.o
 .text.ADC_ITConfig
                0x00000000       0x44 ..\obj\stm32f10x_adc.o
 .text.ADC_GetSoftwareStartConvStatus
                0x00000000       0x30 ..\obj\stm32f10x_adc.o
 .text.ADC_DiscModeChannelCountConfig
                0x00000000       0x44 ..\obj\stm32f10x_adc.o
 .text.ADC_DiscModeCmd
                0x00000000       0x38 ..\obj\stm32f10x_adc.o
 .text.ADC_ExternalTrigConvCmd
                0x00000000       0x38 ..\obj\stm32f10x_adc.o
 .text.ADC_GetDualModeConversionValue
                0x00000000       0x18 ..\obj\stm32f10x_adc.o
 .text.ADC_AutoInjectedConvCmd
                0x00000000       0x38 ..\obj\stm32f10x_adc.o
 .text.ADC_InjectedDiscModeCmd
                0x00000000       0x38 ..\obj\stm32f10x_adc.o
 .text.ADC_ExternalTrigInjectedConvConfig
                0x00000000       0x34 ..\obj\stm32f10x_adc.o
 .text.ADC_ExternalTrigInjectedConvCmd
                0x00000000       0x38 ..\obj\stm32f10x_adc.o
 .text.ADC_SoftwareStartInjectedConvCmd
                0x00000000       0x38 ..\obj\stm32f10x_adc.o
 .text.ADC_GetSoftwareStartInjectedConvCmdStatus
                0x00000000       0x30 ..\obj\stm32f10x_adc.o
 .text.ADC_InjectedChannelConfig
                0x00000000      0x120 ..\obj\stm32f10x_adc.o
 .text.ADC_InjectedSequencerLengthConfig
                0x00000000       0x44 ..\obj\stm32f10x_adc.o
 .text.ADC_SetInjectedOffset
                0x00000000       0x34 ..\obj\stm32f10x_adc.o
 .text.ADC_GetInjectedConversionValue
                0x00000000       0x30 ..\obj\stm32f10x_adc.o
 .text.ADC_AnalogWatchdogCmd
                0x00000000       0x38 ..\obj\stm32f10x_adc.o
 .text.ADC_AnalogWatchdogThresholdsConfig
                0x00000000       0x28 ..\obj\stm32f10x_adc.o
 .text.ADC_AnalogWatchdogSingleChannelConfig
                0x00000000       0x38 ..\obj\stm32f10x_adc.o
 .text.ADC_TempSensorVrefintCmd
                0x00000000       0x38 ..\obj\stm32f10x_adc.o
 .text.ADC_ClearFlag
                0x00000000       0x20 ..\obj\stm32f10x_adc.o
 .text.ADC_GetITStatus
                0x00000000       0x58 ..\obj\stm32f10x_adc.o
 .text.ADC_ClearITPendingBit
                0x00000000       0x2c ..\obj\stm32f10x_adc.o
 .text          0x00000000        0x0 ..\obj\STM32F103C8T6_Function.o
 .data          0x00000000        0x0 ..\obj\STM32F103C8T6_Function.o
 .text._ZN4GPIO4readEv
                0x00000000       0x1c ..\obj\STM32F103C8T6_Function.o
 .ARM.extab.text._ZN4GPIO4readEv
                0x00000000        0x0 ..\obj\STM32F103C8T6_Function.o
 .ARM.exidx.text._ZN4GPIO4readEv
                0x00000000        0x8 ..\obj\STM32F103C8T6_Function.o
 .ARM.extab.text._Z9GPIOSetupv
                0x00000000        0x0 ..\obj\STM32F103C8T6_Function.o
 .text._Z8pinSetupP12GPIO_TypeDeft16GPIOMode_TypeDef
                0x00000000       0x38 ..\obj\STM32F103C8T6_Function.o
 .ARM.extab.text._Z8pinSetupP12GPIO_TypeDeft16GPIOMode_TypeDef
                0x00000000        0xc ..\obj\STM32F103C8T6_Function.o
 .ARM.exidx.text._Z8pinSetupP12GPIO_TypeDeft16GPIOMode_TypeDef
                0x00000000        0x8 ..\obj\STM32F103C8T6_Function.o
 .text._Z8pinWriteP12GPIO_TypeDeft9BitAction
                0x00000000       0x24 ..\obj\STM32F103C8T6_Function.o
 .ARM.extab.text._Z8pinWriteP12GPIO_TypeDeft9BitAction
                0x00000000        0xc ..\obj\STM32F103C8T6_Function.o
 .ARM.exidx.text._Z8pinWriteP12GPIO_TypeDeft9BitAction
                0x00000000        0x8 ..\obj\STM32F103C8T6_Function.o
 .text._Z9ADC2Setuph
                0x00000000       0x94 ..\obj\STM32F103C8T6_Function.o
 .ARM.extab.text._Z9ADC2Setuph
                0x00000000        0xc ..\obj\STM32F103C8T6_Function.o
 .ARM.exidx.text._Z9ADC2Setuph
                0x00000000        0x8 ..\obj\STM32F103C8T6_Function.o
 .text._Z8ADC2Readh
                0x00000000       0x50 ..\obj\STM32F103C8T6_Function.o
 .ARM.extab.text._Z8ADC2Readh
                0x00000000        0xc ..\obj\STM32F103C8T6_Function.o
 .ARM.exidx.text._Z8ADC2Readh
                0x00000000        0x8 ..\obj\STM32F103C8T6_Function.o
 .text._Z12TIM2PWMSetupt
                0x00000000       0x3c ..\obj\STM32F103C8T6_Function.o
 .ARM.extab.text._Z12TIM2PWMSetupt
                0x00000000        0xc ..\obj\STM32F103C8T6_Function.o
 .ARM.exidx.text._Z12TIM2PWMSetupt
                0x00000000        0x8 ..\obj\STM32F103C8T6_Function.o
 .text._Z12TIM3PWMSetupt
                0x00000000       0x40 ..\obj\STM32F103C8T6_Function.o
 .ARM.extab.text._Z12TIM3PWMSetupt
                0x00000000        0xc ..\obj\STM32F103C8T6_Function.o
 .ARM.exidx.text._Z12TIM3PWMSetupt
                0x00000000        0x8 ..\obj\STM32F103C8T6_Function.o
 .text._Z12TIM4PWMSetupt
                0x00000000       0x40 ..\obj\STM32F103C8T6_Function.o
 .ARM.extab.text._Z12TIM4PWMSetupt
                0x00000000        0xc ..\obj\STM32F103C8T6_Function.o
 .ARM.exidx.text._Z12TIM4PWMSetupt
                0x00000000        0x8 ..\obj\STM32F103C8T6_Function.o
 .text._Z11OC1PWMSetupP11TIM_TypeDeft
                0x00000000       0x38 ..\obj\STM32F103C8T6_Function.o
 .ARM.extab.text._Z11OC1PWMSetupP11TIM_TypeDeft
                0x00000000        0xc ..\obj\STM32F103C8T6_Function.o
 .ARM.exidx.text._Z11OC1PWMSetupP11TIM_TypeDeft
                0x00000000        0x8 ..\obj\STM32F103C8T6_Function.o
 .text._Z11OC2PWMSetupP11TIM_TypeDeft
                0x00000000       0x4c ..\obj\STM32F103C8T6_Function.o
 .ARM.extab.text._Z11OC2PWMSetupP11TIM_TypeDeft
                0x00000000        0xc ..\obj\STM32F103C8T6_Function.o
 .ARM.exidx.text._Z11OC2PWMSetupP11TIM_TypeDeft
                0x00000000        0x8 ..\obj\STM32F103C8T6_Function.o
 .text._Z11OC3PWMSetupP11TIM_TypeDeft
                0x00000000       0x4c ..\obj\STM32F103C8T6_Function.o
 .ARM.extab.text._Z11OC3PWMSetupP11TIM_TypeDeft
                0x00000000        0xc ..\obj\STM32F103C8T6_Function.o
 .ARM.exidx.text._Z11OC3PWMSetupP11TIM_TypeDeft
                0x00000000        0x8 ..\obj\STM32F103C8T6_Function.o
 .text._Z11OC4PWMSetupP11TIM_TypeDeft
                0x00000000       0x4c ..\obj\STM32F103C8T6_Function.o
 .ARM.extab.text._Z11OC4PWMSetupP11TIM_TypeDeft
                0x00000000        0xc ..\obj\STM32F103C8T6_Function.o
 .ARM.exidx.text._Z11OC4PWMSetupP11TIM_TypeDeft
                0x00000000        0x8 ..\obj\STM32F103C8T6_Function.o
 .text._Z10OC1DutySetP11TIM_TypeDeft
                0x00000000       0x1c ..\obj\STM32F103C8T6_Function.o
 .ARM.extab.text._Z10OC1DutySetP11TIM_TypeDeft
                0x00000000        0x0 ..\obj\STM32F103C8T6_Function.o
 .ARM.exidx.text._Z10OC1DutySetP11TIM_TypeDeft
                0x00000000        0x8 ..\obj\STM32F103C8T6_Function.o
 .text._Z10OC2DutySetP11TIM_TypeDeft
                0x00000000       0x1c ..\obj\STM32F103C8T6_Function.o
 .ARM.extab.text._Z10OC2DutySetP11TIM_TypeDeft
                0x00000000        0x0 ..\obj\STM32F103C8T6_Function.o
 .ARM.exidx.text._Z10OC2DutySetP11TIM_TypeDeft
                0x00000000        0x8 ..\obj\STM32F103C8T6_Function.o
 .text._Z10OC3DutySetP11TIM_TypeDeft
                0x00000000       0x1c ..\obj\STM32F103C8T6_Function.o
 .ARM.extab.text._Z10OC3DutySetP11TIM_TypeDeft
                0x00000000        0x0 ..\obj\STM32F103C8T6_Function.o
 .ARM.exidx.text._Z10OC3DutySetP11TIM_TypeDeft
                0x00000000        0x8 ..\obj\STM32F103C8T6_Function.o
 .text._Z10OC4DutySetP11TIM_TypeDeft
                0x00000000       0x20 ..\obj\STM32F103C8T6_Function.o
 .ARM.extab.text._Z10OC4DutySetP11TIM_TypeDeft
                0x00000000        0x0 ..\obj\STM32F103C8T6_Function.o
 .ARM.exidx.text._Z10OC4DutySetP11TIM_TypeDeft
                0x00000000        0x8 ..\obj\STM32F103C8T6_Function.o
 .ARM.extab.text.SysTick_Handler
                0x00000000        0x0 ..\obj\STM32F103C8T6_Function.o
 .ARM.extab.text._Z5delaym
                0x00000000        0x0 ..\obj\STM32F103C8T6_Function.o
 .text          0x00000000        0x0 ..\obj\stm32f10x_usart.o
 .data          0x00000000        0x0 ..\obj\stm32f10x_usart.o
 .bss           0x00000000        0x0 ..\obj\stm32f10x_usart.o
 .text.USART_DeInit
                0x00000000       0xb8 ..\obj\stm32f10x_usart.o
 .text.USART_ClockInit
                0x00000000       0x58 ..\obj\stm32f10x_usart.o
 .text.USART_ClockStructInit
                0x00000000       0x2c ..\obj\stm32f10x_usart.o
 .text.USART_DMACmd
                0x00000000       0x48 ..\obj\stm32f10x_usart.o
 .text.USART_SetAddress
                0x00000000       0x38 ..\obj\stm32f10x_usart.o
 .text.USART_WakeUpConfig
                0x00000000       0x38 ..\obj\stm32f10x_usart.o
 .text.USART_ReceiverWakeUpCmd
                0x00000000       0x40 ..\obj\stm32f10x_usart.o
 .text.USART_LINBreakDetectLengthConfig
                0x00000000       0x38 ..\obj\stm32f10x_usart.o
 .text.USART_LINCmd
                0x00000000       0x40 ..\obj\stm32f10x_usart.o
 .text.USART_SendBreak
                0x00000000       0x24 ..\obj\stm32f10x_usart.o
 .text.USART_SetGuardTime
                0x00000000       0x3c ..\obj\stm32f10x_usart.o
 .text.USART_SetPrescaler
                0x00000000       0x38 ..\obj\stm32f10x_usart.o
 .text.USART_SmartCardCmd
                0x00000000       0x40 ..\obj\stm32f10x_usart.o
 .text.USART_SmartCardNACKCmd
                0x00000000       0x40 ..\obj\stm32f10x_usart.o
 .text.USART_HalfDuplexCmd
                0x00000000       0x40 ..\obj\stm32f10x_usart.o
 .text.USART_OverSampling8Cmd
                0x00000000       0x44 ..\obj\stm32f10x_usart.o
 .text.USART_OneBitMethodCmd
                0x00000000       0x40 ..\obj\stm32f10x_usart.o
 .text.USART_IrDAConfig
                0x00000000       0x38 ..\obj\stm32f10x_usart.o
 .text.USART_IrDACmd
                0x00000000       0x40 ..\obj\stm32f10x_usart.o
 .text.USART_ClearFlag
                0x00000000       0x20 ..\obj\stm32f10x_usart.o
 .text.USART_ClearITPendingBit
                0x00000000       0x38 ..\obj\stm32f10x_usart.o
 .data          0x00000000        0x0 ..\obj\sh_cmd.o
 .bss           0x00000000        0x0 ..\obj\sh_cmd.o
 .text          0x00000000        0x0 ..\obj\syscalls.o
 .data          0x00000000        0x0 ..\obj\syscalls.o
 .bss           0x00000000        0x4 ..\obj\syscalls.o
 .text._sbrk    0x00000000       0x40 ..\obj\syscalls.o
 .text.link     0x00000000       0x1c ..\obj\syscalls.o
 .text._close   0x00000000       0x18 ..\obj\syscalls.o
 .text._fstat   0x00000000       0x20 ..\obj\syscalls.o
 .text._isatty  0x00000000       0x18 ..\obj\syscalls.o
 .text._lseek   0x00000000       0x1c ..\obj\syscalls.o
 .text._read    0x00000000       0x1c ..\obj\syscalls.o
 .text._write   0x00000000       0x1c ..\obj\syscalls.o
 .debug_info    0x00000000      0x3ee ..\obj\syscalls.o
 .debug_abbrev  0x00000000       0xe2 ..\obj\syscalls.o
 .debug_aranges
                0x00000000       0x60 ..\obj\syscalls.o
 .debug_ranges  0x00000000       0x50 ..\obj\syscalls.o
 .debug_line    0x00000000      0x18c ..\obj\syscalls.o
 .debug_str     0x00000000      0x2fa ..\obj\syscalls.o
 .comment       0x00000000       0x71 ..\obj\syscalls.o
 .debug_frame   0x00000000      0x168 ..\obj\syscalls.o
 .ARM.attributes
                0x00000000       0x33 ..\obj\syscalls.o
 .text          0x00000000        0x0 ..\obj\misc.o
 .data          0x00000000        0x0 ..\obj\misc.o
 .bss           0x00000000        0x0 ..\obj\misc.o
 .text.NVIC_PriorityGroupConfig
                0x00000000       0x24 ..\obj\misc.o
 .text.NVIC_SetVectorTable
                0x00000000       0x2c ..\obj\misc.o
 .text.NVIC_SystemLPConfig
                0x00000000       0x40 ..\obj\misc.o
 .text.SysTick_CLKSourceConfig
                0x00000000       0x38 ..\obj\misc.o
 .data          0x00000000        0x0 c:/program files (x86)/gnu tools arm embedded/4.9 2014q4/bin/../lib/gcc/arm-none-eabi/4.9.3/armv7-m\libgcc.a(unwind-arm.o)
 .bss           0x00000000        0x0 c:/program files (x86)/gnu tools arm embedded/4.9 2014q4/bin/../lib/gcc/arm-none-eabi/4.9.3/armv7-m\libgcc.a(unwind-arm.o)
 .ARM.extab     0x00000000        0x0 c:/program files (x86)/gnu tools arm embedded/4.9 2014q4/bin/../lib/gcc/arm-none-eabi/4.9.3/armv7-m\libgcc.a(unwind-arm.o)
 .debug_frame   0x00000000      0x300 c:/program files (x86)/gnu tools arm embedded/4.9 2014q4/bin/../lib/gcc/arm-none-eabi/4.9.3/armv7-m\libgcc.a(unwind-arm.o)
 .ARM.attributes
                0x00000000       0x2d c:/program files (x86)/gnu tools arm embedded/4.9 2014q4/bin/../lib/gcc/arm-none-eabi/4.9.3/armv7-m\libgcc.a(unwind-arm.o)
 .data          0x00000000        0x0 c:/program files (x86)/gnu tools arm embedded/4.9 2014q4/bin/../lib/gcc/arm-none-eabi/4.9.3/armv7-m\libgcc.a(libunwind.o)
 .bss           0x00000000        0x0 c:/program files (x86)/gnu tools arm embedded/4.9 2014q4/bin/../lib/gcc/arm-none-eabi/4.9.3/armv7-m\libgcc.a(libunwind.o)
 .ARM.attributes
                0x00000000       0x1d c:/program files (x86)/gnu tools arm embedded/4.9 2014q4/bin/../lib/gcc/arm-none-eabi/4.9.3/armv7-m\libgcc.a(libunwind.o)
 .data          0x00000000        0x0 c:/program files (x86)/gnu tools arm embedded/4.9 2014q4/bin/../lib/gcc/arm-none-eabi/4.9.3/armv7-m\libgcc.a(pr-support.o)
 .bss           0x00000000        0x0 c:/program files (x86)/gnu tools arm embedded/4.9 2014q4/bin/../lib/gcc/arm-none-eabi/4.9.3/armv7-m\libgcc.a(pr-support.o)
 .debug_frame   0x00000000      0x104 c:/program files (x86)/gnu tools arm embedded/4.9 2014q4/bin/../lib/gcc/arm-none-eabi/4.9.3/armv7-m\libgcc.a(pr-support.o)
 .ARM.attributes
                0x00000000       0x2d c:/program files (x86)/gnu tools arm embedded/4.9 2014q4/bin/../lib/gcc/arm-none-eabi/4.9.3/armv7-m\libgcc.a(pr-support.o)
 .data          0x00000000        0x0 c:/program files (x86)/gnu tools arm embedded/4.9 2014q4/bin/../lib/gcc/arm-none-eabi/4.9.3/../../../../arm-none-eabi/lib/armv7-m\libg.a(lib_a-memcpy.o)
 .bss           0x00000000        0x0 c:/program files (x86)/gnu tools arm embedded/4.9 2014q4/bin/../lib/gcc/arm-none-eabi/4.9.3/../../../../arm-none-eabi/lib/armv7-m\libg.a(lib_a-memcpy.o)
 .ARM.attributes
                0x00000000       0x1b c:/program files (x86)/gnu tools arm embedded/4.9 2014q4/bin/../lib/gcc/arm-none-eabi/4.9.3/../../../../arm-none-eabi/lib/armv7-m\libg.a(lib_a-memcpy.o)

Memory Configuration

Name             Origin             Length             Attributes
rom              0x08000000         0x00010000         xr
ram              0x20000000         0x00005000         xrw
*default*        0x00000000         0xffffffff

Linker script and memory map

                0x20005000                _eram = 0x20005000

.text           0x08000000     0x3850
 *(.isr_vector)
 .isr_vector    0x08000000      0x10c ..\obj\startup_stm32f10x_md.o
                0x08000000                g_pfnVectors
 *(.text*)
 .text.SH_SendChar
                0x0800010c       0x68 ..\obj\semihosting.o
                0x0800010c                SH_SendChar
 .text.SystemInit
                0x08000174       0x68 ..\obj\system_stm32f10x.o
                0x08000174                SystemInit
 .text.SetSysClock
                0x080001dc        0xc ..\obj\system_stm32f10x.o
 .text.SetSysClockTo72
                0x080001e8      0x100 ..\obj\system_stm32f10x.o
 .text.Default_Reset_Handler
                0x080002e8       0x5c ..\obj\startup_stm32f10x_md.o
                0x080002e8                Default_Reset_Handler
                0x080002e8                Reset_Handler
 .text.Default_Handler
                0x08000344        0x8 ..\obj\startup_stm32f10x_md.o
                0x08000344                EXTI2_IRQHandler
                0x08000344                DebugMon_Handler
                0x08000344                TIM1_CC_IRQHandler
                0x08000344                PVD_IRQHandler
                0x08000344                PendSV_Handler
                0x08000344                NMI_Handler
                0x08000344                EXTI3_IRQHandler
                0x08000344                I2C2_EV_IRQHandler
                0x08000344                UsageFault_Handler
                0x08000344                ADC1_2_IRQHandler
                0x08000344                SPI1_IRQHandler
                0x08000344                TAMPER_IRQHandler
                0x08000344                DMA1_Channel4_IRQHandler
                0x08000344                USART3_IRQHandler
                0x08000344                RTC_IRQHandler
                0x08000344                DMA1_Channel7_IRQHandler
                0x08000344                TIM4_IRQHandler
                0x08000344                I2C1_EV_IRQHandler
                0x08000344                DMA1_Channel6_IRQHandler
                0x08000344                TIM3_IRQHandler
                0x08000344                RCC_IRQHandler
                0x08000344                TIM1_TRG_COM_IRQHandler
                0x08000344                DMA1_Channel1_IRQHandler
                0x08000344                EXTI15_10_IRQHandler
                0x08000344                EXTI9_5_IRQHandler
                0x08000344                SPI2_IRQHandler
                0x08000344                MemManage_Handler
                0x08000344                SVC_Handler
                0x08000344                DMA1_Channel5_IRQHandler
                0x08000344                EXTI4_IRQHandler
                0x08000344                USB_HP_CAN1_TX_IRQHandler
                0x08000344                DMA1_Channel3_IRQHandler
                0x08000344                TIM1_UP_IRQHandler
                0x08000344                WWDG_IRQHandler
                0x08000344                TIM2_IRQHandler
                0x08000344                TIM1_BRK_IRQHandler
                0x08000344                EXTI1_IRQHandler
                0x08000344                RTCAlarm_IRQHandler
                0x08000344                I2C2_ER_IRQHandler
                0x08000344                DMA1_Channel2_IRQHandler
                0x08000344                CAN1_SCE_IRQHandler
                0x08000344                FLASH_IRQHandler
                0x08000344                BusFault_Handler
                0x08000344                I2C1_ER_IRQHandler
                0x08000344                USBWakeUp_IRQHandler
 .text.CAN_DeInit
                0x0800034c       0x44 ..\obj\stm32f10x_can.o
                0x0800034c                CAN_DeInit
 .text.CAN_Init
                0x08000390      0x1a4 ..\obj\stm32f10x_can.o
                0x08000390                CAN_Init
 .text.CAN_FilterInit
                0x08000534      0x174 ..\obj\stm32f10x_can.o
                0x08000534                CAN_FilterInit
 .text.CAN_StructInit
                0x080006a8       0x54 ..\obj\stm32f10x_can.o
                0x080006a8                CAN_StructInit
 .text.CAN_Transmit
                0x080006fc      0x190 ..\obj\stm32f10x_can.o
                0x080006fc                CAN_Transmit
 .text.CAN_Receive
                0x0800088c      0x170 ..\obj\stm32f10x_can.o
                0x0800088c                CAN_Receive
 .text.CAN_ITConfig
                0x080009fc       0x3c ..\obj\stm32f10x_can.o
                0x080009fc                CAN_ITConfig
 .text.GPIO_Init
                0x08000a38      0x180 ..\obj\stm32f10x_gpio.o
                0x08000a38                GPIO_Init
 .text.GPIO_StructInit
                0x08000bb8       0x28 ..\obj\stm32f10x_gpio.o
                0x08000bb8                GPIO_StructInit
 .text.GPIO_WriteBit
                0x08000be0       0x30 ..\obj\stm32f10x_gpio.o
                0x08000be0                GPIO_WriteBit
 .text.GPIO_PinRemapConfig
                0x08000c10       0xe0 ..\obj\stm32f10x_gpio.o
                0x08000c10                GPIO_PinRemapConfig
 .text.GPIO_EXTILineConfig
                0x08000cf0       0x84 ..\obj\stm32f10x_gpio.o
                0x08000cf0                GPIO_EXTILineConfig
 .text.NVIC_SetPriority
                0x08000d74       0x54 ..\obj\main.o
 .text.SysTick_Config
                0x08000dc8       0x44 ..\obj\main.o
 .text.main     0x08000e0c      0x1d0 ..\obj\main.o
                0x08000e0c                main
 .text.USART2_IRQHandler
                0x08000fdc       0x40 ..\obj\main.o
                0x08000fdc                USART2_IRQHandler
 .text.USART1_IRQHandler
                0x0800101c       0x40 ..\obj\main.o
                0x0800101c                USART1_IRQHandler
 .text.USB_LP_CAN1_RX0_IRQHandler
                0x0800105c       0x24 ..\obj\main.o
                0x0800105c                USB_LP_CAN1_RX0_IRQHandler
 .text.CAN1_RX1_IRQHandler
                0x08001080       0x24 ..\obj\main.o
                0x08001080                CAN1_RX1_IRQHandler
 .text.EXTI0_IRQHandler
                0x080010a4       0x24 ..\obj\main.o
                0x080010a4                EXTI0_IRQHandler
 .text.PrintChar
                0x080010c8       0x38 ..\obj\printf.o
                0x080010c8                PrintChar
 .text.PutChar  0x08001100       0x20 ..\obj\printf.o
                0x08001100                PutChar
 .text.PutString
                0x08001120       0x3c ..\obj\printf.o
                0x08001120                PutString
 .text.PutUnsignedInt
                0x0800115c       0xa0 ..\obj\printf.o
                0x0800115c                PutUnsignedInt
 .text.PutSignedInt
                0x080011fc      0x104 ..\obj\printf.o
                0x080011fc                PutSignedInt
 .text.PutHexa  0x08001300       0xd8 ..\obj\printf.o
                0x08001300                PutHexa
 .text.vsnprintf
                0x080013d8      0x25c ..\obj\printf.o
                0x080013d8                vsnprintf
 .text.vsprintf
                0x08001634       0x24 ..\obj\printf.o
                0x08001634                vsprintf
 .text.vfprintf
                0x08001658       0x68 ..\obj\printf.o
                0x08001658                vfprintf
 .text.vprintf  0x080016c0       0x28 ..\obj\printf.o
                0x080016c0                vprintf
 .text.printf   0x080016e8       0x28 ..\obj\printf.o
                0x080016e8                printf
 .text.fputc    0x08001710       0x40 ..\obj\printf.o
                0x08001710                fputc
 .text.fputs    0x08001750       0x48 ..\obj\printf.o
                0x08001750                fputs
 .text.RCC_ADCCLKConfig
                0x08001798       0x38 ..\obj\stm32f10x_rcc.o
                0x08001798                RCC_ADCCLKConfig
 .text.RCC_GetClocksFreq
                0x080017d0      0x164 ..\obj\stm32f10x_rcc.o
                0x080017d0                RCC_GetClocksFreq
 .text.RCC_APB2PeriphClockCmd
                0x08001934       0x3c ..\obj\stm32f10x_rcc.o
                0x08001934                RCC_APB2PeriphClockCmd
 .text.RCC_APB1PeriphClockCmd
                0x08001970       0x3c ..\obj\stm32f10x_rcc.o
                0x08001970                RCC_APB1PeriphClockCmd
 .text.RCC_APB1PeriphResetCmd
                0x080019ac       0x3c ..\obj\stm32f10x_rcc.o
                0x080019ac                RCC_APB1PeriphResetCmd
 .text.EXTI_Init
                0x080019e8       0xe4 ..\obj\stm32f10x_exti.o
                0x080019e8                EXTI_Init
 .text.EXTI_StructInit
                0x08001acc       0x2c ..\obj\stm32f10x_exti.o
                0x08001acc                EXTI_StructInit
 .text.EXTI_ClearITPendingBit
                0x08001af8       0x1c ..\obj\stm32f10x_exti.o
                0x08001af8                EXTI_ClearITPendingBit
 .text.ADC_Init
                0x08001b14       0xa4 ..\obj\stm32f10x_adc.o
                0x08001b14                ADC_Init
 .text.ADC_StructInit
                0x08001bb8       0x38 ..\obj\stm32f10x_adc.o
                0x08001bb8                ADC_StructInit
 .text.ADC_Cmd  0x08001bf0       0x38 ..\obj\stm32f10x_adc.o
                0x08001bf0                ADC_Cmd
 .text.ADC_ResetCalibration
                0x08001c28       0x20 ..\obj\stm32f10x_adc.o
                0x08001c28                ADC_ResetCalibration
 .text.ADC_GetResetCalibrationStatus
                0x08001c48       0x30 ..\obj\stm32f10x_adc.o
                0x08001c48                ADC_GetResetCalibrationStatus
 .text.ADC_StartCalibration
                0x08001c78       0x20 ..\obj\stm32f10x_adc.o
                0x08001c78                ADC_StartCalibration
 .text.ADC_GetCalibrationStatus
                0x08001c98       0x30 ..\obj\stm32f10x_adc.o
                0x08001c98                ADC_GetCalibrationStatus
 .text.ADC_SoftwareStartConvCmd
                0x08001cc8       0x38 ..\obj\stm32f10x_adc.o
                0x08001cc8                ADC_SoftwareStartConvCmd
 .text.ADC_RegularChannelConfig
                0x08001d00      0x194 ..\obj\stm32f10x_adc.o
                0x08001d00                ADC_RegularChannelConfig
 .text.ADC_GetConversionValue
                0x08001e94       0x1c ..\obj\stm32f10x_adc.o
                0x08001e94                ADC_GetConversionValue
 .text.ADC_GetFlagStatus
                0x08001eb0       0x34 ..\obj\stm32f10x_adc.o
                0x08001eb0                ADC_GetFlagStatus
 .text._ZN4GPIO5setupEP12GPIO_TypeDeft16GPIOMode_TypeDef
                0x08001ee4       0x78 ..\obj\STM32F103C8T6_Function.o
                0x08001ee4                GPIO::setup(GPIO_TypeDef*, unsigned short, GPIOMode_TypeDef)
 .text._ZN4GPIO5writeE9BitAction
                0x08001f5c       0x2c ..\obj\STM32F103C8T6_Function.o
                0x08001f5c                GPIO::write(BitAction)
 .text._Z9GPIOSetupv
                0x08001f88       0x28 ..\obj\STM32F103C8T6_Function.o
                0x08001f88                GPIOSetup()
 .text._Z9ADC1Setuph
                0x08001fb0       0x94 ..\obj\STM32F103C8T6_Function.o
                0x08001fb0                ADC1Setup(unsigned char)
 .text._Z8ADC1Readh
                0x08002044       0x50 ..\obj\STM32F103C8T6_Function.o
                0x08002044                ADC1Read(unsigned char)
 .text._Z11USART2Setupm
                0x08002094       0x50 ..\obj\STM32F103C8T6_Function.o
                0x08002094                USART2Setup(unsigned long)
 .text._Z11USART1Setupm
                0x080020e4       0x50 ..\obj\STM32F103C8T6_Function.o
                0x080020e4                USART1Setup(unsigned long)
 .text._Z13USART2ITSetupt
                0x08002134       0x38 ..\obj\STM32F103C8T6_Function.o
                0x08002134                USART2ITSetup(unsigned short)
 .text._Z13USART1ITSetupt
                0x0800216c       0x38 ..\obj\STM32F103C8T6_Function.o
                0x0800216c                USART1ITSetup(unsigned short)
 .text._Z9CAN1Setupv
                0x080021a4       0xac ..\obj\STM32F103C8T6_Function.o
                0x080021a4                CAN1Setup()
 .text._Z8CAN1SendthPh
                0x08002250       0x68 ..\obj\STM32F103C8T6_Function.o
                0x08002250                CAN1Send(unsigned short, unsigned char, unsigned char*)
 .text.SysTick_Handler
                0x080022b8       0x24 ..\obj\STM32F103C8T6_Function.o
                0x080022b8                SysTick_Handler
 .text._Z5delaym
                0x080022dc       0x28 ..\obj\STM32F103C8T6_Function.o
                0x080022dc                delay(unsigned long)
 .text.USART_Init
                0x08002304      0x174 ..\obj\stm32f10x_usart.o
                0x08002304                USART_Init
 .text.USART_StructInit
                0x08002478       0x38 ..\obj\stm32f10x_usart.o
                0x08002478                USART_StructInit
 .text.USART_Cmd
                0x080024b0       0x40 ..\obj\stm32f10x_usart.o
                0x080024b0                USART_Cmd
 .text.USART_ITConfig
                0x080024f0       0x90 ..\obj\stm32f10x_usart.o
                0x080024f0                USART_ITConfig
 .text.USART_SendData
                0x08002580       0x24 ..\obj\stm32f10x_usart.o
                0x08002580                USART_SendData
 .text.USART_ReceiveData
                0x080025a4       0x20 ..\obj\stm32f10x_usart.o
                0x080025a4                USART_ReceiveData
 .text.USART_GetFlagStatus
                0x080025c4       0x38 ..\obj\stm32f10x_usart.o
                0x080025c4                USART_GetFlagStatus
 .text.USART_GetITStatus
                0x080025fc       0xb8 ..\obj\stm32f10x_usart.o
                0x080025fc                USART_GetITStatus
 .text          0x080026b4       0x28 ..\obj\sh_cmd.o
                0x080026b4                SH_DoCommand
                0x080026c6                HardFault_Handler
 .text.abort    0x080026dc        0x8 ..\obj\syscalls.o
                0x080026dc                abort
 .text.NVIC_Init
                0x080026e4       0xc4 ..\obj\misc.o
                0x080026e4                NVIC_Init
 .text          0x080027a8      0xa54 c:/program files (x86)/gnu tools arm embedded/4.9 2014q4/bin/../lib/gcc/arm-none-eabi/4.9.3/armv7-m\libgcc.a(unwind-arm.o)
                0x08002a88                _Unwind_GetCFA
                0x08002a8c                __gnu_Unwind_RaiseException
                0x08002aec                __gnu_Unwind_ForcedUnwind
                0x08002b00                __gnu_Unwind_Resume
                0x08002b44                __gnu_Unwind_Resume_or_Rethrow
                0x08002b58                _Unwind_Complete
                0x08002b5c                _Unwind_DeleteException
                0x08002b68                _Unwind_VRS_Get
                0x08002bb8                _Unwind_VRS_Set
                0x08002c08                __gnu_Unwind_Backtrace
                0x08002f4c                __aeabi_unwind_cpp_pr0
                0x08002f50                __aeabi_unwind_cpp_pr1
                0x08002f54                __aeabi_unwind_cpp_pr2
                0x08002f58                _Unwind_VRS_Pop
 .text          0x080031fc      0x1ac c:/program files (x86)/gnu tools arm embedded/4.9 2014q4/bin/../lib/gcc/arm-none-eabi/4.9.3/armv7-m\libgcc.a(libunwind.o)
                0x080031fc                __restore_core_regs
                0x080031fc                restore_core_regs
                0x08003214                __gnu_Unwind_Restore_VFP
                0x0800321c                __gnu_Unwind_Save_VFP
                0x08003224                __gnu_Unwind_Restore_VFP_D
                0x0800322c                __gnu_Unwind_Save_VFP_D
                0x08003234                __gnu_Unwind_Restore_VFP_D_16_to_31
                0x0800323c                __gnu_Unwind_Save_VFP_D_16_to_31
                0x08003244                __gnu_Unwind_Restore_WMMXD
                0x08003288                __gnu_Unwind_Save_WMMXD
                0x080032cc                __gnu_Unwind_Restore_WMMXC
                0x080032e0                __gnu_Unwind_Save_WMMXC
                0x080032f4                ___Unwind_RaiseException
                0x080032f4                _Unwind_RaiseException
                0x08003318                _Unwind_Resume
                0x08003318                ___Unwind_Resume
                0x0800333c                _Unwind_Resume_or_Rethrow
                0x0800333c                ___Unwind_Resume_or_Rethrow
                0x08003360                _Unwind_ForcedUnwind
                0x08003360                ___Unwind_ForcedUnwind
                0x08003384                ___Unwind_Backtrace
                0x08003384                _Unwind_Backtrace
 .text          0x080033a8      0x37c c:/program files (x86)/gnu tools arm embedded/4.9 2014q4/bin/../lib/gcc/arm-none-eabi/4.9.3/armv7-m\libgcc.a(pr-support.o)
                0x08003400                __gnu_unwind_execute
                0x080036cc                __gnu_unwind_frame
                0x080036f4                _Unwind_GetRegionStart
                0x08003700                _Unwind_GetLanguageSpecificData
                0x08003714                _Unwind_GetDataRelBase
                0x0800371c                _Unwind_GetTextRelBase
 .text          0x08003724       0xec c:/program files (x86)/gnu tools arm embedded/4.9 2014q4/bin/../lib/gcc/arm-none-eabi/4.9.3/../../../../arm-none-eabi/lib/armv7-m\libg.a(lib_a-memcpy.o)
                0x08003724                memcpy
 *(.init)
 *(.fini)
 *crtbegin.o(.ctors)
 *crtbegin?.o(.ctors)
 *(EXCLUDE_FILE(*crtend.o *crtend?.o) .ctors)
 *(SORT(.ctors.*))
 *(.ctors)
 *crtbegin.o(.dtors)
 *crtbegin?.o(.dtors)
 *(EXCLUDE_FILE(*crtend.o *crtend?.o) .dtors)
 *(SORT(.dtors.*))
 *(.dtors)
 *(.rodata*)
 .rodata        0x08003810       0x1c ..\obj\main.o
 .rodata        0x0800382c       0x24 ..\obj\printf.o
 *(.eh_fram e*)

.glue_7         0x08003850        0x0
 .glue_7        0x00000000        0x0 linker stubs

.glue_7t        0x08003850        0x0
 .glue_7t       0x00000000        0x0 linker stubs

.vfp11_veneer   0x08003850        0x0
 .vfp11_veneer  0x00000000        0x0 linker stubs

.v4_bx          0x08003850        0x0
 .v4_bx         0x00000000        0x0 linker stubs

.iplt           0x08003850        0x0
 .iplt          0x00000000        0x0 ..\obj\semihosting.o

.ARM.extab      0x08003850       0xb4
 *(.ARM.extab* .gnu.linkonce.armextab.*)
 .ARM.extab.text.main
                0x08003850        0xc ..\obj\main.o
 .ARM.extab.text.USART2_IRQHandler
                0x0800385c        0xc ..\obj\main.o
 .ARM.extab.text.USART1_IRQHandler
                0x08003868        0xc ..\obj\main.o
 .ARM.extab.text._ZN4GPIO5setupEP12GPIO_TypeDeft16GPIOMode_TypeDef
                0x08003874        0xc ..\obj\STM32F103C8T6_Function.o
 .ARM.extab.text._ZN4GPIO5writeE9BitAction
                0x08003880        0xc ..\obj\STM32F103C8T6_Function.o
 .ARM.extab.text._Z9ADC1Setuph
                0x0800388c        0xc ..\obj\STM32F103C8T6_Function.o
 .ARM.extab.text._Z8ADC1Readh
                0x08003898        0xc ..\obj\STM32F103C8T6_Function.o
 .ARM.extab.text._Z11USART2Setupm
                0x080038a4        0xc ..\obj\STM32F103C8T6_Function.o
 .ARM.extab.text._Z11USART1Setupm
                0x080038b0        0xc ..\obj\STM32F103C8T6_Function.o
 .ARM.extab.text._Z13USART2ITSetupt
                0x080038bc        0xc ..\obj\STM32F103C8T6_Function.o
 .ARM.extab.text._Z13USART1ITSetupt
                0x080038c8        0xc ..\obj\STM32F103C8T6_Function.o
 .ARM.extab.text._Z9CAN1Setupv
                0x080038d4        0xc ..\obj\STM32F103C8T6_Function.o
 .ARM.extab.text._Z8CAN1SendthPh
                0x080038e0        0xc ..\obj\STM32F103C8T6_Function.o
 .ARM.extab     0x080038ec       0x18 c:/program files (x86)/gnu tools arm embedded/4.9 2014q4/bin/../lib/gcc/arm-none-eabi/4.9.3/armv7-m\libgcc.a(pr-support.o)
                0x08003904                __exidx_start = .

.ARM.exidx      0x08003904      0x140
 *(.ARM.exidx* .gnu.linkonce.armexidx.*)
 .ARM.exidx.text.NVIC_SetPriority
                0x08003904        0x8 ..\obj\main.o
 .ARM.exidx.text.SysTick_Config
                0x0800390c        0x0 ..\obj\main.o
                                  0x8 (size before relaxing)
 .ARM.exidx.text.main
                0x0800390c        0x8 ..\obj\main.o
 .ARM.exidx.text.USART2_IRQHandler
                0x08003914        0x8 ..\obj\main.o
 .ARM.exidx.text.USART1_IRQHandler
                0x0800391c        0x8 ..\obj\main.o
 .ARM.exidx.text.USB_LP_CAN1_RX0_IRQHandler
                0x08003924        0x8 ..\obj\main.o
 .ARM.exidx.text.CAN1_RX1_IRQHandler
                0x0800392c        0x0 ..\obj\main.o
                                  0x8 (size before relaxing)
 .ARM.exidx.text.EXTI0_IRQHandler
                0x0800392c        0x8 ..\obj\main.o
 .ARM.exidx.text._ZN4GPIO5setupEP12GPIO_TypeDeft16GPIOMode_TypeDef
                0x08003934        0x8 ..\obj\STM32F103C8T6_Function.o
 .ARM.exidx.text._ZN4GPIO5writeE9BitAction
                0x0800393c        0x8 ..\obj\STM32F103C8T6_Function.o
 .ARM.exidx.text._Z9GPIOSetupv
                0x08003944        0x8 ..\obj\STM32F103C8T6_Function.o
 .ARM.exidx.text._Z9ADC1Setuph
                0x0800394c        0x8 ..\obj\STM32F103C8T6_Function.o
 .ARM.exidx.text._Z8ADC1Readh
                0x08003954        0x8 ..\obj\STM32F103C8T6_Function.o
 .ARM.exidx.text._Z11USART2Setupm
                0x0800395c        0x8 ..\obj\STM32F103C8T6_Function.o
 .ARM.exidx.text._Z11USART1Setupm
                0x08003964        0x8 ..\obj\STM32F103C8T6_Function.o
 .ARM.exidx.text._Z13USART2ITSetupt
                0x0800396c        0x8 ..\obj\STM32F103C8T6_Function.o
 .ARM.exidx.text._Z13USART1ITSetupt
                0x08003974        0x8 ..\obj\STM32F103C8T6_Function.o
 .ARM.exidx.text._Z9CAN1Setupv
                0x0800397c        0x8 ..\obj\STM32F103C8T6_Function.o
 .ARM.exidx.text._Z8CAN1SendthPh
                0x08003984        0x8 ..\obj\STM32F103C8T6_Function.o
 .ARM.exidx.text.SysTick_Handler
                0x0800398c        0x8 ..\obj\STM32F103C8T6_Function.o
 .ARM.exidx.text._Z5delaym
                0x08003994        0x0 ..\obj\STM32F103C8T6_Function.o
                                  0x8 (size before relaxing)
 .ARM.exidx     0x08003994       0x78 c:/program files (x86)/gnu tools arm embedded/4.9 2014q4/bin/../lib/gcc/arm-none-eabi/4.9.3/armv7-m\libgcc.a(unwind-arm.o)
                                 0xd8 (size before relaxing)
 .ARM.exidx     0x08003a0c       0x38 c:/program files (x86)/gnu tools arm embedded/4.9 2014q4/bin/../lib/gcc/arm-none-eabi/4.9.3/armv7-m\libgcc.a(pr-support.o)
                                 0x48 (size before relaxing)
                0x08003a44                __exidx_end = .
                0x08003a44                __etext = .
                0x08003a44                _sidata = __etext

.rel.dyn        0x08003a44        0x0
 .rel.iplt      0x00000000        0x0 ..\obj\semihosting.o

.data           0x20000000      0x45c load address 0x08003a44
                0x20000000                __data_start__ = .
                0x20000000                _sdata = __data_start__
 *(vtable)
 *(.data*)
 .data          0x20000000       0x14 ..\obj\system_stm32f10x.o
                0x20000000                SystemCoreClock
                0x20000004                AHBPrescTable
 *fill*         0x20000014        0x4 
 .data          0x20000018      0x430 ..\obj\printf.o
                0x20000018                r
                0x20000440                _impure_ptr
 .data          0x20000448       0x14 ..\obj\stm32f10x_rcc.o
                0x2000045c                . = ALIGN (0x4)
                0x2000045c                PROVIDE (__preinit_array_start, .)
 *(.preinit_array)
                0x2000045c                PROVIDE (__preinit_array_end, .)
                0x2000045c                . = ALIGN (0x4)
                0x2000045c                PROVIDE (__init_array_start, .)
 *(SORT(.init_array.*))
 *(.init_array)
                0x2000045c                PROVIDE (__init_array_end, .)
                0x2000045c                . = ALIGN (0x4)
                0x2000045c                PROVIDE (__fini_array_start, .)
 *(SORT(.fini_array.*))
 *(.fini_array)
                0x2000045c                PROVIDE (__fini_array_end, .)
 *(.jcr*)
                0x2000045c                . = ALIGN (0x4)
                0x2000045c                __data_end__ = .
                0x2000045c                _edata = __data_end__

.igot.plt       0x2000045c        0x0 load address 0x08003ea0
 .igot.plt      0x00000000        0x0 ..\obj\semihosting.o

.bss            0x2000045c       0xac load address 0x08003ea0
                0x2000045c                . = ALIGN (0x4)
                0x2000045c                __bss_start__ = .
                0x2000045c                _sbss = __bss_start__
 *(.bss*)
 .bss           0x2000045c       0x14 ..\obj\semihosting.o
 .bss           0x20000470       0x94 ..\obj\main.o
                0x20000474                a
                0x20000476                rxFlag
                0x20000478                enc1
                0x2000047c                canData
                0x20000484                RxMessage
                0x20000498                led
                0x200004a4                canRx
                0x200004b0                canTx
                0x200004bc                usart1Tx
                0x200004c8                usart2Tx
                0x200004d4                aIn
                0x200004e0                encA
                0x200004ec                encB
                0x200004f8                encZ
 .bss           0x20000504        0x4 ..\obj\STM32F103C8T6_Function.o
 *(COMMON)
                0x20000508                . = ALIGN (0x4)
                0x20000508                __bss_end__ = .
                0x20000508                _ebss = __bss_end__

.heap           0x20000508        0x0
                0x20000508                __end__ = .
                0x20000508                _end = __end__
                0x20000508                end = __end__
 *(.heap*)
                0x20000508                __HeapLimit = .

.co_stack       0x20000508      0x400 load address 0x08003f4c
                0x20000508                . = ALIGN (0x8)
 *(.co_stack .co_stack.*)
 .co_stack      0x20000508      0x400 ..\obj\startup_stm32f10x_md.o
                0x20000508                pulStack
                0x20005000                __StackTop = (ORIGIN (ram) + 0x5000)
                0x20004c00                __StackLimit = (__StackTop - SIZEOF (.co_stack))
                0x20005000                PROVIDE (__stack, __StackTop)
                0x00000001                ASSERT ((__StackLimit >= __HeapLimit), region ram  overflowed with stack)
LOAD ..\obj\semihosting.o
LOAD ..\obj\stm32f10x_tim.o
LOAD ..\obj\system_stm32f10x.o
LOAD ..\obj\startup_stm32f10x_md.o
LOAD ..\obj\stm32f10x_can.o
LOAD ..\obj\stm32f10x_gpio.o
LOAD ..\obj\main.o
LOAD ..\obj\printf.o
LOAD ..\obj\stm32f10x_rcc.o
LOAD ..\obj\stm32f10x_exti.o
LOAD ..\obj\stm32f10x_adc.o
LOAD ..\obj\STM32F103C8T6_Function.o
LOAD ..\obj\stm32f10x_usart.o
LOAD ..\obj\sh_cmd.o
LOAD ..\obj\syscalls.o
LOAD ..\obj\misc.o
LOAD c:/program files (x86)/gnu tools arm embedded/4.9 2014q4/bin/../lib/gcc/arm-none-eabi/4.9.3/../../../../arm-none-eabi/lib/armv7-m\libstdc++.a
START GROUP
LOAD c:/program files (x86)/gnu tools arm embedded/4.9 2014q4/bin/../lib/gcc/arm-none-eabi/4.9.3/armv7-m\libgcc.a
LOAD c:/program files (x86)/gnu tools arm embedded/4.9 2014q4/bin/../lib/gcc/arm-none-eabi/4.9.3/../../../../arm-none-eabi/lib/armv7-m\libg.a
LOAD c:/program files (x86)/gnu tools arm embedded/4.9 2014q4/bin/../lib/gcc/arm-none-eabi/4.9.3/../../../../arm-none-eabi/lib/armv7-m\libc.a
END GROUP
OUTPUT(F103_48.elf elf32-littlearm)

.debug_info     0x00000000     0x7350
 .debug_info    0x00000000      0x12b ..\obj\semihosting.o
 .debug_info    0x0000012b      0x479 ..\obj\system_stm32f10x.o
 .debug_info    0x000005a4       0xfc ..\obj\startup_stm32f10x_md.o
 .debug_info    0x000006a0      0xb9c ..\obj\stm32f10x_can.o
 .debug_info    0x0000123c      0x6e7 ..\obj\stm32f10x_gpio.o
 .debug_info    0x00001923      0xdf3 ..\obj\main.o
 .debug_info    0x00002716      0xf5a ..\obj\printf.o
 .debug_info    0x00003670      0x88d ..\obj\stm32f10x_rcc.o
 .debug_info    0x00003efd      0x341 ..\obj\stm32f10x_exti.o
 .debug_info    0x0000423e      0xb74 ..\obj\stm32f10x_adc.o
 .debug_info    0x00004db2     0x15b2 ..\obj\STM32F103C8T6_Function.o
 .debug_info    0x00006364      0x9e8 ..\obj\stm32f10x_usart.o
 .debug_info    0x00006d4c       0xc7 ..\obj\sh_cmd.o
 .debug_info    0x00006e13      0x53d ..\obj\misc.o

.debug_abbrev   0x00000000     0x1610
 .debug_abbrev  0x00000000       0xab ..\obj\semihosting.o
 .debug_abbrev  0x000000ab      0x14c ..\obj\system_stm32f10x.o
 .debug_abbrev  0x000001f7       0xae ..\obj\startup_stm32f10x_md.o
 .debug_abbrev  0x000002a5      0x1f3 ..\obj\stm32f10x_can.o
 .debug_abbrev  0x00000498      0x1c8 ..\obj\stm32f10x_gpio.o
 .debug_abbrev  0x00000660      0x29e ..\obj\main.o
 .debug_abbrev  0x000008fe      0x2a5 ..\obj\printf.o
 .debug_abbrev  0x00000ba3      0x1ba ..\obj\stm32f10x_rcc.o
 .debug_abbrev  0x00000d5d      0x151 ..\obj\stm32f10x_exti.o
 .debug_abbrev  0x00000eae      0x198 ..\obj\stm32f10x_adc.o
 .debug_abbrev  0x00001046      0x30f ..\obj\STM32F103C8T6_Function.o
 .debug_abbrev  0x00001355      0x162 ..\obj\stm32f10x_usart.o
 .debug_abbrev  0x000014b7       0x14 ..\obj\sh_cmd.o
 .debug_abbrev  0x000014cb      0x145 ..\obj\misc.o

.debug_aranges  0x00000000      0x818
 .debug_aranges
                0x00000000       0x30 ..\obj\semihosting.o
 .debug_aranges
                0x00000030       0x38 ..\obj\system_stm32f10x.o
 .debug_aranges
                0x00000068       0x28 ..\obj\startup_stm32f10x_md.o
 .debug_aranges
                0x00000090       0xe0 ..\obj\stm32f10x_can.o
 .debug_aranges
                0x00000170       0xa8 ..\obj\stm32f10x_gpio.o
 .debug_aranges
                0x00000218       0x58 ..\obj\main.o
 .debug_aranges
                0x00000270       0xa0 ..\obj\printf.o
 .debug_aranges
                0x00000310      0x118 ..\obj\stm32f10x_rcc.o
 .debug_aranges
                0x00000428       0x58 ..\obj\stm32f10x_exti.o
 .debug_aranges
                0x00000480      0x138 ..\obj\stm32f10x_adc.o
 .debug_aranges
                0x000005b8      0x100 ..\obj\STM32F103C8T6_Function.o
 .debug_aranges
                0x000006b8      0x100 ..\obj\stm32f10x_usart.o
 .debug_aranges
                0x000007b8       0x20 ..\obj\sh_cmd.o
 .debug_aranges
                0x000007d8       0x40 ..\obj\misc.o

.debug_ranges   0x00000000      0x728
 .debug_ranges  0x00000000       0x20 ..\obj\semihosting.o
 .debug_ranges  0x00000020       0x28 ..\obj\system_stm32f10x.o
 .debug_ranges  0x00000048       0x18 ..\obj\startup_stm32f10x_md.o
 .debug_ranges  0x00000060       0xd0 ..\obj\stm32f10x_can.o
 .debug_ranges  0x00000130       0x98 ..\obj\stm32f10x_gpio.o
 .debug_ranges  0x000001c8       0x48 ..\obj\main.o
 .debug_ranges  0x00000210       0x90 ..\obj\printf.o
 .debug_ranges  0x000002a0      0x108 ..\obj\stm32f10x_rcc.o
 .debug_ranges  0x000003a8       0x48 ..\obj\stm32f10x_exti.o
 .debug_ranges  0x000003f0      0x128 ..\obj\stm32f10x_adc.o
 .debug_ranges  0x00000518       0xf0 ..\obj\STM32F103C8T6_Function.o
 .debug_ranges  0x00000608       0xf0 ..\obj\stm32f10x_usart.o
 .debug_ranges  0x000006f8       0x30 ..\obj\misc.o

.debug_line     0x00000000     0x30fb
 .debug_line    0x00000000       0xc4 ..\obj\semihosting.o
 .debug_line    0x000000c4      0x245 ..\obj\system_stm32f10x.o
 .debug_line    0x00000309       0xb9 ..\obj\startup_stm32f10x_md.o
 .debug_line    0x000003c2      0x5a8 ..\obj\stm32f10x_can.o
 .debug_line    0x0000096a      0x40b ..\obj\stm32f10x_gpio.o
 .debug_line    0x00000d75      0x3ae ..\obj\main.o
 .debug_line    0x00001123      0x4b3 ..\obj\printf.o
 .debug_line    0x000015d6      0x518 ..\obj\stm32f10x_rcc.o
 .debug_line    0x00001aee      0x2f9 ..\obj\stm32f10x_exti.o
 .debug_line    0x00001de7      0x576 ..\obj\stm32f10x_adc.o
 .debug_line    0x0000235d      0x581 ..\obj\STM32F103C8T6_Function.o
 .debug_line    0x000028de      0x4ee ..\obj\stm32f10x_usart.o
 .debug_line    0x00002dcc       0x96 ..\obj\sh_cmd.o
 .debug_line    0x00002e62      0x299 ..\obj\misc.o

.debug_str      0x00000000     0x2f0d
 .debug_str     0x00000000      0x165 ..\obj\semihosting.o
                                0x19e (size before relaxing)
 .debug_str     0x00000165      0x1c1 ..\obj\system_stm32f10x.o
                                0x30e (size before relaxing)
 .debug_str     0x00000326       0xd4 ..\obj\startup_stm32f10x_md.o
                                0x16b (size before relaxing)
 .debug_str     0x000003fa      0x4f8 ..\obj\stm32f10x_can.o
                                0x74d (size before relaxing)
 .debug_str     0x000008f2      0x34f ..\obj\stm32f10x_gpio.o
                                0x538 (size before relaxing)
 .debug_str     0x00000c41      0x7d3 ..\obj\main.o
                                0xbdd (size before relaxing)
 .debug_str     0x00001414      0x4d0 ..\obj\printf.o
                                0x729 (size before relaxing)
 .debug_str     0x000018e4      0x3ff ..\obj\stm32f10x_rcc.o
                                0x639 (size before relaxing)
 .debug_str     0x00001ce3      0x11c ..\obj\stm32f10x_exti.o
                                0x368 (size before relaxing)
 .debug_str     0x00001dff      0x527 ..\obj\stm32f10x_adc.o
                                0x71a (size before relaxing)
 .debug_str     0x00002326      0x713 ..\obj\STM32F103C8T6_Function.o
                               0x12bc (size before relaxing)
 .debug_str     0x00002a39      0x3b9 ..\obj\stm32f10x_usart.o
                                0x6af (size before relaxing)
 .debug_str     0x00002df2      0x11b ..\obj\misc.o
                                0x3dd (size before relaxing)

.comment        0x00000000       0x70
 .comment       0x00000000       0x70 ..\obj\semihosting.o
                                 0x71 (size before relaxing)
 .comment       0x00000000       0x71 ..\obj\system_stm32f10x.o
 .comment       0x00000000       0x71 ..\obj\startup_stm32f10x_md.o
 .comment       0x00000000       0x71 ..\obj\stm32f10x_can.o
 .comment       0x00000000       0x71 ..\obj\stm32f10x_gpio.o
 .comment       0x00000000       0x71 ..\obj\main.o
 .comment       0x00000000       0x71 ..\obj\printf.o
 .comment       0x00000000       0x71 ..\obj\stm32f10x_rcc.o
 .comment       0x00000000       0x71 ..\obj\stm32f10x_exti.o
 .comment       0x00000000       0x71 ..\obj\stm32f10x_adc.o
 .comment       0x00000000       0x71 ..\obj\STM32F103C8T6_Function.o
 .comment       0x00000000       0x71 ..\obj\stm32f10x_usart.o
 .comment       0x00000000       0x71 ..\obj\misc.o

.ARM.attributes
                0x00000000       0x31
 .ARM.attributes
                0x00000000       0x33 ..\obj\semihosting.o
 .ARM.attributes
                0x00000033       0x33 ..\obj\system_stm32f10x.o
 .ARM.attributes
                0x00000066       0x33 ..\obj\startup_stm32f10x_md.o
 .ARM.attributes
                0x00000099       0x33 ..\obj\stm32f10x_can.o
 .ARM.attributes
                0x000000cc       0x33 ..\obj\stm32f10x_gpio.o
 .ARM.attributes
                0x000000ff       0x33 ..\obj\main.o
 .ARM.attributes
                0x00000132       0x33 ..\obj\printf.o
 .ARM.attributes
                0x00000165       0x33 ..\obj\stm32f10x_rcc.o
 .ARM.attributes
                0x00000198       0x33 ..\obj\stm32f10x_exti.o
 .ARM.attributes
                0x000001cb       0x33 ..\obj\stm32f10x_adc.o
 .ARM.attributes
                0x000001fe       0x33 ..\obj\STM32F103C8T6_Function.o
 .ARM.attributes
                0x00000231       0x33 ..\obj\stm32f10x_usart.o
 .ARM.attributes
                0x00000264       0x21 ..\obj\sh_cmd.o
 .ARM.attributes
                0x00000285       0x33 ..\obj\misc.o

.debug_frame    0x00000000     0x218c
 .debug_frame   0x00000000       0x7c ..\obj\semihosting.o
 .debug_frame   0x0000007c       0x98 ..\obj\system_stm32f10x.o
 .debug_frame   0x00000114       0x4c ..\obj\startup_stm32f10x_md.o
 .debug_frame   0x00000160      0x3f0 ..\obj\stm32f10x_can.o
 .debug_frame   0x00000550      0x2d0 ..\obj\stm32f10x_gpio.o
 .debug_frame   0x00000820      0x118 ..\obj\main.o
 .debug_frame   0x00000938      0x2dc ..\obj\printf.o
 .debug_frame   0x00000c14      0x4f4 ..\obj\stm32f10x_rcc.o
 .debug_frame   0x00001108      0x148 ..\obj\stm32f10x_exti.o
 .debug_frame   0x00001250      0x5a4 ..\obj\stm32f10x_adc.o
 .debug_frame   0x000017f4      0x430 ..\obj\STM32F103C8T6_Function.o
 .debug_frame   0x00001c24      0x490 ..\obj\stm32f10x_usart.o
 .debug_frame   0x000020b4       0xd8 ..\obj\misc.o
