Archive member included because of file (symbol)

c:/program files (x86)/gnu tools arm embedded/4.9 2014q4/bin/../lib/gcc/arm-none-eabi/4.9.3/armv7-m\libgcc.a(unwind-arm.o)
                              ..\obj\main.o (__aeabi_unwind_cpp_pr0)
c:/program files (x86)/gnu tools arm embedded/4.9 2014q4/bin/../lib/gcc/arm-none-eabi/4.9.3/armv7-m\libgcc.a(libunwind.o)
                              c:/program files (x86)/gnu tools arm embedded/4.9 2014q4/bin/../lib/gcc/arm-none-eabi/4.9.3/armv7-m\libgcc.a(unwind-arm.o) (restore_core_regs)
c:/program files (x86)/gnu tools arm embedded/4.9 2014q4/bin/../lib/gcc/arm-none-eabi/4.9.3/armv7-m\libgcc.a(pr-support.o)
                              c:/program files (x86)/gnu tools arm embedded/4.9 2014q4/bin/../lib/gcc/arm-none-eabi/4.9.3/armv7-m\libgcc.a(unwind-arm.o) (__gnu_unwind_execute)
c:/program files (x86)/gnu tools arm embedded/4.9 2014q4/bin/../lib/gcc/arm-none-eabi/4.9.3/../../../../arm-none-eabi/lib/armv7-m\libc.a(lib_a-memcpy.o)
                              c:/program files (x86)/gnu tools arm embedded/4.9 2014q4/bin/../lib/gcc/arm-none-eabi/4.9.3/armv7-m\libgcc.a(unwind-arm.o) (memcpy)

Allocating common symbols
Common symbol       size              file

__dso_handle        0x4               ..\obj\startup_stm32f10x_md.o

Discarded input sections

 .text          0x00000000        0x0 ..\obj\semihosting.o
 .data          0x00000000        0x0 ..\obj\semihosting.o
 .text.SH_SendString
                0x00000000       0x24 ..\obj\semihosting.o
 .text.SH_GetChar
                0x00000000       0x40 ..\obj\semihosting.o
 .text          0x00000000        0x0 ..\obj\stm32f10x_tim.o
 .data          0x00000000        0x0 ..\obj\stm32f10x_tim.o
 .bss           0x00000000        0x0 ..\obj\stm32f10x_tim.o
 .text.TIM_DeInit
                0x00000000      0x22c ..\obj\stm32f10x_tim.o
 .text.TIM_ICInit
                0x00000000       0xa8 ..\obj\stm32f10x_tim.o
 .text.TIM_PWMIConfig
                0x00000000       0xb8 ..\obj\stm32f10x_tim.o
 .text.TIM_BDTRConfig
                0x00000000       0x50 ..\obj\stm32f10x_tim.o
 .text.TIM_ICStructInit
                0x00000000       0x30 ..\obj\stm32f10x_tim.o
 .text.TIM_BDTRStructInit
                0x00000000       0x3c ..\obj\stm32f10x_tim.o
 .text.TIM_CtrlPWMOutputs
                0x00000000       0x4c ..\obj\stm32f10x_tim.o
 .text.TIM_ITConfig
                0x00000000       0x48 ..\obj\stm32f10x_tim.o
 .text.TIM_GenerateEvent
                0x00000000       0x1c ..\obj\stm32f10x_tim.o
 .text.TIM_DMAConfig
                0x00000000       0x28 ..\obj\stm32f10x_tim.o
 .text.TIM_DMACmd
                0x00000000       0x48 ..\obj\stm32f10x_tim.o
 .text.TIM_InternalClockConfig
                0x00000000       0x24 ..\obj\stm32f10x_tim.o
 .text.TIM_ITRxExternalClockConfig
                0x00000000       0x2c ..\obj\stm32f10x_tim.o
 .text.TIM_TIxExternalClockConfig
                0x00000000       0x60 ..\obj\stm32f10x_tim.o
 .text.TIM_ETRClockMode1Config
                0x00000000       0x5c ..\obj\stm32f10x_tim.o
 .text.TIM_ETRClockMode2Config
                0x00000000       0x3c ..\obj\stm32f10x_tim.o
 .text.TIM_ETRConfig
                0x00000000       0x54 ..\obj\stm32f10x_tim.o
 .text.TIM_PrescalerConfig
                0x00000000       0x28 ..\obj\stm32f10x_tim.o
 .text.TIM_CounterModeConfig
                0x00000000       0x38 ..\obj\stm32f10x_tim.o
 .text.TIM_SelectInputTrigger
                0x00000000       0x38 ..\obj\stm32f10x_tim.o
 .text.TIM_EncoderInterfaceConfig
                0x00000000       0x98 ..\obj\stm32f10x_tim.o
 .text.TIM_ForcedOC1Config
                0x00000000       0x38 ..\obj\stm32f10x_tim.o
 .text.TIM_ForcedOC2Config
                0x00000000       0x3c ..\obj\stm32f10x_tim.o
 .text.TIM_ForcedOC3Config
                0x00000000       0x38 ..\obj\stm32f10x_tim.o
 .text.TIM_ForcedOC4Config
                0x00000000       0x3c ..\obj\stm32f10x_tim.o
 .text.TIM_SelectCOM
                0x00000000       0x40 ..\obj\stm32f10x_tim.o
 .text.TIM_SelectCCDMA
                0x00000000       0x40 ..\obj\stm32f10x_tim.o
 .text.TIM_CCPreloadControl
                0x00000000       0x40 ..\obj\stm32f10x_tim.o
 .text.TIM_OC1PreloadConfig
                0x00000000       0x38 ..\obj\stm32f10x_tim.o
 .text.TIM_OC2PreloadConfig
                0x00000000       0x3c ..\obj\stm32f10x_tim.o
 .text.TIM_OC3PreloadConfig
                0x00000000       0x38 ..\obj\stm32f10x_tim.o
 .text.TIM_OC4PreloadConfig
                0x00000000       0x3c ..\obj\stm32f10x_tim.o
 .text.TIM_OC1FastConfig
                0x00000000       0x38 ..\obj\stm32f10x_tim.o
 .text.TIM_OC2FastConfig
                0x00000000       0x3c ..\obj\stm32f10x_tim.o
 .text.TIM_OC3FastConfig
                0x00000000       0x38 ..\obj\stm32f10x_tim.o
 .text.TIM_OC4FastConfig
                0x00000000       0x3c ..\obj\stm32f10x_tim.o
 .text.TIM_ClearOC1Ref
                0x00000000       0x38 ..\obj\stm32f10x_tim.o
 .text.TIM_ClearOC2Ref
                0x00000000       0x3c ..\obj\stm32f10x_tim.o
 .text.TIM_ClearOC3Ref
                0x00000000       0x38 ..\obj\stm32f10x_tim.o
 .text.TIM_ClearOC4Ref
                0x00000000       0x3c ..\obj\stm32f10x_tim.o
 .text.TIM_OC1PolarityConfig
                0x00000000       0x38 ..\obj\stm32f10x_tim.o
 .text.TIM_OC1NPolarityConfig
                0x00000000       0x38 ..\obj\stm32f10x_tim.o
 .text.TIM_OC2PolarityConfig
                0x00000000       0x3c ..\obj\stm32f10x_tim.o
 .text.TIM_OC2NPolarityConfig
                0x00000000       0x3c ..\obj\stm32f10x_tim.o
 .text.TIM_OC3PolarityConfig
                0x00000000       0x3c ..\obj\stm32f10x_tim.o
 .text.TIM_OC3NPolarityConfig
                0x00000000       0x3c ..\obj\stm32f10x_tim.o
 .text.TIM_OC4PolarityConfig
                0x00000000       0x3c ..\obj\stm32f10x_tim.o
 .text.TIM_CCxCmd
                0x00000000       0x54 ..\obj\stm32f10x_tim.o
 .text.TIM_CCxNCmd
                0x00000000       0x54 ..\obj\stm32f10x_tim.o
 .text.TIM_SelectOCxM
                0x00000000       0xac ..\obj\stm32f10x_tim.o
 .text.TIM_UpdateDisableConfig
                0x00000000       0x40 ..\obj\stm32f10x_tim.o
 .text.TIM_UpdateRequestConfig
                0x00000000       0x40 ..\obj\stm32f10x_tim.o
 .text.TIM_SelectHallSensor
                0x00000000       0x40 ..\obj\stm32f10x_tim.o
 .text.TIM_SelectOnePulseMode
                0x00000000       0x38 ..\obj\stm32f10x_tim.o
 .text.TIM_SelectOutputTrigger
                0x00000000       0x38 ..\obj\stm32f10x_tim.o
 .text.TIM_SelectSlaveMode
                0x00000000       0x38 ..\obj\stm32f10x_tim.o
 .text.TIM_SelectMasterSlaveMode
                0x00000000       0x38 ..\obj\stm32f10x_tim.o
 .text.TIM_SetCounter
                0x00000000       0x1c ..\obj\stm32f10x_tim.o
 .text.TIM_SetAutoreload
                0x00000000       0x1c ..\obj\stm32f10x_tim.o
 .text.TIM_SetCompare1
                0x00000000       0x1c ..\obj\stm32f10x_tim.o
 .text.TIM_SetCompare2
                0x00000000       0x1c ..\obj\stm32f10x_tim.o
 .text.TIM_SetCompare3
                0x00000000       0x1c ..\obj\stm32f10x_tim.o
 .text.TIM_SetCompare4
                0x00000000       0x20 ..\obj\stm32f10x_tim.o
 .text.TIM_SetIC1Prescaler
                0x00000000       0x38 ..\obj\stm32f10x_tim.o
 .text.TIM_SetIC2Prescaler
                0x00000000       0x3c ..\obj\stm32f10x_tim.o
 .text.TIM_SetIC3Prescaler
                0x00000000       0x38 ..\obj\stm32f10x_tim.o
 .text.TIM_SetIC4Prescaler
                0x00000000       0x3c ..\obj\stm32f10x_tim.o
 .text.TIM_SetClockDivision
                0x00000000       0x38 ..\obj\stm32f10x_tim.o
 .text.TIM_GetCapture1
                0x00000000       0x1c ..\obj\stm32f10x_tim.o
 .text.TIM_GetCapture2
                0x00000000       0x1c ..\obj\stm32f10x_tim.o
 .text.TIM_GetCapture3
                0x00000000       0x1c ..\obj\stm32f10x_tim.o
 .text.TIM_GetCapture4
                0x00000000       0x1c ..\obj\stm32f10x_tim.o
 .text.TIM_GetCounter
                0x00000000       0x1c ..\obj\stm32f10x_tim.o
 .text.TIM_GetPrescaler
                0x00000000       0x1c ..\obj\stm32f10x_tim.o
 .text.TIM_GetFlagStatus
                0x00000000       0x38 ..\obj\stm32f10x_tim.o
 .text.TIM_ClearFlag
                0x00000000       0x20 ..\obj\stm32f10x_tim.o
 .text.TIM_GetITStatus
                0x00000000       0x54 ..\obj\stm32f10x_tim.o
 .text.TIM_ClearITPendingBit
                0x00000000       0x20 ..\obj\stm32f10x_tim.o
 .text.TI1_Config
                0x00000000       0xe0 ..\obj\stm32f10x_tim.o
 .text.TI2_Config
                0x00000000       0xf4 ..\obj\stm32f10x_tim.o
 .text.TI3_Config
                0x00000000       0xec ..\obj\stm32f10x_tim.o
 .text.TI4_Config
                0x00000000       0xf8 ..\obj\stm32f10x_tim.o
 .text          0x00000000        0x0 ..\obj\system_stm32f10x.o
 .bss           0x00000000        0x0 ..\obj\system_stm32f10x.o
 .text.SystemCoreClockUpdate
                0x00000000       0xdc ..\obj\system_stm32f10x.o
 .text          0x00000000        0x0 ..\obj\CAN.o
 .data          0x00000000        0x0 ..\obj\CAN.o
 .bss           0x00000000        0x0 ..\obj\CAN.o
 .text          0x00000000        0x0 ..\obj\SYSTEM.o
 .data          0x00000000        0x0 ..\obj\SYSTEM.o
 .ARM.extab.text.SysTick_Handler
                0x00000000        0x0 ..\obj\SYSTEM.o
 .ARM.extab.text._Z5delaym
                0x00000000        0x0 ..\obj\SYSTEM.o
 .text          0x00000000        0x0 ..\obj\startup_stm32f10x_md.o
 .data          0x00000000        0x0 ..\obj\startup_stm32f10x_md.o
 .bss           0x00000000        0x0 ..\obj\startup_stm32f10x_md.o
 COMMON         0x00000000        0x4 ..\obj\startup_stm32f10x_md.o
 .text          0x00000000        0x0 ..\obj\stm32f10x_can.o
 .data          0x00000000        0x0 ..\obj\stm32f10x_can.o
 .bss           0x00000000        0x0 ..\obj\stm32f10x_can.o
 .text.CAN_SlaveStartBank
                0x00000000       0x60 ..\obj\stm32f10x_can.o
 .text.CAN_DBGFreeze
                0x00000000       0x38 ..\obj\stm32f10x_can.o
 .text.CAN_TTComModeCmd
                0x00000000       0x98 ..\obj\stm32f10x_can.o
 .text.CAN_TransmitStatus
                0x00000000       0xd4 ..\obj\stm32f10x_can.o
 .text.CAN_CancelTransmit
                0x00000000       0x50 ..\obj\stm32f10x_can.o
 .text.CAN_FIFORelease
                0x00000000       0x38 ..\obj\stm32f10x_can.o
 .text.CAN_MessagePending
                0x00000000       0x4c ..\obj\stm32f10x_can.o
 .text.CAN_OperatingModeRequest
                0x00000000       0xfc ..\obj\stm32f10x_can.o
 .text.CAN_Sleep
                0x00000000       0x3c ..\obj\stm32f10x_can.o
 .text.CAN_WakeUp
                0x00000000       0x58 ..\obj\stm32f10x_can.o
 .text.CAN_GetLastErrorCode
                0x00000000       0x28 ..\obj\stm32f10x_can.o
 .text.CAN_GetReceiveErrorCounter
                0x00000000       0x24 ..\obj\stm32f10x_can.o
 .text.CAN_GetLSBTransmitErrorCounter
                0x00000000       0x28 ..\obj\stm32f10x_can.o
 .text.CAN_GetFlagStatus
                0x00000000       0xd0 ..\obj\stm32f10x_can.o
 .text.CAN_ClearFlag
                0x00000000       0x70 ..\obj\stm32f10x_can.o
 .text.CAN_GetITStatus
                0x00000000      0x194 ..\obj\stm32f10x_can.o
 .text.CAN_ClearITPendingBit
                0x00000000       0xdc ..\obj\stm32f10x_can.o
 .text.CheckITStatus
                0x00000000       0x30 ..\obj\stm32f10x_can.o
 .text          0x00000000        0x0 ..\obj\stm32f10x_gpio.o
 .data          0x00000000        0x0 ..\obj\stm32f10x_gpio.o
 .bss           0x00000000        0x0 ..\obj\stm32f10x_gpio.o
 .text.GPIO_DeInit
                0x00000000       0xe4 ..\obj\stm32f10x_gpio.o
 .text.GPIO_AFIODeInit
                0x00000000       0x18 ..\obj\stm32f10x_gpio.o
 .text.GPIO_ReadInputDataBit
                0x00000000       0x34 ..\obj\stm32f10x_gpio.o
 .text.GPIO_ReadInputData
                0x00000000       0x1c ..\obj\stm32f10x_gpio.o
 .text.GPIO_ReadOutputDataBit
                0x00000000       0x34 ..\obj\stm32f10x_gpio.o
 .text.GPIO_ReadOutputData
                0x00000000       0x1c ..\obj\stm32f10x_gpio.o
 .text.GPIO_SetBits
                0x00000000       0x1c ..\obj\stm32f10x_gpio.o
 .text.GPIO_ResetBits
                0x00000000       0x1c ..\obj\stm32f10x_gpio.o
 .text.GPIO_Write
                0x00000000       0x1c ..\obj\stm32f10x_gpio.o
 .text.GPIO_PinLockConfig
                0x00000000       0x44 ..\obj\stm32f10x_gpio.o
 .text.GPIO_EventOutputConfig
                0x00000000       0x4c ..\obj\stm32f10x_gpio.o
 .text.GPIO_EventOutputCmd
                0x00000000       0x20 ..\obj\stm32f10x_gpio.o
 .text.GPIO_EXTILineConfig
                0x00000000       0x84 ..\obj\stm32f10x_gpio.o
 .text.GPIO_ETH_MediaInterfaceConfig
                0x00000000       0x1c ..\obj\stm32f10x_gpio.o
 .text          0x00000000        0x0 ..\obj\main.o
 .data          0x00000000        0x0 ..\obj\main.o
 .ARM.extab.text.NVIC_SetPriority
                0x00000000        0x0 ..\obj\main.o
 .ARM.extab.text.SysTick_Config
                0x00000000        0x0 ..\obj\main.o
 .ARM.extab.text.USB_LP_CAN1_RX0_IRQHandler
                0x00000000        0x0 ..\obj\main.o
 .ARM.extab.text.CAN1_RX1_IRQHandler
                0x00000000        0x0 ..\obj\main.o
 .ARM.extab.text.EXTI0_IRQHandler
                0x00000000        0x0 ..\obj\main.o
 .text          0x00000000        0x0 ..\obj\GPIO.o
 .data          0x00000000        0x0 ..\obj\GPIO.o
 .bss           0x00000000        0x0 ..\obj\GPIO.o
 .text._ZN4GPIO4readEv
                0x00000000       0x1c ..\obj\GPIO.o
 .ARM.extab.text._ZN4GPIO4readEv
                0x00000000        0x0 ..\obj\GPIO.o
 .ARM.exidx.text._ZN4GPIO4readEv
                0x00000000        0x8 ..\obj\GPIO.o
 .ARM.extab.text._Z9GPIOSetupv
                0x00000000        0x0 ..\obj\GPIO.o
 .text._Z8pinSetupP12GPIO_TypeDeft16GPIOMode_TypeDef
                0x00000000       0x38 ..\obj\GPIO.o
 .ARM.extab.text._Z8pinSetupP12GPIO_TypeDeft16GPIOMode_TypeDef
                0x00000000        0xc ..\obj\GPIO.o
 .ARM.exidx.text._Z8pinSetupP12GPIO_TypeDeft16GPIOMode_TypeDef
                0x00000000        0x8 ..\obj\GPIO.o
 .text._Z8pinWriteP12GPIO_TypeDeft9BitAction
                0x00000000       0x24 ..\obj\GPIO.o
 .ARM.extab.text._Z8pinWriteP12GPIO_TypeDeft9BitAction
                0x00000000        0xc ..\obj\GPIO.o
 .ARM.exidx.text._Z8pinWriteP12GPIO_TypeDeft9BitAction
                0x00000000        0x8 ..\obj\GPIO.o
 .text          0x00000000        0x0 ..\obj\ADC.o
 .data          0x00000000        0x0 ..\obj\ADC.o
 .bss           0x00000000        0x0 ..\obj\ADC.o
 .text          0x00000000        0x0 ..\obj\printf.o
 .bss           0x00000000        0x0 ..\obj\printf.o
 .text.snprintf
                0x00000000       0x30 ..\obj\printf.o
 .text.fprintf  0x00000000       0x2c ..\obj\printf.o
 .text.sprintf  0x00000000       0x2c ..\obj\printf.o
 .text.puts     0x00000000       0x24 ..\obj\printf.o
 .text          0x00000000        0x0 ..\obj\stm32f10x_rcc.o
 .bss           0x00000000        0x0 ..\obj\stm32f10x_rcc.o
 .text.RCC_DeInit
                0x00000000       0x5c ..\obj\stm32f10x_rcc.o
 .text.RCC_HSEConfig
                0x00000000       0x5c ..\obj\stm32f10x_rcc.o
 .text.RCC_WaitForHSEStartUp
                0x00000000       0x50 ..\obj\stm32f10x_rcc.o
 .text.RCC_AdjustHSICalibrationValue
                0x00000000       0x3c ..\obj\stm32f10x_rcc.o
 .text.RCC_HSICmd
                0x00000000       0x20 ..\obj\stm32f10x_rcc.o
 .text.RCC_PLLConfig
                0x00000000       0x3c ..\obj\stm32f10x_rcc.o
 .text.RCC_PLLCmd
                0x00000000       0x20 ..\obj\stm32f10x_rcc.o
 .text.RCC_SYSCLKConfig
                0x00000000       0x38 ..\obj\stm32f10x_rcc.o
 .text.RCC_GetSYSCLKSource
                0x00000000       0x20 ..\obj\stm32f10x_rcc.o
 .text.RCC_HCLKConfig
                0x00000000       0x38 ..\obj\stm32f10x_rcc.o
 .text.RCC_PCLK1Config
                0x00000000       0x38 ..\obj\stm32f10x_rcc.o
 .text.RCC_PCLK2Config
                0x00000000       0x38 ..\obj\stm32f10x_rcc.o
 .text.RCC_ITConfig
                0x00000000       0x4c ..\obj\stm32f10x_rcc.o
 .text.RCC_USBCLKConfig
                0x00000000       0x1c ..\obj\stm32f10x_rcc.o
 .text.RCC_LSEConfig
                0x00000000       0x40 ..\obj\stm32f10x_rcc.o
 .text.RCC_LSICmd
                0x00000000       0x20 ..\obj\stm32f10x_rcc.o
 .text.RCC_RTCCLKConfig
                0x00000000       0x24 ..\obj\stm32f10x_rcc.o
 .text.RCC_RTCCLKCmd
                0x00000000       0x20 ..\obj\stm32f10x_rcc.o
 .text.RCC_AHBPeriphClockCmd
                0x00000000       0x3c ..\obj\stm32f10x_rcc.o
 .text.RCC_APB2PeriphResetCmd
                0x00000000       0x3c ..\obj\stm32f10x_rcc.o
 .text.RCC_BackupResetCmd
                0x00000000       0x20 ..\obj\stm32f10x_rcc.o
 .text.RCC_ClockSecuritySystemCmd
                0x00000000       0x20 ..\obj\stm32f10x_rcc.o
 .text.RCC_MCOConfig
                0x00000000       0x20 ..\obj\stm32f10x_rcc.o
 .text.RCC_GetFlagStatus
                0x00000000       0x74 ..\obj\stm32f10x_rcc.o
 .text.RCC_ClearFlag
                0x00000000       0x1c ..\obj\stm32f10x_rcc.o
 .text.RCC_GetITStatus
                0x00000000       0x38 ..\obj\stm32f10x_rcc.o
 .text.RCC_ClearITPendingBit
                0x00000000       0x20 ..\obj\stm32f10x_rcc.o
 .text          0x00000000        0x0 ..\obj\stm32f10x_exti.o
 .data          0x00000000        0x0 ..\obj\stm32f10x_exti.o
 .bss           0x00000000        0x0 ..\obj\stm32f10x_exti.o
 .text.EXTI_DeInit
                0x00000000       0x34 ..\obj\stm32f10x_exti.o
 .text.EXTI_Init
                0x00000000       0xe4 ..\obj\stm32f10x_exti.o
 .text.EXTI_StructInit
                0x00000000       0x2c ..\obj\stm32f10x_exti.o
 .text.EXTI_GenerateSWInterrupt
                0x00000000       0x24 ..\obj\stm32f10x_exti.o
 .text.EXTI_GetFlagStatus
                0x00000000       0x34 ..\obj\stm32f10x_exti.o
 .text.EXTI_ClearFlag
                0x00000000       0x1c ..\obj\stm32f10x_exti.o
 .text.EXTI_GetITStatus
                0x00000000       0x48 ..\obj\stm32f10x_exti.o
 .text          0x00000000        0x0 ..\obj\stm32f10x_adc.o
 .data          0x00000000        0x0 ..\obj\stm32f10x_adc.o
 .bss           0x00000000        0x0 ..\obj\stm32f10x_adc.o
 .text.ADC_DeInit
                0x00000000       0x74 ..\obj\stm32f10x_adc.o
 .text.ADC_DMACmd
                0x00000000       0x38 ..\obj\stm32f10x_adc.o
 .text.ADC_ITConfig
                0x00000000       0x44 ..\obj\stm32f10x_adc.o
 .text.ADC_GetSoftwareStartConvStatus
                0x00000000       0x30 ..\obj\stm32f10x_adc.o
 .text.ADC_DiscModeChannelCountConfig
                0x00000000       0x44 ..\obj\stm32f10x_adc.o
 .text.ADC_DiscModeCmd
                0x00000000       0x38 ..\obj\stm32f10x_adc.o
 .text.ADC_ExternalTrigConvCmd
                0x00000000       0x38 ..\obj\stm32f10x_adc.o
 .text.ADC_GetDualModeConversionValue
                0x00000000       0x18 ..\obj\stm32f10x_adc.o
 .text.ADC_AutoInjectedConvCmd
                0x00000000       0x38 ..\obj\stm32f10x_adc.o
 .text.ADC_InjectedDiscModeCmd
                0x00000000       0x38 ..\obj\stm32f10x_adc.o
 .text.ADC_ExternalTrigInjectedConvConfig
                0x00000000       0x34 ..\obj\stm32f10x_adc.o
 .text.ADC_ExternalTrigInjectedConvCmd
                0x00000000       0x38 ..\obj\stm32f10x_adc.o
 .text.ADC_SoftwareStartInjectedConvCmd
                0x00000000       0x38 ..\obj\stm32f10x_adc.o
 .text.ADC_GetSoftwareStartInjectedConvCmdStatus
                0x00000000       0x30 ..\obj\stm32f10x_adc.o
 .text.ADC_InjectedChannelConfig
                0x00000000      0x120 ..\obj\stm32f10x_adc.o
 .text.ADC_InjectedSequencerLengthConfig
                0x00000000       0x44 ..\obj\stm32f10x_adc.o
 .text.ADC_SetInjectedOffset
                0x00000000       0x34 ..\obj\stm32f10x_adc.o
 .text.ADC_GetInjectedConversionValue
                0x00000000       0x30 ..\obj\stm32f10x_adc.o
 .text.ADC_AnalogWatchdogCmd
                0x00000000       0x38 ..\obj\stm32f10x_adc.o
 .text.ADC_AnalogWatchdogThresholdsConfig
                0x00000000       0x28 ..\obj\stm32f10x_adc.o
 .text.ADC_AnalogWatchdogSingleChannelConfig
                0x00000000       0x38 ..\obj\stm32f10x_adc.o
 .text.ADC_TempSensorVrefintCmd
                0x00000000       0x38 ..\obj\stm32f10x_adc.o
 .text.ADC_ClearFlag
                0x00000000       0x20 ..\obj\stm32f10x_adc.o
 .text.ADC_GetITStatus
                0x00000000       0x58 ..\obj\stm32f10x_adc.o
 .text.ADC_ClearITPendingBit
                0x00000000       0x2c ..\obj\stm32f10x_adc.o
 .text          0x00000000        0x0 ..\obj\stm32f10x_usart.o
 .data          0x00000000        0x0 ..\obj\stm32f10x_usart.o
 .bss           0x00000000        0x0 ..\obj\stm32f10x_usart.o
 .text.USART_DeInit
                0x00000000       0xb8 ..\obj\stm32f10x_usart.o
 .text.USART_ClockInit
                0x00000000       0x58 ..\obj\stm32f10x_usart.o
 .text.USART_ClockStructInit
                0x00000000       0x2c ..\obj\stm32f10x_usart.o
 .text.USART_DMACmd
                0x00000000       0x48 ..\obj\stm32f10x_usart.o
 .text.USART_SetAddress
                0x00000000       0x38 ..\obj\stm32f10x_usart.o
 .text.USART_WakeUpConfig
                0x00000000       0x38 ..\obj\stm32f10x_usart.o
 .text.USART_ReceiverWakeUpCmd
                0x00000000       0x40 ..\obj\stm32f10x_usart.o
 .text.USART_LINBreakDetectLengthConfig
                0x00000000       0x38 ..\obj\stm32f10x_usart.o
 .text.USART_LINCmd
                0x00000000       0x40 ..\obj\stm32f10x_usart.o
 .text.USART_SendBreak
                0x00000000       0x24 ..\obj\stm32f10x_usart.o
 .text.USART_SetGuardTime
                0x00000000       0x3c ..\obj\stm32f10x_usart.o
 .text.USART_SetPrescaler
                0x00000000       0x38 ..\obj\stm32f10x_usart.o
 .text.USART_SmartCardCmd
                0x00000000       0x40 ..\obj\stm32f10x_usart.o
 .text.USART_SmartCardNACKCmd
                0x00000000       0x40 ..\obj\stm32f10x_usart.o
 .text.USART_HalfDuplexCmd
                0x00000000       0x40 ..\obj\stm32f10x_usart.o
 .text.USART_OverSampling8Cmd
                0x00000000       0x44 ..\obj\stm32f10x_usart.o
 .text.USART_OneBitMethodCmd
                0x00000000       0x40 ..\obj\stm32f10x_usart.o
 .text.USART_IrDAConfig
                0x00000000       0x38 ..\obj\stm32f10x_usart.o
 .text.USART_IrDACmd
                0x00000000       0x40 ..\obj\stm32f10x_usart.o
 .text.USART_ClearFlag
                0x00000000       0x20 ..\obj\stm32f10x_usart.o
 .text.USART_ClearITPendingBit
                0x00000000       0x38 ..\obj\stm32f10x_usart.o
 .data          0x00000000        0x0 ..\obj\sh_cmd.o
 .bss           0x00000000        0x0 ..\obj\sh_cmd.o
 .text          0x00000000        0x0 ..\obj\syscalls.o
 .data          0x00000000        0x0 ..\obj\syscalls.o
 .bss           0x00000000        0x4 ..\obj\syscalls.o
 .text._sbrk    0x00000000       0x40 ..\obj\syscalls.o
 .text.link     0x00000000       0x1c ..\obj\syscalls.o
 .text._close   0x00000000       0x18 ..\obj\syscalls.o
 .text._fstat   0x00000000       0x20 ..\obj\syscalls.o
 .text._isatty  0x00000000       0x18 ..\obj\syscalls.o
 .text._lseek   0x00000000       0x1c ..\obj\syscalls.o
 .text._read    0x00000000       0x1c ..\obj\syscalls.o
 .text._write   0x00000000       0x1c ..\obj\syscalls.o
 .debug_info    0x00000000      0x3ee ..\obj\syscalls.o
 .debug_abbrev  0x00000000       0xe2 ..\obj\syscalls.o
 .debug_aranges
                0x00000000       0x60 ..\obj\syscalls.o
 .debug_ranges  0x00000000       0x50 ..\obj\syscalls.o
 .debug_line    0x00000000      0x182 ..\obj\syscalls.o
 .debug_str     0x00000000      0x2e6 ..\obj\syscalls.o
 .comment       0x00000000       0x71 ..\obj\syscalls.o
 .debug_frame   0x00000000      0x168 ..\obj\syscalls.o
 .ARM.attributes
                0x00000000       0x33 ..\obj\syscalls.o
 .text          0x00000000        0x0 ..\obj\misc.o
 .data          0x00000000        0x0 ..\obj\misc.o
 .bss           0x00000000        0x0 ..\obj\misc.o
 .text.NVIC_PriorityGroupConfig
                0x00000000       0x24 ..\obj\misc.o
 .text.NVIC_SetVectorTable
                0x00000000       0x2c ..\obj\misc.o
 .text.NVIC_SystemLPConfig
                0x00000000       0x40 ..\obj\misc.o
 .text.SysTick_CLKSourceConfig
                0x00000000       0x38 ..\obj\misc.o
 .text          0x00000000        0x0 ..\obj\USART.o
 .ARM.extab.text._ZN5USART4readEv
                0x00000000        0x0 ..\obj\USART.o
 .text._ZN5USART4peekEv
                0x00000000       0x28 ..\obj\USART.o
 .ARM.extab.text._ZN5USART4peekEv
                0x00000000        0x0 ..\obj\USART.o
 .ARM.exidx.text._ZN5USART4peekEv
                0x00000000        0x8 ..\obj\USART.o
 .ARM.extab.text._ZN5USART9availableEv
                0x00000000        0x0 ..\obj\USART.o
 .text          0x00000000        0x0 ..\obj\TIM.o
 .data          0x00000000        0x0 ..\obj\TIM.o
 .bss           0x00000000        0x0 ..\obj\TIM.o
 .ARM.extab.text._ZN3PWM4dutyEt
                0x00000000        0x0 ..\obj\TIM.o
 .ARM.extab.text._Z10OC1DutySetP11TIM_TypeDeft
                0x00000000        0x0 ..\obj\TIM.o
 .ARM.extab.text._Z10OC2DutySetP11TIM_TypeDeft
                0x00000000        0x0 ..\obj\TIM.o
 .ARM.extab.text._Z10OC3DutySetP11TIM_TypeDeft
                0x00000000        0x0 ..\obj\TIM.o
 .ARM.extab.text._Z10OC4DutySetP11TIM_TypeDeft
                0x00000000        0x0 ..\obj\TIM.o
 .data          0x00000000        0x0 c:/program files (x86)/gnu tools arm embedded/4.9 2014q4/bin/../lib/gcc/arm-none-eabi/4.9.3/armv7-m\libgcc.a(unwind-arm.o)
 .bss           0x00000000        0x0 c:/program files (x86)/gnu tools arm embedded/4.9 2014q4/bin/../lib/gcc/arm-none-eabi/4.9.3/armv7-m\libgcc.a(unwind-arm.o)
 .ARM.extab     0x00000000        0x0 c:/program files (x86)/gnu tools arm embedded/4.9 2014q4/bin/../lib/gcc/arm-none-eabi/4.9.3/armv7-m\libgcc.a(unwind-arm.o)
 .debug_frame   0x00000000      0x300 c:/program files (x86)/gnu tools arm embedded/4.9 2014q4/bin/../lib/gcc/arm-none-eabi/4.9.3/armv7-m\libgcc.a(unwind-arm.o)
 .ARM.attributes
                0x00000000       0x2d c:/program files (x86)/gnu tools arm embedded/4.9 2014q4/bin/../lib/gcc/arm-none-eabi/4.9.3/armv7-m\libgcc.a(unwind-arm.o)
 .data          0x00000000        0x0 c:/program files (x86)/gnu tools arm embedded/4.9 2014q4/bin/../lib/gcc/arm-none-eabi/4.9.3/armv7-m\libgcc.a(libunwind.o)
 .bss           0x00000000        0x0 c:/program files (x86)/gnu tools arm embedded/4.9 2014q4/bin/../lib/gcc/arm-none-eabi/4.9.3/armv7-m\libgcc.a(libunwind.o)
 .ARM.attributes
                0x00000000       0x1d c:/program files (x86)/gnu tools arm embedded/4.9 2014q4/bin/../lib/gcc/arm-none-eabi/4.9.3/armv7-m\libgcc.a(libunwind.o)
 .data          0x00000000        0x0 c:/program files (x86)/gnu tools arm embedded/4.9 2014q4/bin/../lib/gcc/arm-none-eabi/4.9.3/armv7-m\libgcc.a(pr-support.o)
 .bss           0x00000000        0x0 c:/program files (x86)/gnu tools arm embedded/4.9 2014q4/bin/../lib/gcc/arm-none-eabi/4.9.3/armv7-m\libgcc.a(pr-support.o)
 .debug_frame   0x00000000      0x104 c:/program files (x86)/gnu tools arm embedded/4.9 2014q4/bin/../lib/gcc/arm-none-eabi/4.9.3/armv7-m\libgcc.a(pr-support.o)
 .ARM.attributes
                0x00000000       0x2d c:/program files (x86)/gnu tools arm embedded/4.9 2014q4/bin/../lib/gcc/arm-none-eabi/4.9.3/armv7-m\libgcc.a(pr-support.o)
 .data          0x00000000        0x0 c:/program files (x86)/gnu tools arm embedded/4.9 2014q4/bin/../lib/gcc/arm-none-eabi/4.9.3/../../../../arm-none-eabi/lib/armv7-m\libc.a(lib_a-memcpy.o)
 .bss           0x00000000        0x0 c:/program files (x86)/gnu tools arm embedded/4.9 2014q4/bin/../lib/gcc/arm-none-eabi/4.9.3/../../../../arm-none-eabi/lib/armv7-m\libc.a(lib_a-memcpy.o)
 .ARM.attributes
                0x00000000       0x1b c:/program files (x86)/gnu tools arm embedded/4.9 2014q4/bin/../lib/gcc/arm-none-eabi/4.9.3/../../../../arm-none-eabi/lib/armv7-m\libc.a(lib_a-memcpy.o)

Memory Configuration

Name             Origin             Length             Attributes
rom              0x08000000         0x00010000         xr
ram              0x20000000         0x00005000         xrw
*default*        0x00000000         0xffffffff

Linker script and memory map

                0x20005000                _eram = 0x20005000

.text           0x08000000     0x450c
 *(.isr_vector)
 .isr_vector    0x08000000      0x10c ..\obj\startup_stm32f10x_md.o
                0x08000000                g_pfnVectors
 *(.text*)
 .text.SH_SendChar
                0x0800010c       0x68 ..\obj\semihosting.o
                0x0800010c                SH_SendChar
 .text.TIM_TimeBaseInit
                0x08000174       0xf8 ..\obj\stm32f10x_tim.o
                0x08000174                TIM_TimeBaseInit
 .text.TIM_OC1Init
                0x0800026c      0x118 ..\obj\stm32f10x_tim.o
                0x0800026c                TIM_OC1Init
 .text.TIM_OC2Init
                0x08000384      0x110 ..\obj\stm32f10x_tim.o
                0x08000384                TIM_OC2Init
 .text.TIM_OC3Init
                0x08000494      0x10c ..\obj\stm32f10x_tim.o
                0x08000494                TIM_OC3Init
 .text.TIM_OC4Init
                0x080005a0       0xd0 ..\obj\stm32f10x_tim.o
                0x080005a0                TIM_OC4Init
 .text.TIM_TimeBaseStructInit
                0x08000670       0x34 ..\obj\stm32f10x_tim.o
                0x08000670                TIM_TimeBaseStructInit
 .text.TIM_OCStructInit
                0x080006a4       0x44 ..\obj\stm32f10x_tim.o
                0x080006a4                TIM_OCStructInit
 .text.TIM_Cmd  0x080006e8       0x40 ..\obj\stm32f10x_tim.o
                0x080006e8                TIM_Cmd
 .text.TIM_ARRPreloadConfig
                0x08000728       0x40 ..\obj\stm32f10x_tim.o
                0x08000728                TIM_ARRPreloadConfig
 .text.SystemInit
                0x08000768       0x68 ..\obj\system_stm32f10x.o
                0x08000768                SystemInit
 .text.SetSysClock
                0x080007d0        0xc ..\obj\system_stm32f10x.o
 .text.SetSysClockTo72
                0x080007dc      0x100 ..\obj\system_stm32f10x.o
 .text._Z9CAN1Setupv
                0x080008dc       0xac ..\obj\CAN.o
                0x080008dc                CAN1Setup()
 .text._Z8CAN1SendthPh
                0x08000988       0x68 ..\obj\CAN.o
                0x08000988                CAN1Send(unsigned short, unsigned char, unsigned char*)
 .text.SysTick_Handler
                0x080009f0       0x24 ..\obj\SYSTEM.o
                0x080009f0                SysTick_Handler
 .text._Z5delaym
                0x08000a14       0x28 ..\obj\SYSTEM.o
                0x08000a14                delay(unsigned long)
 .text.Default_Reset_Handler
                0x08000a3c       0x5c ..\obj\startup_stm32f10x_md.o
                0x08000a3c                Default_Reset_Handler
                0x08000a3c                Reset_Handler
 .text.Default_Handler
                0x08000a98        0x8 ..\obj\startup_stm32f10x_md.o
                0x08000a98                EXTI2_IRQHandler
                0x08000a98                DebugMon_Handler
                0x08000a98                TIM1_CC_IRQHandler
                0x08000a98                PVD_IRQHandler
                0x08000a98                PendSV_Handler
                0x08000a98                NMI_Handler
                0x08000a98                EXTI3_IRQHandler
                0x08000a98                I2C2_EV_IRQHandler
                0x08000a98                UsageFault_Handler
                0x08000a98                ADC1_2_IRQHandler
                0x08000a98                SPI1_IRQHandler
                0x08000a98                TAMPER_IRQHandler
                0x08000a98                DMA1_Channel4_IRQHandler
                0x08000a98                USART3_IRQHandler
                0x08000a98                RTC_IRQHandler
                0x08000a98                DMA1_Channel7_IRQHandler
                0x08000a98                TIM4_IRQHandler
                0x08000a98                I2C1_EV_IRQHandler
                0x08000a98                DMA1_Channel6_IRQHandler
                0x08000a98                TIM3_IRQHandler
                0x08000a98                RCC_IRQHandler
                0x08000a98                TIM1_TRG_COM_IRQHandler
                0x08000a98                DMA1_Channel1_IRQHandler
                0x08000a98                EXTI15_10_IRQHandler
                0x08000a98                EXTI9_5_IRQHandler
                0x08000a98                SPI2_IRQHandler
                0x08000a98                MemManage_Handler
                0x08000a98                SVC_Handler
                0x08000a98                DMA1_Channel5_IRQHandler
                0x08000a98                EXTI4_IRQHandler
                0x08000a98                USB_HP_CAN1_TX_IRQHandler
                0x08000a98                DMA1_Channel3_IRQHandler
                0x08000a98                TIM1_UP_IRQHandler
                0x08000a98                WWDG_IRQHandler
                0x08000a98                TIM2_IRQHandler
                0x08000a98                TIM1_BRK_IRQHandler
                0x08000a98                EXTI1_IRQHandler
                0x08000a98                RTCAlarm_IRQHandler
                0x08000a98                I2C2_ER_IRQHandler
                0x08000a98                DMA1_Channel2_IRQHandler
                0x08000a98                CAN1_SCE_IRQHandler
                0x08000a98                FLASH_IRQHandler
                0x08000a98                BusFault_Handler
                0x08000a98                I2C1_ER_IRQHandler
                0x08000a98                USBWakeUp_IRQHandler
 .text.CAN_DeInit
                0x08000aa0       0x44 ..\obj\stm32f10x_can.o
                0x08000aa0                CAN_DeInit
 .text.CAN_Init
                0x08000ae4      0x1a4 ..\obj\stm32f10x_can.o
                0x08000ae4                CAN_Init
 .text.CAN_FilterInit
                0x08000c88      0x174 ..\obj\stm32f10x_can.o
                0x08000c88                CAN_FilterInit
 .text.CAN_StructInit
                0x08000dfc       0x54 ..\obj\stm32f10x_can.o
                0x08000dfc                CAN_StructInit
 .text.CAN_Transmit
                0x08000e50      0x190 ..\obj\stm32f10x_can.o
                0x08000e50                CAN_Transmit
 .text.CAN_Receive
                0x08000fe0      0x170 ..\obj\stm32f10x_can.o
                0x08000fe0                CAN_Receive
 .text.CAN_ITConfig
                0x08001150       0x3c ..\obj\stm32f10x_can.o
                0x08001150                CAN_ITConfig
 .text.GPIO_Init
                0x0800118c      0x180 ..\obj\stm32f10x_gpio.o
                0x0800118c                GPIO_Init
 .text.GPIO_StructInit
                0x0800130c       0x28 ..\obj\stm32f10x_gpio.o
                0x0800130c                GPIO_StructInit
 .text.GPIO_WriteBit
                0x08001334       0x30 ..\obj\stm32f10x_gpio.o
                0x08001334                GPIO_WriteBit
 .text.GPIO_PinRemapConfig
                0x08001364       0xe0 ..\obj\stm32f10x_gpio.o
                0x08001364                GPIO_PinRemapConfig
 .text.NVIC_SetPriority
                0x08001444       0x54 ..\obj\main.o
 .text.SysTick_Config
                0x08001498       0x44 ..\obj\main.o
 .text.main     0x080014dc      0x264 ..\obj\main.o
                0x080014dc                main
 .text.USB_LP_CAN1_RX0_IRQHandler
                0x08001740       0x24 ..\obj\main.o
                0x08001740                USB_LP_CAN1_RX0_IRQHandler
 .text.CAN1_RX1_IRQHandler
                0x08001764       0x24 ..\obj\main.o
                0x08001764                CAN1_RX1_IRQHandler
 .text.EXTI0_IRQHandler
                0x08001788       0x24 ..\obj\main.o
                0x08001788                EXTI0_IRQHandler
 .text._ZN4GPIO5setupEP12GPIO_TypeDeft16GPIOMode_TypeDef
                0x080017ac       0x80 ..\obj\GPIO.o
                0x080017ac                GPIO::setup(GPIO_TypeDef*, unsigned short, GPIOMode_TypeDef)
 .text._ZN4GPIO5writeE9BitAction
                0x0800182c       0x2c ..\obj\GPIO.o
                0x0800182c                GPIO::write(BitAction)
 .text._Z9GPIOSetupv
                0x08001858       0x28 ..\obj\GPIO.o
                0x08001858                GPIOSetup()
 .text._ZN3ADC5setupEP11ADC_TypeDefh
                0x08001880       0x60 ..\obj\ADC.o
                0x08001880                ADC::setup(ADC_TypeDef*, unsigned char)
 .text._ZN3ADC4readEv
                0x080018e0       0x50 ..\obj\ADC.o
                0x080018e0                ADC::read()
 .text._Z9ADC1Setuph
                0x08001930       0x94 ..\obj\ADC.o
                0x08001930                ADC1Setup(unsigned char)
 .text._Z9ADC2Setuph
                0x080019c4       0x94 ..\obj\ADC.o
                0x080019c4                ADC2Setup(unsigned char)
 .text._Z8ADC1Readh
                0x08001a58       0x50 ..\obj\ADC.o
                0x08001a58                ADC1Read(unsigned char)
 .text._Z8ADC2Readh
                0x08001aa8       0x50 ..\obj\ADC.o
                0x08001aa8                ADC2Read(unsigned char)
 .text.PrintChar
                0x08001af8       0x38 ..\obj\printf.o
                0x08001af8                PrintChar
 .text.PutChar  0x08001b30       0x20 ..\obj\printf.o
                0x08001b30                PutChar
 .text.PutString
                0x08001b50       0x3c ..\obj\printf.o
                0x08001b50                PutString
 .text.PutUnsignedInt
                0x08001b8c       0xa0 ..\obj\printf.o
                0x08001b8c                PutUnsignedInt
 .text.PutSignedInt
                0x08001c2c      0x104 ..\obj\printf.o
                0x08001c2c                PutSignedInt
 .text.PutHexa  0x08001d30       0xd8 ..\obj\printf.o
                0x08001d30                PutHexa
 .text.vsnprintf
                0x08001e08      0x25c ..\obj\printf.o
                0x08001e08                vsnprintf
 .text.vsprintf
                0x08002064       0x24 ..\obj\printf.o
                0x08002064                vsprintf
 .text.vfprintf
                0x08002088       0x68 ..\obj\printf.o
                0x08002088                vfprintf
 .text.vprintf  0x080020f0       0x28 ..\obj\printf.o
                0x080020f0                vprintf
 .text.printf   0x08002118       0x28 ..\obj\printf.o
                0x08002118                printf
 .text.fputc    0x08002140       0x40 ..\obj\printf.o
                0x08002140                fputc
 .text.fputs    0x08002180       0x48 ..\obj\printf.o
                0x08002180                fputs
 .text.RCC_ADCCLKConfig
                0x080021c8       0x38 ..\obj\stm32f10x_rcc.o
                0x080021c8                RCC_ADCCLKConfig
 .text.RCC_GetClocksFreq
                0x08002200      0x164 ..\obj\stm32f10x_rcc.o
                0x08002200                RCC_GetClocksFreq
 .text.RCC_APB2PeriphClockCmd
                0x08002364       0x3c ..\obj\stm32f10x_rcc.o
                0x08002364                RCC_APB2PeriphClockCmd
 .text.RCC_APB1PeriphClockCmd
                0x080023a0       0x3c ..\obj\stm32f10x_rcc.o
                0x080023a0                RCC_APB1PeriphClockCmd
 .text.RCC_APB1PeriphResetCmd
                0x080023dc       0x3c ..\obj\stm32f10x_rcc.o
                0x080023dc                RCC_APB1PeriphResetCmd
 .text.EXTI_ClearITPendingBit
                0x08002418       0x1c ..\obj\stm32f10x_exti.o
                0x08002418                EXTI_ClearITPendingBit
 .text.ADC_Init
                0x08002434       0xa4 ..\obj\stm32f10x_adc.o
                0x08002434                ADC_Init
 .text.ADC_StructInit
                0x080024d8       0x38 ..\obj\stm32f10x_adc.o
                0x080024d8                ADC_StructInit
 .text.ADC_Cmd  0x08002510       0x38 ..\obj\stm32f10x_adc.o
                0x08002510                ADC_Cmd
 .text.ADC_ResetCalibration
                0x08002548       0x20 ..\obj\stm32f10x_adc.o
                0x08002548                ADC_ResetCalibration
 .text.ADC_GetResetCalibrationStatus
                0x08002568       0x30 ..\obj\stm32f10x_adc.o
                0x08002568                ADC_GetResetCalibrationStatus
 .text.ADC_StartCalibration
                0x08002598       0x20 ..\obj\stm32f10x_adc.o
                0x08002598                ADC_StartCalibration
 .text.ADC_GetCalibrationStatus
                0x080025b8       0x30 ..\obj\stm32f10x_adc.o
                0x080025b8                ADC_GetCalibrationStatus
 .text.ADC_SoftwareStartConvCmd
                0x080025e8       0x38 ..\obj\stm32f10x_adc.o
                0x080025e8                ADC_SoftwareStartConvCmd
 .text.ADC_RegularChannelConfig
                0x08002620      0x194 ..\obj\stm32f10x_adc.o
                0x08002620                ADC_RegularChannelConfig
 .text.ADC_GetConversionValue
                0x080027b4       0x1c ..\obj\stm32f10x_adc.o
                0x080027b4                ADC_GetConversionValue
 .text.ADC_GetFlagStatus
                0x080027d0       0x34 ..\obj\stm32f10x_adc.o
                0x080027d0                ADC_GetFlagStatus
 .text.USART_Init
                0x08002804      0x174 ..\obj\stm32f10x_usart.o
                0x08002804                USART_Init
 .text.USART_StructInit
                0x08002978       0x38 ..\obj\stm32f10x_usart.o
                0x08002978                USART_StructInit
 .text.USART_Cmd
                0x080029b0       0x40 ..\obj\stm32f10x_usart.o
                0x080029b0                USART_Cmd
 .text.USART_ITConfig
                0x080029f0       0x90 ..\obj\stm32f10x_usart.o
                0x080029f0                USART_ITConfig
 .text.USART_SendData
                0x08002a80       0x24 ..\obj\stm32f10x_usart.o
                0x08002a80                USART_SendData
 .text.USART_ReceiveData
                0x08002aa4       0x20 ..\obj\stm32f10x_usart.o
                0x08002aa4                USART_ReceiveData
 .text.USART_GetFlagStatus
                0x08002ac4       0x38 ..\obj\stm32f10x_usart.o
                0x08002ac4                USART_GetFlagStatus
 .text.USART_GetITStatus
                0x08002afc       0xb8 ..\obj\stm32f10x_usart.o
                0x08002afc                USART_GetITStatus
 .text          0x08002bb4       0x28 ..\obj\sh_cmd.o
                0x08002bb4                SH_DoCommand
                0x08002bc6                HardFault_Handler
 .text.abort    0x08002bdc        0x8 ..\obj\syscalls.o
                0x08002bdc                abort
 .text.NVIC_Init
                0x08002be4       0xc4 ..\obj\misc.o
                0x08002be4                NVIC_Init
 .text._ZN5USART5setupEP13USART_TypeDefm
                0x08002ca8       0x44 ..\obj\USART.o
                0x08002ca8                USART::setup(USART_TypeDef*, unsigned long)
 .text._ZN5USART7ITsetupEt
                0x08002cec       0x40 ..\obj\USART.o
                0x08002cec                USART::ITsetup(unsigned short)
 .text._ZN5USART4sendEc
                0x08002d2c       0x40 ..\obj\USART.o
                0x08002d2c                USART::send(char)
 .text._ZN5USART4readEv
                0x08002d6c       0x5c ..\obj\USART.o
                0x08002d6c                USART::read()
 .text._ZN5USART9availableEv
                0x08002dc8       0x4c ..\obj\USART.o
                0x08002dc8                USART::available()
 .text._Z11USART2Setupm
                0x08002e14       0x50 ..\obj\USART.o
                0x08002e14                USART2Setup(unsigned long)
 .text._Z11USART1Setupm
                0x08002e64       0x50 ..\obj\USART.o
                0x08002e64                USART1Setup(unsigned long)
 .text._Z13USART2ITSetupt
                0x08002eb4       0x38 ..\obj\USART.o
                0x08002eb4                USART2ITSetup(unsigned short)
 .text._Z13USART1ITSetupt
                0x08002eec       0x38 ..\obj\USART.o
                0x08002eec                USART1ITSetup(unsigned short)
 .text.USART1_IRQHandler
                0x08002f24       0x78 ..\obj\USART.o
                0x08002f24                USART1_IRQHandler
 .text.USART2_IRQHandler
                0x08002f9c       0x78 ..\obj\USART.o
                0x08002f9c                USART2_IRQHandler
 .text._ZN3PWM5setupEP11TIM_TypeDefttt
                0x08003014      0x110 ..\obj\TIM.o
                0x08003014                PWM::setup(TIM_TypeDef*, unsigned short, unsigned short, unsigned short)
 .text._ZN3PWM4dutyEt
                0x08003124       0x9c ..\obj\TIM.o
                0x08003124                PWM::duty(unsigned short)
 .text._Z12TIM2PWMSetupt
                0x080031c0       0x3c ..\obj\TIM.o
                0x080031c0                TIM2PWMSetup(unsigned short)
 .text._Z12TIM3PWMSetupt
                0x080031fc       0x40 ..\obj\TIM.o
                0x080031fc                TIM3PWMSetup(unsigned short)
 .text._Z12TIM4PWMSetupt
                0x0800323c       0x40 ..\obj\TIM.o
                0x0800323c                TIM4PWMSetup(unsigned short)
 .text._Z11OC1PWMSetupP11TIM_TypeDeft
                0x0800327c       0x4c ..\obj\TIM.o
                0x0800327c                OC1PWMSetup(TIM_TypeDef*, unsigned short)
 .text._Z11OC2PWMSetupP11TIM_TypeDeft
                0x080032c8       0x4c ..\obj\TIM.o
                0x080032c8                OC2PWMSetup(TIM_TypeDef*, unsigned short)
 .text._Z11OC3PWMSetupP11TIM_TypeDeft
                0x08003314       0x4c ..\obj\TIM.o
                0x08003314                OC3PWMSetup(TIM_TypeDef*, unsigned short)
 .text._Z11OC4PWMSetupP11TIM_TypeDeft
                0x08003360       0x4c ..\obj\TIM.o
                0x08003360                OC4PWMSetup(TIM_TypeDef*, unsigned short)
 .text._Z10OC1DutySetP11TIM_TypeDeft
                0x080033ac       0x1c ..\obj\TIM.o
                0x080033ac                OC1DutySet(TIM_TypeDef*, unsigned short)
 .text._Z10OC2DutySetP11TIM_TypeDeft
                0x080033c8       0x1c ..\obj\TIM.o
                0x080033c8                OC2DutySet(TIM_TypeDef*, unsigned short)
 .text._Z10OC3DutySetP11TIM_TypeDeft
                0x080033e4       0x1c ..\obj\TIM.o
                0x080033e4                OC3DutySet(TIM_TypeDef*, unsigned short)
 .text._Z10OC4DutySetP11TIM_TypeDeft
                0x08003400       0x20 ..\obj\TIM.o
                0x08003400                OC4DutySet(TIM_TypeDef*, unsigned short)
 .text          0x08003420      0xa54 c:/program files (x86)/gnu tools arm embedded/4.9 2014q4/bin/../lib/gcc/arm-none-eabi/4.9.3/armv7-m\libgcc.a(unwind-arm.o)
                0x08003700                _Unwind_GetCFA
                0x08003704                __gnu_Unwind_RaiseException
                0x08003764                __gnu_Unwind_ForcedUnwind
                0x08003778                __gnu_Unwind_Resume
                0x080037bc                __gnu_Unwind_Resume_or_Rethrow
                0x080037d0                _Unwind_Complete
                0x080037d4                _Unwind_DeleteException
                0x080037e0                _Unwind_VRS_Get
                0x08003830                _Unwind_VRS_Set
                0x08003880                __gnu_Unwind_Backtrace
                0x08003bc4                __aeabi_unwind_cpp_pr0
                0x08003bc8                __aeabi_unwind_cpp_pr1
                0x08003bcc                __aeabi_unwind_cpp_pr2
                0x08003bd0                _Unwind_VRS_Pop
 .text          0x08003e74      0x1ac c:/program files (x86)/gnu tools arm embedded/4.9 2014q4/bin/../lib/gcc/arm-none-eabi/4.9.3/armv7-m\libgcc.a(libunwind.o)
                0x08003e74                __restore_core_regs
                0x08003e74                restore_core_regs
                0x08003e8c                __gnu_Unwind_Restore_VFP
                0x08003e94                __gnu_Unwind_Save_VFP
                0x08003e9c                __gnu_Unwind_Restore_VFP_D
                0x08003ea4                __gnu_Unwind_Save_VFP_D
                0x08003eac                __gnu_Unwind_Restore_VFP_D_16_to_31
                0x08003eb4                __gnu_Unwind_Save_VFP_D_16_to_31
                0x08003ebc                __gnu_Unwind_Restore_WMMXD
                0x08003f00                __gnu_Unwind_Save_WMMXD
                0x08003f44                __gnu_Unwind_Restore_WMMXC
                0x08003f58                __gnu_Unwind_Save_WMMXC
                0x08003f6c                ___Unwind_RaiseException
                0x08003f6c                _Unwind_RaiseException
                0x08003f90                _Unwind_Resume
                0x08003f90                ___Unwind_Resume
                0x08003fb4                _Unwind_Resume_or_Rethrow
                0x08003fb4                ___Unwind_Resume_or_Rethrow
                0x08003fd8                _Unwind_ForcedUnwind
                0x08003fd8                ___Unwind_ForcedUnwind
                0x08003ffc                ___Unwind_Backtrace
                0x08003ffc                _Unwind_Backtrace
 .text          0x08004020      0x37c c:/program files (x86)/gnu tools arm embedded/4.9 2014q4/bin/../lib/gcc/arm-none-eabi/4.9.3/armv7-m\libgcc.a(pr-support.o)
                0x08004078                __gnu_unwind_execute
                0x08004344                __gnu_unwind_frame
                0x0800436c                _Unwind_GetRegionStart
                0x08004378                _Unwind_GetLanguageSpecificData
                0x0800438c                _Unwind_GetDataRelBase
                0x08004394                _Unwind_GetTextRelBase
 .text          0x0800439c       0xec c:/program files (x86)/gnu tools arm embedded/4.9 2014q4/bin/../lib/gcc/arm-none-eabi/4.9.3/../../../../arm-none-eabi/lib/armv7-m\libc.a(lib_a-memcpy.o)
                0x0800439c                memcpy
 *(.init)
 *(.fini)
 *crtbegin.o(.ctors)
 *crtbegin?.o(.ctors)
 *(EXCLUDE_FILE(*crtend.o *crtend?.o) .ctors)
 *(SORT(.ctors.*))
 *(.ctors)
 *crtbegin.o(.dtors)
 *crtbegin?.o(.dtors)
 *(EXCLUDE_FILE(*crtend.o *crtend?.o) .dtors)
 *(SORT(.dtors.*))
 *(.dtors)
 *(.rodata*)
 .rodata        0x08004488       0x60 ..\obj\main.o
 .rodata        0x080044e8       0x24 ..\obj\printf.o
 *(.eh_fram e*)

.glue_7         0x0800450c        0x0
 .glue_7        0x00000000        0x0 linker stubs

.glue_7t        0x0800450c        0x0
 .glue_7t       0x00000000        0x0 linker stubs

.vfp11_veneer   0x0800450c        0x0
 .vfp11_veneer  0x00000000        0x0 linker stubs

.v4_bx          0x0800450c        0x0
 .v4_bx         0x00000000        0x0 linker stubs

.iplt           0x0800450c        0x0
 .iplt          0x00000000        0x0 ..\obj\semihosting.o

.ARM.extab      0x0800450c      0x168
 *(.ARM.extab* .gnu.linkonce.armextab.*)
 .ARM.extab.text._Z9CAN1Setupv
                0x0800450c        0xc ..\obj\CAN.o
 .ARM.extab.text._Z8CAN1SendthPh
                0x08004518        0xc ..\obj\CAN.o
 .ARM.extab.text.main
                0x08004524        0xc ..\obj\main.o
 .ARM.extab.text._ZN4GPIO5setupEP12GPIO_TypeDeft16GPIOMode_TypeDef
                0x08004530        0xc ..\obj\GPIO.o
 .ARM.extab.text._ZN4GPIO5writeE9BitAction
                0x0800453c        0xc ..\obj\GPIO.o
 .ARM.extab.text._ZN3ADC5setupEP11ADC_TypeDefh
                0x08004548        0xc ..\obj\ADC.o
 .ARM.extab.text._ZN3ADC4readEv
                0x08004554        0xc ..\obj\ADC.o
 .ARM.extab.text._Z9ADC1Setuph
                0x08004560        0xc ..\obj\ADC.o
 .ARM.extab.text._Z9ADC2Setuph
                0x0800456c        0xc ..\obj\ADC.o
 .ARM.extab.text._Z8ADC1Readh
                0x08004578        0xc ..\obj\ADC.o
 .ARM.extab.text._Z8ADC2Readh
                0x08004584        0xc ..\obj\ADC.o
 .ARM.extab.text._ZN5USART5setupEP13USART_TypeDefm
                0x08004590        0xc ..\obj\USART.o
 .ARM.extab.text._ZN5USART7ITsetupEt
                0x0800459c        0xc ..\obj\USART.o
 .ARM.extab.text._ZN5USART4sendEc
                0x080045a8        0xc ..\obj\USART.o
 .ARM.extab.text._Z11USART2Setupm
                0x080045b4        0xc ..\obj\USART.o
 .ARM.extab.text._Z11USART1Setupm
                0x080045c0        0xc ..\obj\USART.o
 .ARM.extab.text._Z13USART2ITSetupt
                0x080045cc        0xc ..\obj\USART.o
 .ARM.extab.text._Z13USART1ITSetupt
                0x080045d8        0xc ..\obj\USART.o
 .ARM.extab.text.USART1_IRQHandler
                0x080045e4        0xc ..\obj\USART.o
 .ARM.extab.text.USART2_IRQHandler
                0x080045f0        0xc ..\obj\USART.o
 .ARM.extab.text._ZN3PWM5setupEP11TIM_TypeDefttt
                0x080045fc        0xc ..\obj\TIM.o
 .ARM.extab.text._Z12TIM2PWMSetupt
                0x08004608        0xc ..\obj\TIM.o
 .ARM.extab.text._Z12TIM3PWMSetupt
                0x08004614        0xc ..\obj\TIM.o
 .ARM.extab.text._Z12TIM4PWMSetupt
                0x08004620        0xc ..\obj\TIM.o
 .ARM.extab.text._Z11OC1PWMSetupP11TIM_TypeDeft
                0x0800462c        0xc ..\obj\TIM.o
 .ARM.extab.text._Z11OC2PWMSetupP11TIM_TypeDeft
                0x08004638        0xc ..\obj\TIM.o
 .ARM.extab.text._Z11OC3PWMSetupP11TIM_TypeDeft
                0x08004644        0xc ..\obj\TIM.o
 .ARM.extab.text._Z11OC4PWMSetupP11TIM_TypeDeft
                0x08004650        0xc ..\obj\TIM.o
 .ARM.extab     0x0800465c       0x18 c:/program files (x86)/gnu tools arm embedded/4.9 2014q4/bin/../lib/gcc/arm-none-eabi/4.9.3/armv7-m\libgcc.a(pr-support.o)
                0x08004674                __exidx_start = .

.ARM.exidx      0x08004674      0x1c8
 *(.ARM.exidx* .gnu.linkonce.armexidx.*)
 .ARM.exidx.text._Z9CAN1Setupv
                0x08004674        0x8 ..\obj\CAN.o
 .ARM.exidx.text._Z8CAN1SendthPh
                0x0800467c        0x8 ..\obj\CAN.o
 .ARM.exidx.text.SysTick_Handler
                0x08004684        0x8 ..\obj\SYSTEM.o
 .ARM.exidx.text._Z5delaym
                0x0800468c        0x0 ..\obj\SYSTEM.o
                                  0x8 (size before relaxing)
 .ARM.exidx.text.NVIC_SetPriority
                0x0800468c        0x0 ..\obj\main.o
                                  0x8 (size before relaxing)
 .ARM.exidx.text.SysTick_Config
                0x0800468c        0x0 ..\obj\main.o
                                  0x8 (size before relaxing)
 .ARM.exidx.text.main
                0x0800468c        0x8 ..\obj\main.o
 .ARM.exidx.text.USB_LP_CAN1_RX0_IRQHandler
                0x08004694        0x8 ..\obj\main.o
 .ARM.exidx.text.CAN1_RX1_IRQHandler
                0x0800469c        0x0 ..\obj\main.o
                                  0x8 (size before relaxing)
 .ARM.exidx.text.EXTI0_IRQHandler
                0x0800469c        0x0 ..\obj\main.o
                                  0x8 (size before relaxing)
 .ARM.exidx.text._ZN4GPIO5setupEP12GPIO_TypeDeft16GPIOMode_TypeDef
                0x0800469c        0x8 ..\obj\GPIO.o
 .ARM.exidx.text._ZN4GPIO5writeE9BitAction
                0x080046a4        0x8 ..\obj\GPIO.o
 .ARM.exidx.text._Z9GPIOSetupv
                0x080046ac        0x8 ..\obj\GPIO.o
 .ARM.exidx.text._ZN3ADC5setupEP11ADC_TypeDefh
                0x080046b4        0x8 ..\obj\ADC.o
 .ARM.exidx.text._ZN3ADC4readEv
                0x080046bc        0x8 ..\obj\ADC.o
 .ARM.exidx.text._Z9ADC1Setuph
                0x080046c4        0x8 ..\obj\ADC.o
 .ARM.exidx.text._Z9ADC2Setuph
                0x080046cc        0x8 ..\obj\ADC.o
 .ARM.exidx.text._Z8ADC1Readh
                0x080046d4        0x8 ..\obj\ADC.o
 .ARM.exidx.text._Z8ADC2Readh
                0x080046dc       0x10 ..\obj\ADC.o
                                  0x8 (size before relaxing)
 .ARM.exidx.text._ZN5USART5setupEP13USART_TypeDefm
                0x080046ec        0x8 ..\obj\USART.o
 .ARM.exidx.text._ZN5USART7ITsetupEt
                0x080046f4        0x8 ..\obj\USART.o
 .ARM.exidx.text._ZN5USART4sendEc
                0x080046fc        0x8 ..\obj\USART.o
 .ARM.exidx.text._ZN5USART4readEv
                0x08004704        0x8 ..\obj\USART.o
 .ARM.exidx.text._ZN5USART9availableEv
                0x0800470c        0x0 ..\obj\USART.o
                                  0x8 (size before relaxing)
 .ARM.exidx.text._Z11USART2Setupm
                0x0800470c        0x8 ..\obj\USART.o
 .ARM.exidx.text._Z11USART1Setupm
                0x08004714        0x8 ..\obj\USART.o
 .ARM.exidx.text._Z13USART2ITSetupt
                0x0800471c        0x8 ..\obj\USART.o
 .ARM.exidx.text._Z13USART1ITSetupt
                0x08004724        0x8 ..\obj\USART.o
 .ARM.exidx.text.USART1_IRQHandler
                0x0800472c        0x8 ..\obj\USART.o
 .ARM.exidx.text.USART2_IRQHandler
                0x08004734        0x8 ..\obj\USART.o
 .ARM.exidx.text._ZN3PWM5setupEP11TIM_TypeDefttt
                0x0800473c        0x8 ..\obj\TIM.o
 .ARM.exidx.text._ZN3PWM4dutyEt
                0x08004744        0x8 ..\obj\TIM.o
 .ARM.exidx.text._Z12TIM2PWMSetupt
                0x0800474c        0x8 ..\obj\TIM.o
 .ARM.exidx.text._Z12TIM3PWMSetupt
                0x08004754        0x8 ..\obj\TIM.o
 .ARM.exidx.text._Z12TIM4PWMSetupt
                0x0800475c        0x8 ..\obj\TIM.o
 .ARM.exidx.text._Z11OC1PWMSetupP11TIM_TypeDeft
                0x08004764        0x8 ..\obj\TIM.o
 .ARM.exidx.text._Z11OC2PWMSetupP11TIM_TypeDeft
                0x0800476c        0x8 ..\obj\TIM.o
 .ARM.exidx.text._Z11OC3PWMSetupP11TIM_TypeDeft
                0x08004774        0x8 ..\obj\TIM.o
 .ARM.exidx.text._Z11OC4PWMSetupP11TIM_TypeDeft
                0x0800477c        0x8 ..\obj\TIM.o
 .ARM.exidx.text._Z10OC1DutySetP11TIM_TypeDeft
                0x08004784        0x8 ..\obj\TIM.o
 .ARM.exidx.text._Z10OC2DutySetP11TIM_TypeDeft
                0x0800478c        0x0 ..\obj\TIM.o
                                  0x8 (size before relaxing)
 .ARM.exidx.text._Z10OC3DutySetP11TIM_TypeDeft
                0x0800478c        0x0 ..\obj\TIM.o
                                  0x8 (size before relaxing)
 .ARM.exidx.text._Z10OC4DutySetP11TIM_TypeDeft
                0x0800478c        0x0 ..\obj\TIM.o
                                  0x8 (size before relaxing)
 .ARM.exidx     0x0800478c       0x78 c:/program files (x86)/gnu tools arm embedded/4.9 2014q4/bin/../lib/gcc/arm-none-eabi/4.9.3/armv7-m\libgcc.a(unwind-arm.o)
                                 0xd8 (size before relaxing)
 .ARM.exidx     0x08004804       0x38 c:/program files (x86)/gnu tools arm embedded/4.9 2014q4/bin/../lib/gcc/arm-none-eabi/4.9.3/armv7-m\libgcc.a(pr-support.o)
                                 0x48 (size before relaxing)
                0x0800483c                __exidx_end = .
                0x0800483c                __etext = .
                0x0800483c                _sidata = __etext

.rel.dyn        0x0800483c        0x0
 .rel.iplt      0x00000000        0x0 ..\obj\semihosting.o

.data           0x20000000      0x460 load address 0x0800483c
                0x20000000                __data_start__ = .
                0x20000000                _sdata = __data_start__
 *(vtable)
 *(.data*)
 .data          0x20000000       0x14 ..\obj\system_stm32f10x.o
                0x20000000                SystemCoreClock
                0x20000004                AHBPrescTable
 *fill*         0x20000014        0x4 
 .data          0x20000018      0x430 ..\obj\printf.o
                0x20000018                r
                0x20000440                _impure_ptr
 .data          0x20000448       0x14 ..\obj\stm32f10x_rcc.o
 .data          0x2000045c        0x4 ..\obj\USART.o
                0x2000045c                USART::usart1RxAddress
                0x2000045e                USART::usart2RxAddress
                0x20000460                . = ALIGN (0x4)
                0x20000460                PROVIDE (__preinit_array_start, .)
 *(.preinit_array)
                0x20000460                PROVIDE (__preinit_array_end, .)
                0x20000460                . = ALIGN (0x4)
                0x20000460                PROVIDE (__init_array_start, .)
 *(SORT(.init_array.*))
 *(.init_array)
                0x20000460                PROVIDE (__init_array_end, .)
                0x20000460                . = ALIGN (0x4)
                0x20000460                PROVIDE (__fini_array_start, .)
 *(SORT(.fini_array.*))
 *(.fini_array)
                0x20000460                PROVIDE (__fini_array_end, .)
 *(.jcr*)
                0x20000460                . = ALIGN (0x4)
                0x20000460                __data_end__ = .
                0x20000460                _edata = __data_end__

.igot.plt       0x20000460        0x0 load address 0x08004c9c
 .igot.plt      0x00000000        0x0 ..\obj\semihosting.o

.bss            0x20000460       0xe8 load address 0x08004c9c
                0x20000460                . = ALIGN (0x4)
                0x20000460                __bss_start__ = .
                0x20000460                _sbss = __bss_start__
 *(.bss*)
 .bss           0x20000460       0x14 ..\obj\semihosting.o
 .bss           0x20000474        0x4 ..\obj\SYSTEM.o
 .bss           0x20000478       0xb8 ..\obj\main.o
                0x2000047c                a
                0x2000047e                rxFlag
                0x20000480                enc1
                0x20000484                canData
                0x2000048c                RxMessage
                0x200004a0                led
                0x200004ac                canRx
                0x200004b8                canTx
                0x200004c4                usart1Tx
                0x200004d0                usart2Tx
                0x200004dc                aIn
                0x200004e8                encA
                0x200004f4                encB
                0x20000500                encZ
                0x2000050c                pwmout
                0x20000518                pwm
                0x20000524                pot
                0x2000052c                serial
 .bss           0x20000530       0x18 ..\obj\USART.o
                0x20000530                USART::usart1RxBuffer
                0x20000538                USART::usart1ReadAddress
                0x2000053c                USART::usart2RxBuffer
                0x20000544                USART::usart2ReadAddress
 *(COMMON)
                0x20000548                . = ALIGN (0x4)
                0x20000548                __bss_end__ = .
                0x20000548                _ebss = __bss_end__

.heap           0x20000548        0x0
                0x20000548                __end__ = .
                0x20000548                _end = __end__
                0x20000548                end = __end__
 *(.heap*)
                0x20000548                __HeapLimit = .

.co_stack       0x20000548      0x400 load address 0x08004d84
                0x20000548                . = ALIGN (0x8)
 *(.co_stack .co_stack.*)
 .co_stack      0x20000548      0x400 ..\obj\startup_stm32f10x_md.o
                0x20000548                pulStack
                0x20005000                __StackTop = (ORIGIN (ram) + 0x5000)
                0x20004c00                __StackLimit = (__StackTop - SIZEOF (.co_stack))
                0x20005000                PROVIDE (__stack, __StackTop)
                0x00000001                ASSERT ((__StackLimit >= __HeapLimit), region ram  overflowed with stack)
LOAD ..\obj\semihosting.o
LOAD ..\obj\stm32f10x_tim.o
LOAD ..\obj\system_stm32f10x.o
LOAD ..\obj\CAN.o
LOAD ..\obj\SYSTEM.o
LOAD ..\obj\startup_stm32f10x_md.o
LOAD ..\obj\stm32f10x_can.o
LOAD ..\obj\stm32f10x_gpio.o
LOAD ..\obj\main.o
LOAD ..\obj\GPIO.o
LOAD ..\obj\ADC.o
LOAD ..\obj\printf.o
LOAD ..\obj\stm32f10x_rcc.o
LOAD ..\obj\stm32f10x_exti.o
LOAD ..\obj\stm32f10x_adc.o
LOAD ..\obj\stm32f10x_usart.o
LOAD ..\obj\sh_cmd.o
LOAD ..\obj\syscalls.o
LOAD ..\obj\misc.o
LOAD ..\obj\USART.o
LOAD ..\obj\TIM.o
LOAD c:/program files (x86)/gnu tools arm embedded/4.9 2014q4/bin/../lib/gcc/arm-none-eabi/4.9.3/../../../../arm-none-eabi/lib/armv7-m\libm.a
LOAD c:/program files (x86)/gnu tools arm embedded/4.9 2014q4/bin/../lib/gcc/arm-none-eabi/4.9.3/armv7-m\libgcc.a
LOAD c:/program files (x86)/gnu tools arm embedded/4.9 2014q4/bin/../lib/gcc/arm-none-eabi/4.9.3/../../../../arm-none-eabi/lib/armv7-m\libc.a
LOAD c:/program files (x86)/gnu tools arm embedded/4.9 2014q4/bin/../lib/gcc/arm-none-eabi/4.9.3/../../../../arm-none-eabi/lib/armv7-m\libstdc++.a
START GROUP
LOAD c:/program files (x86)/gnu tools arm embedded/4.9 2014q4/bin/../lib/gcc/arm-none-eabi/4.9.3/armv7-m\libgcc.a
LOAD c:/program files (x86)/gnu tools arm embedded/4.9 2014q4/bin/../lib/gcc/arm-none-eabi/4.9.3/../../../../arm-none-eabi/lib/armv7-m\libg.a
LOAD c:/program files (x86)/gnu tools arm embedded/4.9 2014q4/bin/../lib/gcc/arm-none-eabi/4.9.3/../../../../arm-none-eabi/lib/armv7-m\libc.a
END GROUP
OUTPUT(F103_48.elf elf32-littlearm)

.debug_info     0x00000000     0xa03f
 .debug_info    0x00000000      0x122 ..\obj\semihosting.o
 .debug_info    0x00000122     0x1c58 ..\obj\stm32f10x_tim.o
 .debug_info    0x00001d7a      0x479 ..\obj\system_stm32f10x.o
 .debug_info    0x000021f3      0x74a ..\obj\CAN.o
 .debug_info    0x0000293d      0x173 ..\obj\SYSTEM.o
 .debug_info    0x00002ab0       0xfc ..\obj\startup_stm32f10x_md.o
 .debug_info    0x00002bac      0xb9c ..\obj\stm32f10x_can.o
 .debug_info    0x00003748      0x6e7 ..\obj\stm32f10x_gpio.o
 .debug_info    0x00003e2f     0x1262 ..\obj\main.o
 .debug_info    0x00005091      0x491 ..\obj\GPIO.o
 .debug_info    0x00005522      0x47e ..\obj\ADC.o
 .debug_info    0x000059a0      0xf5a ..\obj\printf.o
 .debug_info    0x000068fa      0x88d ..\obj\stm32f10x_rcc.o
 .debug_info    0x00007187      0x341 ..\obj\stm32f10x_exti.o
 .debug_info    0x000074c8      0xb74 ..\obj\stm32f10x_adc.o
 .debug_info    0x0000803c      0x9e8 ..\obj\stm32f10x_usart.o
 .debug_info    0x00008a24       0xb3 ..\obj\sh_cmd.o
 .debug_info    0x00008ad7      0x53d ..\obj\misc.o
 .debug_info    0x00009014      0x821 ..\obj\USART.o
 .debug_info    0x00009835      0x80a ..\obj\TIM.o

.debug_abbrev   0x00000000     0x1e51
 .debug_abbrev  0x00000000       0x9e ..\obj\semihosting.o
 .debug_abbrev  0x0000009e      0x1b0 ..\obj\stm32f10x_tim.o
 .debug_abbrev  0x0000024e      0x14c ..\obj\system_stm32f10x.o
 .debug_abbrev  0x0000039a      0x175 ..\obj\CAN.o
 .debug_abbrev  0x0000050f       0xcb ..\obj\SYSTEM.o
 .debug_abbrev  0x000005da       0xae ..\obj\startup_stm32f10x_md.o
 .debug_abbrev  0x00000688      0x1f3 ..\obj\stm32f10x_can.o
 .debug_abbrev  0x0000087b      0x1c8 ..\obj\stm32f10x_gpio.o
 .debug_abbrev  0x00000a43      0x28e ..\obj\main.o
 .debug_abbrev  0x00000cd1      0x1d2 ..\obj\GPIO.o
 .debug_abbrev  0x00000ea3      0x1b8 ..\obj\ADC.o
 .debug_abbrev  0x0000105b      0x2a5 ..\obj\printf.o
 .debug_abbrev  0x00001300      0x1ba ..\obj\stm32f10x_rcc.o
 .debug_abbrev  0x000014ba      0x151 ..\obj\stm32f10x_exti.o
 .debug_abbrev  0x0000160b      0x198 ..\obj\stm32f10x_adc.o
 .debug_abbrev  0x000017a3      0x162 ..\obj\stm32f10x_usart.o
 .debug_abbrev  0x00001905       0x14 ..\obj\sh_cmd.o
 .debug_abbrev  0x00001919      0x145 ..\obj\misc.o
 .debug_abbrev  0x00001a5e      0x235 ..\obj\USART.o
 .debug_abbrev  0x00001c93      0x1be ..\obj\TIM.o

.debug_aranges  0x00000000      0xbd0
 .debug_aranges
                0x00000000       0x30 ..\obj\semihosting.o
 .debug_aranges
                0x00000030      0x2f0 ..\obj\stm32f10x_tim.o
 .debug_aranges
                0x00000320       0x38 ..\obj\system_stm32f10x.o
 .debug_aranges
                0x00000358       0x28 ..\obj\CAN.o
 .debug_aranges
                0x00000380       0x28 ..\obj\SYSTEM.o
 .debug_aranges
                0x000003a8       0x28 ..\obj\startup_stm32f10x_md.o
 .debug_aranges
                0x000003d0       0xe0 ..\obj\stm32f10x_can.o
 .debug_aranges
                0x000004b0       0xa8 ..\obj\stm32f10x_gpio.o
 .debug_aranges
                0x00000558       0x48 ..\obj\main.o
 .debug_aranges
                0x000005a0       0x48 ..\obj\GPIO.o
 .debug_aranges
                0x000005e8       0x48 ..\obj\ADC.o
 .debug_aranges
                0x00000630       0xa0 ..\obj\printf.o
 .debug_aranges
                0x000006d0      0x118 ..\obj\stm32f10x_rcc.o
 .debug_aranges
                0x000007e8       0x58 ..\obj\stm32f10x_exti.o
 .debug_aranges
                0x00000840      0x138 ..\obj\stm32f10x_adc.o
 .debug_aranges
                0x00000978      0x100 ..\obj\stm32f10x_usart.o
 .debug_aranges
                0x00000a78       0x20 ..\obj\sh_cmd.o
 .debug_aranges
                0x00000a98       0x40 ..\obj\misc.o
 .debug_aranges
                0x00000ad8       0x78 ..\obj\USART.o
 .debug_aranges
                0x00000b50       0x80 ..\obj\TIM.o

.debug_ranges   0x00000000      0xa80
 .debug_ranges  0x00000000       0x20 ..\obj\semihosting.o
 .debug_ranges  0x00000020      0x2e0 ..\obj\stm32f10x_tim.o
 .debug_ranges  0x00000300       0x28 ..\obj\system_stm32f10x.o
 .debug_ranges  0x00000328       0x18 ..\obj\CAN.o
 .debug_ranges  0x00000340       0x18 ..\obj\SYSTEM.o
 .debug_ranges  0x00000358       0x18 ..\obj\startup_stm32f10x_md.o
 .debug_ranges  0x00000370       0xd0 ..\obj\stm32f10x_can.o
 .debug_ranges  0x00000440       0x98 ..\obj\stm32f10x_gpio.o
 .debug_ranges  0x000004d8       0x38 ..\obj\main.o
 .debug_ranges  0x00000510       0x38 ..\obj\GPIO.o
 .debug_ranges  0x00000548       0x38 ..\obj\ADC.o
 .debug_ranges  0x00000580       0x90 ..\obj\printf.o
 .debug_ranges  0x00000610      0x108 ..\obj\stm32f10x_rcc.o
 .debug_ranges  0x00000718       0x48 ..\obj\stm32f10x_exti.o
 .debug_ranges  0x00000760      0x128 ..\obj\stm32f10x_adc.o
 .debug_ranges  0x00000888       0xf0 ..\obj\stm32f10x_usart.o
 .debug_ranges  0x00000978       0x30 ..\obj\misc.o
 .debug_ranges  0x000009a8       0x68 ..\obj\USART.o
 .debug_ranges  0x00000a10       0x70 ..\obj\TIM.o

.debug_line     0x00000000     0x44ca
 .debug_line    0x00000000       0xba ..\obj\semihosting.o
 .debug_line    0x000000ba      0xb0b ..\obj\stm32f10x_tim.o
 .debug_line    0x00000bc5      0x231 ..\obj\system_stm32f10x.o
 .debug_line    0x00000df6      0x25b ..\obj\CAN.o
 .debug_line    0x00001051      0x1ed ..\obj\SYSTEM.o
 .debug_line    0x0000123e       0xaf ..\obj\startup_stm32f10x_md.o
 .debug_line    0x000012ed      0x580 ..\obj\stm32f10x_can.o
 .debug_line    0x0000186d      0x3e3 ..\obj\stm32f10x_gpio.o
 .debug_line    0x00001c50      0x348 ..\obj\main.o
 .debug_line    0x00001f98      0x28d ..\obj\GPIO.o
 .debug_line    0x00002225      0x2c7 ..\obj\ADC.o
 .debug_line    0x000024ec      0x495 ..\obj\printf.o
 .debug_line    0x00002981      0x4f0 ..\obj\stm32f10x_rcc.o
 .debug_line    0x00002e71      0x2d1 ..\obj\stm32f10x_exti.o
 .debug_line    0x00003142      0x54e ..\obj\stm32f10x_adc.o
 .debug_line    0x00003690      0x4c6 ..\obj\stm32f10x_usart.o
 .debug_line    0x00003b56       0x8c ..\obj\sh_cmd.o
 .debug_line    0x00003be2      0x271 ..\obj\misc.o
 .debug_line    0x00003e53      0x32c ..\obj\USART.o
 .debug_line    0x0000417f      0x34b ..\obj\TIM.o

.debug_str      0x00000000     0x3bcb
 .debug_str     0x00000000      0x15b ..\obj\semihosting.o
                                0x194 (size before relaxing)
 .debug_str     0x0000015b      0xc0a ..\obj\stm32f10x_tim.o
                                0xdf2 (size before relaxing)
 .debug_str     0x00000d65      0x176 ..\obj\system_stm32f10x.o
                                0x304 (size before relaxing)
 .debug_str     0x00000edb      0x6d4 ..\obj\CAN.o
                                0x8c3 (size before relaxing)
 .debug_str     0x000015af       0x9d ..\obj\SYSTEM.o
                                0x272 (size before relaxing)
 .debug_str     0x0000164c       0xca ..\obj\startup_stm32f10x_md.o
                                0x161 (size before relaxing)
 .debug_str     0x00001716      0x321 ..\obj\stm32f10x_can.o
                                0x743 (size before relaxing)
 .debug_str     0x00001a37      0x340 ..\obj\stm32f10x_gpio.o
                                0x52e (size before relaxing)
 .debug_str     0x00001d77      0x42d ..\obj\main.o
                                0xcd3 (size before relaxing)
 .debug_str     0x000021a4       0xfd ..\obj\GPIO.o
                                0x4e7 (size before relaxing)
 .debug_str     0x000022a1      0x130 ..\obj\ADC.o
                                0x40d (size before relaxing)
 .debug_str     0x000023d1      0x4bf ..\obj\printf.o
                                0x715 (size before relaxing)
 .debug_str     0x00002890      0x3db ..\obj\stm32f10x_rcc.o
                                0x62f (size before relaxing)
 .debug_str     0x00002c6b      0x1df ..\obj\stm32f10x_exti.o
                                0x35e (size before relaxing)
 .debug_str     0x00002e4a      0x460 ..\obj\stm32f10x_adc.o
                                0x710 (size before relaxing)
 .debug_str     0x000032aa      0x410 ..\obj\stm32f10x_usart.o
                                0x6a5 (size before relaxing)
 .debug_str     0x000036ba      0x111 ..\obj\misc.o
                                0x3d3 (size before relaxing)
 .debug_str     0x000037cb      0x1bc ..\obj\USART.o
                                0x942 (size before relaxing)
 .debug_str     0x00003987      0x244 ..\obj\TIM.o
                                0x6c1 (size before relaxing)

.comment        0x00000000       0x70
 .comment       0x00000000       0x70 ..\obj\semihosting.o
                                 0x71 (size before relaxing)
 .comment       0x00000000       0x71 ..\obj\stm32f10x_tim.o
 .comment       0x00000000       0x71 ..\obj\system_stm32f10x.o
 .comment       0x00000000       0x71 ..\obj\CAN.o
 .comment       0x00000000       0x71 ..\obj\SYSTEM.o
 .comment       0x00000000       0x71 ..\obj\startup_stm32f10x_md.o
 .comment       0x00000000       0x71 ..\obj\stm32f10x_can.o
 .comment       0x00000000       0x71 ..\obj\stm32f10x_gpio.o
 .comment       0x00000000       0x71 ..\obj\main.o
 .comment       0x00000000       0x71 ..\obj\GPIO.o
 .comment       0x00000000       0x71 ..\obj\ADC.o
 .comment       0x00000000       0x71 ..\obj\printf.o
 .comment       0x00000000       0x71 ..\obj\stm32f10x_rcc.o
 .comment       0x00000000       0x71 ..\obj\stm32f10x_exti.o
 .comment       0x00000000       0x71 ..\obj\stm32f10x_adc.o
 .comment       0x00000000       0x71 ..\obj\stm32f10x_usart.o
 .comment       0x00000000       0x71 ..\obj\misc.o
 .comment       0x00000000       0x71 ..\obj\USART.o
 .comment       0x00000000       0x71 ..\obj\TIM.o

.ARM.attributes
                0x00000000       0x31
 .ARM.attributes
                0x00000000       0x33 ..\obj\semihosting.o
 .ARM.attributes
                0x00000033       0x33 ..\obj\stm32f10x_tim.o
 .ARM.attributes
                0x00000066       0x33 ..\obj\system_stm32f10x.o
 .ARM.attributes
                0x00000099       0x33 ..\obj\CAN.o
 .ARM.attributes
                0x000000cc       0x33 ..\obj\SYSTEM.o
 .ARM.attributes
                0x000000ff       0x33 ..\obj\startup_stm32f10x_md.o
 .ARM.attributes
                0x00000132       0x33 ..\obj\stm32f10x_can.o
 .ARM.attributes
                0x00000165       0x33 ..\obj\stm32f10x_gpio.o
 .ARM.attributes
                0x00000198       0x33 ..\obj\main.o
 .ARM.attributes
                0x000001cb       0x33 ..\obj\GPIO.o
 .ARM.attributes
                0x000001fe       0x33 ..\obj\ADC.o
 .ARM.attributes
                0x00000231       0x33 ..\obj\printf.o
 .ARM.attributes
                0x00000264       0x33 ..\obj\stm32f10x_rcc.o
 .ARM.attributes
                0x00000297       0x33 ..\obj\stm32f10x_exti.o
 .ARM.attributes
                0x000002ca       0x33 ..\obj\stm32f10x_adc.o
 .ARM.attributes
                0x000002fd       0x33 ..\obj\stm32f10x_usart.o
 .ARM.attributes
                0x00000330       0x21 ..\obj\sh_cmd.o
 .ARM.attributes
                0x00000351       0x33 ..\obj\misc.o
 .ARM.attributes
                0x00000384       0x33 ..\obj\USART.o
 .ARM.attributes
                0x000003b7       0x33 ..\obj\TIM.o

.debug_frame    0x00000000     0x3188
 .debug_frame   0x00000000       0x7c ..\obj\semihosting.o
 .debug_frame   0x0000007c      0xe2c ..\obj\stm32f10x_tim.o
 .debug_frame   0x00000ea8       0x98 ..\obj\system_stm32f10x.o
 .debug_frame   0x00000f40       0x58 ..\obj\CAN.o
 .debug_frame   0x00000f98       0x58 ..\obj\SYSTEM.o
 .debug_frame   0x00000ff0       0x4c ..\obj\startup_stm32f10x_md.o
 .debug_frame   0x0000103c      0x3f0 ..\obj\stm32f10x_can.o
 .debug_frame   0x0000142c      0x2d0 ..\obj\stm32f10x_gpio.o
 .debug_frame   0x000016fc       0xd4 ..\obj\main.o
 .debug_frame   0x000017d0       0xe4 ..\obj\GPIO.o
 .debug_frame   0x000018b4       0xe8 ..\obj\ADC.o
 .debug_frame   0x0000199c      0x2dc ..\obj\printf.o
 .debug_frame   0x00001c78      0x4f4 ..\obj\stm32f10x_rcc.o
 .debug_frame   0x0000216c      0x148 ..\obj\stm32f10x_exti.o
 .debug_frame   0x000022b4      0x5a4 ..\obj\stm32f10x_adc.o
 .debug_frame   0x00002858      0x490 ..\obj\stm32f10x_usart.o
 .debug_frame   0x00002ce8       0xd8 ..\obj\misc.o
 .debug_frame   0x00002dc0      0x1d4 ..\obj\USART.o
 .debug_frame   0x00002f94      0x1f4 ..\obj\TIM.o
