Archive member included because of file (symbol)

c:/program files (x86)/gnu tools arm embedded/4.9 2014q4/bin/../lib/gcc/arm-none-eabi/4.9.3/armv7-m\libgcc.a(unwind-arm.o)
                              ..\obj\main.o (__aeabi_unwind_cpp_pr0)
c:/program files (x86)/gnu tools arm embedded/4.9 2014q4/bin/../lib/gcc/arm-none-eabi/4.9.3/armv7-m\libgcc.a(libunwind.o)
                              c:/program files (x86)/gnu tools arm embedded/4.9 2014q4/bin/../lib/gcc/arm-none-eabi/4.9.3/armv7-m\libgcc.a(unwind-arm.o) (restore_core_regs)
c:/program files (x86)/gnu tools arm embedded/4.9 2014q4/bin/../lib/gcc/arm-none-eabi/4.9.3/armv7-m\libgcc.a(pr-support.o)
                              c:/program files (x86)/gnu tools arm embedded/4.9 2014q4/bin/../lib/gcc/arm-none-eabi/4.9.3/armv7-m\libgcc.a(unwind-arm.o) (__gnu_unwind_execute)
c:/program files (x86)/gnu tools arm embedded/4.9 2014q4/bin/../lib/gcc/arm-none-eabi/4.9.3/../../../../arm-none-eabi/lib/armv7-m\libc.a(lib_a-malloc.o)
                              ..\obj\USART.o (malloc)
c:/program files (x86)/gnu tools arm embedded/4.9 2014q4/bin/../lib/gcc/arm-none-eabi/4.9.3/../../../../arm-none-eabi/lib/armv7-m\libc.a(lib_a-mallocr.o)
                              c:/program files (x86)/gnu tools arm embedded/4.9 2014q4/bin/../lib/gcc/arm-none-eabi/4.9.3/../../../../arm-none-eabi/lib/armv7-m\libc.a(lib_a-malloc.o) (_malloc_r)
c:/program files (x86)/gnu tools arm embedded/4.9 2014q4/bin/../lib/gcc/arm-none-eabi/4.9.3/../../../../arm-none-eabi/lib/armv7-m\libc.a(lib_a-memcpy.o)
                              c:/program files (x86)/gnu tools arm embedded/4.9 2014q4/bin/../lib/gcc/arm-none-eabi/4.9.3/armv7-m\libgcc.a(unwind-arm.o) (memcpy)
c:/program files (x86)/gnu tools arm embedded/4.9 2014q4/bin/../lib/gcc/arm-none-eabi/4.9.3/../../../../arm-none-eabi/lib/armv7-m\libc.a(lib_a-mlock.o)
                              c:/program files (x86)/gnu tools arm embedded/4.9 2014q4/bin/../lib/gcc/arm-none-eabi/4.9.3/../../../../arm-none-eabi/lib/armv7-m\libc.a(lib_a-mallocr.o) (__malloc_lock)
c:/program files (x86)/gnu tools arm embedded/4.9 2014q4/bin/../lib/gcc/arm-none-eabi/4.9.3/../../../../arm-none-eabi/lib/armv7-m\libc.a(lib_a-sbrkr.o)
                              c:/program files (x86)/gnu tools arm embedded/4.9 2014q4/bin/../lib/gcc/arm-none-eabi/4.9.3/../../../../arm-none-eabi/lib/armv7-m\libc.a(lib_a-mallocr.o) (_sbrk_r)
c:/program files (x86)/gnu tools arm embedded/4.9 2014q4/bin/../lib/gcc/arm-none-eabi/4.9.3/../../../../arm-none-eabi/lib/armv7-m\libc.a(lib_a-freer.o)
                              c:/program files (x86)/gnu tools arm embedded/4.9 2014q4/bin/../lib/gcc/arm-none-eabi/4.9.3/../../../../arm-none-eabi/lib/armv7-m\libc.a(lib_a-malloc.o) (_free_r)
c:/program files (x86)/gnu tools arm embedded/4.9 2014q4/bin/../lib/gcc/arm-none-eabi/4.9.3/../../../../arm-none-eabi/lib/armv7-m\libc.a(lib_a-reent.o)
                              c:/program files (x86)/gnu tools arm embedded/4.9 2014q4/bin/../lib/gcc/arm-none-eabi/4.9.3/../../../../arm-none-eabi/lib/armv7-m\libc.a(lib_a-sbrkr.o) (errno)

Allocating common symbols
Common symbol       size              file

errno               0x4               c:/program files (x86)/gnu tools arm embedded/4.9 2014q4/bin/../lib/gcc/arm-none-eabi/4.9.3/../../../../arm-none-eabi/lib/armv7-m\libc.a(lib_a-reent.o)
__dso_handle        0x4               ..\obj\startup_stm32f10x_md.o

Discarded input sections

 .text          0x00000000        0x0 ..\obj\semihosting.o
 .data          0x00000000        0x0 ..\obj\semihosting.o
 .text.SH_SendString
                0x00000000       0x24 ..\obj\semihosting.o
 .text.SH_GetChar
                0x00000000       0x40 ..\obj\semihosting.o
 .text          0x00000000        0x0 ..\obj\stm32f10x_tim.o
 .data          0x00000000        0x0 ..\obj\stm32f10x_tim.o
 .bss           0x00000000        0x0 ..\obj\stm32f10x_tim.o
 .text.TIM_DeInit
                0x00000000      0x22c ..\obj\stm32f10x_tim.o
 .text.TIM_ICInit
                0x00000000       0xa8 ..\obj\stm32f10x_tim.o
 .text.TIM_PWMIConfig
                0x00000000       0xb8 ..\obj\stm32f10x_tim.o
 .text.TIM_BDTRConfig
                0x00000000       0x50 ..\obj\stm32f10x_tim.o
 .text.TIM_ICStructInit
                0x00000000       0x30 ..\obj\stm32f10x_tim.o
 .text.TIM_BDTRStructInit
                0x00000000       0x3c ..\obj\stm32f10x_tim.o
 .text.TIM_CtrlPWMOutputs
                0x00000000       0x4c ..\obj\stm32f10x_tim.o
 .text.TIM_ITConfig
                0x00000000       0x48 ..\obj\stm32f10x_tim.o
 .text.TIM_GenerateEvent
                0x00000000       0x1c ..\obj\stm32f10x_tim.o
 .text.TIM_DMAConfig
                0x00000000       0x28 ..\obj\stm32f10x_tim.o
 .text.TIM_DMACmd
                0x00000000       0x48 ..\obj\stm32f10x_tim.o
 .text.TIM_InternalClockConfig
                0x00000000       0x24 ..\obj\stm32f10x_tim.o
 .text.TIM_ITRxExternalClockConfig
                0x00000000       0x2c ..\obj\stm32f10x_tim.o
 .text.TIM_TIxExternalClockConfig
                0x00000000       0x60 ..\obj\stm32f10x_tim.o
 .text.TIM_ETRClockMode1Config
                0x00000000       0x5c ..\obj\stm32f10x_tim.o
 .text.TIM_ETRClockMode2Config
                0x00000000       0x3c ..\obj\stm32f10x_tim.o
 .text.TIM_ETRConfig
                0x00000000       0x54 ..\obj\stm32f10x_tim.o
 .text.TIM_PrescalerConfig
                0x00000000       0x28 ..\obj\stm32f10x_tim.o
 .text.TIM_CounterModeConfig
                0x00000000       0x38 ..\obj\stm32f10x_tim.o
 .text.TIM_SelectInputTrigger
                0x00000000       0x38 ..\obj\stm32f10x_tim.o
 .text.TIM_EncoderInterfaceConfig
                0x00000000       0x98 ..\obj\stm32f10x_tim.o
 .text.TIM_ForcedOC1Config
                0x00000000       0x38 ..\obj\stm32f10x_tim.o
 .text.TIM_ForcedOC2Config
                0x00000000       0x3c ..\obj\stm32f10x_tim.o
 .text.TIM_ForcedOC3Config
                0x00000000       0x38 ..\obj\stm32f10x_tim.o
 .text.TIM_ForcedOC4Config
                0x00000000       0x3c ..\obj\stm32f10x_tim.o
 .text.TIM_SelectCOM
                0x00000000       0x40 ..\obj\stm32f10x_tim.o
 .text.TIM_SelectCCDMA
                0x00000000       0x40 ..\obj\stm32f10x_tim.o
 .text.TIM_CCPreloadControl
                0x00000000       0x40 ..\obj\stm32f10x_tim.o
 .text.TIM_OC1PreloadConfig
                0x00000000       0x38 ..\obj\stm32f10x_tim.o
 .text.TIM_OC2PreloadConfig
                0x00000000       0x3c ..\obj\stm32f10x_tim.o
 .text.TIM_OC3PreloadConfig
                0x00000000       0x38 ..\obj\stm32f10x_tim.o
 .text.TIM_OC4PreloadConfig
                0x00000000       0x3c ..\obj\stm32f10x_tim.o
 .text.TIM_OC1FastConfig
                0x00000000       0x38 ..\obj\stm32f10x_tim.o
 .text.TIM_OC2FastConfig
                0x00000000       0x3c ..\obj\stm32f10x_tim.o
 .text.TIM_OC3FastConfig
                0x00000000       0x38 ..\obj\stm32f10x_tim.o
 .text.TIM_OC4FastConfig
                0x00000000       0x3c ..\obj\stm32f10x_tim.o
 .text.TIM_ClearOC1Ref
                0x00000000       0x38 ..\obj\stm32f10x_tim.o
 .text.TIM_ClearOC2Ref
                0x00000000       0x3c ..\obj\stm32f10x_tim.o
 .text.TIM_ClearOC3Ref
                0x00000000       0x38 ..\obj\stm32f10x_tim.o
 .text.TIM_ClearOC4Ref
                0x00000000       0x3c ..\obj\stm32f10x_tim.o
 .text.TIM_OC1PolarityConfig
                0x00000000       0x38 ..\obj\stm32f10x_tim.o
 .text.TIM_OC1NPolarityConfig
                0x00000000       0x38 ..\obj\stm32f10x_tim.o
 .text.TIM_OC2PolarityConfig
                0x00000000       0x3c ..\obj\stm32f10x_tim.o
 .text.TIM_OC2NPolarityConfig
                0x00000000       0x3c ..\obj\stm32f10x_tim.o
 .text.TIM_OC3PolarityConfig
                0x00000000       0x3c ..\obj\stm32f10x_tim.o
 .text.TIM_OC3NPolarityConfig
                0x00000000       0x3c ..\obj\stm32f10x_tim.o
 .text.TIM_OC4PolarityConfig
                0x00000000       0x3c ..\obj\stm32f10x_tim.o
 .text.TIM_CCxCmd
                0x00000000       0x54 ..\obj\stm32f10x_tim.o
 .text.TIM_CCxNCmd
                0x00000000       0x54 ..\obj\stm32f10x_tim.o
 .text.TIM_SelectOCxM
                0x00000000       0xac ..\obj\stm32f10x_tim.o
 .text.TIM_UpdateDisableConfig
                0x00000000       0x40 ..\obj\stm32f10x_tim.o
 .text.TIM_UpdateRequestConfig
                0x00000000       0x40 ..\obj\stm32f10x_tim.o
 .text.TIM_SelectHallSensor
                0x00000000       0x40 ..\obj\stm32f10x_tim.o
 .text.TIM_SelectOnePulseMode
                0x00000000       0x38 ..\obj\stm32f10x_tim.o
 .text.TIM_SelectOutputTrigger
                0x00000000       0x38 ..\obj\stm32f10x_tim.o
 .text.TIM_SelectSlaveMode
                0x00000000       0x38 ..\obj\stm32f10x_tim.o
 .text.TIM_SelectMasterSlaveMode
                0x00000000       0x38 ..\obj\stm32f10x_tim.o
 .text.TIM_SetCounter
                0x00000000       0x1c ..\obj\stm32f10x_tim.o
 .text.TIM_SetAutoreload
                0x00000000       0x1c ..\obj\stm32f10x_tim.o
 .text.TIM_SetCompare1
                0x00000000       0x1c ..\obj\stm32f10x_tim.o
 .text.TIM_SetCompare2
                0x00000000       0x1c ..\obj\stm32f10x_tim.o
 .text.TIM_SetCompare3
                0x00000000       0x1c ..\obj\stm32f10x_tim.o
 .text.TIM_SetCompare4
                0x00000000       0x20 ..\obj\stm32f10x_tim.o
 .text.TIM_SetIC1Prescaler
                0x00000000       0x38 ..\obj\stm32f10x_tim.o
 .text.TIM_SetIC2Prescaler
                0x00000000       0x3c ..\obj\stm32f10x_tim.o
 .text.TIM_SetIC3Prescaler
                0x00000000       0x38 ..\obj\stm32f10x_tim.o
 .text.TIM_SetIC4Prescaler
                0x00000000       0x3c ..\obj\stm32f10x_tim.o
 .text.TIM_SetClockDivision
                0x00000000       0x38 ..\obj\stm32f10x_tim.o
 .text.TIM_GetCapture1
                0x00000000       0x1c ..\obj\stm32f10x_tim.o
 .text.TIM_GetCapture2
                0x00000000       0x1c ..\obj\stm32f10x_tim.o
 .text.TIM_GetCapture3
                0x00000000       0x1c ..\obj\stm32f10x_tim.o
 .text.TIM_GetCapture4
                0x00000000       0x1c ..\obj\stm32f10x_tim.o
 .text.TIM_GetCounter
                0x00000000       0x1c ..\obj\stm32f10x_tim.o
 .text.TIM_GetPrescaler
                0x00000000       0x1c ..\obj\stm32f10x_tim.o
 .text.TIM_GetFlagStatus
                0x00000000       0x38 ..\obj\stm32f10x_tim.o
 .text.TIM_ClearFlag
                0x00000000       0x20 ..\obj\stm32f10x_tim.o
 .text.TIM_GetITStatus
                0x00000000       0x54 ..\obj\stm32f10x_tim.o
 .text.TIM_ClearITPendingBit
                0x00000000       0x20 ..\obj\stm32f10x_tim.o
 .text.TI1_Config
                0x00000000       0xe0 ..\obj\stm32f10x_tim.o
 .text.TI2_Config
                0x00000000       0xf4 ..\obj\stm32f10x_tim.o
 .text.TI3_Config
                0x00000000       0xec ..\obj\stm32f10x_tim.o
 .text.TI4_Config
                0x00000000       0xf8 ..\obj\stm32f10x_tim.o
 .text          0x00000000        0x0 ..\obj\system_stm32f10x.o
 .bss           0x00000000        0x0 ..\obj\system_stm32f10x.o
 .text.SystemCoreClockUpdate
                0x00000000       0xdc ..\obj\system_stm32f10x.o
 .text          0x00000000        0x0 ..\obj\CAN.o
 .data          0x00000000        0x0 ..\obj\CAN.o
 .bss           0x00000000        0x0 ..\obj\CAN.o
 .text          0x00000000        0x0 ..\obj\SYSTEM.o
 .data          0x00000000        0x0 ..\obj\SYSTEM.o
 .ARM.extab.text.NVIC_SetPriority
                0x00000000        0x0 ..\obj\SYSTEM.o
 .ARM.extab.text.SysTick_Config
                0x00000000        0x0 ..\obj\SYSTEM.o
 .ARM.extab.text._Z5setupv
                0x00000000        0x0 ..\obj\SYSTEM.o
 .ARM.extab.text.SysTick_Handler
                0x00000000        0x0 ..\obj\SYSTEM.o
 .ARM.extab.text._Z5delaym
                0x00000000        0x0 ..\obj\SYSTEM.o
 .text          0x00000000        0x0 ..\obj\startup_stm32f10x_md.o
 .data          0x00000000        0x0 ..\obj\startup_stm32f10x_md.o
 .bss           0x00000000        0x0 ..\obj\startup_stm32f10x_md.o
 COMMON         0x00000000        0x4 ..\obj\startup_stm32f10x_md.o
 .text          0x00000000        0x0 ..\obj\stm32f10x_can.o
 .data          0x00000000        0x0 ..\obj\stm32f10x_can.o
 .bss           0x00000000        0x0 ..\obj\stm32f10x_can.o
 .text.CAN_SlaveStartBank
                0x00000000       0x60 ..\obj\stm32f10x_can.o
 .text.CAN_DBGFreeze
                0x00000000       0x38 ..\obj\stm32f10x_can.o
 .text.CAN_TTComModeCmd
                0x00000000       0x98 ..\obj\stm32f10x_can.o
 .text.CAN_TransmitStatus
                0x00000000       0xd4 ..\obj\stm32f10x_can.o
 .text.CAN_CancelTransmit
                0x00000000       0x50 ..\obj\stm32f10x_can.o
 .text.CAN_FIFORelease
                0x00000000       0x38 ..\obj\stm32f10x_can.o
 .text.CAN_MessagePending
                0x00000000       0x4c ..\obj\stm32f10x_can.o
 .text.CAN_OperatingModeRequest
                0x00000000       0xfc ..\obj\stm32f10x_can.o
 .text.CAN_Sleep
                0x00000000       0x3c ..\obj\stm32f10x_can.o
 .text.CAN_WakeUp
                0x00000000       0x58 ..\obj\stm32f10x_can.o
 .text.CAN_GetLastErrorCode
                0x00000000       0x28 ..\obj\stm32f10x_can.o
 .text.CAN_GetReceiveErrorCounter
                0x00000000       0x24 ..\obj\stm32f10x_can.o
 .text.CAN_GetLSBTransmitErrorCounter
                0x00000000       0x28 ..\obj\stm32f10x_can.o
 .text.CAN_GetFlagStatus
                0x00000000       0xd0 ..\obj\stm32f10x_can.o
 .text.CAN_ClearFlag
                0x00000000       0x70 ..\obj\stm32f10x_can.o
 .text.CAN_GetITStatus
                0x00000000      0x194 ..\obj\stm32f10x_can.o
 .text.CAN_ClearITPendingBit
                0x00000000       0xdc ..\obj\stm32f10x_can.o
 .text.CheckITStatus
                0x00000000       0x30 ..\obj\stm32f10x_can.o
 .text          0x00000000        0x0 ..\obj\stm32f10x_gpio.o
 .data          0x00000000        0x0 ..\obj\stm32f10x_gpio.o
 .bss           0x00000000        0x0 ..\obj\stm32f10x_gpio.o
 .text.GPIO_DeInit
                0x00000000       0xe4 ..\obj\stm32f10x_gpio.o
 .text.GPIO_AFIODeInit
                0x00000000       0x18 ..\obj\stm32f10x_gpio.o
 .text.GPIO_ReadInputDataBit
                0x00000000       0x34 ..\obj\stm32f10x_gpio.o
 .text.GPIO_ReadInputData
                0x00000000       0x1c ..\obj\stm32f10x_gpio.o
 .text.GPIO_ReadOutputDataBit
                0x00000000       0x34 ..\obj\stm32f10x_gpio.o
 .text.GPIO_ReadOutputData
                0x00000000       0x1c ..\obj\stm32f10x_gpio.o
 .text.GPIO_SetBits
                0x00000000       0x1c ..\obj\stm32f10x_gpio.o
 .text.GPIO_ResetBits
                0x00000000       0x1c ..\obj\stm32f10x_gpio.o
 .text.GPIO_Write
                0x00000000       0x1c ..\obj\stm32f10x_gpio.o
 .text.GPIO_PinLockConfig
                0x00000000       0x44 ..\obj\stm32f10x_gpio.o
 .text.GPIO_EventOutputConfig
                0x00000000       0x4c ..\obj\stm32f10x_gpio.o
 .text.GPIO_EventOutputCmd
                0x00000000       0x20 ..\obj\stm32f10x_gpio.o
 .text.GPIO_EXTILineConfig
                0x00000000       0x84 ..\obj\stm32f10x_gpio.o
 .text.GPIO_ETH_MediaInterfaceConfig
                0x00000000       0x1c ..\obj\stm32f10x_gpio.o
 .text          0x00000000        0x0 ..\obj\main.o
 .data          0x00000000        0x0 ..\obj\main.o
 .ARM.extab.text.USB_LP_CAN1_RX0_IRQHandler
                0x00000000        0x0 ..\obj\main.o
 .ARM.extab.text.CAN1_RX1_IRQHandler
                0x00000000        0x0 ..\obj\main.o
 .ARM.extab.text.EXTI0_IRQHandler
                0x00000000        0x0 ..\obj\main.o
 .text          0x00000000        0x0 ..\obj\GPIO.o
 .data          0x00000000        0x0 ..\obj\GPIO.o
 .bss           0x00000000        0x0 ..\obj\GPIO.o
 .text._ZN4GPIO4readEv
                0x00000000       0x1c ..\obj\GPIO.o
 .ARM.extab.text._ZN4GPIO4readEv
                0x00000000        0x0 ..\obj\GPIO.o
 .ARM.exidx.text._ZN4GPIO4readEv
                0x00000000        0x8 ..\obj\GPIO.o
 .ARM.extab.text._Z9GPIOSetupv
                0x00000000        0x0 ..\obj\GPIO.o
 .text._Z8pinSetupP12GPIO_TypeDeft16GPIOMode_TypeDef
                0x00000000       0x38 ..\obj\GPIO.o
 .ARM.extab.text._Z8pinSetupP12GPIO_TypeDeft16GPIOMode_TypeDef
                0x00000000        0xc ..\obj\GPIO.o
 .ARM.exidx.text._Z8pinSetupP12GPIO_TypeDeft16GPIOMode_TypeDef
                0x00000000        0x8 ..\obj\GPIO.o
 .text._Z8pinWriteP12GPIO_TypeDeft9BitAction
                0x00000000       0x24 ..\obj\GPIO.o
 .ARM.extab.text._Z8pinWriteP12GPIO_TypeDeft9BitAction
                0x00000000        0xc ..\obj\GPIO.o
 .ARM.exidx.text._Z8pinWriteP12GPIO_TypeDeft9BitAction
                0x00000000        0x8 ..\obj\GPIO.o
 .text          0x00000000        0x0 ..\obj\ADC.o
 .data          0x00000000        0x0 ..\obj\ADC.o
 .bss           0x00000000        0x0 ..\obj\ADC.o
 .text          0x00000000        0x0 ..\obj\printf.o
 .bss           0x00000000        0x0 ..\obj\printf.o
 .text.snprintf
                0x00000000       0x30 ..\obj\printf.o
 .text.fprintf  0x00000000       0x2c ..\obj\printf.o
 .text.sprintf  0x00000000       0x2c ..\obj\printf.o
 .text.puts     0x00000000       0x24 ..\obj\printf.o
 .text          0x00000000        0x0 ..\obj\stm32f10x_rcc.o
 .bss           0x00000000        0x0 ..\obj\stm32f10x_rcc.o
 .text.RCC_DeInit
                0x00000000       0x5c ..\obj\stm32f10x_rcc.o
 .text.RCC_HSEConfig
                0x00000000       0x5c ..\obj\stm32f10x_rcc.o
 .text.RCC_WaitForHSEStartUp
                0x00000000       0x50 ..\obj\stm32f10x_rcc.o
 .text.RCC_AdjustHSICalibrationValue
                0x00000000       0x3c ..\obj\stm32f10x_rcc.o
 .text.RCC_HSICmd
                0x00000000       0x20 ..\obj\stm32f10x_rcc.o
 .text.RCC_PLLConfig
                0x00000000       0x3c ..\obj\stm32f10x_rcc.o
 .text.RCC_PLLCmd
                0x00000000       0x20 ..\obj\stm32f10x_rcc.o
 .text.RCC_SYSCLKConfig
                0x00000000       0x38 ..\obj\stm32f10x_rcc.o
 .text.RCC_GetSYSCLKSource
                0x00000000       0x20 ..\obj\stm32f10x_rcc.o
 .text.RCC_HCLKConfig
                0x00000000       0x38 ..\obj\stm32f10x_rcc.o
 .text.RCC_PCLK1Config
                0x00000000       0x38 ..\obj\stm32f10x_rcc.o
 .text.RCC_PCLK2Config
                0x00000000       0x38 ..\obj\stm32f10x_rcc.o
 .text.RCC_ITConfig
                0x00000000       0x4c ..\obj\stm32f10x_rcc.o
 .text.RCC_USBCLKConfig
                0x00000000       0x1c ..\obj\stm32f10x_rcc.o
 .text.RCC_LSEConfig
                0x00000000       0x40 ..\obj\stm32f10x_rcc.o
 .text.RCC_LSICmd
                0x00000000       0x20 ..\obj\stm32f10x_rcc.o
 .text.RCC_RTCCLKConfig
                0x00000000       0x24 ..\obj\stm32f10x_rcc.o
 .text.RCC_RTCCLKCmd
                0x00000000       0x20 ..\obj\stm32f10x_rcc.o
 .text.RCC_AHBPeriphClockCmd
                0x00000000       0x3c ..\obj\stm32f10x_rcc.o
 .text.RCC_APB2PeriphResetCmd
                0x00000000       0x3c ..\obj\stm32f10x_rcc.o
 .text.RCC_BackupResetCmd
                0x00000000       0x20 ..\obj\stm32f10x_rcc.o
 .text.RCC_ClockSecuritySystemCmd
                0x00000000       0x20 ..\obj\stm32f10x_rcc.o
 .text.RCC_MCOConfig
                0x00000000       0x20 ..\obj\stm32f10x_rcc.o
 .text.RCC_GetFlagStatus
                0x00000000       0x74 ..\obj\stm32f10x_rcc.o
 .text.RCC_ClearFlag
                0x00000000       0x1c ..\obj\stm32f10x_rcc.o
 .text.RCC_GetITStatus
                0x00000000       0x38 ..\obj\stm32f10x_rcc.o
 .text.RCC_ClearITPendingBit
                0x00000000       0x20 ..\obj\stm32f10x_rcc.o
 .text          0x00000000        0x0 ..\obj\stm32f10x_exti.o
 .data          0x00000000        0x0 ..\obj\stm32f10x_exti.o
 .bss           0x00000000        0x0 ..\obj\stm32f10x_exti.o
 .text.EXTI_DeInit
                0x00000000       0x34 ..\obj\stm32f10x_exti.o
 .text.EXTI_Init
                0x00000000       0xe4 ..\obj\stm32f10x_exti.o
 .text.EXTI_StructInit
                0x00000000       0x2c ..\obj\stm32f10x_exti.o
 .text.EXTI_GenerateSWInterrupt
                0x00000000       0x24 ..\obj\stm32f10x_exti.o
 .text.EXTI_GetFlagStatus
                0x00000000       0x34 ..\obj\stm32f10x_exti.o
 .text.EXTI_ClearFlag
                0x00000000       0x1c ..\obj\stm32f10x_exti.o
 .text.EXTI_GetITStatus
                0x00000000       0x48 ..\obj\stm32f10x_exti.o
 .text          0x00000000        0x0 ..\obj\stm32f10x_adc.o
 .data          0x00000000        0x0 ..\obj\stm32f10x_adc.o
 .bss           0x00000000        0x0 ..\obj\stm32f10x_adc.o
 .text.ADC_DeInit
                0x00000000       0x74 ..\obj\stm32f10x_adc.o
 .text.ADC_DMACmd
                0x00000000       0x38 ..\obj\stm32f10x_adc.o
 .text.ADC_ITConfig
                0x00000000       0x44 ..\obj\stm32f10x_adc.o
 .text.ADC_GetSoftwareStartConvStatus
                0x00000000       0x30 ..\obj\stm32f10x_adc.o
 .text.ADC_DiscModeChannelCountConfig
                0x00000000       0x44 ..\obj\stm32f10x_adc.o
 .text.ADC_DiscModeCmd
                0x00000000       0x38 ..\obj\stm32f10x_adc.o
 .text.ADC_ExternalTrigConvCmd
                0x00000000       0x38 ..\obj\stm32f10x_adc.o
 .text.ADC_GetDualModeConversionValue
                0x00000000       0x18 ..\obj\stm32f10x_adc.o
 .text.ADC_AutoInjectedConvCmd
                0x00000000       0x38 ..\obj\stm32f10x_adc.o
 .text.ADC_InjectedDiscModeCmd
                0x00000000       0x38 ..\obj\stm32f10x_adc.o
 .text.ADC_ExternalTrigInjectedConvConfig
                0x00000000       0x34 ..\obj\stm32f10x_adc.o
 .text.ADC_ExternalTrigInjectedConvCmd
                0x00000000       0x38 ..\obj\stm32f10x_adc.o
 .text.ADC_SoftwareStartInjectedConvCmd
                0x00000000       0x38 ..\obj\stm32f10x_adc.o
 .text.ADC_GetSoftwareStartInjectedConvCmdStatus
                0x00000000       0x30 ..\obj\stm32f10x_adc.o
 .text.ADC_InjectedChannelConfig
                0x00000000      0x120 ..\obj\stm32f10x_adc.o
 .text.ADC_InjectedSequencerLengthConfig
                0x00000000       0x44 ..\obj\stm32f10x_adc.o
 .text.ADC_SetInjectedOffset
                0x00000000       0x34 ..\obj\stm32f10x_adc.o
 .text.ADC_GetInjectedConversionValue
                0x00000000       0x30 ..\obj\stm32f10x_adc.o
 .text.ADC_AnalogWatchdogCmd
                0x00000000       0x38 ..\obj\stm32f10x_adc.o
 .text.ADC_AnalogWatchdogThresholdsConfig
                0x00000000       0x28 ..\obj\stm32f10x_adc.o
 .text.ADC_AnalogWatchdogSingleChannelConfig
                0x00000000       0x38 ..\obj\stm32f10x_adc.o
 .text.ADC_TempSensorVrefintCmd
                0x00000000       0x38 ..\obj\stm32f10x_adc.o
 .text.ADC_ClearFlag
                0x00000000       0x20 ..\obj\stm32f10x_adc.o
 .text.ADC_GetITStatus
                0x00000000       0x58 ..\obj\stm32f10x_adc.o
 .text.ADC_ClearITPendingBit
                0x00000000       0x2c ..\obj\stm32f10x_adc.o
 .text          0x00000000        0x0 ..\obj\stm32f10x_usart.o
 .data          0x00000000        0x0 ..\obj\stm32f10x_usart.o
 .bss           0x00000000        0x0 ..\obj\stm32f10x_usart.o
 .text.USART_DeInit
                0x00000000       0xb8 ..\obj\stm32f10x_usart.o
 .text.USART_ClockInit
                0x00000000       0x58 ..\obj\stm32f10x_usart.o
 .text.USART_ClockStructInit
                0x00000000       0x2c ..\obj\stm32f10x_usart.o
 .text.USART_DMACmd
                0x00000000       0x48 ..\obj\stm32f10x_usart.o
 .text.USART_SetAddress
                0x00000000       0x38 ..\obj\stm32f10x_usart.o
 .text.USART_WakeUpConfig
                0x00000000       0x38 ..\obj\stm32f10x_usart.o
 .text.USART_ReceiverWakeUpCmd
                0x00000000       0x40 ..\obj\stm32f10x_usart.o
 .text.USART_LINBreakDetectLengthConfig
                0x00000000       0x38 ..\obj\stm32f10x_usart.o
 .text.USART_LINCmd
                0x00000000       0x40 ..\obj\stm32f10x_usart.o
 .text.USART_SendBreak
                0x00000000       0x24 ..\obj\stm32f10x_usart.o
 .text.USART_SetGuardTime
                0x00000000       0x3c ..\obj\stm32f10x_usart.o
 .text.USART_SetPrescaler
                0x00000000       0x38 ..\obj\stm32f10x_usart.o
 .text.USART_SmartCardCmd
                0x00000000       0x40 ..\obj\stm32f10x_usart.o
 .text.USART_SmartCardNACKCmd
                0x00000000       0x40 ..\obj\stm32f10x_usart.o
 .text.USART_HalfDuplexCmd
                0x00000000       0x40 ..\obj\stm32f10x_usart.o
 .text.USART_OverSampling8Cmd
                0x00000000       0x44 ..\obj\stm32f10x_usart.o
 .text.USART_OneBitMethodCmd
                0x00000000       0x40 ..\obj\stm32f10x_usart.o
 .text.USART_IrDAConfig
                0x00000000       0x38 ..\obj\stm32f10x_usart.o
 .text.USART_IrDACmd
                0x00000000       0x40 ..\obj\stm32f10x_usart.o
 .text.USART_ClearFlag
                0x00000000       0x20 ..\obj\stm32f10x_usart.o
 .text.USART_ClearITPendingBit
                0x00000000       0x38 ..\obj\stm32f10x_usart.o
 .data          0x00000000        0x0 ..\obj\sh_cmd.o
 .bss           0x00000000        0x0 ..\obj\sh_cmd.o
 .text          0x00000000        0x0 ..\obj\syscalls.o
 .data          0x00000000        0x0 ..\obj\syscalls.o
 .bss           0x00000000        0x4 ..\obj\syscalls.o
 .text._sbrk    0x00000000       0x40 ..\obj\syscalls.o
 .text.link     0x00000000       0x1c ..\obj\syscalls.o
 .text._close   0x00000000       0x18 ..\obj\syscalls.o
 .text._fstat   0x00000000       0x20 ..\obj\syscalls.o
 .text._isatty  0x00000000       0x18 ..\obj\syscalls.o
 .text._lseek   0x00000000       0x1c ..\obj\syscalls.o
 .text._read    0x00000000       0x1c ..\obj\syscalls.o
 .text._write   0x00000000       0x1c ..\obj\syscalls.o
 .debug_info    0x00000000      0x3ee ..\obj\syscalls.o
 .debug_abbrev  0x00000000       0xe2 ..\obj\syscalls.o
 .debug_aranges
                0x00000000       0x60 ..\obj\syscalls.o
 .debug_ranges  0x00000000       0x50 ..\obj\syscalls.o
 .debug_line    0x00000000      0x182 ..\obj\syscalls.o
 .debug_str     0x00000000      0x2e6 ..\obj\syscalls.o
 .comment       0x00000000       0x71 ..\obj\syscalls.o
 .debug_frame   0x00000000      0x168 ..\obj\syscalls.o
 .ARM.attributes
                0x00000000       0x33 ..\obj\syscalls.o
 .text          0x00000000        0x0 ..\obj\REMAP.o
 .data          0x00000000        0x0 ..\obj\REMAP.o
 .bss           0x00000000        0x0 ..\obj\REMAP.o
 .debug_line    0x00000000        0x0 ..\obj\REMAP.o
 .debug_str     0x00000000       0xbf ..\obj\REMAP.o
 .comment       0x00000000       0x71 ..\obj\REMAP.o
 .ARM.attributes
                0x00000000       0x33 ..\obj\REMAP.o
 .text          0x00000000        0x0 ..\obj\misc.o
 .data          0x00000000        0x0 ..\obj\misc.o
 .bss           0x00000000        0x0 ..\obj\misc.o
 .text.NVIC_PriorityGroupConfig
                0x00000000       0x24 ..\obj\misc.o
 .text.NVIC_SetVectorTable
                0x00000000       0x2c ..\obj\misc.o
 .text.NVIC_SystemLPConfig
                0x00000000       0x40 ..\obj\misc.o
 .text.SysTick_CLKSourceConfig
                0x00000000       0x38 ..\obj\misc.o
 .text          0x00000000        0x0 ..\obj\USART.o
 .text._ZN5USART4putsEPKc
                0x00000000       0x38 ..\obj\USART.o
 .ARM.extab.text._ZN5USART4putsEPKc
                0x00000000        0xc ..\obj\USART.o
 .ARM.exidx.text._ZN5USART4putsEPKc
                0x00000000        0x8 ..\obj\USART.o
 .text._ZN5USART6printfEPKcz
                0x00000000       0x5c ..\obj\USART.o
 .ARM.extab.text._ZN5USART6printfEPKcz
                0x00000000        0xc ..\obj\USART.o
 .ARM.exidx.text._ZN5USART6printfEPKcz
                0x00000000        0x8 ..\obj\USART.o
 .text._ZN5USART4sendEc
                0x00000000       0x40 ..\obj\USART.o
 .ARM.extab.text._ZN5USART4sendEc
                0x00000000        0xc ..\obj\USART.o
 .ARM.exidx.text._ZN5USART4sendEc
                0x00000000        0x8 ..\obj\USART.o
 .ARM.extab.text._ZN5USART4readEv
                0x00000000        0x0 ..\obj\USART.o
 .text._ZN5USART4peekEv
                0x00000000       0x5c ..\obj\USART.o
 .ARM.extab.text._ZN5USART4peekEv
                0x00000000        0x0 ..\obj\USART.o
 .ARM.exidx.text._ZN5USART4peekEv
                0x00000000        0x8 ..\obj\USART.o
 .ARM.extab.text._ZN5USART9availableEv
                0x00000000        0x0 ..\obj\USART.o
 .text          0x00000000        0x0 ..\obj\TIM.o
 .data          0x00000000        0x0 ..\obj\TIM.o
 .bss           0x00000000        0x0 ..\obj\TIM.o
 .ARM.extab.text._ZN3PWM4dutyEt
                0x00000000        0x0 ..\obj\TIM.o
 .ARM.extab.text._Z10OC1DutySetP11TIM_TypeDeft
                0x00000000        0x0 ..\obj\TIM.o
 .ARM.extab.text._Z10OC2DutySetP11TIM_TypeDeft
                0x00000000        0x0 ..\obj\TIM.o
 .ARM.extab.text._Z10OC3DutySetP11TIM_TypeDeft
                0x00000000        0x0 ..\obj\TIM.o
 .ARM.extab.text._Z10OC4DutySetP11TIM_TypeDeft
                0x00000000        0x0 ..\obj\TIM.o
 .data          0x00000000        0x0 c:/program files (x86)/gnu tools arm embedded/4.9 2014q4/bin/../lib/gcc/arm-none-eabi/4.9.3/armv7-m\libgcc.a(unwind-arm.o)
 .bss           0x00000000        0x0 c:/program files (x86)/gnu tools arm embedded/4.9 2014q4/bin/../lib/gcc/arm-none-eabi/4.9.3/armv7-m\libgcc.a(unwind-arm.o)
 .ARM.extab     0x00000000        0x0 c:/program files (x86)/gnu tools arm embedded/4.9 2014q4/bin/../lib/gcc/arm-none-eabi/4.9.3/armv7-m\libgcc.a(unwind-arm.o)
 .debug_frame   0x00000000      0x300 c:/program files (x86)/gnu tools arm embedded/4.9 2014q4/bin/../lib/gcc/arm-none-eabi/4.9.3/armv7-m\libgcc.a(unwind-arm.o)
 .ARM.attributes
                0x00000000       0x2d c:/program files (x86)/gnu tools arm embedded/4.9 2014q4/bin/../lib/gcc/arm-none-eabi/4.9.3/armv7-m\libgcc.a(unwind-arm.o)
 .data          0x00000000        0x0 c:/program files (x86)/gnu tools arm embedded/4.9 2014q4/bin/../lib/gcc/arm-none-eabi/4.9.3/armv7-m\libgcc.a(libunwind.o)
 .bss           0x00000000        0x0 c:/program files (x86)/gnu tools arm embedded/4.9 2014q4/bin/../lib/gcc/arm-none-eabi/4.9.3/armv7-m\libgcc.a(libunwind.o)
 .ARM.attributes
                0x00000000       0x1d c:/program files (x86)/gnu tools arm embedded/4.9 2014q4/bin/../lib/gcc/arm-none-eabi/4.9.3/armv7-m\libgcc.a(libunwind.o)
 .data          0x00000000        0x0 c:/program files (x86)/gnu tools arm embedded/4.9 2014q4/bin/../lib/gcc/arm-none-eabi/4.9.3/armv7-m\libgcc.a(pr-support.o)
 .bss           0x00000000        0x0 c:/program files (x86)/gnu tools arm embedded/4.9 2014q4/bin/../lib/gcc/arm-none-eabi/4.9.3/armv7-m\libgcc.a(pr-support.o)
 .debug_frame   0x00000000      0x104 c:/program files (x86)/gnu tools arm embedded/4.9 2014q4/bin/../lib/gcc/arm-none-eabi/4.9.3/armv7-m\libgcc.a(pr-support.o)
 .ARM.attributes
                0x00000000       0x2d c:/program files (x86)/gnu tools arm embedded/4.9 2014q4/bin/../lib/gcc/arm-none-eabi/4.9.3/armv7-m\libgcc.a(pr-support.o)
 .text          0x00000000        0x0 c:/program files (x86)/gnu tools arm embedded/4.9 2014q4/bin/../lib/gcc/arm-none-eabi/4.9.3/../../../../arm-none-eabi/lib/armv7-m\libc.a(lib_a-malloc.o)
 .data          0x00000000        0x0 c:/program files (x86)/gnu tools arm embedded/4.9 2014q4/bin/../lib/gcc/arm-none-eabi/4.9.3/../../../../arm-none-eabi/lib/armv7-m\libc.a(lib_a-malloc.o)
 .bss           0x00000000        0x0 c:/program files (x86)/gnu tools arm embedded/4.9 2014q4/bin/../lib/gcc/arm-none-eabi/4.9.3/../../../../arm-none-eabi/lib/armv7-m\libc.a(lib_a-malloc.o)
 .text.malloc   0x00000000       0x10 c:/program files (x86)/gnu tools arm embedded/4.9 2014q4/bin/../lib/gcc/arm-none-eabi/4.9.3/../../../../arm-none-eabi/lib/armv7-m\libc.a(lib_a-malloc.o)
 .text.free     0x00000000       0x10 c:/program files (x86)/gnu tools arm embedded/4.9 2014q4/bin/../lib/gcc/arm-none-eabi/4.9.3/../../../../arm-none-eabi/lib/armv7-m\libc.a(lib_a-malloc.o)
 .debug_frame   0x00000000       0x30 c:/program files (x86)/gnu tools arm embedded/4.9 2014q4/bin/../lib/gcc/arm-none-eabi/4.9.3/../../../../arm-none-eabi/lib/armv7-m\libc.a(lib_a-malloc.o)
 .ARM.attributes
                0x00000000       0x2d c:/program files (x86)/gnu tools arm embedded/4.9 2014q4/bin/../lib/gcc/arm-none-eabi/4.9.3/../../../../arm-none-eabi/lib/armv7-m\libc.a(lib_a-malloc.o)
 .text          0x00000000        0x0 c:/program files (x86)/gnu tools arm embedded/4.9 2014q4/bin/../lib/gcc/arm-none-eabi/4.9.3/../../../../arm-none-eabi/lib/armv7-m\libc.a(lib_a-mallocr.o)
 .data          0x00000000        0x0 c:/program files (x86)/gnu tools arm embedded/4.9 2014q4/bin/../lib/gcc/arm-none-eabi/4.9.3/../../../../arm-none-eabi/lib/armv7-m\libc.a(lib_a-mallocr.o)
 .bss           0x00000000        0x0 c:/program files (x86)/gnu tools arm embedded/4.9 2014q4/bin/../lib/gcc/arm-none-eabi/4.9.3/../../../../arm-none-eabi/lib/armv7-m\libc.a(lib_a-mallocr.o)
 .text._malloc_r
                0x00000000      0x504 c:/program files (x86)/gnu tools arm embedded/4.9 2014q4/bin/../lib/gcc/arm-none-eabi/4.9.3/../../../../arm-none-eabi/lib/armv7-m\libc.a(lib_a-mallocr.o)
 .data.__malloc_av_
                0x00000000      0x408 c:/program files (x86)/gnu tools arm embedded/4.9 2014q4/bin/../lib/gcc/arm-none-eabi/4.9.3/../../../../arm-none-eabi/lib/armv7-m\libc.a(lib_a-mallocr.o)
 .data.__malloc_trim_threshold
                0x00000000        0x4 c:/program files (x86)/gnu tools arm embedded/4.9 2014q4/bin/../lib/gcc/arm-none-eabi/4.9.3/../../../../arm-none-eabi/lib/armv7-m\libc.a(lib_a-mallocr.o)
 .bss.__malloc_max_total_mem
                0x00000000        0x4 c:/program files (x86)/gnu tools arm embedded/4.9 2014q4/bin/../lib/gcc/arm-none-eabi/4.9.3/../../../../arm-none-eabi/lib/armv7-m\libc.a(lib_a-mallocr.o)
 .bss.__malloc_max_sbrked_mem
                0x00000000        0x4 c:/program files (x86)/gnu tools arm embedded/4.9 2014q4/bin/../lib/gcc/arm-none-eabi/4.9.3/../../../../arm-none-eabi/lib/armv7-m\libc.a(lib_a-mallocr.o)
 .bss.__malloc_top_pad
                0x00000000        0x4 c:/program files (x86)/gnu tools arm embedded/4.9 2014q4/bin/../lib/gcc/arm-none-eabi/4.9.3/../../../../arm-none-eabi/lib/armv7-m\libc.a(lib_a-mallocr.o)
 .bss.__malloc_current_mallinfo
                0x00000000       0x28 c:/program files (x86)/gnu tools arm embedded/4.9 2014q4/bin/../lib/gcc/arm-none-eabi/4.9.3/../../../../arm-none-eabi/lib/armv7-m\libc.a(lib_a-mallocr.o)
 .data.__malloc_sbrk_base
                0x00000000        0x4 c:/program files (x86)/gnu tools arm embedded/4.9 2014q4/bin/../lib/gcc/arm-none-eabi/4.9.3/../../../../arm-none-eabi/lib/armv7-m\libc.a(lib_a-mallocr.o)
 .debug_frame   0x00000000       0x54 c:/program files (x86)/gnu tools arm embedded/4.9 2014q4/bin/../lib/gcc/arm-none-eabi/4.9.3/../../../../arm-none-eabi/lib/armv7-m\libc.a(lib_a-mallocr.o)
 .ARM.attributes
                0x00000000       0x2d c:/program files (x86)/gnu tools arm embedded/4.9 2014q4/bin/../lib/gcc/arm-none-eabi/4.9.3/../../../../arm-none-eabi/lib/armv7-m\libc.a(lib_a-mallocr.o)
 .data          0x00000000        0x0 c:/program files (x86)/gnu tools arm embedded/4.9 2014q4/bin/../lib/gcc/arm-none-eabi/4.9.3/../../../../arm-none-eabi/lib/armv7-m\libc.a(lib_a-memcpy.o)
 .bss           0x00000000        0x0 c:/program files (x86)/gnu tools arm embedded/4.9 2014q4/bin/../lib/gcc/arm-none-eabi/4.9.3/../../../../arm-none-eabi/lib/armv7-m\libc.a(lib_a-memcpy.o)
 .ARM.attributes
                0x00000000       0x1b c:/program files (x86)/gnu tools arm embedded/4.9 2014q4/bin/../lib/gcc/arm-none-eabi/4.9.3/../../../../arm-none-eabi/lib/armv7-m\libc.a(lib_a-memcpy.o)
 .text          0x00000000        0x0 c:/program files (x86)/gnu tools arm embedded/4.9 2014q4/bin/../lib/gcc/arm-none-eabi/4.9.3/../../../../arm-none-eabi/lib/armv7-m\libc.a(lib_a-mlock.o)
 .data          0x00000000        0x0 c:/program files (x86)/gnu tools arm embedded/4.9 2014q4/bin/../lib/gcc/arm-none-eabi/4.9.3/../../../../arm-none-eabi/lib/armv7-m\libc.a(lib_a-mlock.o)
 .bss           0x00000000        0x0 c:/program files (x86)/gnu tools arm embedded/4.9 2014q4/bin/../lib/gcc/arm-none-eabi/4.9.3/../../../../arm-none-eabi/lib/armv7-m\libc.a(lib_a-mlock.o)
 .text.__malloc_lock
                0x00000000        0x4 c:/program files (x86)/gnu tools arm embedded/4.9 2014q4/bin/../lib/gcc/arm-none-eabi/4.9.3/../../../../arm-none-eabi/lib/armv7-m\libc.a(lib_a-mlock.o)
 .text.__malloc_unlock
                0x00000000        0x4 c:/program files (x86)/gnu tools arm embedded/4.9 2014q4/bin/../lib/gcc/arm-none-eabi/4.9.3/../../../../arm-none-eabi/lib/armv7-m\libc.a(lib_a-mlock.o)
 .debug_frame   0x00000000       0x30 c:/program files (x86)/gnu tools arm embedded/4.9 2014q4/bin/../lib/gcc/arm-none-eabi/4.9.3/../../../../arm-none-eabi/lib/armv7-m\libc.a(lib_a-mlock.o)
 .ARM.attributes
                0x00000000       0x2d c:/program files (x86)/gnu tools arm embedded/4.9 2014q4/bin/../lib/gcc/arm-none-eabi/4.9.3/../../../../arm-none-eabi/lib/armv7-m\libc.a(lib_a-mlock.o)
 .text          0x00000000        0x0 c:/program files (x86)/gnu tools arm embedded/4.9 2014q4/bin/../lib/gcc/arm-none-eabi/4.9.3/../../../../arm-none-eabi/lib/armv7-m\libc.a(lib_a-sbrkr.o)
 .data          0x00000000        0x0 c:/program files (x86)/gnu tools arm embedded/4.9 2014q4/bin/../lib/gcc/arm-none-eabi/4.9.3/../../../../arm-none-eabi/lib/armv7-m\libc.a(lib_a-sbrkr.o)
 .bss           0x00000000        0x0 c:/program files (x86)/gnu tools arm embedded/4.9 2014q4/bin/../lib/gcc/arm-none-eabi/4.9.3/../../../../arm-none-eabi/lib/armv7-m\libc.a(lib_a-sbrkr.o)
 .text._sbrk_r  0x00000000       0x24 c:/program files (x86)/gnu tools arm embedded/4.9 2014q4/bin/../lib/gcc/arm-none-eabi/4.9.3/../../../../arm-none-eabi/lib/armv7-m\libc.a(lib_a-sbrkr.o)
 .debug_frame   0x00000000       0x2c c:/program files (x86)/gnu tools arm embedded/4.9 2014q4/bin/../lib/gcc/arm-none-eabi/4.9.3/../../../../arm-none-eabi/lib/armv7-m\libc.a(lib_a-sbrkr.o)
 .ARM.attributes
                0x00000000       0x2d c:/program files (x86)/gnu tools arm embedded/4.9 2014q4/bin/../lib/gcc/arm-none-eabi/4.9.3/../../../../arm-none-eabi/lib/armv7-m\libc.a(lib_a-sbrkr.o)
 .text          0x00000000        0x0 c:/program files (x86)/gnu tools arm embedded/4.9 2014q4/bin/../lib/gcc/arm-none-eabi/4.9.3/../../../../arm-none-eabi/lib/armv7-m\libc.a(lib_a-freer.o)
 .data          0x00000000        0x0 c:/program files (x86)/gnu tools arm embedded/4.9 2014q4/bin/../lib/gcc/arm-none-eabi/4.9.3/../../../../arm-none-eabi/lib/armv7-m\libc.a(lib_a-freer.o)
 .bss           0x00000000        0x0 c:/program files (x86)/gnu tools arm embedded/4.9 2014q4/bin/../lib/gcc/arm-none-eabi/4.9.3/../../../../arm-none-eabi/lib/armv7-m\libc.a(lib_a-freer.o)
 .text._malloc_trim_r
                0x00000000       0x9c c:/program files (x86)/gnu tools arm embedded/4.9 2014q4/bin/../lib/gcc/arm-none-eabi/4.9.3/../../../../arm-none-eabi/lib/armv7-m\libc.a(lib_a-freer.o)
 .text._free_r  0x00000000      0x1b0 c:/program files (x86)/gnu tools arm embedded/4.9 2014q4/bin/../lib/gcc/arm-none-eabi/4.9.3/../../../../arm-none-eabi/lib/armv7-m\libc.a(lib_a-freer.o)
 .debug_frame   0x00000000       0x74 c:/program files (x86)/gnu tools arm embedded/4.9 2014q4/bin/../lib/gcc/arm-none-eabi/4.9.3/../../../../arm-none-eabi/lib/armv7-m\libc.a(lib_a-freer.o)
 .ARM.attributes
                0x00000000       0x2d c:/program files (x86)/gnu tools arm embedded/4.9 2014q4/bin/../lib/gcc/arm-none-eabi/4.9.3/../../../../arm-none-eabi/lib/armv7-m\libc.a(lib_a-freer.o)
 .text          0x00000000        0x0 c:/program files (x86)/gnu tools arm embedded/4.9 2014q4/bin/../lib/gcc/arm-none-eabi/4.9.3/../../../../arm-none-eabi/lib/armv7-m\libc.a(lib_a-reent.o)
 .data          0x00000000        0x0 c:/program files (x86)/gnu tools arm embedded/4.9 2014q4/bin/../lib/gcc/arm-none-eabi/4.9.3/../../../../arm-none-eabi/lib/armv7-m\libc.a(lib_a-reent.o)
 .bss           0x00000000        0x0 c:/program files (x86)/gnu tools arm embedded/4.9 2014q4/bin/../lib/gcc/arm-none-eabi/4.9.3/../../../../arm-none-eabi/lib/armv7-m\libc.a(lib_a-reent.o)
 .text.cleanup_glue
                0x00000000       0x1c c:/program files (x86)/gnu tools arm embedded/4.9 2014q4/bin/../lib/gcc/arm-none-eabi/4.9.3/../../../../arm-none-eabi/lib/armv7-m\libc.a(lib_a-reent.o)
 .text._reclaim_reent
                0x00000000       0x88 c:/program files (x86)/gnu tools arm embedded/4.9 2014q4/bin/../lib/gcc/arm-none-eabi/4.9.3/../../../../arm-none-eabi/lib/armv7-m\libc.a(lib_a-reent.o)
 .debug_frame   0x00000000       0x58 c:/program files (x86)/gnu tools arm embedded/4.9 2014q4/bin/../lib/gcc/arm-none-eabi/4.9.3/../../../../arm-none-eabi/lib/armv7-m\libc.a(lib_a-reent.o)
 .ARM.attributes
                0x00000000       0x2d c:/program files (x86)/gnu tools arm embedded/4.9 2014q4/bin/../lib/gcc/arm-none-eabi/4.9.3/../../../../arm-none-eabi/lib/armv7-m\libc.a(lib_a-reent.o)
 COMMON         0x00000000        0x4 c:/program files (x86)/gnu tools arm embedded/4.9 2014q4/bin/../lib/gcc/arm-none-eabi/4.9.3/../../../../arm-none-eabi/lib/armv7-m\libc.a(lib_a-reent.o)

Memory Configuration

Name             Origin             Length             Attributes
rom              0x08000000         0x00010000         xr
ram              0x20000000         0x00005000         xrw
*default*        0x00000000         0xffffffff

Linker script and memory map

                0x20005000                _eram = 0x20005000

.text           0x08000000     0x462c
 *(.isr_vector)
 .isr_vector    0x08000000      0x10c ..\obj\startup_stm32f10x_md.o
                0x08000000                g_pfnVectors
 *(.text*)
 .text.SH_SendChar
                0x0800010c       0x68 ..\obj\semihosting.o
                0x0800010c                SH_SendChar
 .text.TIM_TimeBaseInit
                0x08000174       0xf8 ..\obj\stm32f10x_tim.o
                0x08000174                TIM_TimeBaseInit
 .text.TIM_OC1Init
                0x0800026c      0x118 ..\obj\stm32f10x_tim.o
                0x0800026c                TIM_OC1Init
 .text.TIM_OC2Init
                0x08000384      0x110 ..\obj\stm32f10x_tim.o
                0x08000384                TIM_OC2Init
 .text.TIM_OC3Init
                0x08000494      0x10c ..\obj\stm32f10x_tim.o
                0x08000494                TIM_OC3Init
 .text.TIM_OC4Init
                0x080005a0       0xd0 ..\obj\stm32f10x_tim.o
                0x080005a0                TIM_OC4Init
 .text.TIM_TimeBaseStructInit
                0x08000670       0x34 ..\obj\stm32f10x_tim.o
                0x08000670                TIM_TimeBaseStructInit
 .text.TIM_OCStructInit
                0x080006a4       0x44 ..\obj\stm32f10x_tim.o
                0x080006a4                TIM_OCStructInit
 .text.TIM_Cmd  0x080006e8       0x40 ..\obj\stm32f10x_tim.o
                0x080006e8                TIM_Cmd
 .text.TIM_ARRPreloadConfig
                0x08000728       0x40 ..\obj\stm32f10x_tim.o
                0x08000728                TIM_ARRPreloadConfig
 .text.SystemInit
                0x08000768       0x68 ..\obj\system_stm32f10x.o
                0x08000768                SystemInit
 .text.SetSysClock
                0x080007d0        0xc ..\obj\system_stm32f10x.o
 .text.SetSysClockTo72
                0x080007dc      0x100 ..\obj\system_stm32f10x.o
 .text._Z9CAN1Setupv
                0x080008dc       0xac ..\obj\CAN.o
                0x080008dc                CAN1Setup()
 .text._Z8CAN1SendthPh
                0x08000988       0x68 ..\obj\CAN.o
                0x08000988                CAN1Send(unsigned short, unsigned char, unsigned char*)
 .text.NVIC_SetPriority
                0x080009f0       0x54 ..\obj\SYSTEM.o
 .text.SysTick_Config
                0x08000a44       0x44 ..\obj\SYSTEM.o
 .text._Z5setupv
                0x08000a88       0x20 ..\obj\SYSTEM.o
                0x08000a88                setup()
 .text.SysTick_Handler
                0x08000aa8       0x24 ..\obj\SYSTEM.o
                0x08000aa8                SysTick_Handler
 .text._Z5delaym
                0x08000acc       0x28 ..\obj\SYSTEM.o
                0x08000acc                delay(unsigned long)
 .text.Default_Reset_Handler
                0x08000af4       0x5c ..\obj\startup_stm32f10x_md.o
                0x08000af4                Default_Reset_Handler
                0x08000af4                Reset_Handler
 .text.Default_Handler
                0x08000b50        0x8 ..\obj\startup_stm32f10x_md.o
                0x08000b50                EXTI2_IRQHandler
                0x08000b50                DebugMon_Handler
                0x08000b50                TIM1_CC_IRQHandler
                0x08000b50                PVD_IRQHandler
                0x08000b50                PendSV_Handler
                0x08000b50                NMI_Handler
                0x08000b50                EXTI3_IRQHandler
                0x08000b50                I2C2_EV_IRQHandler
                0x08000b50                UsageFault_Handler
                0x08000b50                ADC1_2_IRQHandler
                0x08000b50                SPI1_IRQHandler
                0x08000b50                TAMPER_IRQHandler
                0x08000b50                DMA1_Channel4_IRQHandler
                0x08000b50                USART3_IRQHandler
                0x08000b50                RTC_IRQHandler
                0x08000b50                DMA1_Channel7_IRQHandler
                0x08000b50                TIM4_IRQHandler
                0x08000b50                I2C1_EV_IRQHandler
                0x08000b50                DMA1_Channel6_IRQHandler
                0x08000b50                TIM3_IRQHandler
                0x08000b50                RCC_IRQHandler
                0x08000b50                TIM1_TRG_COM_IRQHandler
                0x08000b50                DMA1_Channel1_IRQHandler
                0x08000b50                EXTI15_10_IRQHandler
                0x08000b50                EXTI9_5_IRQHandler
                0x08000b50                SPI2_IRQHandler
                0x08000b50                MemManage_Handler
                0x08000b50                SVC_Handler
                0x08000b50                DMA1_Channel5_IRQHandler
                0x08000b50                EXTI4_IRQHandler
                0x08000b50                USB_HP_CAN1_TX_IRQHandler
                0x08000b50                DMA1_Channel3_IRQHandler
                0x08000b50                TIM1_UP_IRQHandler
                0x08000b50                WWDG_IRQHandler
                0x08000b50                TIM2_IRQHandler
                0x08000b50                TIM1_BRK_IRQHandler
                0x08000b50                EXTI1_IRQHandler
                0x08000b50                RTCAlarm_IRQHandler
                0x08000b50                I2C2_ER_IRQHandler
                0x08000b50                DMA1_Channel2_IRQHandler
                0x08000b50                CAN1_SCE_IRQHandler
                0x08000b50                FLASH_IRQHandler
                0x08000b50                BusFault_Handler
                0x08000b50                I2C1_ER_IRQHandler
                0x08000b50                USBWakeUp_IRQHandler
 .text.CAN_DeInit
                0x08000b58       0x44 ..\obj\stm32f10x_can.o
                0x08000b58                CAN_DeInit
 .text.CAN_Init
                0x08000b9c      0x1a4 ..\obj\stm32f10x_can.o
                0x08000b9c                CAN_Init
 .text.CAN_FilterInit
                0x08000d40      0x174 ..\obj\stm32f10x_can.o
                0x08000d40                CAN_FilterInit
 .text.CAN_StructInit
                0x08000eb4       0x54 ..\obj\stm32f10x_can.o
                0x08000eb4                CAN_StructInit
 .text.CAN_Transmit
                0x08000f08      0x190 ..\obj\stm32f10x_can.o
                0x08000f08                CAN_Transmit
 .text.CAN_Receive
                0x08001098      0x170 ..\obj\stm32f10x_can.o
                0x08001098                CAN_Receive
 .text.CAN_ITConfig
                0x08001208       0x3c ..\obj\stm32f10x_can.o
                0x08001208                CAN_ITConfig
 .text.GPIO_Init
                0x08001244      0x180 ..\obj\stm32f10x_gpio.o
                0x08001244                GPIO_Init
 .text.GPIO_StructInit
                0x080013c4       0x28 ..\obj\stm32f10x_gpio.o
                0x080013c4                GPIO_StructInit
 .text.GPIO_WriteBit
                0x080013ec       0x30 ..\obj\stm32f10x_gpio.o
                0x080013ec                GPIO_WriteBit
 .text.GPIO_PinRemapConfig
                0x0800141c       0xe0 ..\obj\stm32f10x_gpio.o
                0x0800141c                GPIO_PinRemapConfig
 .text.main     0x080014fc      0x290 ..\obj\main.o
                0x080014fc                main
 .text.USB_LP_CAN1_RX0_IRQHandler
                0x0800178c       0x24 ..\obj\main.o
                0x0800178c                USB_LP_CAN1_RX0_IRQHandler
 .text.CAN1_RX1_IRQHandler
                0x080017b0       0x24 ..\obj\main.o
                0x080017b0                CAN1_RX1_IRQHandler
 .text.EXTI0_IRQHandler
                0x080017d4       0x24 ..\obj\main.o
                0x080017d4                EXTI0_IRQHandler
 .text._ZN4GPIO5setupEP12GPIO_TypeDeft16GPIOMode_TypeDef
                0x080017f8       0x80 ..\obj\GPIO.o
                0x080017f8                GPIO::setup(GPIO_TypeDef*, unsigned short, GPIOMode_TypeDef)
 .text._ZN4GPIO5writeE9BitAction
                0x08001878       0x2c ..\obj\GPIO.o
                0x08001878                GPIO::write(BitAction)
 .text._Z9GPIOSetupv
                0x080018a4       0x28 ..\obj\GPIO.o
                0x080018a4                GPIOSetup()
 .text._ZN3ADC5setupEP11ADC_TypeDefh
                0x080018cc       0x60 ..\obj\ADC.o
                0x080018cc                ADC::setup(ADC_TypeDef*, unsigned char)
 .text._ZN3ADC4readEv
                0x0800192c       0x50 ..\obj\ADC.o
                0x0800192c                ADC::read()
 .text._Z9ADC1Setuph
                0x0800197c       0x94 ..\obj\ADC.o
                0x0800197c                ADC1Setup(unsigned char)
 .text._Z9ADC2Setuph
                0x08001a10       0x94 ..\obj\ADC.o
                0x08001a10                ADC2Setup(unsigned char)
 .text._Z8ADC1Readh
                0x08001aa4       0x50 ..\obj\ADC.o
                0x08001aa4                ADC1Read(unsigned char)
 .text._Z8ADC2Readh
                0x08001af4       0x50 ..\obj\ADC.o
                0x08001af4                ADC2Read(unsigned char)
 .text.PrintChar
                0x08001b44       0x38 ..\obj\printf.o
                0x08001b44                PrintChar
 .text.PutChar  0x08001b7c       0x20 ..\obj\printf.o
                0x08001b7c                PutChar
 .text.PutString
                0x08001b9c       0x3c ..\obj\printf.o
                0x08001b9c                PutString
 .text.PutUnsignedInt
                0x08001bd8       0xa0 ..\obj\printf.o
                0x08001bd8                PutUnsignedInt
 .text.PutSignedInt
                0x08001c78      0x104 ..\obj\printf.o
                0x08001c78                PutSignedInt
 .text.PutHexa  0x08001d7c       0xd8 ..\obj\printf.o
                0x08001d7c                PutHexa
 .text.vsnprintf
                0x08001e54      0x25c ..\obj\printf.o
                0x08001e54                vsnprintf
 .text.vsprintf
                0x080020b0       0x24 ..\obj\printf.o
                0x080020b0                vsprintf
 .text.vfprintf
                0x080020d4       0x68 ..\obj\printf.o
                0x080020d4                vfprintf
 .text.vprintf  0x0800213c       0x28 ..\obj\printf.o
                0x0800213c                vprintf
 .text.printf   0x08002164       0x28 ..\obj\printf.o
                0x08002164                printf
 .text.fputc    0x0800218c       0x40 ..\obj\printf.o
                0x0800218c                fputc
 .text.fputs    0x080021cc       0x48 ..\obj\printf.o
                0x080021cc                fputs
 .text.RCC_ADCCLKConfig
                0x08002214       0x38 ..\obj\stm32f10x_rcc.o
                0x08002214                RCC_ADCCLKConfig
 .text.RCC_GetClocksFreq
                0x0800224c      0x164 ..\obj\stm32f10x_rcc.o
                0x0800224c                RCC_GetClocksFreq
 .text.RCC_APB2PeriphClockCmd
                0x080023b0       0x3c ..\obj\stm32f10x_rcc.o
                0x080023b0                RCC_APB2PeriphClockCmd
 .text.RCC_APB1PeriphClockCmd
                0x080023ec       0x3c ..\obj\stm32f10x_rcc.o
                0x080023ec                RCC_APB1PeriphClockCmd
 .text.RCC_APB1PeriphResetCmd
                0x08002428       0x3c ..\obj\stm32f10x_rcc.o
                0x08002428                RCC_APB1PeriphResetCmd
 .text.EXTI_ClearITPendingBit
                0x08002464       0x1c ..\obj\stm32f10x_exti.o
                0x08002464                EXTI_ClearITPendingBit
 .text.ADC_Init
                0x08002480       0xa4 ..\obj\stm32f10x_adc.o
                0x08002480                ADC_Init
 .text.ADC_StructInit
                0x08002524       0x38 ..\obj\stm32f10x_adc.o
                0x08002524                ADC_StructInit
 .text.ADC_Cmd  0x0800255c       0x38 ..\obj\stm32f10x_adc.o
                0x0800255c                ADC_Cmd
 .text.ADC_ResetCalibration
                0x08002594       0x20 ..\obj\stm32f10x_adc.o
                0x08002594                ADC_ResetCalibration
 .text.ADC_GetResetCalibrationStatus
                0x080025b4       0x30 ..\obj\stm32f10x_adc.o
                0x080025b4                ADC_GetResetCalibrationStatus
 .text.ADC_StartCalibration
                0x080025e4       0x20 ..\obj\stm32f10x_adc.o
                0x080025e4                ADC_StartCalibration
 .text.ADC_GetCalibrationStatus
                0x08002604       0x30 ..\obj\stm32f10x_adc.o
                0x08002604                ADC_GetCalibrationStatus
 .text.ADC_SoftwareStartConvCmd
                0x08002634       0x38 ..\obj\stm32f10x_adc.o
                0x08002634                ADC_SoftwareStartConvCmd
 .text.ADC_RegularChannelConfig
                0x0800266c      0x194 ..\obj\stm32f10x_adc.o
                0x0800266c                ADC_RegularChannelConfig
 .text.ADC_GetConversionValue
                0x08002800       0x1c ..\obj\stm32f10x_adc.o
                0x08002800                ADC_GetConversionValue
 .text.ADC_GetFlagStatus
                0x0800281c       0x34 ..\obj\stm32f10x_adc.o
                0x0800281c                ADC_GetFlagStatus
 .text.USART_Init
                0x08002850      0x174 ..\obj\stm32f10x_usart.o
                0x08002850                USART_Init
 .text.USART_StructInit
                0x080029c4       0x38 ..\obj\stm32f10x_usart.o
                0x080029c4                USART_StructInit
 .text.USART_Cmd
                0x080029fc       0x40 ..\obj\stm32f10x_usart.o
                0x080029fc                USART_Cmd
 .text.USART_ITConfig
                0x08002a3c       0x90 ..\obj\stm32f10x_usart.o
                0x08002a3c                USART_ITConfig
 .text.USART_SendData
                0x08002acc       0x24 ..\obj\stm32f10x_usart.o
                0x08002acc                USART_SendData
 .text.USART_ReceiveData
                0x08002af0       0x20 ..\obj\stm32f10x_usart.o
                0x08002af0                USART_ReceiveData
 .text.USART_GetFlagStatus
                0x08002b10       0x38 ..\obj\stm32f10x_usart.o
                0x08002b10                USART_GetFlagStatus
 .text.USART_GetITStatus
                0x08002b48       0xb8 ..\obj\stm32f10x_usart.o
                0x08002b48                USART_GetITStatus
 .text          0x08002c00       0x28 ..\obj\sh_cmd.o
                0x08002c00                SH_DoCommand
                0x08002c12                HardFault_Handler
 .text.abort    0x08002c28        0x8 ..\obj\syscalls.o
                0x08002c28                abort
 .text.NVIC_Init
                0x08002c30       0xc4 ..\obj\misc.o
                0x08002c30                NVIC_Init
 .text._ZN5USART5setupEP13USART_TypeDefm
                0x08002cf4       0x54 ..\obj\USART.o
                0x08002cf4                USART::setup(USART_TypeDef*, unsigned long)
 .text._ZN5USART4readEv
                0x08002d48       0xc4 ..\obj\USART.o
                0x08002d48                USART::read()
 .text._ZN5USART9availableEv
                0x08002e0c       0xa4 ..\obj\USART.o
                0x08002e0c                USART::available()
 .text._Z11USART2Setupm
                0x08002eb0       0x50 ..\obj\USART.o
                0x08002eb0                USART2Setup(unsigned long)
 .text._Z11USART1Setupm
                0x08002f00       0x50 ..\obj\USART.o
                0x08002f00                USART1Setup(unsigned long)
 .text._Z13USART2ITSetupt
                0x08002f50       0x38 ..\obj\USART.o
                0x08002f50                USART2ITSetup(unsigned short)
 .text._Z13USART1ITSetupt
                0x08002f88       0x38 ..\obj\USART.o
                0x08002f88                USART1ITSetup(unsigned short)
 .text.USART1_IRQHandler
                0x08002fc0       0xe8 ..\obj\USART.o
                0x08002fc0                USART1_IRQHandler
 .text.USART2_IRQHandler
                0x080030a8       0x88 ..\obj\USART.o
                0x080030a8                USART2_IRQHandler
 .text._ZN3PWM5setupEP11TIM_TypeDefttt
                0x08003130      0x110 ..\obj\TIM.o
                0x08003130                PWM::setup(TIM_TypeDef*, unsigned short, unsigned short, unsigned short)
 .text._ZN3PWM4dutyEt
                0x08003240       0x9c ..\obj\TIM.o
                0x08003240                PWM::duty(unsigned short)
 .text._Z12TIM2PWMSetupt
                0x080032dc       0x3c ..\obj\TIM.o
                0x080032dc                TIM2PWMSetup(unsigned short)
 .text._Z12TIM3PWMSetupt
                0x08003318       0x40 ..\obj\TIM.o
                0x08003318                TIM3PWMSetup(unsigned short)
 .text._Z12TIM4PWMSetupt
                0x08003358       0x40 ..\obj\TIM.o
                0x08003358                TIM4PWMSetup(unsigned short)
 .text._Z11OC1PWMSetupP11TIM_TypeDeft
                0x08003398       0x4c ..\obj\TIM.o
                0x08003398                OC1PWMSetup(TIM_TypeDef*, unsigned short)
 .text._Z11OC2PWMSetupP11TIM_TypeDeft
                0x080033e4       0x4c ..\obj\TIM.o
                0x080033e4                OC2PWMSetup(TIM_TypeDef*, unsigned short)
 .text._Z11OC3PWMSetupP11TIM_TypeDeft
                0x08003430       0x4c ..\obj\TIM.o
                0x08003430                OC3PWMSetup(TIM_TypeDef*, unsigned short)
 .text._Z11OC4PWMSetupP11TIM_TypeDeft
                0x0800347c       0x4c ..\obj\TIM.o
                0x0800347c                OC4PWMSetup(TIM_TypeDef*, unsigned short)
 .text._Z10OC1DutySetP11TIM_TypeDeft
                0x080034c8       0x1c ..\obj\TIM.o
                0x080034c8                OC1DutySet(TIM_TypeDef*, unsigned short)
 .text._Z10OC2DutySetP11TIM_TypeDeft
                0x080034e4       0x1c ..\obj\TIM.o
                0x080034e4                OC2DutySet(TIM_TypeDef*, unsigned short)
 .text._Z10OC3DutySetP11TIM_TypeDeft
                0x08003500       0x1c ..\obj\TIM.o
                0x08003500                OC3DutySet(TIM_TypeDef*, unsigned short)
 .text._Z10OC4DutySetP11TIM_TypeDeft
                0x0800351c       0x20 ..\obj\TIM.o
                0x0800351c                OC4DutySet(TIM_TypeDef*, unsigned short)
 .text          0x0800353c      0xa54 c:/program files (x86)/gnu tools arm embedded/4.9 2014q4/bin/../lib/gcc/arm-none-eabi/4.9.3/armv7-m\libgcc.a(unwind-arm.o)
                0x0800381c                _Unwind_GetCFA
                0x08003820                __gnu_Unwind_RaiseException
                0x08003880                __gnu_Unwind_ForcedUnwind
                0x08003894                __gnu_Unwind_Resume
                0x080038d8                __gnu_Unwind_Resume_or_Rethrow
                0x080038ec                _Unwind_Complete
                0x080038f0                _Unwind_DeleteException
                0x080038fc                _Unwind_VRS_Get
                0x0800394c                _Unwind_VRS_Set
                0x0800399c                __gnu_Unwind_Backtrace
                0x08003ce0                __aeabi_unwind_cpp_pr0
                0x08003ce4                __aeabi_unwind_cpp_pr1
                0x08003ce8                __aeabi_unwind_cpp_pr2
                0x08003cec                _Unwind_VRS_Pop
 .text          0x08003f90      0x1ac c:/program files (x86)/gnu tools arm embedded/4.9 2014q4/bin/../lib/gcc/arm-none-eabi/4.9.3/armv7-m\libgcc.a(libunwind.o)
                0x08003f90                __restore_core_regs
                0x08003f90                restore_core_regs
                0x08003fa8                __gnu_Unwind_Restore_VFP
                0x08003fb0                __gnu_Unwind_Save_VFP
                0x08003fb8                __gnu_Unwind_Restore_VFP_D
                0x08003fc0                __gnu_Unwind_Save_VFP_D
                0x08003fc8                __gnu_Unwind_Restore_VFP_D_16_to_31
                0x08003fd0                __gnu_Unwind_Save_VFP_D_16_to_31
                0x08003fd8                __gnu_Unwind_Restore_WMMXD
                0x0800401c                __gnu_Unwind_Save_WMMXD
                0x08004060                __gnu_Unwind_Restore_WMMXC
                0x08004074                __gnu_Unwind_Save_WMMXC
                0x08004088                ___Unwind_RaiseException
                0x08004088                _Unwind_RaiseException
                0x080040ac                _Unwind_Resume
                0x080040ac                ___Unwind_Resume
                0x080040d0                _Unwind_Resume_or_Rethrow
                0x080040d0                ___Unwind_Resume_or_Rethrow
                0x080040f4                _Unwind_ForcedUnwind
                0x080040f4                ___Unwind_ForcedUnwind
                0x08004118                ___Unwind_Backtrace
                0x08004118                _Unwind_Backtrace
 .text          0x0800413c      0x37c c:/program files (x86)/gnu tools arm embedded/4.9 2014q4/bin/../lib/gcc/arm-none-eabi/4.9.3/armv7-m\libgcc.a(pr-support.o)
                0x08004194                __gnu_unwind_execute
                0x08004460                __gnu_unwind_frame
                0x08004488                _Unwind_GetRegionStart
                0x08004494                _Unwind_GetLanguageSpecificData
                0x080044a8                _Unwind_GetDataRelBase
                0x080044b0                _Unwind_GetTextRelBase
 .text          0x080044b8       0xec c:/program files (x86)/gnu tools arm embedded/4.9 2014q4/bin/../lib/gcc/arm-none-eabi/4.9.3/../../../../arm-none-eabi/lib/armv7-m\libc.a(lib_a-memcpy.o)
                0x080044b8                memcpy
 *(.init)
 *(.fini)
 *crtbegin.o(.ctors)
 *crtbegin?.o(.ctors)
 *(EXCLUDE_FILE(*crtend.o *crtend?.o) .ctors)
 *(SORT(.ctors.*))
 *(.ctors)
 *crtbegin.o(.dtors)
 *crtbegin?.o(.dtors)
 *(EXCLUDE_FILE(*crtend.o *crtend?.o) .dtors)
 *(SORT(.dtors.*))
 *(.dtors)
 *(.rodata*)
 .rodata        0x080045a4       0x64 ..\obj\main.o
 .rodata        0x08004608       0x24 ..\obj\printf.o
 *(.eh_fram e*)

.glue_7         0x0800462c        0x0
 .glue_7        0x00000000        0x0 linker stubs

.glue_7t        0x0800462c        0x0
 .glue_7t       0x00000000        0x0 linker stubs

.vfp11_veneer   0x0800462c        0x0
 .vfp11_veneer  0x00000000        0x0 linker stubs

.v4_bx          0x0800462c        0x0
 .v4_bx         0x00000000        0x0 linker stubs

.iplt           0x0800462c        0x0
 .iplt          0x00000000        0x0 ..\obj\semihosting.o

.ARM.extab      0x0800462c      0x150
 *(.ARM.extab* .gnu.linkonce.armextab.*)
 .ARM.extab.text._Z9CAN1Setupv
                0x0800462c        0xc ..\obj\CAN.o
 .ARM.extab.text._Z8CAN1SendthPh
                0x08004638        0xc ..\obj\CAN.o
 .ARM.extab.text.main
                0x08004644        0xc ..\obj\main.o
 .ARM.extab.text._ZN4GPIO5setupEP12GPIO_TypeDeft16GPIOMode_TypeDef
                0x08004650        0xc ..\obj\GPIO.o
 .ARM.extab.text._ZN4GPIO5writeE9BitAction
                0x0800465c        0xc ..\obj\GPIO.o
 .ARM.extab.text._ZN3ADC5setupEP11ADC_TypeDefh
                0x08004668        0xc ..\obj\ADC.o
 .ARM.extab.text._ZN3ADC4readEv
                0x08004674        0xc ..\obj\ADC.o
 .ARM.extab.text._Z9ADC1Setuph
                0x08004680        0xc ..\obj\ADC.o
 .ARM.extab.text._Z9ADC2Setuph
                0x0800468c        0xc ..\obj\ADC.o
 .ARM.extab.text._Z8ADC1Readh
                0x08004698        0xc ..\obj\ADC.o
 .ARM.extab.text._Z8ADC2Readh
                0x080046a4        0xc ..\obj\ADC.o
 .ARM.extab.text._ZN5USART5setupEP13USART_TypeDefm
                0x080046b0        0xc ..\obj\USART.o
 .ARM.extab.text._Z11USART2Setupm
                0x080046bc        0xc ..\obj\USART.o
 .ARM.extab.text._Z11USART1Setupm
                0x080046c8        0xc ..\obj\USART.o
 .ARM.extab.text._Z13USART2ITSetupt
                0x080046d4        0xc ..\obj\USART.o
 .ARM.extab.text._Z13USART1ITSetupt
                0x080046e0        0xc ..\obj\USART.o
 .ARM.extab.text.USART1_IRQHandler
                0x080046ec        0xc ..\obj\USART.o
 .ARM.extab.text.USART2_IRQHandler
                0x080046f8        0xc ..\obj\USART.o
 .ARM.extab.text._ZN3PWM5setupEP11TIM_TypeDefttt
                0x08004704        0xc ..\obj\TIM.o
 .ARM.extab.text._Z12TIM2PWMSetupt
                0x08004710        0xc ..\obj\TIM.o
 .ARM.extab.text._Z12TIM3PWMSetupt
                0x0800471c        0xc ..\obj\TIM.o
 .ARM.extab.text._Z12TIM4PWMSetupt
                0x08004728        0xc ..\obj\TIM.o
 .ARM.extab.text._Z11OC1PWMSetupP11TIM_TypeDeft
                0x08004734        0xc ..\obj\TIM.o
 .ARM.extab.text._Z11OC2PWMSetupP11TIM_TypeDeft
                0x08004740        0xc ..\obj\TIM.o
 .ARM.extab.text._Z11OC3PWMSetupP11TIM_TypeDeft
                0x0800474c        0xc ..\obj\TIM.o
 .ARM.extab.text._Z11OC4PWMSetupP11TIM_TypeDeft
                0x08004758        0xc ..\obj\TIM.o
 .ARM.extab     0x08004764       0x18 c:/program files (x86)/gnu tools arm embedded/4.9 2014q4/bin/../lib/gcc/arm-none-eabi/4.9.3/armv7-m\libgcc.a(pr-support.o)
                0x0800477c                __exidx_start = .

.ARM.exidx      0x0800477c      0x1b8
 *(.ARM.exidx* .gnu.linkonce.armexidx.*)
 .ARM.exidx.text._Z9CAN1Setupv
                0x0800477c        0x8 ..\obj\CAN.o
 .ARM.exidx.text._Z8CAN1SendthPh
                0x08004784        0x8 ..\obj\CAN.o
 .ARM.exidx.text.NVIC_SetPriority
                0x0800478c        0x8 ..\obj\SYSTEM.o
 .ARM.exidx.text.SysTick_Config
                0x08004794        0x0 ..\obj\SYSTEM.o
                                  0x8 (size before relaxing)
 .ARM.exidx.text._Z5setupv
                0x08004794        0x0 ..\obj\SYSTEM.o
                                  0x8 (size before relaxing)
 .ARM.exidx.text.SysTick_Handler
                0x08004794        0x0 ..\obj\SYSTEM.o
                                  0x8 (size before relaxing)
 .ARM.exidx.text._Z5delaym
                0x08004794        0x0 ..\obj\SYSTEM.o
                                  0x8 (size before relaxing)
 .ARM.exidx.text.main
                0x08004794        0x8 ..\obj\main.o
 .ARM.exidx.text.USB_LP_CAN1_RX0_IRQHandler
                0x0800479c        0x8 ..\obj\main.o
 .ARM.exidx.text.CAN1_RX1_IRQHandler
                0x080047a4        0x0 ..\obj\main.o
                                  0x8 (size before relaxing)
 .ARM.exidx.text.EXTI0_IRQHandler
                0x080047a4        0x0 ..\obj\main.o
                                  0x8 (size before relaxing)
 .ARM.exidx.text._ZN4GPIO5setupEP12GPIO_TypeDeft16GPIOMode_TypeDef
                0x080047a4        0x8 ..\obj\GPIO.o
 .ARM.exidx.text._ZN4GPIO5writeE9BitAction
                0x080047ac        0x8 ..\obj\GPIO.o
 .ARM.exidx.text._Z9GPIOSetupv
                0x080047b4        0x8 ..\obj\GPIO.o
 .ARM.exidx.text._ZN3ADC5setupEP11ADC_TypeDefh
                0x080047bc        0x8 ..\obj\ADC.o
 .ARM.exidx.text._ZN3ADC4readEv
                0x080047c4        0x8 ..\obj\ADC.o
 .ARM.exidx.text._Z9ADC1Setuph
                0x080047cc        0x8 ..\obj\ADC.o
 .ARM.exidx.text._Z9ADC2Setuph
                0x080047d4        0x8 ..\obj\ADC.o
 .ARM.exidx.text._Z8ADC1Readh
                0x080047dc        0x8 ..\obj\ADC.o
 .ARM.exidx.text._Z8ADC2Readh
                0x080047e4       0x10 ..\obj\ADC.o
                                  0x8 (size before relaxing)
 .ARM.exidx.text._ZN5USART5setupEP13USART_TypeDefm
                0x080047f4        0x8 ..\obj\USART.o
 .ARM.exidx.text._ZN5USART4readEv
                0x080047fc        0x8 ..\obj\USART.o
 .ARM.exidx.text._ZN5USART9availableEv
                0x08004804        0x0 ..\obj\USART.o
                                  0x8 (size before relaxing)
 .ARM.exidx.text._Z11USART2Setupm
                0x08004804        0x8 ..\obj\USART.o
 .ARM.exidx.text._Z11USART1Setupm
                0x0800480c        0x8 ..\obj\USART.o
 .ARM.exidx.text._Z13USART2ITSetupt
                0x08004814        0x8 ..\obj\USART.o
 .ARM.exidx.text._Z13USART1ITSetupt
                0x0800481c        0x8 ..\obj\USART.o
 .ARM.exidx.text.USART1_IRQHandler
                0x08004824        0x8 ..\obj\USART.o
 .ARM.exidx.text.USART2_IRQHandler
                0x0800482c        0x8 ..\obj\USART.o
 .ARM.exidx.text._ZN3PWM5setupEP11TIM_TypeDefttt
                0x08004834        0x8 ..\obj\TIM.o
 .ARM.exidx.text._ZN3PWM4dutyEt
                0x0800483c        0x8 ..\obj\TIM.o
 .ARM.exidx.text._Z12TIM2PWMSetupt
                0x08004844        0x8 ..\obj\TIM.o
 .ARM.exidx.text._Z12TIM3PWMSetupt
                0x0800484c        0x8 ..\obj\TIM.o
 .ARM.exidx.text._Z12TIM4PWMSetupt
                0x08004854        0x8 ..\obj\TIM.o
 .ARM.exidx.text._Z11OC1PWMSetupP11TIM_TypeDeft
                0x0800485c        0x8 ..\obj\TIM.o
 .ARM.exidx.text._Z11OC2PWMSetupP11TIM_TypeDeft
                0x08004864        0x8 ..\obj\TIM.o
 .ARM.exidx.text._Z11OC3PWMSetupP11TIM_TypeDeft
                0x0800486c        0x8 ..\obj\TIM.o
 .ARM.exidx.text._Z11OC4PWMSetupP11TIM_TypeDeft
                0x08004874        0x8 ..\obj\TIM.o
 .ARM.exidx.text._Z10OC1DutySetP11TIM_TypeDeft
                0x0800487c        0x8 ..\obj\TIM.o
 .ARM.exidx.text._Z10OC2DutySetP11TIM_TypeDeft
                0x08004884        0x0 ..\obj\TIM.o
                                  0x8 (size before relaxing)
 .ARM.exidx.text._Z10OC3DutySetP11TIM_TypeDeft
                0x08004884        0x0 ..\obj\TIM.o
                                  0x8 (size before relaxing)
 .ARM.exidx.text._Z10OC4DutySetP11TIM_TypeDeft
                0x08004884        0x0 ..\obj\TIM.o
                                  0x8 (size before relaxing)
 .ARM.exidx     0x08004884       0x78 c:/program files (x86)/gnu tools arm embedded/4.9 2014q4/bin/../lib/gcc/arm-none-eabi/4.9.3/armv7-m\libgcc.a(unwind-arm.o)
                                 0xd8 (size before relaxing)
 .ARM.exidx     0x080048fc       0x38 c:/program files (x86)/gnu tools arm embedded/4.9 2014q4/bin/../lib/gcc/arm-none-eabi/4.9.3/armv7-m\libgcc.a(pr-support.o)
                                 0x48 (size before relaxing)
                0x08004934                __exidx_end = .
                0x08004934                __etext = .
                0x08004934                _sidata = __etext

.rel.dyn        0x08004934        0x0
 .rel.iplt      0x00000000        0x0 ..\obj\semihosting.o

.data           0x20000000      0x460 load address 0x08004934
                0x20000000                __data_start__ = .
                0x20000000                _sdata = __data_start__
 *(vtable)
 *(.data*)
 .data          0x20000000       0x14 ..\obj\system_stm32f10x.o
                0x20000000                SystemCoreClock
                0x20000004                AHBPrescTable
 *fill*         0x20000014        0x4 
 .data          0x20000018      0x430 ..\obj\printf.o
                0x20000018                r
                0x20000440                _impure_ptr
 .data          0x20000448       0x14 ..\obj\stm32f10x_rcc.o
 .data          0x2000045c        0x4 ..\obj\USART.o
                0x2000045c                USART::usart1RxAddress
                0x2000045e                USART::usart2RxAddress
                0x20000460                . = ALIGN (0x4)
                0x20000460                PROVIDE (__preinit_array_start, .)
 *(.preinit_array)
                0x20000460                PROVIDE (__preinit_array_end, .)
                0x20000460                . = ALIGN (0x4)
                0x20000460                PROVIDE (__init_array_start, .)
 *(SORT(.init_array.*))
 *(.init_array)
                0x20000460                PROVIDE (__init_array_end, .)
                0x20000460                . = ALIGN (0x4)
                0x20000460                PROVIDE (__fini_array_start, .)
 *(SORT(.fini_array.*))
 *(.fini_array)
                0x20000460                PROVIDE (__fini_array_end, .)
 *(.jcr*)
                0x20000460                . = ALIGN (0x4)
                0x20000460                __data_end__ = .
                0x20000460                _edata = __data_end__

.igot.plt       0x20000460        0x0 load address 0x08004d94
 .igot.plt      0x00000000        0x0 ..\obj\semihosting.o

.bss            0x20000460      0x118 load address 0x08004d94
                0x20000460                . = ALIGN (0x4)
                0x20000460                __bss_start__ = .
                0x20000460                _sbss = __bss_start__
 *(.bss*)
 .bss           0x20000460       0x14 ..\obj\semihosting.o
 .bss           0x20000474        0x4 ..\obj\SYSTEM.o
 .bss           0x20000478       0xd0 ..\obj\main.o
                0x2000047c                a
                0x2000047e                rxFlag
                0x20000480                enc1
                0x20000484                canData
                0x2000048c                RxMessage
                0x200004a0                led
                0x200004ac                canRx
                0x200004b8                canTx
                0x200004c4                usart1Tx
                0x200004d0                usart1Rx
                0x200004dc                usart2Tx
                0x200004e8                usart2Rx
                0x200004f4                aIn
                0x20000500                encA
                0x2000050c                encB
                0x20000518                encZ
                0x20000524                pwmout
                0x20000530                pwm
                0x2000053c                pot
                0x20000544                serial
 .bss           0x20000548       0x30 ..\obj\USART.o
                0x20000548                USART::usart1RxBuffer
                0x20000550                USART::usart1ReadAddress
                0x20000554                USART::usart2RxBuffer
                0x2000055c                USART::usart2ReadAddress
                0x20000560                USART::usart1TxBuffer
                0x20000568                USART::usart1TxSendAddress
                0x2000056a                USART::usart1TxWriteAddress
                0x2000056c                USART::usart2TxBuffer
                0x20000574                USART::usart2TxSendAddress
                0x20000576                USART::usart2TxWriteAddress
 *(COMMON)
                0x20000578                . = ALIGN (0x4)
                0x20000578                __bss_end__ = .
                0x20000578                _ebss = __bss_end__

.heap           0x20000578        0x0
                0x20000578                __end__ = .
                0x20000578                _end = __end__
                0x20000578                end = __end__
 *(.heap*)
                0x20000578                __HeapLimit = .

.co_stack       0x20000578      0x400 load address 0x08004eac
                0x20000578                . = ALIGN (0x8)
 *(.co_stack .co_stack.*)
 .co_stack      0x20000578      0x400 ..\obj\startup_stm32f10x_md.o
                0x20000578                pulStack
                0x20005000                __StackTop = (ORIGIN (ram) + 0x5000)
                0x20004c00                __StackLimit = (__StackTop - SIZEOF (.co_stack))
                0x20005000                PROVIDE (__stack, __StackTop)
                0x00000001                ASSERT ((__StackLimit >= __HeapLimit), region ram  overflowed with stack)
LOAD ..\obj\semihosting.o
LOAD ..\obj\stm32f10x_tim.o
LOAD ..\obj\system_stm32f10x.o
LOAD ..\obj\CAN.o
LOAD ..\obj\SYSTEM.o
LOAD ..\obj\startup_stm32f10x_md.o
LOAD ..\obj\stm32f10x_can.o
LOAD ..\obj\stm32f10x_gpio.o
LOAD ..\obj\main.o
LOAD ..\obj\GPIO.o
LOAD ..\obj\ADC.o
LOAD ..\obj\printf.o
LOAD ..\obj\stm32f10x_rcc.o
LOAD ..\obj\stm32f10x_exti.o
LOAD ..\obj\stm32f10x_adc.o
LOAD ..\obj\stm32f10x_usart.o
LOAD ..\obj\sh_cmd.o
LOAD ..\obj\syscalls.o
LOAD ..\obj\REMAP.o
LOAD ..\obj\misc.o
LOAD ..\obj\USART.o
LOAD ..\obj\TIM.o
LOAD c:/program files (x86)/gnu tools arm embedded/4.9 2014q4/bin/../lib/gcc/arm-none-eabi/4.9.3/../../../../arm-none-eabi/lib/armv7-m\libm.a
LOAD c:/program files (x86)/gnu tools arm embedded/4.9 2014q4/bin/../lib/gcc/arm-none-eabi/4.9.3/armv7-m\libgcc.a
LOAD c:/program files (x86)/gnu tools arm embedded/4.9 2014q4/bin/../lib/gcc/arm-none-eabi/4.9.3/../../../../arm-none-eabi/lib/armv7-m\libc.a
LOAD c:/program files (x86)/gnu tools arm embedded/4.9 2014q4/bin/../lib/gcc/arm-none-eabi/4.9.3/../../../../arm-none-eabi/lib/armv7-m\libstdc++.a
START GROUP
LOAD c:/program files (x86)/gnu tools arm embedded/4.9 2014q4/bin/../lib/gcc/arm-none-eabi/4.9.3/armv7-m\libgcc.a
LOAD c:/program files (x86)/gnu tools arm embedded/4.9 2014q4/bin/../lib/gcc/arm-none-eabi/4.9.3/../../../../arm-none-eabi/lib/armv7-m\libg.a
LOAD c:/program files (x86)/gnu tools arm embedded/4.9 2014q4/bin/../lib/gcc/arm-none-eabi/4.9.3/../../../../arm-none-eabi/lib/armv7-m\libc.a
END GROUP
OUTPUT(F103_48.elf elf32-littlearm)

.debug_info     0x00000000     0xa203
 .debug_info    0x00000000      0x122 ..\obj\semihosting.o
 .debug_info    0x00000122     0x1c58 ..\obj\stm32f10x_tim.o
 .debug_info    0x00001d7a      0x479 ..\obj\system_stm32f10x.o
 .debug_info    0x000021f3      0x74a ..\obj\CAN.o
 .debug_info    0x0000293d      0x5d8 ..\obj\SYSTEM.o
 .debug_info    0x00002f15       0xfc ..\obj\startup_stm32f10x_md.o
 .debug_info    0x00003011      0xb9c ..\obj\stm32f10x_can.o
 .debug_info    0x00003bad      0x6e7 ..\obj\stm32f10x_gpio.o
 .debug_info    0x00004294      0xe38 ..\obj\main.o
 .debug_info    0x000050cc      0x491 ..\obj\GPIO.o
 .debug_info    0x0000555d      0x47e ..\obj\ADC.o
 .debug_info    0x000059db      0xf5a ..\obj\printf.o
 .debug_info    0x00006935      0x88d ..\obj\stm32f10x_rcc.o
 .debug_info    0x000071c2      0x341 ..\obj\stm32f10x_exti.o
 .debug_info    0x00007503      0xb74 ..\obj\stm32f10x_adc.o
 .debug_info    0x00008077      0x9e8 ..\obj\stm32f10x_usart.o
 .debug_info    0x00008a5f       0xb3 ..\obj\sh_cmd.o
 .debug_info    0x00008b12      0x53d ..\obj\misc.o
 .debug_info    0x0000904f      0x9aa ..\obj\USART.o
 .debug_info    0x000099f9      0x80a ..\obj\TIM.o

.debug_abbrev   0x00000000     0x1f13
 .debug_abbrev  0x00000000       0x9e ..\obj\semihosting.o
 .debug_abbrev  0x0000009e      0x1b0 ..\obj\stm32f10x_tim.o
 .debug_abbrev  0x0000024e      0x14c ..\obj\system_stm32f10x.o
 .debug_abbrev  0x0000039a      0x175 ..\obj\CAN.o
 .debug_abbrev  0x0000050f      0x19d ..\obj\SYSTEM.o
 .debug_abbrev  0x000006ac       0xae ..\obj\startup_stm32f10x_md.o
 .debug_abbrev  0x0000075a      0x1f3 ..\obj\stm32f10x_can.o
 .debug_abbrev  0x0000094d      0x1c8 ..\obj\stm32f10x_gpio.o
 .debug_abbrev  0x00000b15      0x258 ..\obj\main.o
 .debug_abbrev  0x00000d6d      0x1d2 ..\obj\GPIO.o
 .debug_abbrev  0x00000f3f      0x1b8 ..\obj\ADC.o
 .debug_abbrev  0x000010f7      0x2a5 ..\obj\printf.o
 .debug_abbrev  0x0000139c      0x1ba ..\obj\stm32f10x_rcc.o
 .debug_abbrev  0x00001556      0x151 ..\obj\stm32f10x_exti.o
 .debug_abbrev  0x000016a7      0x198 ..\obj\stm32f10x_adc.o
 .debug_abbrev  0x0000183f      0x162 ..\obj\stm32f10x_usart.o
 .debug_abbrev  0x000019a1       0x14 ..\obj\sh_cmd.o
 .debug_abbrev  0x000019b5      0x145 ..\obj\misc.o
 .debug_abbrev  0x00001afa      0x25b ..\obj\USART.o
 .debug_abbrev  0x00001d55      0x1be ..\obj\TIM.o

.debug_aranges  0x00000000      0xbe0
 .debug_aranges
                0x00000000       0x30 ..\obj\semihosting.o
 .debug_aranges
                0x00000030      0x2f0 ..\obj\stm32f10x_tim.o
 .debug_aranges
                0x00000320       0x38 ..\obj\system_stm32f10x.o
 .debug_aranges
                0x00000358       0x28 ..\obj\CAN.o
 .debug_aranges
                0x00000380       0x40 ..\obj\SYSTEM.o
 .debug_aranges
                0x000003c0       0x28 ..\obj\startup_stm32f10x_md.o
 .debug_aranges
                0x000003e8       0xe0 ..\obj\stm32f10x_can.o
 .debug_aranges
                0x000004c8       0xa8 ..\obj\stm32f10x_gpio.o
 .debug_aranges
                0x00000570       0x38 ..\obj\main.o
 .debug_aranges
                0x000005a8       0x48 ..\obj\GPIO.o
 .debug_aranges
                0x000005f0       0x48 ..\obj\ADC.o
 .debug_aranges
                0x00000638       0xa0 ..\obj\printf.o
 .debug_aranges
                0x000006d8      0x118 ..\obj\stm32f10x_rcc.o
 .debug_aranges
                0x000007f0       0x58 ..\obj\stm32f10x_exti.o
 .debug_aranges
                0x00000848      0x138 ..\obj\stm32f10x_adc.o
 .debug_aranges
                0x00000980      0x100 ..\obj\stm32f10x_usart.o
 .debug_aranges
                0x00000a80       0x20 ..\obj\sh_cmd.o
 .debug_aranges
                0x00000aa0       0x40 ..\obj\misc.o
 .debug_aranges
                0x00000ae0       0x80 ..\obj\USART.o
 .debug_aranges
                0x00000b60       0x80 ..\obj\TIM.o

.debug_ranges   0x00000000      0xa90
 .debug_ranges  0x00000000       0x20 ..\obj\semihosting.o
 .debug_ranges  0x00000020      0x2e0 ..\obj\stm32f10x_tim.o
 .debug_ranges  0x00000300       0x28 ..\obj\system_stm32f10x.o
 .debug_ranges  0x00000328       0x18 ..\obj\CAN.o
 .debug_ranges  0x00000340       0x30 ..\obj\SYSTEM.o
 .debug_ranges  0x00000370       0x18 ..\obj\startup_stm32f10x_md.o
 .debug_ranges  0x00000388       0xd0 ..\obj\stm32f10x_can.o
 .debug_ranges  0x00000458       0x98 ..\obj\stm32f10x_gpio.o
 .debug_ranges  0x000004f0       0x28 ..\obj\main.o
 .debug_ranges  0x00000518       0x38 ..\obj\GPIO.o
 .debug_ranges  0x00000550       0x38 ..\obj\ADC.o
 .debug_ranges  0x00000588       0x90 ..\obj\printf.o
 .debug_ranges  0x00000618      0x108 ..\obj\stm32f10x_rcc.o
 .debug_ranges  0x00000720       0x48 ..\obj\stm32f10x_exti.o
 .debug_ranges  0x00000768      0x128 ..\obj\stm32f10x_adc.o
 .debug_ranges  0x00000890       0xf0 ..\obj\stm32f10x_usart.o
 .debug_ranges  0x00000980       0x30 ..\obj\misc.o
 .debug_ranges  0x000009b0       0x70 ..\obj\USART.o
 .debug_ranges  0x00000a20       0x70 ..\obj\TIM.o

.debug_line     0x00000000     0x45ae
 .debug_line    0x00000000       0xba ..\obj\semihosting.o
 .debug_line    0x000000ba      0xb0b ..\obj\stm32f10x_tim.o
 .debug_line    0x00000bc5      0x231 ..\obj\system_stm32f10x.o
 .debug_line    0x00000df6      0x25b ..\obj\CAN.o
 .debug_line    0x00001051      0x24e ..\obj\SYSTEM.o
 .debug_line    0x0000129f       0xaf ..\obj\startup_stm32f10x_md.o
 .debug_line    0x0000134e      0x580 ..\obj\stm32f10x_can.o
 .debug_line    0x000018ce      0x3e3 ..\obj\stm32f10x_gpio.o
 .debug_line    0x00001cb1      0x30a ..\obj\main.o
 .debug_line    0x00001fbb      0x28d ..\obj\GPIO.o
 .debug_line    0x00002248      0x2c7 ..\obj\ADC.o
 .debug_line    0x0000250f      0x495 ..\obj\printf.o
 .debug_line    0x000029a4      0x4f0 ..\obj\stm32f10x_rcc.o
 .debug_line    0x00002e94      0x2d1 ..\obj\stm32f10x_exti.o
 .debug_line    0x00003165      0x54e ..\obj\stm32f10x_adc.o
 .debug_line    0x000036b3      0x4c6 ..\obj\stm32f10x_usart.o
 .debug_line    0x00003b79       0x8c ..\obj\sh_cmd.o
 .debug_line    0x00003c05      0x271 ..\obj\misc.o
 .debug_line    0x00003e76      0x3ed ..\obj\USART.o
 .debug_line    0x00004263      0x34b ..\obj\TIM.o

.debug_str      0x00000000     0x3d24
 .debug_str     0x00000000      0x15b ..\obj\semihosting.o
                                0x194 (size before relaxing)
 .debug_str     0x0000015b      0xc0a ..\obj\stm32f10x_tim.o
                                0xdf2 (size before relaxing)
 .debug_str     0x00000d65      0x176 ..\obj\system_stm32f10x.o
                                0x304 (size before relaxing)
 .debug_str     0x00000edb      0x6d4 ..\obj\CAN.o
                                0x8c3 (size before relaxing)
 .debug_str     0x000015af      0x10f ..\obj\SYSTEM.o
                                0x616 (size before relaxing)
 .debug_str     0x000016be       0xca ..\obj\startup_stm32f10x_md.o
                                0x161 (size before relaxing)
 .debug_str     0x00001788      0x321 ..\obj\stm32f10x_can.o
                                0x743 (size before relaxing)
 .debug_str     0x00001aa9      0x340 ..\obj\stm32f10x_gpio.o
                                0x52e (size before relaxing)
 .debug_str     0x00001de9      0x42c ..\obj\main.o
                                0x990 (size before relaxing)
 .debug_str     0x00002215       0xfd ..\obj\GPIO.o
                                0x4e7 (size before relaxing)
 .debug_str     0x00002312      0x13d ..\obj\ADC.o
                                0x40d (size before relaxing)
 .debug_str     0x0000244f      0x4bf ..\obj\printf.o
                                0x715 (size before relaxing)
 .debug_str     0x0000290e      0x3e9 ..\obj\stm32f10x_rcc.o
                                0x62f (size before relaxing)
 .debug_str     0x00002cf7      0x1df ..\obj\stm32f10x_exti.o
                                0x35e (size before relaxing)
 .debug_str     0x00002ed6      0x460 ..\obj\stm32f10x_adc.o
                                0x710 (size before relaxing)
 .debug_str     0x00003336      0x410 ..\obj\stm32f10x_usart.o
                                0x6a5 (size before relaxing)
 .debug_str     0x00003746      0x111 ..\obj\misc.o
                                0x3d3 (size before relaxing)
 .debug_str     0x00003857      0x289 ..\obj\USART.o
                                0xab5 (size before relaxing)
 .debug_str     0x00003ae0      0x244 ..\obj\TIM.o
                                0x6c1 (size before relaxing)

.comment        0x00000000       0x70
 .comment       0x00000000       0x70 ..\obj\semihosting.o
                                 0x71 (size before relaxing)
 .comment       0x00000000       0x71 ..\obj\stm32f10x_tim.o
 .comment       0x00000000       0x71 ..\obj\system_stm32f10x.o
 .comment       0x00000000       0x71 ..\obj\CAN.o
 .comment       0x00000000       0x71 ..\obj\SYSTEM.o
 .comment       0x00000000       0x71 ..\obj\startup_stm32f10x_md.o
 .comment       0x00000000       0x71 ..\obj\stm32f10x_can.o
 .comment       0x00000000       0x71 ..\obj\stm32f10x_gpio.o
 .comment       0x00000000       0x71 ..\obj\main.o
 .comment       0x00000000       0x71 ..\obj\GPIO.o
 .comment       0x00000000       0x71 ..\obj\ADC.o
 .comment       0x00000000       0x71 ..\obj\printf.o
 .comment       0x00000000       0x71 ..\obj\stm32f10x_rcc.o
 .comment       0x00000000       0x71 ..\obj\stm32f10x_exti.o
 .comment       0x00000000       0x71 ..\obj\stm32f10x_adc.o
 .comment       0x00000000       0x71 ..\obj\stm32f10x_usart.o
 .comment       0x00000000       0x71 ..\obj\misc.o
 .comment       0x00000000       0x71 ..\obj\USART.o
 .comment       0x00000000       0x71 ..\obj\TIM.o

.ARM.attributes
                0x00000000       0x31
 .ARM.attributes
                0x00000000       0x33 ..\obj\semihosting.o
 .ARM.attributes
                0x00000033       0x33 ..\obj\stm32f10x_tim.o
 .ARM.attributes
                0x00000066       0x33 ..\obj\system_stm32f10x.o
 .ARM.attributes
                0x00000099       0x33 ..\obj\CAN.o
 .ARM.attributes
                0x000000cc       0x33 ..\obj\SYSTEM.o
 .ARM.attributes
                0x000000ff       0x33 ..\obj\startup_stm32f10x_md.o
 .ARM.attributes
                0x00000132       0x33 ..\obj\stm32f10x_can.o
 .ARM.attributes
                0x00000165       0x33 ..\obj\stm32f10x_gpio.o
 .ARM.attributes
                0x00000198       0x33 ..\obj\main.o
 .ARM.attributes
                0x000001cb       0x33 ..\obj\GPIO.o
 .ARM.attributes
                0x000001fe       0x33 ..\obj\ADC.o
 .ARM.attributes
                0x00000231       0x33 ..\obj\printf.o
 .ARM.attributes
                0x00000264       0x33 ..\obj\stm32f10x_rcc.o
 .ARM.attributes
                0x00000297       0x33 ..\obj\stm32f10x_exti.o
 .ARM.attributes
                0x000002ca       0x33 ..\obj\stm32f10x_adc.o
 .ARM.attributes
                0x000002fd       0x33 ..\obj\stm32f10x_usart.o
 .ARM.attributes
                0x00000330       0x21 ..\obj\sh_cmd.o
 .ARM.attributes
                0x00000351       0x33 ..\obj\misc.o
 .ARM.attributes
                0x00000384       0x33 ..\obj\USART.o
 .ARM.attributes
                0x000003b7       0x33 ..\obj\TIM.o

.debug_frame    0x00000000     0x31dc
 .debug_frame   0x00000000       0x7c ..\obj\semihosting.o
 .debug_frame   0x0000007c      0xe2c ..\obj\stm32f10x_tim.o
 .debug_frame   0x00000ea8       0x98 ..\obj\system_stm32f10x.o
 .debug_frame   0x00000f40       0x58 ..\obj\CAN.o
 .debug_frame   0x00000f98       0xc0 ..\obj\SYSTEM.o
 .debug_frame   0x00001058       0x4c ..\obj\startup_stm32f10x_md.o
 .debug_frame   0x000010a4      0x3f0 ..\obj\stm32f10x_can.o
 .debug_frame   0x00001494      0x2d0 ..\obj\stm32f10x_gpio.o
 .debug_frame   0x00001764       0x88 ..\obj\main.o
 .debug_frame   0x000017ec       0xe4 ..\obj\GPIO.o
 .debug_frame   0x000018d0       0xe8 ..\obj\ADC.o
 .debug_frame   0x000019b8      0x2dc ..\obj\printf.o
 .debug_frame   0x00001c94      0x4f4 ..\obj\stm32f10x_rcc.o
 .debug_frame   0x00002188      0x148 ..\obj\stm32f10x_exti.o
 .debug_frame   0x000022d0      0x5a4 ..\obj\stm32f10x_adc.o
 .debug_frame   0x00002874      0x490 ..\obj\stm32f10x_usart.o
 .debug_frame   0x00002d04       0xd8 ..\obj\misc.o
 .debug_frame   0x00002ddc      0x20c ..\obj\USART.o
 .debug_frame   0x00002fe8      0x1f4 ..\obj\TIM.o
