Archive member included because of file (symbol)

c:/program files (x86)/gnu tools arm embedded/4.9 2014q4/bin/../lib/gcc/arm-none-eabi/4.9.3/armv7-m\libgcc.a(unwind-arm.o)
                              ..\obj\main.o (__aeabi_unwind_cpp_pr0)
c:/program files (x86)/gnu tools arm embedded/4.9 2014q4/bin/../lib/gcc/arm-none-eabi/4.9.3/armv7-m\libgcc.a(libunwind.o)
                              c:/program files (x86)/gnu tools arm embedded/4.9 2014q4/bin/../lib/gcc/arm-none-eabi/4.9.3/armv7-m\libgcc.a(unwind-arm.o) (restore_core_regs)
c:/program files (x86)/gnu tools arm embedded/4.9 2014q4/bin/../lib/gcc/arm-none-eabi/4.9.3/armv7-m\libgcc.a(pr-support.o)
                              c:/program files (x86)/gnu tools arm embedded/4.9 2014q4/bin/../lib/gcc/arm-none-eabi/4.9.3/armv7-m\libgcc.a(unwind-arm.o) (__gnu_unwind_execute)
c:/program files (x86)/gnu tools arm embedded/4.9 2014q4/bin/../lib/gcc/arm-none-eabi/4.9.3/../../../../arm-none-eabi/lib/armv7-m\libc.a(lib_a-memcpy.o)
                              c:/program files (x86)/gnu tools arm embedded/4.9 2014q4/bin/../lib/gcc/arm-none-eabi/4.9.3/armv7-m\libgcc.a(unwind-arm.o) (memcpy)

Allocating common symbols
Common symbol       size              file

__dso_handle        0x4               ..\obj\startup_stm32f10x_md.o

Discarded input sections

 .text          0x00000000        0x0 ..\obj\semihosting.o
 .data          0x00000000        0x0 ..\obj\semihosting.o
 .bss           0x00000000       0x14 ..\obj\semihosting.o
 .text.SH_SendChar
                0x00000000       0x68 ..\obj\semihosting.o
 .text.SH_SendString
                0x00000000       0x24 ..\obj\semihosting.o
 .text.SH_GetChar
                0x00000000       0x40 ..\obj\semihosting.o
 .debug_info    0x00000000      0x122 ..\obj\semihosting.o
 .debug_abbrev  0x00000000       0x9e ..\obj\semihosting.o
 .debug_aranges
                0x00000000       0x30 ..\obj\semihosting.o
 .debug_ranges  0x00000000       0x20 ..\obj\semihosting.o
 .debug_line    0x00000000       0xba ..\obj\semihosting.o
 .debug_str     0x00000000      0x194 ..\obj\semihosting.o
 .comment       0x00000000       0x71 ..\obj\semihosting.o
 .debug_frame   0x00000000       0x7c ..\obj\semihosting.o
 .ARM.attributes
                0x00000000       0x33 ..\obj\semihosting.o
 .text          0x00000000        0x0 ..\obj\stm32f10x_tim.o
 .data          0x00000000        0x0 ..\obj\stm32f10x_tim.o
 .bss           0x00000000        0x0 ..\obj\stm32f10x_tim.o
 .text.TIM_DeInit
                0x00000000      0x22c ..\obj\stm32f10x_tim.o
 .text.TIM_ICInit
                0x00000000       0xa8 ..\obj\stm32f10x_tim.o
 .text.TIM_PWMIConfig
                0x00000000       0xb8 ..\obj\stm32f10x_tim.o
 .text.TIM_BDTRConfig
                0x00000000       0x50 ..\obj\stm32f10x_tim.o
 .text.TIM_ICStructInit
                0x00000000       0x30 ..\obj\stm32f10x_tim.o
 .text.TIM_BDTRStructInit
                0x00000000       0x3c ..\obj\stm32f10x_tim.o
 .text.TIM_CtrlPWMOutputs
                0x00000000       0x4c ..\obj\stm32f10x_tim.o
 .text.TIM_GenerateEvent
                0x00000000       0x1c ..\obj\stm32f10x_tim.o
 .text.TIM_DMAConfig
                0x00000000       0x28 ..\obj\stm32f10x_tim.o
 .text.TIM_DMACmd
                0x00000000       0x48 ..\obj\stm32f10x_tim.o
 .text.TIM_InternalClockConfig
                0x00000000       0x24 ..\obj\stm32f10x_tim.o
 .text.TIM_ITRxExternalClockConfig
                0x00000000       0x2c ..\obj\stm32f10x_tim.o
 .text.TIM_TIxExternalClockConfig
                0x00000000       0x60 ..\obj\stm32f10x_tim.o
 .text.TIM_ETRClockMode1Config
                0x00000000       0x5c ..\obj\stm32f10x_tim.o
 .text.TIM_ETRClockMode2Config
                0x00000000       0x3c ..\obj\stm32f10x_tim.o
 .text.TIM_ETRConfig
                0x00000000       0x54 ..\obj\stm32f10x_tim.o
 .text.TIM_PrescalerConfig
                0x00000000       0x28 ..\obj\stm32f10x_tim.o
 .text.TIM_CounterModeConfig
                0x00000000       0x38 ..\obj\stm32f10x_tim.o
 .text.TIM_SelectInputTrigger
                0x00000000       0x38 ..\obj\stm32f10x_tim.o
 .text.TIM_ForcedOC1Config
                0x00000000       0x38 ..\obj\stm32f10x_tim.o
 .text.TIM_ForcedOC2Config
                0x00000000       0x3c ..\obj\stm32f10x_tim.o
 .text.TIM_ForcedOC3Config
                0x00000000       0x38 ..\obj\stm32f10x_tim.o
 .text.TIM_ForcedOC4Config
                0x00000000       0x3c ..\obj\stm32f10x_tim.o
 .text.TIM_SelectCOM
                0x00000000       0x40 ..\obj\stm32f10x_tim.o
 .text.TIM_SelectCCDMA
                0x00000000       0x40 ..\obj\stm32f10x_tim.o
 .text.TIM_CCPreloadControl
                0x00000000       0x40 ..\obj\stm32f10x_tim.o
 .text.TIM_OC1PreloadConfig
                0x00000000       0x38 ..\obj\stm32f10x_tim.o
 .text.TIM_OC2PreloadConfig
                0x00000000       0x3c ..\obj\stm32f10x_tim.o
 .text.TIM_OC3PreloadConfig
                0x00000000       0x38 ..\obj\stm32f10x_tim.o
 .text.TIM_OC4PreloadConfig
                0x00000000       0x3c ..\obj\stm32f10x_tim.o
 .text.TIM_OC1FastConfig
                0x00000000       0x38 ..\obj\stm32f10x_tim.o
 .text.TIM_OC2FastConfig
                0x00000000       0x3c ..\obj\stm32f10x_tim.o
 .text.TIM_OC3FastConfig
                0x00000000       0x38 ..\obj\stm32f10x_tim.o
 .text.TIM_OC4FastConfig
                0x00000000       0x3c ..\obj\stm32f10x_tim.o
 .text.TIM_ClearOC1Ref
                0x00000000       0x38 ..\obj\stm32f10x_tim.o
 .text.TIM_ClearOC2Ref
                0x00000000       0x3c ..\obj\stm32f10x_tim.o
 .text.TIM_ClearOC3Ref
                0x00000000       0x38 ..\obj\stm32f10x_tim.o
 .text.TIM_ClearOC4Ref
                0x00000000       0x3c ..\obj\stm32f10x_tim.o
 .text.TIM_OC1PolarityConfig
                0x00000000       0x38 ..\obj\stm32f10x_tim.o
 .text.TIM_OC1NPolarityConfig
                0x00000000       0x38 ..\obj\stm32f10x_tim.o
 .text.TIM_OC2PolarityConfig
                0x00000000       0x3c ..\obj\stm32f10x_tim.o
 .text.TIM_OC2NPolarityConfig
                0x00000000       0x3c ..\obj\stm32f10x_tim.o
 .text.TIM_OC3PolarityConfig
                0x00000000       0x3c ..\obj\stm32f10x_tim.o
 .text.TIM_OC3NPolarityConfig
                0x00000000       0x3c ..\obj\stm32f10x_tim.o
 .text.TIM_OC4PolarityConfig
                0x00000000       0x3c ..\obj\stm32f10x_tim.o
 .text.TIM_CCxCmd
                0x00000000       0x54 ..\obj\stm32f10x_tim.o
 .text.TIM_CCxNCmd
                0x00000000       0x54 ..\obj\stm32f10x_tim.o
 .text.TIM_SelectOCxM
                0x00000000       0xac ..\obj\stm32f10x_tim.o
 .text.TIM_UpdateDisableConfig
                0x00000000       0x40 ..\obj\stm32f10x_tim.o
 .text.TIM_UpdateRequestConfig
                0x00000000       0x40 ..\obj\stm32f10x_tim.o
 .text.TIM_SelectHallSensor
                0x00000000       0x40 ..\obj\stm32f10x_tim.o
 .text.TIM_SelectOnePulseMode
                0x00000000       0x38 ..\obj\stm32f10x_tim.o
 .text.TIM_SelectOutputTrigger
                0x00000000       0x38 ..\obj\stm32f10x_tim.o
 .text.TIM_SelectSlaveMode
                0x00000000       0x38 ..\obj\stm32f10x_tim.o
 .text.TIM_SelectMasterSlaveMode
                0x00000000       0x38 ..\obj\stm32f10x_tim.o
 .text.TIM_SetCounter
                0x00000000       0x1c ..\obj\stm32f10x_tim.o
 .text.TIM_SetAutoreload
                0x00000000       0x1c ..\obj\stm32f10x_tim.o
 .text.TIM_SetCompare1
                0x00000000       0x1c ..\obj\stm32f10x_tim.o
 .text.TIM_SetCompare2
                0x00000000       0x1c ..\obj\stm32f10x_tim.o
 .text.TIM_SetCompare3
                0x00000000       0x1c ..\obj\stm32f10x_tim.o
 .text.TIM_SetCompare4
                0x00000000       0x20 ..\obj\stm32f10x_tim.o
 .text.TIM_SetIC1Prescaler
                0x00000000       0x38 ..\obj\stm32f10x_tim.o
 .text.TIM_SetIC2Prescaler
                0x00000000       0x3c ..\obj\stm32f10x_tim.o
 .text.TIM_SetIC3Prescaler
                0x00000000       0x38 ..\obj\stm32f10x_tim.o
 .text.TIM_SetIC4Prescaler
                0x00000000       0x3c ..\obj\stm32f10x_tim.o
 .text.TIM_SetClockDivision
                0x00000000       0x38 ..\obj\stm32f10x_tim.o
 .text.TIM_GetCapture1
                0x00000000       0x1c ..\obj\stm32f10x_tim.o
 .text.TIM_GetCapture2
                0x00000000       0x1c ..\obj\stm32f10x_tim.o
 .text.TIM_GetCapture3
                0x00000000       0x1c ..\obj\stm32f10x_tim.o
 .text.TIM_GetCapture4
                0x00000000       0x1c ..\obj\stm32f10x_tim.o
 .text.TIM_GetCounter
                0x00000000       0x1c ..\obj\stm32f10x_tim.o
 .text.TIM_GetPrescaler
                0x00000000       0x1c ..\obj\stm32f10x_tim.o
 .text.TIM_GetFlagStatus
                0x00000000       0x38 ..\obj\stm32f10x_tim.o
 .text.TIM_ClearFlag
                0x00000000       0x20 ..\obj\stm32f10x_tim.o
 .text.TIM_GetITStatus
                0x00000000       0x54 ..\obj\stm32f10x_tim.o
 .text.TI1_Config
                0x00000000       0xe0 ..\obj\stm32f10x_tim.o
 .text.TI2_Config
                0x00000000       0xf4 ..\obj\stm32f10x_tim.o
 .text.TI3_Config
                0x00000000       0xec ..\obj\stm32f10x_tim.o
 .text.TI4_Config
                0x00000000       0xf8 ..\obj\stm32f10x_tim.o
 .text          0x00000000        0x0 ..\obj\system_stm32f10x.o
 .bss           0x00000000        0x0 ..\obj\system_stm32f10x.o
 .text.SystemCoreClockUpdate
                0x00000000       0xdc ..\obj\system_stm32f10x.o
 .text          0x00000000        0x0 ..\obj\CAN.o
 .data          0x00000000        0x0 ..\obj\CAN.o
 .bss           0x00000000        0x0 ..\obj\CAN.o
 .text          0x00000000        0x0 ..\obj\SYSTEM.o
 .data          0x00000000        0x0 ..\obj\SYSTEM.o
 .ARM.extab.text.NVIC_SetPriority
                0x00000000        0x0 ..\obj\SYSTEM.o
 .ARM.extab.text.SysTick_Config
                0x00000000        0x0 ..\obj\SYSTEM.o
 .ARM.extab.text._Z5setupv
                0x00000000        0x0 ..\obj\SYSTEM.o
 .ARM.extab.text.SysTick_Handler
                0x00000000        0x0 ..\obj\SYSTEM.o
 .ARM.extab.text._Z5delaym
                0x00000000        0x0 ..\obj\SYSTEM.o
 .text          0x00000000        0x0 ..\obj\startup_stm32f10x_md.o
 .data          0x00000000        0x0 ..\obj\startup_stm32f10x_md.o
 .bss           0x00000000        0x0 ..\obj\startup_stm32f10x_md.o
 COMMON         0x00000000        0x4 ..\obj\startup_stm32f10x_md.o
 .text          0x00000000        0x0 ..\obj\stm32f10x_can.o
 .data          0x00000000        0x0 ..\obj\stm32f10x_can.o
 .bss           0x00000000        0x0 ..\obj\stm32f10x_can.o
 .text.CAN_SlaveStartBank
                0x00000000       0x60 ..\obj\stm32f10x_can.o
 .text.CAN_DBGFreeze
                0x00000000       0x38 ..\obj\stm32f10x_can.o
 .text.CAN_TTComModeCmd
                0x00000000       0x98 ..\obj\stm32f10x_can.o
 .text.CAN_TransmitStatus
                0x00000000       0xd4 ..\obj\stm32f10x_can.o
 .text.CAN_CancelTransmit
                0x00000000       0x50 ..\obj\stm32f10x_can.o
 .text.CAN_FIFORelease
                0x00000000       0x38 ..\obj\stm32f10x_can.o
 .text.CAN_MessagePending
                0x00000000       0x4c ..\obj\stm32f10x_can.o
 .text.CAN_OperatingModeRequest
                0x00000000       0xfc ..\obj\stm32f10x_can.o
 .text.CAN_Sleep
                0x00000000       0x3c ..\obj\stm32f10x_can.o
 .text.CAN_WakeUp
                0x00000000       0x58 ..\obj\stm32f10x_can.o
 .text.CAN_GetLastErrorCode
                0x00000000       0x28 ..\obj\stm32f10x_can.o
 .text.CAN_GetReceiveErrorCounter
                0x00000000       0x24 ..\obj\stm32f10x_can.o
 .text.CAN_GetLSBTransmitErrorCounter
                0x00000000       0x28 ..\obj\stm32f10x_can.o
 .text.CAN_GetFlagStatus
                0x00000000       0xd0 ..\obj\stm32f10x_can.o
 .text.CAN_ClearFlag
                0x00000000       0x70 ..\obj\stm32f10x_can.o
 .text.CAN_GetITStatus
                0x00000000      0x194 ..\obj\stm32f10x_can.o
 .text.CAN_ClearITPendingBit
                0x00000000       0xdc ..\obj\stm32f10x_can.o
 .text.CheckITStatus
                0x00000000       0x30 ..\obj\stm32f10x_can.o
 .text          0x00000000        0x0 ..\obj\stm32f10x_gpio.o
 .data          0x00000000        0x0 ..\obj\stm32f10x_gpio.o
 .bss           0x00000000        0x0 ..\obj\stm32f10x_gpio.o
 .text.GPIO_DeInit
                0x00000000       0xe4 ..\obj\stm32f10x_gpio.o
 .text.GPIO_AFIODeInit
                0x00000000       0x18 ..\obj\stm32f10x_gpio.o
 .text.GPIO_ReadInputDataBit
                0x00000000       0x34 ..\obj\stm32f10x_gpio.o
 .text.GPIO_ReadInputData
                0x00000000       0x1c ..\obj\stm32f10x_gpio.o
 .text.GPIO_ReadOutputDataBit
                0x00000000       0x34 ..\obj\stm32f10x_gpio.o
 .text.GPIO_ReadOutputData
                0x00000000       0x1c ..\obj\stm32f10x_gpio.o
 .text.GPIO_SetBits
                0x00000000       0x1c ..\obj\stm32f10x_gpio.o
 .text.GPIO_ResetBits
                0x00000000       0x1c ..\obj\stm32f10x_gpio.o
 .text.GPIO_Write
                0x00000000       0x1c ..\obj\stm32f10x_gpio.o
 .text.GPIO_PinLockConfig
                0x00000000       0x44 ..\obj\stm32f10x_gpio.o
 .text.GPIO_EventOutputConfig
                0x00000000       0x4c ..\obj\stm32f10x_gpio.o
 .text.GPIO_EventOutputCmd
                0x00000000       0x20 ..\obj\stm32f10x_gpio.o
 .text.GPIO_EXTILineConfig
                0x00000000       0x84 ..\obj\stm32f10x_gpio.o
 .text.GPIO_ETH_MediaInterfaceConfig
                0x00000000       0x1c ..\obj\stm32f10x_gpio.o
 .text          0x00000000        0x0 ..\obj\main.o
 .data          0x00000000        0x0 ..\obj\main.o
 .ARM.extab.text.USB_LP_CAN1_RX0_IRQHandler
                0x00000000        0x0 ..\obj\main.o
 .ARM.extab.text.CAN1_RX1_IRQHandler
                0x00000000        0x0 ..\obj\main.o
 .ARM.extab.text.EXTI0_IRQHandler
                0x00000000        0x0 ..\obj\main.o
 .text          0x00000000        0x0 ..\obj\GPIO.o
 .data          0x00000000        0x0 ..\obj\GPIO.o
 .bss           0x00000000        0x0 ..\obj\GPIO.o
 .text._ZN4GPIO4readEv
                0x00000000       0x1c ..\obj\GPIO.o
 .ARM.extab.text._ZN4GPIO4readEv
                0x00000000        0x0 ..\obj\GPIO.o
 .ARM.exidx.text._ZN4GPIO4readEv
                0x00000000        0x8 ..\obj\GPIO.o
 .ARM.extab.text._Z9GPIOSetupv
                0x00000000        0x0 ..\obj\GPIO.o
 .text._Z8pinSetupP12GPIO_TypeDeft16GPIOMode_TypeDef
                0x00000000       0x38 ..\obj\GPIO.o
 .ARM.extab.text._Z8pinSetupP12GPIO_TypeDeft16GPIOMode_TypeDef
                0x00000000        0xc ..\obj\GPIO.o
 .ARM.exidx.text._Z8pinSetupP12GPIO_TypeDeft16GPIOMode_TypeDef
                0x00000000        0x8 ..\obj\GPIO.o
 .text._Z8pinWriteP12GPIO_TypeDeft9BitAction
                0x00000000       0x24 ..\obj\GPIO.o
 .ARM.extab.text._Z8pinWriteP12GPIO_TypeDeft9BitAction
                0x00000000        0xc ..\obj\GPIO.o
 .ARM.exidx.text._Z8pinWriteP12GPIO_TypeDeft9BitAction
                0x00000000        0x8 ..\obj\GPIO.o
 .text          0x00000000        0x0 ..\obj\ADC.o
 .data          0x00000000        0x0 ..\obj\ADC.o
 .bss           0x00000000        0x0 ..\obj\ADC.o
 .text          0x00000000        0x0 ..\obj\printf.o
 .data          0x00000000      0x430 ..\obj\printf.o
 .bss           0x00000000        0x0 ..\obj\printf.o
 .text.PrintChar
                0x00000000       0x38 ..\obj\printf.o
 .text.snprintf
                0x00000000       0x30 ..\obj\printf.o
 .rodata        0x00000000       0x24 ..\obj\printf.o
 .text.vfprintf
                0x00000000       0x68 ..\obj\printf.o
 .text.vprintf  0x00000000       0x28 ..\obj\printf.o
 .text.fprintf  0x00000000       0x2c ..\obj\printf.o
 .text.printf   0x00000000       0x28 ..\obj\printf.o
 .text.sprintf  0x00000000       0x2c ..\obj\printf.o
 .text.puts     0x00000000       0x24 ..\obj\printf.o
 .text.fputc    0x00000000       0x40 ..\obj\printf.o
 .text.fputs    0x00000000       0x48 ..\obj\printf.o
 .text          0x00000000        0x0 ..\obj\stm32f10x_rcc.o
 .bss           0x00000000        0x0 ..\obj\stm32f10x_rcc.o
 .text.RCC_DeInit
                0x00000000       0x5c ..\obj\stm32f10x_rcc.o
 .text.RCC_HSEConfig
                0x00000000       0x5c ..\obj\stm32f10x_rcc.o
 .text.RCC_WaitForHSEStartUp
                0x00000000       0x50 ..\obj\stm32f10x_rcc.o
 .text.RCC_AdjustHSICalibrationValue
                0x00000000       0x3c ..\obj\stm32f10x_rcc.o
 .text.RCC_HSICmd
                0x00000000       0x20 ..\obj\stm32f10x_rcc.o
 .text.RCC_PLLConfig
                0x00000000       0x3c ..\obj\stm32f10x_rcc.o
 .text.RCC_PLLCmd
                0x00000000       0x20 ..\obj\stm32f10x_rcc.o
 .text.RCC_SYSCLKConfig
                0x00000000       0x38 ..\obj\stm32f10x_rcc.o
 .text.RCC_GetSYSCLKSource
                0x00000000       0x20 ..\obj\stm32f10x_rcc.o
 .text.RCC_HCLKConfig
                0x00000000       0x38 ..\obj\stm32f10x_rcc.o
 .text.RCC_PCLK1Config
                0x00000000       0x38 ..\obj\stm32f10x_rcc.o
 .text.RCC_PCLK2Config
                0x00000000       0x38 ..\obj\stm32f10x_rcc.o
 .text.RCC_ITConfig
                0x00000000       0x4c ..\obj\stm32f10x_rcc.o
 .text.RCC_USBCLKConfig
                0x00000000       0x1c ..\obj\stm32f10x_rcc.o
 .text.RCC_LSEConfig
                0x00000000       0x40 ..\obj\stm32f10x_rcc.o
 .text.RCC_LSICmd
                0x00000000       0x20 ..\obj\stm32f10x_rcc.o
 .text.RCC_RTCCLKConfig
                0x00000000       0x24 ..\obj\stm32f10x_rcc.o
 .text.RCC_RTCCLKCmd
                0x00000000       0x20 ..\obj\stm32f10x_rcc.o
 .text.RCC_AHBPeriphClockCmd
                0x00000000       0x3c ..\obj\stm32f10x_rcc.o
 .text.RCC_APB2PeriphResetCmd
                0x00000000       0x3c ..\obj\stm32f10x_rcc.o
 .text.RCC_BackupResetCmd
                0x00000000       0x20 ..\obj\stm32f10x_rcc.o
 .text.RCC_ClockSecuritySystemCmd
                0x00000000       0x20 ..\obj\stm32f10x_rcc.o
 .text.RCC_MCOConfig
                0x00000000       0x20 ..\obj\stm32f10x_rcc.o
 .text.RCC_GetFlagStatus
                0x00000000       0x74 ..\obj\stm32f10x_rcc.o
 .text.RCC_ClearFlag
                0x00000000       0x1c ..\obj\stm32f10x_rcc.o
 .text.RCC_GetITStatus
                0x00000000       0x38 ..\obj\stm32f10x_rcc.o
 .text.RCC_ClearITPendingBit
                0x00000000       0x20 ..\obj\stm32f10x_rcc.o
 .text          0x00000000        0x0 ..\obj\stm32f10x_exti.o
 .data          0x00000000        0x0 ..\obj\stm32f10x_exti.o
 .bss           0x00000000        0x0 ..\obj\stm32f10x_exti.o
 .text.EXTI_DeInit
                0x00000000       0x34 ..\obj\stm32f10x_exti.o
 .text.EXTI_Init
                0x00000000       0xe4 ..\obj\stm32f10x_exti.o
 .text.EXTI_StructInit
                0x00000000       0x2c ..\obj\stm32f10x_exti.o
 .text.EXTI_GenerateSWInterrupt
                0x00000000       0x24 ..\obj\stm32f10x_exti.o
 .text.EXTI_GetFlagStatus
                0x00000000       0x34 ..\obj\stm32f10x_exti.o
 .text.EXTI_ClearFlag
                0x00000000       0x1c ..\obj\stm32f10x_exti.o
 .text.EXTI_GetITStatus
                0x00000000       0x48 ..\obj\stm32f10x_exti.o
 .text          0x00000000        0x0 ..\obj\stm32f10x_adc.o
 .data          0x00000000        0x0 ..\obj\stm32f10x_adc.o
 .bss           0x00000000        0x0 ..\obj\stm32f10x_adc.o
 .text.ADC_DeInit
                0x00000000       0x74 ..\obj\stm32f10x_adc.o
 .text.ADC_DMACmd
                0x00000000       0x38 ..\obj\stm32f10x_adc.o
 .text.ADC_ITConfig
                0x00000000       0x44 ..\obj\stm32f10x_adc.o
 .text.ADC_GetSoftwareStartConvStatus
                0x00000000       0x30 ..\obj\stm32f10x_adc.o
 .text.ADC_DiscModeChannelCountConfig
                0x00000000       0x44 ..\obj\stm32f10x_adc.o
 .text.ADC_DiscModeCmd
                0x00000000       0x38 ..\obj\stm32f10x_adc.o
 .text.ADC_ExternalTrigConvCmd
                0x00000000       0x38 ..\obj\stm32f10x_adc.o
 .text.ADC_GetDualModeConversionValue
                0x00000000       0x18 ..\obj\stm32f10x_adc.o
 .text.ADC_AutoInjectedConvCmd
                0x00000000       0x38 ..\obj\stm32f10x_adc.o
 .text.ADC_InjectedDiscModeCmd
                0x00000000       0x38 ..\obj\stm32f10x_adc.o
 .text.ADC_ExternalTrigInjectedConvConfig
                0x00000000       0x34 ..\obj\stm32f10x_adc.o
 .text.ADC_ExternalTrigInjectedConvCmd
                0x00000000       0x38 ..\obj\stm32f10x_adc.o
 .text.ADC_SoftwareStartInjectedConvCmd
                0x00000000       0x38 ..\obj\stm32f10x_adc.o
 .text.ADC_GetSoftwareStartInjectedConvCmdStatus
                0x00000000       0x30 ..\obj\stm32f10x_adc.o
 .text.ADC_InjectedChannelConfig
                0x00000000      0x120 ..\obj\stm32f10x_adc.o
 .text.ADC_InjectedSequencerLengthConfig
                0x00000000       0x44 ..\obj\stm32f10x_adc.o
 .text.ADC_SetInjectedOffset
                0x00000000       0x34 ..\obj\stm32f10x_adc.o
 .text.ADC_GetInjectedConversionValue
                0x00000000       0x30 ..\obj\stm32f10x_adc.o
 .text.ADC_AnalogWatchdogCmd
                0x00000000       0x38 ..\obj\stm32f10x_adc.o
 .text.ADC_AnalogWatchdogThresholdsConfig
                0x00000000       0x28 ..\obj\stm32f10x_adc.o
 .text.ADC_AnalogWatchdogSingleChannelConfig
                0x00000000       0x38 ..\obj\stm32f10x_adc.o
 .text.ADC_TempSensorVrefintCmd
                0x00000000       0x38 ..\obj\stm32f10x_adc.o
 .text.ADC_ClearFlag
                0x00000000       0x20 ..\obj\stm32f10x_adc.o
 .text.ADC_GetITStatus
                0x00000000       0x58 ..\obj\stm32f10x_adc.o
 .text.ADC_ClearITPendingBit
                0x00000000       0x2c ..\obj\stm32f10x_adc.o
 .text          0x00000000        0x0 ..\obj\stm32f10x_usart.o
 .data          0x00000000        0x0 ..\obj\stm32f10x_usart.o
 .bss           0x00000000        0x0 ..\obj\stm32f10x_usart.o
 .text.USART_DeInit
                0x00000000       0xb8 ..\obj\stm32f10x_usart.o
 .text.USART_ClockInit
                0x00000000       0x58 ..\obj\stm32f10x_usart.o
 .text.USART_ClockStructInit
                0x00000000       0x2c ..\obj\stm32f10x_usart.o
 .text.USART_DMACmd
                0x00000000       0x48 ..\obj\stm32f10x_usart.o
 .text.USART_SetAddress
                0x00000000       0x38 ..\obj\stm32f10x_usart.o
 .text.USART_WakeUpConfig
                0x00000000       0x38 ..\obj\stm32f10x_usart.o
 .text.USART_ReceiverWakeUpCmd
                0x00000000       0x40 ..\obj\stm32f10x_usart.o
 .text.USART_LINBreakDetectLengthConfig
                0x00000000       0x38 ..\obj\stm32f10x_usart.o
 .text.USART_LINCmd
                0x00000000       0x40 ..\obj\stm32f10x_usart.o
 .text.USART_SendBreak
                0x00000000       0x24 ..\obj\stm32f10x_usart.o
 .text.USART_SetGuardTime
                0x00000000       0x3c ..\obj\stm32f10x_usart.o
 .text.USART_SetPrescaler
                0x00000000       0x38 ..\obj\stm32f10x_usart.o
 .text.USART_SmartCardCmd
                0x00000000       0x40 ..\obj\stm32f10x_usart.o
 .text.USART_SmartCardNACKCmd
                0x00000000       0x40 ..\obj\stm32f10x_usart.o
 .text.USART_HalfDuplexCmd
                0x00000000       0x40 ..\obj\stm32f10x_usart.o
 .text.USART_OverSampling8Cmd
                0x00000000       0x44 ..\obj\stm32f10x_usart.o
 .text.USART_OneBitMethodCmd
                0x00000000       0x40 ..\obj\stm32f10x_usart.o
 .text.USART_IrDAConfig
                0x00000000       0x38 ..\obj\stm32f10x_usart.o
 .text.USART_IrDACmd
                0x00000000       0x40 ..\obj\stm32f10x_usart.o
 .text.USART_GetFlagStatus
                0x00000000       0x38 ..\obj\stm32f10x_usart.o
 .text.USART_ClearFlag
                0x00000000       0x20 ..\obj\stm32f10x_usart.o
 .text.USART_ClearITPendingBit
                0x00000000       0x38 ..\obj\stm32f10x_usart.o
 .data          0x00000000        0x0 ..\obj\sh_cmd.o
 .bss           0x00000000        0x0 ..\obj\sh_cmd.o
 .text          0x00000000        0x0 ..\obj\syscalls.o
 .data          0x00000000        0x0 ..\obj\syscalls.o
 .bss           0x00000000        0x4 ..\obj\syscalls.o
 .text._sbrk    0x00000000       0x40 ..\obj\syscalls.o
 .text.link     0x00000000       0x1c ..\obj\syscalls.o
 .text._close   0x00000000       0x18 ..\obj\syscalls.o
 .text._fstat   0x00000000       0x20 ..\obj\syscalls.o
 .text._isatty  0x00000000       0x18 ..\obj\syscalls.o
 .text._lseek   0x00000000       0x1c ..\obj\syscalls.o
 .text._read    0x00000000       0x1c ..\obj\syscalls.o
 .text._write   0x00000000       0x1c ..\obj\syscalls.o
 .debug_info    0x00000000      0x3ee ..\obj\syscalls.o
 .debug_abbrev  0x00000000       0xe2 ..\obj\syscalls.o
 .debug_aranges
                0x00000000       0x60 ..\obj\syscalls.o
 .debug_ranges  0x00000000       0x50 ..\obj\syscalls.o
 .debug_line    0x00000000      0x182 ..\obj\syscalls.o
 .debug_str     0x00000000      0x2e6 ..\obj\syscalls.o
 .comment       0x00000000       0x71 ..\obj\syscalls.o
 .debug_frame   0x00000000      0x168 ..\obj\syscalls.o
 .ARM.attributes
                0x00000000       0x33 ..\obj\syscalls.o
 .text          0x00000000        0x0 ..\obj\REMAP.o
 .data          0x00000000        0x0 ..\obj\REMAP.o
 .bss           0x00000000        0x0 ..\obj\REMAP.o
 .debug_info    0x00000000       0x99 ..\obj\REMAP.o
 .debug_abbrev  0x00000000       0x4b ..\obj\REMAP.o
 .debug_aranges
                0x00000000       0x18 ..\obj\REMAP.o
 .debug_line    0x00000000      0x129 ..\obj\REMAP.o
 .debug_str     0x00000000      0x1b4 ..\obj\REMAP.o
 .comment       0x00000000       0x71 ..\obj\REMAP.o
 .ARM.attributes
                0x00000000       0x33 ..\obj\REMAP.o
 .text          0x00000000        0x0 ..\obj\misc.o
 .data          0x00000000        0x0 ..\obj\misc.o
 .bss           0x00000000        0x0 ..\obj\misc.o
 .text.NVIC_PriorityGroupConfig
                0x00000000       0x24 ..\obj\misc.o
 .text.NVIC_SetVectorTable
                0x00000000       0x2c ..\obj\misc.o
 .text.NVIC_SystemLPConfig
                0x00000000       0x40 ..\obj\misc.o
 .text.SysTick_CLKSourceConfig
                0x00000000       0x38 ..\obj\misc.o
 .text          0x00000000        0x0 ..\obj\USART.o
 .text._ZN5USART4readEv
                0x00000000       0xc4 ..\obj\USART.o
 .ARM.extab.text._ZN5USART4readEv
                0x00000000        0x0 ..\obj\USART.o
 .ARM.exidx.text._ZN5USART4readEv
                0x00000000        0x8 ..\obj\USART.o
 .text._ZN5USART4peekEv
                0x00000000       0x5c ..\obj\USART.o
 .ARM.extab.text._ZN5USART4peekEv
                0x00000000        0x0 ..\obj\USART.o
 .ARM.exidx.text._ZN5USART4peekEv
                0x00000000        0x8 ..\obj\USART.o
 .text._ZN5USART9availableEv
                0x00000000       0xa4 ..\obj\USART.o
 .ARM.extab.text._ZN5USART9availableEv
                0x00000000        0x0 ..\obj\USART.o
 .ARM.exidx.text._ZN5USART9availableEv
                0x00000000        0x8 ..\obj\USART.o
 .text          0x00000000        0x0 ..\obj\TIM.o
 .data          0x00000000        0x0 ..\obj\TIM.o
 .ARM.extab.text._ZN3PWM4dutyEt
                0x00000000        0x0 ..\obj\TIM.o
 .ARM.extab.text._Z10OC1DutySetP11TIM_TypeDeft
                0x00000000        0x0 ..\obj\TIM.o
 .ARM.extab.text._Z10OC2DutySetP11TIM_TypeDeft
                0x00000000        0x0 ..\obj\TIM.o
 .ARM.extab.text._Z10OC3DutySetP11TIM_TypeDeft
                0x00000000        0x0 ..\obj\TIM.o
 .ARM.extab.text._Z10OC4DutySetP11TIM_TypeDeft
                0x00000000        0x0 ..\obj\TIM.o
 .text._ZN7ENCODER5setupEP11TIM_TypeDef
                0x00000000       0x6c ..\obj\TIM.o
 .ARM.extab.text._ZN7ENCODER5setupEP11TIM_TypeDef
                0x00000000        0xc ..\obj\TIM.o
 .ARM.exidx.text._ZN7ENCODER5setupEP11TIM_TypeDef
                0x00000000        0x8 ..\obj\TIM.o
 .text._ZN7ENCODER4readEv
                0x00000000       0x68 ..\obj\TIM.o
 .ARM.extab.text._ZN7ENCODER4readEv
                0x00000000        0x0 ..\obj\TIM.o
 .ARM.exidx.text._ZN7ENCODER4readEv
                0x00000000        0x8 ..\obj\TIM.o
 .text._Z17TIM1_ENCODERSetupv
                0x00000000       0x34 ..\obj\TIM.o
 .ARM.extab.text._Z17TIM1_ENCODERSetupv
                0x00000000        0x0 ..\obj\TIM.o
 .ARM.exidx.text._Z17TIM1_ENCODERSetupv
                0x00000000        0x8 ..\obj\TIM.o
 .text._Z17TIM2_ENCODERSetupv
                0x00000000       0x34 ..\obj\TIM.o
 .ARM.extab.text._Z17TIM2_ENCODERSetupv
                0x00000000        0x0 ..\obj\TIM.o
 .ARM.exidx.text._Z17TIM2_ENCODERSetupv
                0x00000000        0x8 ..\obj\TIM.o
 .text._Z17TIM3_ENCODERSetupv
                0x00000000       0x30 ..\obj\TIM.o
 .ARM.extab.text._Z17TIM3_ENCODERSetupv
                0x00000000        0x0 ..\obj\TIM.o
 .ARM.exidx.text._Z17TIM3_ENCODERSetupv
                0x00000000        0x8 ..\obj\TIM.o
 .text._Z17TIM4_ENCODERSetupv
                0x00000000       0x30 ..\obj\TIM.o
 .ARM.extab.text._Z17TIM4_ENCODERSetupv
                0x00000000        0x0 ..\obj\TIM.o
 .ARM.exidx.text._Z17TIM4_ENCODERSetupv
                0x00000000        0x8 ..\obj\TIM.o
 .text._Z16TIM1_ENCODERReadv
                0x00000000       0x28 ..\obj\TIM.o
 .ARM.extab.text._Z16TIM1_ENCODERReadv
                0x00000000        0x0 ..\obj\TIM.o
 .ARM.exidx.text._Z16TIM1_ENCODERReadv
                0x00000000        0x8 ..\obj\TIM.o
 .text._Z16TIM2_ENCODERReadv
                0x00000000       0x24 ..\obj\TIM.o
 .ARM.extab.text._Z16TIM2_ENCODERReadv
                0x00000000        0x0 ..\obj\TIM.o
 .ARM.exidx.text._Z16TIM2_ENCODERReadv
                0x00000000        0x8 ..\obj\TIM.o
 .text._Z16TIM3_ENCODERReadv
                0x00000000       0x28 ..\obj\TIM.o
 .ARM.extab.text._Z16TIM3_ENCODERReadv
                0x00000000        0x0 ..\obj\TIM.o
 .ARM.exidx.text._Z16TIM3_ENCODERReadv
                0x00000000        0x8 ..\obj\TIM.o
 .text._Z16TIM4_ENCODERReadv
                0x00000000       0x28 ..\obj\TIM.o
 .ARM.extab.text._Z16TIM4_ENCODERReadv
                0x00000000        0x0 ..\obj\TIM.o
 .ARM.exidx.text._Z16TIM4_ENCODERReadv
                0x00000000        0x8 ..\obj\TIM.o
 .text._Z16TIM1_ENCODER_IRQv
                0x00000000       0x40 ..\obj\TIM.o
 .ARM.extab.text._Z16TIM1_ENCODER_IRQv
                0x00000000        0x0 ..\obj\TIM.o
 .ARM.exidx.text._Z16TIM1_ENCODER_IRQv
                0x00000000        0x8 ..\obj\TIM.o
 .text._Z16TIM2_ENCODER_IRQv
                0x00000000        0xc ..\obj\TIM.o
 .ARM.extab.text._Z16TIM2_ENCODER_IRQv
                0x00000000        0x0 ..\obj\TIM.o
 .ARM.exidx.text._Z16TIM2_ENCODER_IRQv
                0x00000000        0x8 ..\obj\TIM.o
 .text._Z16TIM3_ENCODER_IRQv
                0x00000000        0xc ..\obj\TIM.o
 .ARM.extab.text._Z16TIM3_ENCODER_IRQv
                0x00000000        0x0 ..\obj\TIM.o
 .ARM.exidx.text._Z16TIM3_ENCODER_IRQv
                0x00000000        0x8 ..\obj\TIM.o
 .text._Z16TIM4_ENCODER_IRQv
                0x00000000        0xc ..\obj\TIM.o
 .ARM.extab.text._Z16TIM4_ENCODER_IRQv
                0x00000000        0x0 ..\obj\TIM.o
 .ARM.exidx.text._Z16TIM4_ENCODER_IRQv
                0x00000000        0x8 ..\obj\TIM.o
 .text.TIM1_IRQHandler
                0x00000000       0x18 ..\obj\TIM.o
 .ARM.extab.text.TIM1_IRQHandler
                0x00000000        0x0 ..\obj\TIM.o
 .ARM.exidx.text.TIM1_IRQHandler
                0x00000000        0x8 ..\obj\TIM.o
 .ARM.extab.text.TIM2_IRQHandler
                0x00000000        0x0 ..\obj\TIM.o
 .ARM.extab.text.TIM3_IRQHandler
                0x00000000        0x0 ..\obj\TIM.o
 .ARM.extab.text.TIM4_IRQHandler
                0x00000000        0x0 ..\obj\TIM.o
 .data          0x00000000        0x0 c:/program files (x86)/gnu tools arm embedded/4.9 2014q4/bin/../lib/gcc/arm-none-eabi/4.9.3/armv7-m\libgcc.a(unwind-arm.o)
 .bss           0x00000000        0x0 c:/program files (x86)/gnu tools arm embedded/4.9 2014q4/bin/../lib/gcc/arm-none-eabi/4.9.3/armv7-m\libgcc.a(unwind-arm.o)
 .ARM.extab     0x00000000        0x0 c:/program files (x86)/gnu tools arm embedded/4.9 2014q4/bin/../lib/gcc/arm-none-eabi/4.9.3/armv7-m\libgcc.a(unwind-arm.o)
 .debug_frame   0x00000000      0x300 c:/program files (x86)/gnu tools arm embedded/4.9 2014q4/bin/../lib/gcc/arm-none-eabi/4.9.3/armv7-m\libgcc.a(unwind-arm.o)
 .ARM.attributes
                0x00000000       0x2d c:/program files (x86)/gnu tools arm embedded/4.9 2014q4/bin/../lib/gcc/arm-none-eabi/4.9.3/armv7-m\libgcc.a(unwind-arm.o)
 .data          0x00000000        0x0 c:/program files (x86)/gnu tools arm embedded/4.9 2014q4/bin/../lib/gcc/arm-none-eabi/4.9.3/armv7-m\libgcc.a(libunwind.o)
 .bss           0x00000000        0x0 c:/program files (x86)/gnu tools arm embedded/4.9 2014q4/bin/../lib/gcc/arm-none-eabi/4.9.3/armv7-m\libgcc.a(libunwind.o)
 .ARM.attributes
                0x00000000       0x1d c:/program files (x86)/gnu tools arm embedded/4.9 2014q4/bin/../lib/gcc/arm-none-eabi/4.9.3/armv7-m\libgcc.a(libunwind.o)
 .data          0x00000000        0x0 c:/program files (x86)/gnu tools arm embedded/4.9 2014q4/bin/../lib/gcc/arm-none-eabi/4.9.3/armv7-m\libgcc.a(pr-support.o)
 .bss           0x00000000        0x0 c:/program files (x86)/gnu tools arm embedded/4.9 2014q4/bin/../lib/gcc/arm-none-eabi/4.9.3/armv7-m\libgcc.a(pr-support.o)
 .debug_frame   0x00000000      0x104 c:/program files (x86)/gnu tools arm embedded/4.9 2014q4/bin/../lib/gcc/arm-none-eabi/4.9.3/armv7-m\libgcc.a(pr-support.o)
 .ARM.attributes
                0x00000000       0x2d c:/program files (x86)/gnu tools arm embedded/4.9 2014q4/bin/../lib/gcc/arm-none-eabi/4.9.3/armv7-m\libgcc.a(pr-support.o)
 .data          0x00000000        0x0 c:/program files (x86)/gnu tools arm embedded/4.9 2014q4/bin/../lib/gcc/arm-none-eabi/4.9.3/../../../../arm-none-eabi/lib/armv7-m\libc.a(lib_a-memcpy.o)
 .bss           0x00000000        0x0 c:/program files (x86)/gnu tools arm embedded/4.9 2014q4/bin/../lib/gcc/arm-none-eabi/4.9.3/../../../../arm-none-eabi/lib/armv7-m\libc.a(lib_a-memcpy.o)
 .ARM.attributes
                0x00000000       0x1b c:/program files (x86)/gnu tools arm embedded/4.9 2014q4/bin/../lib/gcc/arm-none-eabi/4.9.3/../../../../arm-none-eabi/lib/armv7-m\libc.a(lib_a-memcpy.o)

Memory Configuration

Name             Origin             Length             Attributes
rom              0x08000000         0x00010000         xr
ram              0x20000000         0x00005000         xrw
*default*        0x00000000         0xffffffff

Linker script and memory map

                0x20005000                _eram = 0x20005000

.text           0x08000000     0x4548
 *(.isr_vector)
 .isr_vector    0x08000000      0x10c ..\obj\startup_stm32f10x_md.o
                0x08000000                g_pfnVectors
 *(.text*)
 .text.TIM_TimeBaseInit
                0x0800010c       0xf8 ..\obj\stm32f10x_tim.o
                0x0800010c                TIM_TimeBaseInit
 .text.TIM_OC1Init
                0x08000204      0x118 ..\obj\stm32f10x_tim.o
                0x08000204                TIM_OC1Init
 .text.TIM_OC2Init
                0x0800031c      0x110 ..\obj\stm32f10x_tim.o
                0x0800031c                TIM_OC2Init
 .text.TIM_OC3Init
                0x0800042c      0x10c ..\obj\stm32f10x_tim.o
                0x0800042c                TIM_OC3Init
 .text.TIM_OC4Init
                0x08000538       0xd0 ..\obj\stm32f10x_tim.o
                0x08000538                TIM_OC4Init
 .text.TIM_TimeBaseStructInit
                0x08000608       0x34 ..\obj\stm32f10x_tim.o
                0x08000608                TIM_TimeBaseStructInit
 .text.TIM_OCStructInit
                0x0800063c       0x44 ..\obj\stm32f10x_tim.o
                0x0800063c                TIM_OCStructInit
 .text.TIM_Cmd  0x08000680       0x40 ..\obj\stm32f10x_tim.o
                0x08000680                TIM_Cmd
 .text.TIM_ITConfig
                0x080006c0       0x48 ..\obj\stm32f10x_tim.o
                0x080006c0                TIM_ITConfig
 .text.TIM_EncoderInterfaceConfig
                0x08000708       0x98 ..\obj\stm32f10x_tim.o
                0x08000708                TIM_EncoderInterfaceConfig
 .text.TIM_ARRPreloadConfig
                0x080007a0       0x40 ..\obj\stm32f10x_tim.o
                0x080007a0                TIM_ARRPreloadConfig
 .text.TIM_ClearITPendingBit
                0x080007e0       0x20 ..\obj\stm32f10x_tim.o
                0x080007e0                TIM_ClearITPendingBit
 .text.SystemInit
                0x08000800       0x68 ..\obj\system_stm32f10x.o
                0x08000800                SystemInit
 .text.SetSysClock
                0x08000868        0xc ..\obj\system_stm32f10x.o
 .text.SetSysClockTo72
                0x08000874      0x100 ..\obj\system_stm32f10x.o
 .text._Z9CAN1Setupv
                0x08000974       0xac ..\obj\CAN.o
                0x08000974                CAN1Setup()
 .text._Z8CAN1SendthPh
                0x08000a20       0x68 ..\obj\CAN.o
                0x08000a20                CAN1Send(unsigned short, unsigned char, unsigned char*)
 .text.NVIC_SetPriority
                0x08000a88       0x54 ..\obj\SYSTEM.o
 .text.SysTick_Config
                0x08000adc       0x44 ..\obj\SYSTEM.o
 .text._Z5setupv
                0x08000b20       0x20 ..\obj\SYSTEM.o
                0x08000b20                setup()
 .text.SysTick_Handler
                0x08000b40       0x24 ..\obj\SYSTEM.o
                0x08000b40                SysTick_Handler
 .text._Z5delaym
                0x08000b64       0x28 ..\obj\SYSTEM.o
                0x08000b64                delay(unsigned long)
 .text.Default_Reset_Handler
                0x08000b8c       0x5c ..\obj\startup_stm32f10x_md.o
                0x08000b8c                Default_Reset_Handler
                0x08000b8c                Reset_Handler
 .text.Default_Handler
                0x08000be8        0x8 ..\obj\startup_stm32f10x_md.o
                0x08000be8                EXTI2_IRQHandler
                0x08000be8                DebugMon_Handler
                0x08000be8                TIM1_CC_IRQHandler
                0x08000be8                PVD_IRQHandler
                0x08000be8                PendSV_Handler
                0x08000be8                NMI_Handler
                0x08000be8                EXTI3_IRQHandler
                0x08000be8                I2C2_EV_IRQHandler
                0x08000be8                UsageFault_Handler
                0x08000be8                ADC1_2_IRQHandler
                0x08000be8                SPI1_IRQHandler
                0x08000be8                TAMPER_IRQHandler
                0x08000be8                DMA1_Channel4_IRQHandler
                0x08000be8                USART3_IRQHandler
                0x08000be8                RTC_IRQHandler
                0x08000be8                DMA1_Channel7_IRQHandler
                0x08000be8                I2C1_EV_IRQHandler
                0x08000be8                DMA1_Channel6_IRQHandler
                0x08000be8                RCC_IRQHandler
                0x08000be8                TIM1_TRG_COM_IRQHandler
                0x08000be8                DMA1_Channel1_IRQHandler
                0x08000be8                EXTI15_10_IRQHandler
                0x08000be8                EXTI9_5_IRQHandler
                0x08000be8                SPI2_IRQHandler
                0x08000be8                MemManage_Handler
                0x08000be8                SVC_Handler
                0x08000be8                DMA1_Channel5_IRQHandler
                0x08000be8                EXTI4_IRQHandler
                0x08000be8                USB_HP_CAN1_TX_IRQHandler
                0x08000be8                DMA1_Channel3_IRQHandler
                0x08000be8                TIM1_UP_IRQHandler
                0x08000be8                WWDG_IRQHandler
                0x08000be8                TIM1_BRK_IRQHandler
                0x08000be8                EXTI1_IRQHandler
                0x08000be8                RTCAlarm_IRQHandler
                0x08000be8                I2C2_ER_IRQHandler
                0x08000be8                DMA1_Channel2_IRQHandler
                0x08000be8                CAN1_SCE_IRQHandler
                0x08000be8                FLASH_IRQHandler
                0x08000be8                BusFault_Handler
                0x08000be8                I2C1_ER_IRQHandler
                0x08000be8                USBWakeUp_IRQHandler
 .text.CAN_DeInit
                0x08000bf0       0x44 ..\obj\stm32f10x_can.o
                0x08000bf0                CAN_DeInit
 .text.CAN_Init
                0x08000c34      0x1a4 ..\obj\stm32f10x_can.o
                0x08000c34                CAN_Init
 .text.CAN_FilterInit
                0x08000dd8      0x174 ..\obj\stm32f10x_can.o
                0x08000dd8                CAN_FilterInit
 .text.CAN_StructInit
                0x08000f4c       0x54 ..\obj\stm32f10x_can.o
                0x08000f4c                CAN_StructInit
 .text.CAN_Transmit
                0x08000fa0      0x190 ..\obj\stm32f10x_can.o
                0x08000fa0                CAN_Transmit
 .text.CAN_Receive
                0x08001130      0x170 ..\obj\stm32f10x_can.o
                0x08001130                CAN_Receive
 .text.CAN_ITConfig
                0x080012a0       0x3c ..\obj\stm32f10x_can.o
                0x080012a0                CAN_ITConfig
 .text.GPIO_Init
                0x080012dc      0x180 ..\obj\stm32f10x_gpio.o
                0x080012dc                GPIO_Init
 .text.GPIO_StructInit
                0x0800145c       0x28 ..\obj\stm32f10x_gpio.o
                0x0800145c                GPIO_StructInit
 .text.GPIO_WriteBit
                0x08001484       0x30 ..\obj\stm32f10x_gpio.o
                0x08001484                GPIO_WriteBit
 .text.GPIO_PinRemapConfig
                0x080014b4       0xe0 ..\obj\stm32f10x_gpio.o
                0x080014b4                GPIO_PinRemapConfig
 .text.main     0x08001594      0x270 ..\obj\main.o
                0x08001594                main
 .text.USB_LP_CAN1_RX0_IRQHandler
                0x08001804       0x24 ..\obj\main.o
                0x08001804                USB_LP_CAN1_RX0_IRQHandler
 .text.CAN1_RX1_IRQHandler
                0x08001828       0x24 ..\obj\main.o
                0x08001828                CAN1_RX1_IRQHandler
 .text.EXTI0_IRQHandler
                0x0800184c       0x24 ..\obj\main.o
                0x0800184c                EXTI0_IRQHandler
 .text._ZN4GPIO5setupEP12GPIO_TypeDeft16GPIOMode_TypeDef
                0x08001870       0x80 ..\obj\GPIO.o
                0x08001870                GPIO::setup(GPIO_TypeDef*, unsigned short, GPIOMode_TypeDef)
 .text._ZN4GPIO5writeE9BitAction
                0x080018f0       0x2c ..\obj\GPIO.o
                0x080018f0                GPIO::write(BitAction)
 .text._Z9GPIOSetupv
                0x0800191c       0x28 ..\obj\GPIO.o
                0x0800191c                GPIOSetup()
 .text._ZN3ADC5setupEP11ADC_TypeDefh
                0x08001944       0x60 ..\obj\ADC.o
                0x08001944                ADC::setup(ADC_TypeDef*, unsigned char)
 .text._ZN3ADC4readEv
                0x080019a4       0x50 ..\obj\ADC.o
                0x080019a4                ADC::read()
 .text._Z9ADC1Setuph
                0x080019f4       0x94 ..\obj\ADC.o
                0x080019f4                ADC1Setup(unsigned char)
 .text._Z9ADC2Setuph
                0x08001a88       0x94 ..\obj\ADC.o
                0x08001a88                ADC2Setup(unsigned char)
 .text._Z8ADC1Readh
                0x08001b1c       0x50 ..\obj\ADC.o
                0x08001b1c                ADC1Read(unsigned char)
 .text._Z8ADC2Readh
                0x08001b6c       0x50 ..\obj\ADC.o
                0x08001b6c                ADC2Read(unsigned char)
 .text.PutChar  0x08001bbc       0x20 ..\obj\printf.o
                0x08001bbc                PutChar
 .text.PutString
                0x08001bdc       0x3c ..\obj\printf.o
                0x08001bdc                PutString
 .text.PutUnsignedInt
                0x08001c18       0xa0 ..\obj\printf.o
                0x08001c18                PutUnsignedInt
 .text.PutSignedInt
                0x08001cb8      0x104 ..\obj\printf.o
                0x08001cb8                PutSignedInt
 .text.PutHexa  0x08001dbc       0xd8 ..\obj\printf.o
                0x08001dbc                PutHexa
 .text.vsnprintf
                0x08001e94      0x25c ..\obj\printf.o
                0x08001e94                vsnprintf
 .text.vsprintf
                0x080020f0       0x24 ..\obj\printf.o
                0x080020f0                vsprintf
 .text.RCC_ADCCLKConfig
                0x08002114       0x38 ..\obj\stm32f10x_rcc.o
                0x08002114                RCC_ADCCLKConfig
 .text.RCC_GetClocksFreq
                0x0800214c      0x164 ..\obj\stm32f10x_rcc.o
                0x0800214c                RCC_GetClocksFreq
 .text.RCC_APB2PeriphClockCmd
                0x080022b0       0x3c ..\obj\stm32f10x_rcc.o
                0x080022b0                RCC_APB2PeriphClockCmd
 .text.RCC_APB1PeriphClockCmd
                0x080022ec       0x3c ..\obj\stm32f10x_rcc.o
                0x080022ec                RCC_APB1PeriphClockCmd
 .text.RCC_APB1PeriphResetCmd
                0x08002328       0x3c ..\obj\stm32f10x_rcc.o
                0x08002328                RCC_APB1PeriphResetCmd
 .text.EXTI_ClearITPendingBit
                0x08002364       0x1c ..\obj\stm32f10x_exti.o
                0x08002364                EXTI_ClearITPendingBit
 .text.ADC_Init
                0x08002380       0xa4 ..\obj\stm32f10x_adc.o
                0x08002380                ADC_Init
 .text.ADC_StructInit
                0x08002424       0x38 ..\obj\stm32f10x_adc.o
                0x08002424                ADC_StructInit
 .text.ADC_Cmd  0x0800245c       0x38 ..\obj\stm32f10x_adc.o
                0x0800245c                ADC_Cmd
 .text.ADC_ResetCalibration
                0x08002494       0x20 ..\obj\stm32f10x_adc.o
                0x08002494                ADC_ResetCalibration
 .text.ADC_GetResetCalibrationStatus
                0x080024b4       0x30 ..\obj\stm32f10x_adc.o
                0x080024b4                ADC_GetResetCalibrationStatus
 .text.ADC_StartCalibration
                0x080024e4       0x20 ..\obj\stm32f10x_adc.o
                0x080024e4                ADC_StartCalibration
 .text.ADC_GetCalibrationStatus
                0x08002504       0x30 ..\obj\stm32f10x_adc.o
                0x08002504                ADC_GetCalibrationStatus
 .text.ADC_SoftwareStartConvCmd
                0x08002534       0x38 ..\obj\stm32f10x_adc.o
                0x08002534                ADC_SoftwareStartConvCmd
 .text.ADC_RegularChannelConfig
                0x0800256c      0x194 ..\obj\stm32f10x_adc.o
                0x0800256c                ADC_RegularChannelConfig
 .text.ADC_GetConversionValue
                0x08002700       0x1c ..\obj\stm32f10x_adc.o
                0x08002700                ADC_GetConversionValue
 .text.ADC_GetFlagStatus
                0x0800271c       0x34 ..\obj\stm32f10x_adc.o
                0x0800271c                ADC_GetFlagStatus
 .text.USART_Init
                0x08002750      0x174 ..\obj\stm32f10x_usart.o
                0x08002750                USART_Init
 .text.USART_StructInit
                0x080028c4       0x38 ..\obj\stm32f10x_usart.o
                0x080028c4                USART_StructInit
 .text.USART_Cmd
                0x080028fc       0x40 ..\obj\stm32f10x_usart.o
                0x080028fc                USART_Cmd
 .text.USART_ITConfig
                0x0800293c       0x90 ..\obj\stm32f10x_usart.o
                0x0800293c                USART_ITConfig
 .text.USART_SendData
                0x080029cc       0x24 ..\obj\stm32f10x_usart.o
                0x080029cc                USART_SendData
 .text.USART_ReceiveData
                0x080029f0       0x20 ..\obj\stm32f10x_usart.o
                0x080029f0                USART_ReceiveData
 .text.USART_GetITStatus
                0x08002a10       0xb8 ..\obj\stm32f10x_usart.o
                0x08002a10                USART_GetITStatus
 .text          0x08002ac8       0x28 ..\obj\sh_cmd.o
                0x08002ac8                SH_DoCommand
                0x08002ada                HardFault_Handler
 .text.abort    0x08002af0        0x8 ..\obj\syscalls.o
                0x08002af0                abort
 .text.NVIC_Init
                0x08002af8       0xc4 ..\obj\misc.o
                0x08002af8                NVIC_Init
 .text._ZN5USART4putsEPKc
                0x08002bbc       0x38 ..\obj\USART.o
                0x08002bbc                USART::puts(char const*)
 .text._ZN5USART6printfEPKcz
                0x08002bf4       0x40 ..\obj\USART.o
                0x08002bf4                USART::printf(char const*, ...)
 .text._ZN5USART5setupEP13USART_TypeDefm
                0x08002c34       0x68 ..\obj\USART.o
                0x08002c34                USART::setup(USART_TypeDef*, unsigned long)
 .text._ZN5USART4sendEc
                0x08002c9c       0x80 ..\obj\USART.o
                0x08002c9c                USART::send(char)
 .text._Z11USART2Setupm
                0x08002d1c       0x50 ..\obj\USART.o
                0x08002d1c                USART2Setup(unsigned long)
 .text._Z11USART1Setupm
                0x08002d6c       0x50 ..\obj\USART.o
                0x08002d6c                USART1Setup(unsigned long)
 .text._Z13USART2ITSetupt
                0x08002dbc       0x38 ..\obj\USART.o
                0x08002dbc                USART2ITSetup(unsigned short)
 .text._Z13USART1ITSetupt
                0x08002df4       0x38 ..\obj\USART.o
                0x08002df4                USART1ITSetup(unsigned short)
 .text.USART1_IRQHandler
                0x08002e2c       0xe8 ..\obj\USART.o
                0x08002e2c                USART1_IRQHandler
 .text.USART2_IRQHandler
                0x08002f14       0x88 ..\obj\USART.o
                0x08002f14                USART2_IRQHandler
 .text._ZN3PWM5setupEP11TIM_TypeDefttt
                0x08002f9c      0x110 ..\obj\TIM.o
                0x08002f9c                PWM::setup(TIM_TypeDef*, unsigned short, unsigned short, unsigned short)
 .text._ZN3PWM4dutyEt
                0x080030ac       0x9c ..\obj\TIM.o
                0x080030ac                PWM::duty(unsigned short)
 .text._Z12TIM2PWMSetupt
                0x08003148       0x3c ..\obj\TIM.o
                0x08003148                TIM2PWMSetup(unsigned short)
 .text._Z12TIM3PWMSetupt
                0x08003184       0x40 ..\obj\TIM.o
                0x08003184                TIM3PWMSetup(unsigned short)
 .text._Z12TIM4PWMSetupt
                0x080031c4       0x40 ..\obj\TIM.o
                0x080031c4                TIM4PWMSetup(unsigned short)
 .text._Z11OC1PWMSetupP11TIM_TypeDeft
                0x08003204       0x4c ..\obj\TIM.o
                0x08003204                OC1PWMSetup(TIM_TypeDef*, unsigned short)
 .text._Z11OC2PWMSetupP11TIM_TypeDeft
                0x08003250       0x4c ..\obj\TIM.o
                0x08003250                OC2PWMSetup(TIM_TypeDef*, unsigned short)
 .text._Z11OC3PWMSetupP11TIM_TypeDeft
                0x0800329c       0x4c ..\obj\TIM.o
                0x0800329c                OC3PWMSetup(TIM_TypeDef*, unsigned short)
 .text._Z11OC4PWMSetupP11TIM_TypeDeft
                0x080032e8       0x4c ..\obj\TIM.o
                0x080032e8                OC4PWMSetup(TIM_TypeDef*, unsigned short)
 .text._Z10OC1DutySetP11TIM_TypeDeft
                0x08003334       0x1c ..\obj\TIM.o
                0x08003334                OC1DutySet(TIM_TypeDef*, unsigned short)
 .text._Z10OC2DutySetP11TIM_TypeDeft
                0x08003350       0x1c ..\obj\TIM.o
                0x08003350                OC2DutySet(TIM_TypeDef*, unsigned short)
 .text._Z10OC3DutySetP11TIM_TypeDeft
                0x0800336c       0x1c ..\obj\TIM.o
                0x0800336c                OC3DutySet(TIM_TypeDef*, unsigned short)
 .text._Z10OC4DutySetP11TIM_TypeDeft
                0x08003388       0x20 ..\obj\TIM.o
                0x08003388                OC4DutySet(TIM_TypeDef*, unsigned short)
 .text.TIM2_IRQHandler
                0x080033a8       0x40 ..\obj\TIM.o
                0x080033a8                TIM2_IRQHandler
 .text.TIM3_IRQHandler
                0x080033e8       0x40 ..\obj\TIM.o
                0x080033e8                TIM3_IRQHandler
 .text.TIM4_IRQHandler
                0x08003428       0x40 ..\obj\TIM.o
                0x08003428                TIM4_IRQHandler
 .text          0x08003468      0xa54 c:/program files (x86)/gnu tools arm embedded/4.9 2014q4/bin/../lib/gcc/arm-none-eabi/4.9.3/armv7-m\libgcc.a(unwind-arm.o)
                0x08003748                _Unwind_GetCFA
                0x0800374c                __gnu_Unwind_RaiseException
                0x080037ac                __gnu_Unwind_ForcedUnwind
                0x080037c0                __gnu_Unwind_Resume
                0x08003804                __gnu_Unwind_Resume_or_Rethrow
                0x08003818                _Unwind_Complete
                0x0800381c                _Unwind_DeleteException
                0x08003828                _Unwind_VRS_Get
                0x08003878                _Unwind_VRS_Set
                0x080038c8                __gnu_Unwind_Backtrace
                0x08003c0c                __aeabi_unwind_cpp_pr0
                0x08003c10                __aeabi_unwind_cpp_pr1
                0x08003c14                __aeabi_unwind_cpp_pr2
                0x08003c18                _Unwind_VRS_Pop
 .text          0x08003ebc      0x1ac c:/program files (x86)/gnu tools arm embedded/4.9 2014q4/bin/../lib/gcc/arm-none-eabi/4.9.3/armv7-m\libgcc.a(libunwind.o)
                0x08003ebc                __restore_core_regs
                0x08003ebc                restore_core_regs
                0x08003ed4                __gnu_Unwind_Restore_VFP
                0x08003edc                __gnu_Unwind_Save_VFP
                0x08003ee4                __gnu_Unwind_Restore_VFP_D
                0x08003eec                __gnu_Unwind_Save_VFP_D
                0x08003ef4                __gnu_Unwind_Restore_VFP_D_16_to_31
                0x08003efc                __gnu_Unwind_Save_VFP_D_16_to_31
                0x08003f04                __gnu_Unwind_Restore_WMMXD
                0x08003f48                __gnu_Unwind_Save_WMMXD
                0x08003f8c                __gnu_Unwind_Restore_WMMXC
                0x08003fa0                __gnu_Unwind_Save_WMMXC
                0x08003fb4                ___Unwind_RaiseException
                0x08003fb4                _Unwind_RaiseException
                0x08003fd8                _Unwind_Resume
                0x08003fd8                ___Unwind_Resume
                0x08003ffc                _Unwind_Resume_or_Rethrow
                0x08003ffc                ___Unwind_Resume_or_Rethrow
                0x08004020                _Unwind_ForcedUnwind
                0x08004020                ___Unwind_ForcedUnwind
                0x08004044                ___Unwind_Backtrace
                0x08004044                _Unwind_Backtrace
 .text          0x08004068      0x37c c:/program files (x86)/gnu tools arm embedded/4.9 2014q4/bin/../lib/gcc/arm-none-eabi/4.9.3/armv7-m\libgcc.a(pr-support.o)
                0x080040c0                __gnu_unwind_execute
                0x0800438c                __gnu_unwind_frame
                0x080043b4                _Unwind_GetRegionStart
                0x080043c0                _Unwind_GetLanguageSpecificData
                0x080043d4                _Unwind_GetDataRelBase
                0x080043dc                _Unwind_GetTextRelBase
 .text          0x080043e4       0xec c:/program files (x86)/gnu tools arm embedded/4.9 2014q4/bin/../lib/gcc/arm-none-eabi/4.9.3/../../../../arm-none-eabi/lib/armv7-m\libc.a(lib_a-memcpy.o)
                0x080043e4                memcpy
 *(.init)
 *(.fini)
 *crtbegin.o(.ctors)
 *crtbegin?.o(.ctors)
 *(EXCLUDE_FILE(*crtend.o *crtend?.o) .ctors)
 *(SORT(.ctors.*))
 *(.ctors)
 *crtbegin.o(.dtors)
 *crtbegin?.o(.dtors)
 *(EXCLUDE_FILE(*crtend.o *crtend?.o) .dtors)
 *(SORT(.dtors.*))
 *(.dtors)
 *(.rodata*)
 .rodata        0x080044d0       0x78 ..\obj\main.o
 *(.eh_fram e*)

.glue_7         0x08004548        0x0
 .glue_7        0x00000000        0x0 linker stubs

.glue_7t        0x08004548        0x0
 .glue_7t       0x00000000        0x0 linker stubs

.vfp11_veneer   0x08004548        0x0
 .vfp11_veneer  0x00000000        0x0 linker stubs

.v4_bx          0x08004548        0x0
 .v4_bx         0x00000000        0x0 linker stubs

.iplt           0x08004548        0x0
 .iplt          0x00000000        0x0 ..\obj\semihosting.o

.ARM.extab      0x08004548      0x174
 *(.ARM.extab* .gnu.linkonce.armextab.*)
 .ARM.extab.text._Z9CAN1Setupv
                0x08004548        0xc ..\obj\CAN.o
 .ARM.extab.text._Z8CAN1SendthPh
                0x08004554        0xc ..\obj\CAN.o
 .ARM.extab.text.main
                0x08004560        0xc ..\obj\main.o
 .ARM.extab.text._ZN4GPIO5setupEP12GPIO_TypeDeft16GPIOMode_TypeDef
                0x0800456c        0xc ..\obj\GPIO.o
 .ARM.extab.text._ZN4GPIO5writeE9BitAction
                0x08004578        0xc ..\obj\GPIO.o
 .ARM.extab.text._ZN3ADC5setupEP11ADC_TypeDefh
                0x08004584        0xc ..\obj\ADC.o
 .ARM.extab.text._ZN3ADC4readEv
                0x08004590        0xc ..\obj\ADC.o
 .ARM.extab.text._Z9ADC1Setuph
                0x0800459c        0xc ..\obj\ADC.o
 .ARM.extab.text._Z9ADC2Setuph
                0x080045a8        0xc ..\obj\ADC.o
 .ARM.extab.text._Z8ADC1Readh
                0x080045b4        0xc ..\obj\ADC.o
 .ARM.extab.text._Z8ADC2Readh
                0x080045c0        0xc ..\obj\ADC.o
 .ARM.extab.text._ZN5USART4putsEPKc
                0x080045cc        0xc ..\obj\USART.o
 .ARM.extab.text._ZN5USART6printfEPKcz
                0x080045d8        0xc ..\obj\USART.o
 .ARM.extab.text._ZN5USART5setupEP13USART_TypeDefm
                0x080045e4        0xc ..\obj\USART.o
 .ARM.extab.text._ZN5USART4sendEc
                0x080045f0        0xc ..\obj\USART.o
 .ARM.extab.text._Z11USART2Setupm
                0x080045fc        0xc ..\obj\USART.o
 .ARM.extab.text._Z11USART1Setupm
                0x08004608        0xc ..\obj\USART.o
 .ARM.extab.text._Z13USART2ITSetupt
                0x08004614        0xc ..\obj\USART.o
 .ARM.extab.text._Z13USART1ITSetupt
                0x08004620        0xc ..\obj\USART.o
 .ARM.extab.text.USART1_IRQHandler
                0x0800462c        0xc ..\obj\USART.o
 .ARM.extab.text.USART2_IRQHandler
                0x08004638        0xc ..\obj\USART.o
 .ARM.extab.text._ZN3PWM5setupEP11TIM_TypeDefttt
                0x08004644        0xc ..\obj\TIM.o
 .ARM.extab.text._Z12TIM2PWMSetupt
                0x08004650        0xc ..\obj\TIM.o
 .ARM.extab.text._Z12TIM3PWMSetupt
                0x0800465c        0xc ..\obj\TIM.o
 .ARM.extab.text._Z12TIM4PWMSetupt
                0x08004668        0xc ..\obj\TIM.o
 .ARM.extab.text._Z11OC1PWMSetupP11TIM_TypeDeft
                0x08004674        0xc ..\obj\TIM.o
 .ARM.extab.text._Z11OC2PWMSetupP11TIM_TypeDeft
                0x08004680        0xc ..\obj\TIM.o
 .ARM.extab.text._Z11OC3PWMSetupP11TIM_TypeDeft
                0x0800468c        0xc ..\obj\TIM.o
 .ARM.extab.text._Z11OC4PWMSetupP11TIM_TypeDeft
                0x08004698        0xc ..\obj\TIM.o
 .ARM.extab     0x080046a4       0x18 c:/program files (x86)/gnu tools arm embedded/4.9 2014q4/bin/../lib/gcc/arm-none-eabi/4.9.3/armv7-m\libgcc.a(pr-support.o)
                0x080046bc                __exidx_start = .

.ARM.exidx      0x080046bc      0x1d8
 *(.ARM.exidx* .gnu.linkonce.armexidx.*)
 .ARM.exidx.text._Z9CAN1Setupv
                0x080046bc        0x8 ..\obj\CAN.o
 .ARM.exidx.text._Z8CAN1SendthPh
                0x080046c4        0x8 ..\obj\CAN.o
 .ARM.exidx.text.NVIC_SetPriority
                0x080046cc        0x8 ..\obj\SYSTEM.o
 .ARM.exidx.text.SysTick_Config
                0x080046d4        0x0 ..\obj\SYSTEM.o
                                  0x8 (size before relaxing)
 .ARM.exidx.text._Z5setupv
                0x080046d4        0x0 ..\obj\SYSTEM.o
                                  0x8 (size before relaxing)
 .ARM.exidx.text.SysTick_Handler
                0x080046d4        0x0 ..\obj\SYSTEM.o
                                  0x8 (size before relaxing)
 .ARM.exidx.text._Z5delaym
                0x080046d4        0x0 ..\obj\SYSTEM.o
                                  0x8 (size before relaxing)
 .ARM.exidx.text.main
                0x080046d4        0x8 ..\obj\main.o
 .ARM.exidx.text.USB_LP_CAN1_RX0_IRQHandler
                0x080046dc        0x8 ..\obj\main.o
 .ARM.exidx.text.CAN1_RX1_IRQHandler
                0x080046e4        0x0 ..\obj\main.o
                                  0x8 (size before relaxing)
 .ARM.exidx.text.EXTI0_IRQHandler
                0x080046e4        0x0 ..\obj\main.o
                                  0x8 (size before relaxing)
 .ARM.exidx.text._ZN4GPIO5setupEP12GPIO_TypeDeft16GPIOMode_TypeDef
                0x080046e4        0x8 ..\obj\GPIO.o
 .ARM.exidx.text._ZN4GPIO5writeE9BitAction
                0x080046ec        0x8 ..\obj\GPIO.o
 .ARM.exidx.text._Z9GPIOSetupv
                0x080046f4        0x8 ..\obj\GPIO.o
 .ARM.exidx.text._ZN3ADC5setupEP11ADC_TypeDefh
                0x080046fc        0x8 ..\obj\ADC.o
 .ARM.exidx.text._ZN3ADC4readEv
                0x08004704        0x8 ..\obj\ADC.o
 .ARM.exidx.text._Z9ADC1Setuph
                0x0800470c        0x8 ..\obj\ADC.o
 .ARM.exidx.text._Z9ADC2Setuph
                0x08004714        0x8 ..\obj\ADC.o
 .ARM.exidx.text._Z8ADC1Readh
                0x0800471c        0x8 ..\obj\ADC.o
 .ARM.exidx.text._Z8ADC2Readh
                0x08004724       0x10 ..\obj\ADC.o
                                  0x8 (size before relaxing)
 .ARM.exidx.text._ZN5USART4putsEPKc
                0x08004734        0x8 ..\obj\USART.o
 .ARM.exidx.text._ZN5USART6printfEPKcz
                0x0800473c        0x8 ..\obj\USART.o
 .ARM.exidx.text._ZN5USART5setupEP13USART_TypeDefm
                0x08004744        0x8 ..\obj\USART.o
 .ARM.exidx.text._ZN5USART4sendEc
                0x0800474c        0x8 ..\obj\USART.o
 .ARM.exidx.text._Z11USART2Setupm
                0x08004754        0x8 ..\obj\USART.o
 .ARM.exidx.text._Z11USART1Setupm
                0x0800475c        0x8 ..\obj\USART.o
 .ARM.exidx.text._Z13USART2ITSetupt
                0x08004764        0x8 ..\obj\USART.o
 .ARM.exidx.text._Z13USART1ITSetupt
                0x0800476c        0x8 ..\obj\USART.o
 .ARM.exidx.text.USART1_IRQHandler
                0x08004774        0x8 ..\obj\USART.o
 .ARM.exidx.text.USART2_IRQHandler
                0x0800477c        0x8 ..\obj\USART.o
 .ARM.exidx.text._ZN3PWM5setupEP11TIM_TypeDefttt
                0x08004784        0x8 ..\obj\TIM.o
 .ARM.exidx.text._ZN3PWM4dutyEt
                0x0800478c        0x8 ..\obj\TIM.o
 .ARM.exidx.text._Z12TIM2PWMSetupt
                0x08004794        0x8 ..\obj\TIM.o
 .ARM.exidx.text._Z12TIM3PWMSetupt
                0x0800479c        0x8 ..\obj\TIM.o
 .ARM.exidx.text._Z12TIM4PWMSetupt
                0x080047a4        0x8 ..\obj\TIM.o
 .ARM.exidx.text._Z11OC1PWMSetupP11TIM_TypeDeft
                0x080047ac        0x8 ..\obj\TIM.o
 .ARM.exidx.text._Z11OC2PWMSetupP11TIM_TypeDeft
                0x080047b4        0x8 ..\obj\TIM.o
 .ARM.exidx.text._Z11OC3PWMSetupP11TIM_TypeDeft
                0x080047bc        0x8 ..\obj\TIM.o
 .ARM.exidx.text._Z11OC4PWMSetupP11TIM_TypeDeft
                0x080047c4        0x8 ..\obj\TIM.o
 .ARM.exidx.text._Z10OC1DutySetP11TIM_TypeDeft
                0x080047cc        0x8 ..\obj\TIM.o
 .ARM.exidx.text._Z10OC2DutySetP11TIM_TypeDeft
                0x080047d4        0x0 ..\obj\TIM.o
                                  0x8 (size before relaxing)
 .ARM.exidx.text._Z10OC3DutySetP11TIM_TypeDeft
                0x080047d4        0x0 ..\obj\TIM.o
                                  0x8 (size before relaxing)
 .ARM.exidx.text._Z10OC4DutySetP11TIM_TypeDeft
                0x080047d4        0x0 ..\obj\TIM.o
                                  0x8 (size before relaxing)
 .ARM.exidx.text.TIM2_IRQHandler
                0x080047d4        0x8 ..\obj\TIM.o
 .ARM.exidx.text.TIM3_IRQHandler
                0x080047dc        0x0 ..\obj\TIM.o
                                  0x8 (size before relaxing)
 .ARM.exidx.text.TIM4_IRQHandler
                0x080047dc        0x0 ..\obj\TIM.o
                                  0x8 (size before relaxing)
 .ARM.exidx     0x080047dc       0x80 c:/program files (x86)/gnu tools arm embedded/4.9 2014q4/bin/../lib/gcc/arm-none-eabi/4.9.3/armv7-m\libgcc.a(unwind-arm.o)
                                 0xd8 (size before relaxing)
 .ARM.exidx     0x0800485c       0x38 c:/program files (x86)/gnu tools arm embedded/4.9 2014q4/bin/../lib/gcc/arm-none-eabi/4.9.3/armv7-m\libgcc.a(pr-support.o)
                                 0x48 (size before relaxing)
                0x08004894                __exidx_end = .
                0x08004894                __etext = .
                0x08004894                _sidata = __etext

.rel.dyn        0x08004894        0x0
 .rel.iplt      0x00000000        0x0 ..\obj\semihosting.o

.data           0x20000000       0x2c load address 0x08004894
                0x20000000                __data_start__ = .
                0x20000000                _sdata = __data_start__
 *(vtable)
 *(.data*)
 .data          0x20000000       0x14 ..\obj\system_stm32f10x.o
                0x20000000                SystemCoreClock
                0x20000004                AHBPrescTable
 .data          0x20000014       0x14 ..\obj\stm32f10x_rcc.o
 .data          0x20000028        0x4 ..\obj\USART.o
                0x20000028                USART::usart1RxAddress
                0x2000002a                USART::usart2RxAddress
                0x2000002c                . = ALIGN (0x4)
                0x2000002c                PROVIDE (__preinit_array_start, .)
 *(.preinit_array)
                0x2000002c                PROVIDE (__preinit_array_end, .)
                0x2000002c                . = ALIGN (0x4)
                0x2000002c                PROVIDE (__init_array_start, .)
 *(SORT(.init_array.*))
 *(.init_array)
                0x2000002c                PROVIDE (__init_array_end, .)
                0x2000002c                . = ALIGN (0x4)
                0x2000002c                PROVIDE (__fini_array_start, .)
 *(SORT(.fini_array.*))
 *(.fini_array)
                0x2000002c                PROVIDE (__fini_array_end, .)
 *(.jcr*)
                0x2000002c                . = ALIGN (0x4)
                0x2000002c                __data_end__ = .
                0x2000002c                _edata = __data_end__

.igot.plt       0x2000002c        0x0 load address 0x080048c0
 .igot.plt      0x00000000        0x0 ..\obj\semihosting.o

.bss            0x2000002c      0x2e8 load address 0x080048c0
                0x2000002c                . = ALIGN (0x4)
                0x2000002c                __bss_start__ = .
                0x2000002c                _sbss = __bss_start__
 *(.bss*)
 .bss           0x2000002c        0x4 ..\obj\SYSTEM.o
 .bss           0x20000030       0xc4 ..\obj\main.o
                0x20000034                a
                0x20000036                rxFlag
                0x20000038                enc1
                0x2000003c                canData
                0x20000044                RxMessage
                0x20000058                led
                0x20000064                canRx
                0x20000070                canTx
                0x2000007c                usart1Tx
                0x20000088                usart1Rx
                0x20000094                usart2Tx
                0x200000a0                usart2Rx
                0x200000ac                aIn
                0x200000b8                encA
                0x200000c4                encB
                0x200000d0                pwmout
                0x200000dc                pwm
                0x200000e8                pot
                0x200000f0                serial
 .bss           0x200000f4      0x210 ..\obj\USART.o
                0x200000f4                USART::usart1RxBuffer
                0x20000174                USART::usart1ReadAddress
                0x20000178                USART::usart2RxBuffer
                0x200001f8                USART::usart2ReadAddress
                0x200001fc                USART::usart1TxBuffer
                0x2000027c                USART::usart1TxSendAddress
                0x2000027e                USART::usart1TxWriteAddress
                0x20000280                USART::usart2TxBuffer
                0x20000300                USART::usart2TxSendAddress
                0x20000302                USART::usart2TxWriteAddress
 .bss           0x20000304       0x10 ..\obj\TIM.o
                0x20000304                ENCODER::tim1Cnt
                0x20000308                ENCODER::tim2Cnt
                0x2000030c                ENCODER::tim3Cnt
                0x20000310                ENCODER::tim4Cnt
 *(COMMON)
                0x20000314                . = ALIGN (0x4)
                0x20000314                __bss_end__ = .
                0x20000314                _ebss = __bss_end__

.heap           0x20000314        0x0
                0x20000314                __end__ = .
                0x20000314                _end = __end__
                0x20000314                end = __end__
 *(.heap*)
                0x20000314                __HeapLimit = .

.co_stack       0x20000314      0x404 load address 0x08004ba8
                0x20000318                . = ALIGN (0x8)
 *fill*         0x20000314        0x4 
 *(.co_stack .co_stack.*)
 .co_stack      0x20000318      0x400 ..\obj\startup_stm32f10x_md.o
                0x20000318                pulStack
                0x20005000                __StackTop = (ORIGIN (ram) + 0x5000)
                0x20004bfc                __StackLimit = (__StackTop - SIZEOF (.co_stack))
                0x20005000                PROVIDE (__stack, __StackTop)
                0x00000001                ASSERT ((__StackLimit >= __HeapLimit), region ram  overflowed with stack)
LOAD ..\obj\semihosting.o
LOAD ..\obj\stm32f10x_tim.o
LOAD ..\obj\system_stm32f10x.o
LOAD ..\obj\CAN.o
LOAD ..\obj\SYSTEM.o
LOAD ..\obj\startup_stm32f10x_md.o
LOAD ..\obj\stm32f10x_can.o
LOAD ..\obj\stm32f10x_gpio.o
LOAD ..\obj\main.o
LOAD ..\obj\GPIO.o
LOAD ..\obj\ADC.o
LOAD ..\obj\printf.o
LOAD ..\obj\stm32f10x_rcc.o
LOAD ..\obj\stm32f10x_exti.o
LOAD ..\obj\stm32f10x_adc.o
LOAD ..\obj\stm32f10x_usart.o
LOAD ..\obj\sh_cmd.o
LOAD ..\obj\syscalls.o
LOAD ..\obj\REMAP.o
LOAD ..\obj\misc.o
LOAD ..\obj\USART.o
LOAD ..\obj\TIM.o
LOAD c:/program files (x86)/gnu tools arm embedded/4.9 2014q4/bin/../lib/gcc/arm-none-eabi/4.9.3/../../../../arm-none-eabi/lib/armv7-m\libm.a
LOAD c:/program files (x86)/gnu tools arm embedded/4.9 2014q4/bin/../lib/gcc/arm-none-eabi/4.9.3/armv7-m\libgcc.a
LOAD c:/program files (x86)/gnu tools arm embedded/4.9 2014q4/bin/../lib/gcc/arm-none-eabi/4.9.3/../../../../arm-none-eabi/lib/armv7-m\libc.a
LOAD c:/program files (x86)/gnu tools arm embedded/4.9 2014q4/bin/../lib/gcc/arm-none-eabi/4.9.3/../../../../arm-none-eabi/lib/armv7-m\libstdc++.a
START GROUP
LOAD c:/program files (x86)/gnu tools arm embedded/4.9 2014q4/bin/../lib/gcc/arm-none-eabi/4.9.3/armv7-m\libgcc.a
LOAD c:/program files (x86)/gnu tools arm embedded/4.9 2014q4/bin/../lib/gcc/arm-none-eabi/4.9.3/../../../../arm-none-eabi/lib/armv7-m\libg.a
LOAD c:/program files (x86)/gnu tools arm embedded/4.9 2014q4/bin/../lib/gcc/arm-none-eabi/4.9.3/../../../../arm-none-eabi/lib/armv7-m\libc.a
END GROUP
OUTPUT(F103_48.elf elf32-littlearm)

.debug_info     0x00000000     0xa3d1
 .debug_info    0x00000000     0x1c58 ..\obj\stm32f10x_tim.o
 .debug_info    0x00001c58      0x479 ..\obj\system_stm32f10x.o
 .debug_info    0x000020d1      0x74a ..\obj\CAN.o
 .debug_info    0x0000281b      0x5d8 ..\obj\SYSTEM.o
 .debug_info    0x00002df3       0xfc ..\obj\startup_stm32f10x_md.o
 .debug_info    0x00002eef      0xb9c ..\obj\stm32f10x_can.o
 .debug_info    0x00003a8b      0x6e7 ..\obj\stm32f10x_gpio.o
 .debug_info    0x00004172      0xe57 ..\obj\main.o
 .debug_info    0x00004fc9      0x491 ..\obj\GPIO.o
 .debug_info    0x0000545a      0x47e ..\obj\ADC.o
 .debug_info    0x000058d8      0xf5a ..\obj\printf.o
 .debug_info    0x00006832      0x88d ..\obj\stm32f10x_rcc.o
 .debug_info    0x000070bf      0x341 ..\obj\stm32f10x_exti.o
 .debug_info    0x00007400      0xb74 ..\obj\stm32f10x_adc.o
 .debug_info    0x00007f74      0x9e8 ..\obj\stm32f10x_usart.o
 .debug_info    0x0000895c       0xb3 ..\obj\sh_cmd.o
 .debug_info    0x00008a0f      0x53d ..\obj\misc.o
 .debug_info    0x00008f4c      0x999 ..\obj\USART.o
 .debug_info    0x000098e5      0xaec ..\obj\TIM.o

.debug_abbrev   0x00000000     0x1f26
 .debug_abbrev  0x00000000      0x1b0 ..\obj\stm32f10x_tim.o
 .debug_abbrev  0x000001b0      0x14c ..\obj\system_stm32f10x.o
 .debug_abbrev  0x000002fc      0x175 ..\obj\CAN.o
 .debug_abbrev  0x00000471      0x19d ..\obj\SYSTEM.o
 .debug_abbrev  0x0000060e       0xae ..\obj\startup_stm32f10x_md.o
 .debug_abbrev  0x000006bc      0x1f3 ..\obj\stm32f10x_can.o
 .debug_abbrev  0x000008af      0x1c8 ..\obj\stm32f10x_gpio.o
 .debug_abbrev  0x00000a77      0x25c ..\obj\main.o
 .debug_abbrev  0x00000cd3      0x1d2 ..\obj\GPIO.o
 .debug_abbrev  0x00000ea5      0x1b8 ..\obj\ADC.o
 .debug_abbrev  0x0000105d      0x2a5 ..\obj\printf.o
 .debug_abbrev  0x00001302      0x1ba ..\obj\stm32f10x_rcc.o
 .debug_abbrev  0x000014bc      0x151 ..\obj\stm32f10x_exti.o
 .debug_abbrev  0x0000160d      0x198 ..\obj\stm32f10x_adc.o
 .debug_abbrev  0x000017a5      0x162 ..\obj\stm32f10x_usart.o
 .debug_abbrev  0x00001907       0x14 ..\obj\sh_cmd.o
 .debug_abbrev  0x0000191b      0x145 ..\obj\misc.o
 .debug_abbrev  0x00001a60      0x25b ..\obj\USART.o
 .debug_abbrev  0x00001cbb      0x26b ..\obj\TIM.o

.debug_aranges  0x00000000      0xc40
 .debug_aranges
                0x00000000      0x2f0 ..\obj\stm32f10x_tim.o
 .debug_aranges
                0x000002f0       0x38 ..\obj\system_stm32f10x.o
 .debug_aranges
                0x00000328       0x28 ..\obj\CAN.o
 .debug_aranges
                0x00000350       0x40 ..\obj\SYSTEM.o
 .debug_aranges
                0x00000390       0x28 ..\obj\startup_stm32f10x_md.o
 .debug_aranges
                0x000003b8       0xe0 ..\obj\stm32f10x_can.o
 .debug_aranges
                0x00000498       0xa8 ..\obj\stm32f10x_gpio.o
 .debug_aranges
                0x00000540       0x38 ..\obj\main.o
 .debug_aranges
                0x00000578       0x48 ..\obj\GPIO.o
 .debug_aranges
                0x000005c0       0x48 ..\obj\ADC.o
 .debug_aranges
                0x00000608       0xa0 ..\obj\printf.o
 .debug_aranges
                0x000006a8      0x118 ..\obj\stm32f10x_rcc.o
 .debug_aranges
                0x000007c0       0x58 ..\obj\stm32f10x_exti.o
 .debug_aranges
                0x00000818      0x138 ..\obj\stm32f10x_adc.o
 .debug_aranges
                0x00000950      0x100 ..\obj\stm32f10x_usart.o
 .debug_aranges
                0x00000a50       0x20 ..\obj\sh_cmd.o
 .debug_aranges
                0x00000a70       0x40 ..\obj\misc.o
 .debug_aranges
                0x00000ab0       0x80 ..\obj\USART.o
 .debug_aranges
                0x00000b30      0x110 ..\obj\TIM.o

.debug_ranges   0x00000000      0xb00
 .debug_ranges  0x00000000      0x2e0 ..\obj\stm32f10x_tim.o
 .debug_ranges  0x000002e0       0x28 ..\obj\system_stm32f10x.o
 .debug_ranges  0x00000308       0x18 ..\obj\CAN.o
 .debug_ranges  0x00000320       0x30 ..\obj\SYSTEM.o
 .debug_ranges  0x00000350       0x18 ..\obj\startup_stm32f10x_md.o
 .debug_ranges  0x00000368       0xd0 ..\obj\stm32f10x_can.o
 .debug_ranges  0x00000438       0x98 ..\obj\stm32f10x_gpio.o
 .debug_ranges  0x000004d0       0x28 ..\obj\main.o
 .debug_ranges  0x000004f8       0x38 ..\obj\GPIO.o
 .debug_ranges  0x00000530       0x38 ..\obj\ADC.o
 .debug_ranges  0x00000568       0x90 ..\obj\printf.o
 .debug_ranges  0x000005f8      0x108 ..\obj\stm32f10x_rcc.o
 .debug_ranges  0x00000700       0x48 ..\obj\stm32f10x_exti.o
 .debug_ranges  0x00000748      0x128 ..\obj\stm32f10x_adc.o
 .debug_ranges  0x00000870       0xf0 ..\obj\stm32f10x_usart.o
 .debug_ranges  0x00000960       0x30 ..\obj\misc.o
 .debug_ranges  0x00000990       0x70 ..\obj\USART.o
 .debug_ranges  0x00000a00      0x100 ..\obj\TIM.o

.debug_line     0x00000000     0x4654
 .debug_line    0x00000000      0xb0b ..\obj\stm32f10x_tim.o
 .debug_line    0x00000b0b      0x231 ..\obj\system_stm32f10x.o
 .debug_line    0x00000d3c      0x25b ..\obj\CAN.o
 .debug_line    0x00000f97      0x24e ..\obj\SYSTEM.o
 .debug_line    0x000011e5       0xaf ..\obj\startup_stm32f10x_md.o
 .debug_line    0x00001294      0x580 ..\obj\stm32f10x_can.o
 .debug_line    0x00001814      0x3e3 ..\obj\stm32f10x_gpio.o
 .debug_line    0x00001bf7      0x2fc ..\obj\main.o
 .debug_line    0x00001ef3      0x28d ..\obj\GPIO.o
 .debug_line    0x00002180      0x2c7 ..\obj\ADC.o
 .debug_line    0x00002447      0x495 ..\obj\printf.o
 .debug_line    0x000028dc      0x4f0 ..\obj\stm32f10x_rcc.o
 .debug_line    0x00002dcc      0x2d1 ..\obj\stm32f10x_exti.o
 .debug_line    0x0000309d      0x54e ..\obj\stm32f10x_adc.o
 .debug_line    0x000035eb      0x4c6 ..\obj\stm32f10x_usart.o
 .debug_line    0x00003ab1       0x8c ..\obj\sh_cmd.o
 .debug_line    0x00003b3d      0x271 ..\obj\misc.o
 .debug_line    0x00003dae      0x3ef ..\obj\USART.o
 .debug_line    0x0000419d      0x4b7 ..\obj\TIM.o

.debug_str      0x00000000     0x3f8b
 .debug_str     0x00000000      0xcdf ..\obj\stm32f10x_tim.o
                                0xdf2 (size before relaxing)
 .debug_str     0x00000cdf      0x176 ..\obj\system_stm32f10x.o
                                0x304 (size before relaxing)
 .debug_str     0x00000e55      0x6d4 ..\obj\CAN.o
                                0x8c3 (size before relaxing)
 .debug_str     0x00001529      0x10f ..\obj\SYSTEM.o
                                0x616 (size before relaxing)
 .debug_str     0x00001638       0xca ..\obj\startup_stm32f10x_md.o
                                0x161 (size before relaxing)
 .debug_str     0x00001702      0x321 ..\obj\stm32f10x_can.o
                                0x743 (size before relaxing)
 .debug_str     0x00001a23      0x340 ..\obj\stm32f10x_gpio.o
                                0x52e (size before relaxing)
 .debug_str     0x00001d63      0x43e ..\obj\main.o
                                0x9b0 (size before relaxing)
 .debug_str     0x000021a1       0xfd ..\obj\GPIO.o
                                0x4e7 (size before relaxing)
 .debug_str     0x0000229e      0x13d ..\obj\ADC.o
                                0x40d (size before relaxing)
 .debug_str     0x000023db      0x4bf ..\obj\printf.o
                                0x715 (size before relaxing)
 .debug_str     0x0000289a      0x3e9 ..\obj\stm32f10x_rcc.o
                                0x62f (size before relaxing)
 .debug_str     0x00002c83      0x1df ..\obj\stm32f10x_exti.o
                                0x35e (size before relaxing)
 .debug_str     0x00002e62      0x460 ..\obj\stm32f10x_adc.o
                                0x710 (size before relaxing)
 .debug_str     0x000032c2      0x410 ..\obj\stm32f10x_usart.o
                                0x6a5 (size before relaxing)
 .debug_str     0x000036d2      0x111 ..\obj\misc.o
                                0x3d3 (size before relaxing)
 .debug_str     0x000037e3      0x290 ..\obj\USART.o
                                0xab7 (size before relaxing)
 .debug_str     0x00003a73      0x518 ..\obj\TIM.o
                                0x9fa (size before relaxing)

.comment        0x00000000       0x70
 .comment       0x00000000       0x70 ..\obj\stm32f10x_tim.o
                                 0x71 (size before relaxing)
 .comment       0x00000000       0x71 ..\obj\system_stm32f10x.o
 .comment       0x00000000       0x71 ..\obj\CAN.o
 .comment       0x00000000       0x71 ..\obj\SYSTEM.o
 .comment       0x00000000       0x71 ..\obj\startup_stm32f10x_md.o
 .comment       0x00000000       0x71 ..\obj\stm32f10x_can.o
 .comment       0x00000000       0x71 ..\obj\stm32f10x_gpio.o
 .comment       0x00000000       0x71 ..\obj\main.o
 .comment       0x00000000       0x71 ..\obj\GPIO.o
 .comment       0x00000000       0x71 ..\obj\ADC.o
 .comment       0x00000000       0x71 ..\obj\printf.o
 .comment       0x00000000       0x71 ..\obj\stm32f10x_rcc.o
 .comment       0x00000000       0x71 ..\obj\stm32f10x_exti.o
 .comment       0x00000000       0x71 ..\obj\stm32f10x_adc.o
 .comment       0x00000000       0x71 ..\obj\stm32f10x_usart.o
 .comment       0x00000000       0x71 ..\obj\misc.o
 .comment       0x00000000       0x71 ..\obj\USART.o
 .comment       0x00000000       0x71 ..\obj\TIM.o

.ARM.attributes
                0x00000000       0x31
 .ARM.attributes
                0x00000000       0x33 ..\obj\stm32f10x_tim.o
 .ARM.attributes
                0x00000033       0x33 ..\obj\system_stm32f10x.o
 .ARM.attributes
                0x00000066       0x33 ..\obj\CAN.o
 .ARM.attributes
                0x00000099       0x33 ..\obj\SYSTEM.o
 .ARM.attributes
                0x000000cc       0x33 ..\obj\startup_stm32f10x_md.o
 .ARM.attributes
                0x000000ff       0x33 ..\obj\stm32f10x_can.o
 .ARM.attributes
                0x00000132       0x33 ..\obj\stm32f10x_gpio.o
 .ARM.attributes
                0x00000165       0x33 ..\obj\main.o
 .ARM.attributes
                0x00000198       0x33 ..\obj\GPIO.o
 .ARM.attributes
                0x000001cb       0x33 ..\obj\ADC.o
 .ARM.attributes
                0x000001fe       0x33 ..\obj\printf.o
 .ARM.attributes
                0x00000231       0x33 ..\obj\stm32f10x_rcc.o
 .ARM.attributes
                0x00000264       0x33 ..\obj\stm32f10x_exti.o
 .ARM.attributes
                0x00000297       0x33 ..\obj\stm32f10x_adc.o
 .ARM.attributes
                0x000002ca       0x33 ..\obj\stm32f10x_usart.o
 .ARM.attributes
                0x000002fd       0x21 ..\obj\sh_cmd.o
 .ARM.attributes
                0x0000031e       0x33 ..\obj\misc.o
 .ARM.attributes
                0x00000351       0x33 ..\obj\USART.o
 .ARM.attributes
                0x00000384       0x33 ..\obj\TIM.o

.debug_frame    0x00000000     0x3380
 .debug_frame   0x00000000      0xe2c ..\obj\stm32f10x_tim.o
 .debug_frame   0x00000e2c       0x98 ..\obj\system_stm32f10x.o
 .debug_frame   0x00000ec4       0x58 ..\obj\CAN.o
 .debug_frame   0x00000f1c       0xc0 ..\obj\SYSTEM.o
 .debug_frame   0x00000fdc       0x4c ..\obj\startup_stm32f10x_md.o
 .debug_frame   0x00001028      0x3f0 ..\obj\stm32f10x_can.o
 .debug_frame   0x00001418      0x2d0 ..\obj\stm32f10x_gpio.o
 .debug_frame   0x000016e8       0x84 ..\obj\main.o
 .debug_frame   0x0000176c       0xe4 ..\obj\GPIO.o
 .debug_frame   0x00001850       0xe8 ..\obj\ADC.o
 .debug_frame   0x00001938      0x2dc ..\obj\printf.o
 .debug_frame   0x00001c14      0x4f4 ..\obj\stm32f10x_rcc.o
 .debug_frame   0x00002108      0x148 ..\obj\stm32f10x_exti.o
 .debug_frame   0x00002250      0x5a4 ..\obj\stm32f10x_adc.o
 .debug_frame   0x000027f4      0x490 ..\obj\stm32f10x_usart.o
 .debug_frame   0x00002c84       0xd8 ..\obj\misc.o
 .debug_frame   0x00002d5c      0x20c ..\obj\USART.o
 .debug_frame   0x00002f68      0x418 ..\obj\TIM.o
