Archive member included to satisfy reference by file (symbol)

c:/program files (x86)/gnu tools arm embedded/5.2 2015q4/bin/../lib/gcc/arm-none-eabi/5.2.1/armv7-m\libgcc.a(unwind-arm.o)
                              ..\obj\main.o (__aeabi_unwind_cpp_pr0)
c:/program files (x86)/gnu tools arm embedded/5.2 2015q4/bin/../lib/gcc/arm-none-eabi/5.2.1/armv7-m\libgcc.a(libunwind.o)
                              c:/program files (x86)/gnu tools arm embedded/5.2 2015q4/bin/../lib/gcc/arm-none-eabi/5.2.1/armv7-m\libgcc.a(unwind-arm.o) (restore_core_regs)
c:/program files (x86)/gnu tools arm embedded/5.2 2015q4/bin/../lib/gcc/arm-none-eabi/5.2.1/armv7-m\libgcc.a(pr-support.o)
                              c:/program files (x86)/gnu tools arm embedded/5.2 2015q4/bin/../lib/gcc/arm-none-eabi/5.2.1/armv7-m\libgcc.a(unwind-arm.o) (__gnu_unwind_execute)
c:/program files (x86)/gnu tools arm embedded/5.2 2015q4/bin/../lib/gcc/arm-none-eabi/5.2.1/../../../../arm-none-eabi/lib/armv7-m\libg.a(lib_a-memcpy.o)
                              c:/program files (x86)/gnu tools arm embedded/5.2 2015q4/bin/../lib/gcc/arm-none-eabi/5.2.1/armv7-m\libgcc.a(unwind-arm.o) (memcpy)

Allocating common symbols
Common symbol       size              file

__dso_handle        0x4               ..\obj\startup_stm32f10x_md.o

Discarded input sections

 .text          0x00000000        0x0 ..\obj\semihosting.o
 .data          0x00000000        0x0 ..\obj\semihosting.o
 .text.SH_SendString
                0x00000000       0x20 ..\obj\semihosting.o
 .text.SH_GetChar
                0x00000000       0x40 ..\obj\semihosting.o
 .text          0x00000000        0x0 ..\obj\stm32f10x_tim.o
 .data          0x00000000        0x0 ..\obj\stm32f10x_tim.o
 .bss           0x00000000        0x0 ..\obj\stm32f10x_tim.o
 .text.TIM_DeInit
                0x00000000      0x22c ..\obj\stm32f10x_tim.o
 .text.TIM_TimeBaseInit
                0x00000000       0xf8 ..\obj\stm32f10x_tim.o
 .text.TIM_OC1Init
                0x00000000      0x118 ..\obj\stm32f10x_tim.o
 .text.TIM_OC2Init
                0x00000000      0x110 ..\obj\stm32f10x_tim.o
 .text.TIM_OC3Init
                0x00000000      0x10c ..\obj\stm32f10x_tim.o
 .text.TIM_OC4Init
                0x00000000       0xd0 ..\obj\stm32f10x_tim.o
 .text.TIM_ICInit
                0x00000000       0xa8 ..\obj\stm32f10x_tim.o
 .text.TIM_PWMIConfig
                0x00000000       0xb8 ..\obj\stm32f10x_tim.o
 .text.TIM_BDTRConfig
                0x00000000       0x50 ..\obj\stm32f10x_tim.o
 .text.TIM_TimeBaseStructInit
                0x00000000       0x34 ..\obj\stm32f10x_tim.o
 .text.TIM_OCStructInit
                0x00000000       0x44 ..\obj\stm32f10x_tim.o
 .text.TIM_ICStructInit
                0x00000000       0x30 ..\obj\stm32f10x_tim.o
 .text.TIM_BDTRStructInit
                0x00000000       0x3c ..\obj\stm32f10x_tim.o
 .text.TIM_Cmd  0x00000000       0x40 ..\obj\stm32f10x_tim.o
 .text.TIM_CtrlPWMOutputs
                0x00000000       0x4c ..\obj\stm32f10x_tim.o
 .text.TIM_ITConfig
                0x00000000       0x48 ..\obj\stm32f10x_tim.o
 .text.TIM_GenerateEvent
                0x00000000       0x1c ..\obj\stm32f10x_tim.o
 .text.TIM_DMAConfig
                0x00000000       0x28 ..\obj\stm32f10x_tim.o
 .text.TIM_DMACmd
                0x00000000       0x48 ..\obj\stm32f10x_tim.o
 .text.TIM_InternalClockConfig
                0x00000000       0x24 ..\obj\stm32f10x_tim.o
 .text.TIM_ITRxExternalClockConfig
                0x00000000       0x30 ..\obj\stm32f10x_tim.o
 .text.TIM_TIxExternalClockConfig
                0x00000000       0x5c ..\obj\stm32f10x_tim.o
 .text.TIM_ETRClockMode1Config
                0x00000000       0x60 ..\obj\stm32f10x_tim.o
 .text.TIM_ETRClockMode2Config
                0x00000000       0x40 ..\obj\stm32f10x_tim.o
 .text.TIM_ETRConfig
                0x00000000       0x54 ..\obj\stm32f10x_tim.o
 .text.TIM_PrescalerConfig
                0x00000000       0x28 ..\obj\stm32f10x_tim.o
 .text.TIM_CounterModeConfig
                0x00000000       0x38 ..\obj\stm32f10x_tim.o
 .text.TIM_SelectInputTrigger
                0x00000000       0x38 ..\obj\stm32f10x_tim.o
 .text.TIM_EncoderInterfaceConfig
                0x00000000       0x98 ..\obj\stm32f10x_tim.o
 .text.TIM_ForcedOC1Config
                0x00000000       0x38 ..\obj\stm32f10x_tim.o
 .text.TIM_ForcedOC2Config
                0x00000000       0x3c ..\obj\stm32f10x_tim.o
 .text.TIM_ForcedOC3Config
                0x00000000       0x38 ..\obj\stm32f10x_tim.o
 .text.TIM_ForcedOC4Config
                0x00000000       0x3c ..\obj\stm32f10x_tim.o
 .text.TIM_ARRPreloadConfig
                0x00000000       0x40 ..\obj\stm32f10x_tim.o
 .text.TIM_SelectCOM
                0x00000000       0x40 ..\obj\stm32f10x_tim.o
 .text.TIM_SelectCCDMA
                0x00000000       0x40 ..\obj\stm32f10x_tim.o
 .text.TIM_CCPreloadControl
                0x00000000       0x40 ..\obj\stm32f10x_tim.o
 .text.TIM_OC1PreloadConfig
                0x00000000       0x38 ..\obj\stm32f10x_tim.o
 .text.TIM_OC2PreloadConfig
                0x00000000       0x3c ..\obj\stm32f10x_tim.o
 .text.TIM_OC3PreloadConfig
                0x00000000       0x38 ..\obj\stm32f10x_tim.o
 .text.TIM_OC4PreloadConfig
                0x00000000       0x3c ..\obj\stm32f10x_tim.o
 .text.TIM_OC1FastConfig
                0x00000000       0x38 ..\obj\stm32f10x_tim.o
 .text.TIM_OC2FastConfig
                0x00000000       0x3c ..\obj\stm32f10x_tim.o
 .text.TIM_OC3FastConfig
                0x00000000       0x38 ..\obj\stm32f10x_tim.o
 .text.TIM_OC4FastConfig
                0x00000000       0x3c ..\obj\stm32f10x_tim.o
 .text.TIM_ClearOC1Ref
                0x00000000       0x38 ..\obj\stm32f10x_tim.o
 .text.TIM_ClearOC2Ref
                0x00000000       0x3c ..\obj\stm32f10x_tim.o
 .text.TIM_ClearOC3Ref
                0x00000000       0x38 ..\obj\stm32f10x_tim.o
 .text.TIM_ClearOC4Ref
                0x00000000       0x3c ..\obj\stm32f10x_tim.o
 .text.TIM_OC1PolarityConfig
                0x00000000       0x38 ..\obj\stm32f10x_tim.o
 .text.TIM_OC1NPolarityConfig
                0x00000000       0x38 ..\obj\stm32f10x_tim.o
 .text.TIM_OC2PolarityConfig
                0x00000000       0x3c ..\obj\stm32f10x_tim.o
 .text.TIM_OC2NPolarityConfig
                0x00000000       0x3c ..\obj\stm32f10x_tim.o
 .text.TIM_OC3PolarityConfig
                0x00000000       0x3c ..\obj\stm32f10x_tim.o
 .text.TIM_OC3NPolarityConfig
                0x00000000       0x3c ..\obj\stm32f10x_tim.o
 .text.TIM_OC4PolarityConfig
                0x00000000       0x3c ..\obj\stm32f10x_tim.o
 .text.TIM_CCxCmd
                0x00000000       0x5c ..\obj\stm32f10x_tim.o
 .text.TIM_CCxNCmd
                0x00000000       0x5c ..\obj\stm32f10x_tim.o
 .text.TIM_SelectOCxM
                0x00000000       0xac ..\obj\stm32f10x_tim.o
 .text.TIM_UpdateDisableConfig
                0x00000000       0x40 ..\obj\stm32f10x_tim.o
 .text.TIM_UpdateRequestConfig
                0x00000000       0x40 ..\obj\stm32f10x_tim.o
 .text.TIM_SelectHallSensor
                0x00000000       0x40 ..\obj\stm32f10x_tim.o
 .text.TIM_SelectOnePulseMode
                0x00000000       0x38 ..\obj\stm32f10x_tim.o
 .text.TIM_SelectOutputTrigger
                0x00000000       0x38 ..\obj\stm32f10x_tim.o
 .text.TIM_SelectSlaveMode
                0x00000000       0x38 ..\obj\stm32f10x_tim.o
 .text.TIM_SelectMasterSlaveMode
                0x00000000       0x38 ..\obj\stm32f10x_tim.o
 .text.TIM_SetCounter
                0x00000000       0x1c ..\obj\stm32f10x_tim.o
 .text.TIM_SetAutoreload
                0x00000000       0x1c ..\obj\stm32f10x_tim.o
 .text.TIM_SetCompare1
                0x00000000       0x1c ..\obj\stm32f10x_tim.o
 .text.TIM_SetCompare2
                0x00000000       0x1c ..\obj\stm32f10x_tim.o
 .text.TIM_SetCompare3
                0x00000000       0x1c ..\obj\stm32f10x_tim.o
 .text.TIM_SetCompare4
                0x00000000       0x20 ..\obj\stm32f10x_tim.o
 .text.TIM_SetIC1Prescaler
                0x00000000       0x38 ..\obj\stm32f10x_tim.o
 .text.TIM_SetIC2Prescaler
                0x00000000       0x3c ..\obj\stm32f10x_tim.o
 .text.TIM_SetIC3Prescaler
                0x00000000       0x38 ..\obj\stm32f10x_tim.o
 .text.TIM_SetIC4Prescaler
                0x00000000       0x3c ..\obj\stm32f10x_tim.o
 .text.TIM_SetClockDivision
                0x00000000       0x38 ..\obj\stm32f10x_tim.o
 .text.TIM_GetCapture1
                0x00000000       0x18 ..\obj\stm32f10x_tim.o
 .text.TIM_GetCapture2
                0x00000000       0x18 ..\obj\stm32f10x_tim.o
 .text.TIM_GetCapture3
                0x00000000       0x18 ..\obj\stm32f10x_tim.o
 .text.TIM_GetCapture4
                0x00000000       0x1c ..\obj\stm32f10x_tim.o
 .text.TIM_GetCounter
                0x00000000       0x18 ..\obj\stm32f10x_tim.o
 .text.TIM_GetPrescaler
                0x00000000       0x18 ..\obj\stm32f10x_tim.o
 .text.TIM_GetFlagStatus
                0x00000000       0x38 ..\obj\stm32f10x_tim.o
 .text.TIM_ClearFlag
                0x00000000       0x20 ..\obj\stm32f10x_tim.o
 .text.TIM_GetITStatus
                0x00000000       0x54 ..\obj\stm32f10x_tim.o
 .text.TIM_ClearITPendingBit
                0x00000000       0x20 ..\obj\stm32f10x_tim.o
 .text.TI1_Config
                0x00000000       0xe0 ..\obj\stm32f10x_tim.o
 .text.TI2_Config
                0x00000000       0xf4 ..\obj\stm32f10x_tim.o
 .text.TI3_Config
                0x00000000       0xec ..\obj\stm32f10x_tim.o
 .text.TI4_Config
                0x00000000       0xf8 ..\obj\stm32f10x_tim.o
 .debug_info    0x00000000     0x1c60 ..\obj\stm32f10x_tim.o
 .debug_abbrev  0x00000000      0x1b2 ..\obj\stm32f10x_tim.o
 .debug_aranges
                0x00000000      0x2f0 ..\obj\stm32f10x_tim.o
 .debug_ranges  0x00000000      0x2e0 ..\obj\stm32f10x_tim.o
 .debug_line    0x00000000      0xb48 ..\obj\stm32f10x_tim.o
 .debug_str     0x00000000      0xde2 ..\obj\stm32f10x_tim.o
 .comment       0x00000000       0x6f ..\obj\stm32f10x_tim.o
 .debug_frame   0x00000000      0xe2c ..\obj\stm32f10x_tim.o
 .ARM.attributes
                0x00000000       0x33 ..\obj\stm32f10x_tim.o
 .text          0x00000000        0x0 ..\obj\system_stm32f10x.o
 .bss           0x00000000        0x0 ..\obj\system_stm32f10x.o
 .text.SystemCoreClockUpdate
                0x00000000       0xd8 ..\obj\system_stm32f10x.o
 .text          0x00000000        0x0 ..\obj\startup_stm32f10x_md.o
 .data          0x00000000        0x0 ..\obj\startup_stm32f10x_md.o
 .bss           0x00000000        0x0 ..\obj\startup_stm32f10x_md.o
 COMMON         0x00000000        0x4 ..\obj\startup_stm32f10x_md.o
 .text          0x00000000        0x0 ..\obj\stm32f10x_can.o
 .data          0x00000000        0x0 ..\obj\stm32f10x_can.o
 .bss           0x00000000        0x0 ..\obj\stm32f10x_can.o
 .text.CAN_SlaveStartBank
                0x00000000       0x60 ..\obj\stm32f10x_can.o
 .text.CAN_DBGFreeze
                0x00000000       0x38 ..\obj\stm32f10x_can.o
 .text.CAN_TTComModeCmd
                0x00000000       0x98 ..\obj\stm32f10x_can.o
 .text.CAN_TransmitStatus
                0x00000000       0xd4 ..\obj\stm32f10x_can.o
 .text.CAN_CancelTransmit
                0x00000000       0x50 ..\obj\stm32f10x_can.o
 .text.CAN_FIFORelease
                0x00000000       0x38 ..\obj\stm32f10x_can.o
 .text.CAN_MessagePending
                0x00000000       0x48 ..\obj\stm32f10x_can.o
 .text.CAN_OperatingModeRequest
                0x00000000       0xfc ..\obj\stm32f10x_can.o
 .text.CAN_Sleep
                0x00000000       0x38 ..\obj\stm32f10x_can.o
 .text.CAN_WakeUp
                0x00000000       0x54 ..\obj\stm32f10x_can.o
 .text.CAN_GetLastErrorCode
                0x00000000       0x24 ..\obj\stm32f10x_can.o
 .text.CAN_GetReceiveErrorCounter
                0x00000000       0x24 ..\obj\stm32f10x_can.o
 .text.CAN_GetLSBTransmitErrorCounter
                0x00000000       0x24 ..\obj\stm32f10x_can.o
 .text.CAN_GetFlagStatus
                0x00000000       0xcc ..\obj\stm32f10x_can.o
 .text.CAN_ClearFlag
                0x00000000       0x70 ..\obj\stm32f10x_can.o
 .text.CAN_GetITStatus
                0x00000000      0x194 ..\obj\stm32f10x_can.o
 .text.CAN_ClearITPendingBit
                0x00000000       0xdc ..\obj\stm32f10x_can.o
 .text.CheckITStatus
                0x00000000       0x30 ..\obj\stm32f10x_can.o
 .text          0x00000000        0x0 ..\obj\stm32f10x_gpio.o
 .data          0x00000000        0x0 ..\obj\stm32f10x_gpio.o
 .bss           0x00000000        0x0 ..\obj\stm32f10x_gpio.o
 .text.GPIO_DeInit
                0x00000000       0xe4 ..\obj\stm32f10x_gpio.o
 .text.GPIO_AFIODeInit
                0x00000000       0x18 ..\obj\stm32f10x_gpio.o
 .text.GPIO_ReadInputDataBit
                0x00000000       0x34 ..\obj\stm32f10x_gpio.o
 .text.GPIO_ReadInputData
                0x00000000       0x18 ..\obj\stm32f10x_gpio.o
 .text.GPIO_ReadOutputDataBit
                0x00000000       0x34 ..\obj\stm32f10x_gpio.o
 .text.GPIO_ReadOutputData
                0x00000000       0x18 ..\obj\stm32f10x_gpio.o
 .text.GPIO_SetBits
                0x00000000       0x1c ..\obj\stm32f10x_gpio.o
 .text.GPIO_ResetBits
                0x00000000       0x1c ..\obj\stm32f10x_gpio.o
 .text.GPIO_Write
                0x00000000       0x1c ..\obj\stm32f10x_gpio.o
 .text.GPIO_PinLockConfig
                0x00000000       0x44 ..\obj\stm32f10x_gpio.o
 .text.GPIO_EventOutputConfig
                0x00000000       0x4c ..\obj\stm32f10x_gpio.o
 .text.GPIO_EventOutputCmd
                0x00000000       0x20 ..\obj\stm32f10x_gpio.o
 .text.GPIO_ETH_MediaInterfaceConfig
                0x00000000       0x1c ..\obj\stm32f10x_gpio.o
 .text          0x00000000        0x0 ..\obj\main.o
 .data          0x00000000        0x0 ..\obj\main.o
 .ARM.extab.text.NVIC_SetPriority
                0x00000000        0x0 ..\obj\main.o
 .ARM.extab.text.SysTick_Config
                0x00000000        0x0 ..\obj\main.o
 .ARM.extab.text.USB_LP_CAN1_RX0_IRQHandler
                0x00000000        0x0 ..\obj\main.o
 .ARM.extab.text.CAN1_RX1_IRQHandler
                0x00000000        0x0 ..\obj\main.o
 .ARM.extab.text.EXTI0_IRQHandler
                0x00000000        0x0 ..\obj\main.o
 .text          0x00000000        0x0 ..\obj\printf.o
 .bss           0x00000000        0x0 ..\obj\printf.o
 .text.snprintf
                0x00000000       0x30 ..\obj\printf.o
 .text.fprintf  0x00000000       0x2c ..\obj\printf.o
 .text.sprintf  0x00000000       0x2c ..\obj\printf.o
 .text.puts     0x00000000       0x24 ..\obj\printf.o
 .text          0x00000000        0x0 ..\obj\stm32f10x_rcc.o
 .bss           0x00000000        0x0 ..\obj\stm32f10x_rcc.o
 .text.RCC_DeInit
                0x00000000       0x5c ..\obj\stm32f10x_rcc.o
 .text.RCC_HSEConfig
                0x00000000       0x5c ..\obj\stm32f10x_rcc.o
 .text.RCC_WaitForHSEStartUp
                0x00000000       0x50 ..\obj\stm32f10x_rcc.o
 .text.RCC_AdjustHSICalibrationValue
                0x00000000       0x3c ..\obj\stm32f10x_rcc.o
 .text.RCC_HSICmd
                0x00000000       0x20 ..\obj\stm32f10x_rcc.o
 .text.RCC_PLLConfig
                0x00000000       0x3c ..\obj\stm32f10x_rcc.o
 .text.RCC_PLLCmd
                0x00000000       0x20 ..\obj\stm32f10x_rcc.o
 .text.RCC_SYSCLKConfig
                0x00000000       0x38 ..\obj\stm32f10x_rcc.o
 .text.RCC_GetSYSCLKSource
                0x00000000       0x1c ..\obj\stm32f10x_rcc.o
 .text.RCC_HCLKConfig
                0x00000000       0x38 ..\obj\stm32f10x_rcc.o
 .text.RCC_PCLK1Config
                0x00000000       0x38 ..\obj\stm32f10x_rcc.o
 .text.RCC_PCLK2Config
                0x00000000       0x38 ..\obj\stm32f10x_rcc.o
 .text.RCC_ITConfig
                0x00000000       0x4c ..\obj\stm32f10x_rcc.o
 .text.RCC_USBCLKConfig
                0x00000000       0x1c ..\obj\stm32f10x_rcc.o
 .text.RCC_LSEConfig
                0x00000000       0x40 ..\obj\stm32f10x_rcc.o
 .text.RCC_LSICmd
                0x00000000       0x20 ..\obj\stm32f10x_rcc.o
 .text.RCC_RTCCLKConfig
                0x00000000       0x24 ..\obj\stm32f10x_rcc.o
 .text.RCC_RTCCLKCmd
                0x00000000       0x20 ..\obj\stm32f10x_rcc.o
 .text.RCC_AHBPeriphClockCmd
                0x00000000       0x3c ..\obj\stm32f10x_rcc.o
 .text.RCC_APB2PeriphResetCmd
                0x00000000       0x3c ..\obj\stm32f10x_rcc.o
 .text.RCC_BackupResetCmd
                0x00000000       0x20 ..\obj\stm32f10x_rcc.o
 .text.RCC_ClockSecuritySystemCmd
                0x00000000       0x20 ..\obj\stm32f10x_rcc.o
 .text.RCC_MCOConfig
                0x00000000       0x20 ..\obj\stm32f10x_rcc.o
 .text.RCC_GetFlagStatus
                0x00000000       0x74 ..\obj\stm32f10x_rcc.o
 .text.RCC_ClearFlag
                0x00000000       0x1c ..\obj\stm32f10x_rcc.o
 .text.RCC_GetITStatus
                0x00000000       0x34 ..\obj\stm32f10x_rcc.o
 .text.RCC_ClearITPendingBit
                0x00000000       0x20 ..\obj\stm32f10x_rcc.o
 .text          0x00000000        0x0 ..\obj\stm32f10x_exti.o
 .data          0x00000000        0x0 ..\obj\stm32f10x_exti.o
 .bss           0x00000000        0x0 ..\obj\stm32f10x_exti.o
 .text.EXTI_DeInit
                0x00000000       0x34 ..\obj\stm32f10x_exti.o
 .text.EXTI_GenerateSWInterrupt
                0x00000000       0x24 ..\obj\stm32f10x_exti.o
 .text.EXTI_GetFlagStatus
                0x00000000       0x34 ..\obj\stm32f10x_exti.o
 .text.EXTI_ClearFlag
                0x00000000       0x1c ..\obj\stm32f10x_exti.o
 .text.EXTI_GetITStatus
                0x00000000       0x48 ..\obj\stm32f10x_exti.o
 .text          0x00000000        0x0 ..\obj\stm32f10x_adc.o
 .data          0x00000000        0x0 ..\obj\stm32f10x_adc.o
 .bss           0x00000000        0x0 ..\obj\stm32f10x_adc.o
 .text.ADC_DeInit
                0x00000000       0x74 ..\obj\stm32f10x_adc.o
 .text.ADC_DMACmd
                0x00000000       0x38 ..\obj\stm32f10x_adc.o
 .text.ADC_ITConfig
                0x00000000       0x44 ..\obj\stm32f10x_adc.o
 .text.ADC_GetSoftwareStartConvStatus
                0x00000000       0x30 ..\obj\stm32f10x_adc.o
 .text.ADC_DiscModeChannelCountConfig
                0x00000000       0x44 ..\obj\stm32f10x_adc.o
 .text.ADC_DiscModeCmd
                0x00000000       0x38 ..\obj\stm32f10x_adc.o
 .text.ADC_ExternalTrigConvCmd
                0x00000000       0x38 ..\obj\stm32f10x_adc.o
 .text.ADC_GetDualModeConversionValue
                0x00000000       0x14 ..\obj\stm32f10x_adc.o
 .text.ADC_AutoInjectedConvCmd
                0x00000000       0x38 ..\obj\stm32f10x_adc.o
 .text.ADC_InjectedDiscModeCmd
                0x00000000       0x38 ..\obj\stm32f10x_adc.o
 .text.ADC_ExternalTrigInjectedConvConfig
                0x00000000       0x34 ..\obj\stm32f10x_adc.o
 .text.ADC_ExternalTrigInjectedConvCmd
                0x00000000       0x38 ..\obj\stm32f10x_adc.o
 .text.ADC_SoftwareStartInjectedConvCmd
                0x00000000       0x38 ..\obj\stm32f10x_adc.o
 .text.ADC_GetSoftwareStartInjectedConvCmdStatus
                0x00000000       0x30 ..\obj\stm32f10x_adc.o
 .text.ADC_InjectedChannelConfig
                0x00000000      0x120 ..\obj\stm32f10x_adc.o
 .text.ADC_InjectedSequencerLengthConfig
                0x00000000       0x44 ..\obj\stm32f10x_adc.o
 .text.ADC_SetInjectedOffset
                0x00000000       0x34 ..\obj\stm32f10x_adc.o
 .text.ADC_GetInjectedConversionValue
                0x00000000       0x30 ..\obj\stm32f10x_adc.o
 .text.ADC_AnalogWatchdogCmd
                0x00000000       0x38 ..\obj\stm32f10x_adc.o
 .text.ADC_AnalogWatchdogThresholdsConfig
                0x00000000       0x28 ..\obj\stm32f10x_adc.o
 .text.ADC_AnalogWatchdogSingleChannelConfig
                0x00000000       0x38 ..\obj\stm32f10x_adc.o
 .text.ADC_TempSensorVrefintCmd
                0x00000000       0x38 ..\obj\stm32f10x_adc.o
 .text.ADC_ClearFlag
                0x00000000       0x20 ..\obj\stm32f10x_adc.o
 .text.ADC_GetITStatus
                0x00000000       0x54 ..\obj\stm32f10x_adc.o
 .text.ADC_ClearITPendingBit
                0x00000000       0x2c ..\obj\stm32f10x_adc.o
 .text          0x00000000        0x0 ..\obj\STM32F103C8T6_Function.o
 .data          0x00000000        0x0 ..\obj\STM32F103C8T6_Function.o
 .text._ZN4GPIO4readEv
                0x00000000       0x18 ..\obj\STM32F103C8T6_Function.o
 .ARM.extab.text._ZN4GPIO4readEv
                0x00000000        0x0 ..\obj\STM32F103C8T6_Function.o
 .ARM.exidx.text._ZN4GPIO4readEv
                0x00000000        0x8 ..\obj\STM32F103C8T6_Function.o
 .ARM.extab.text._Z9GPIOSetupv
                0x00000000        0x0 ..\obj\STM32F103C8T6_Function.o
 .text._Z8pinSetupP12GPIO_TypeDeft16GPIOMode_TypeDef
                0x00000000       0x3c ..\obj\STM32F103C8T6_Function.o
 .ARM.extab.text._Z8pinSetupP12GPIO_TypeDeft16GPIOMode_TypeDef
                0x00000000        0xc ..\obj\STM32F103C8T6_Function.o
 .ARM.exidx.text._Z8pinSetupP12GPIO_TypeDeft16GPIOMode_TypeDef
                0x00000000        0x8 ..\obj\STM32F103C8T6_Function.o
 .text._Z8pinWriteP12GPIO_TypeDeft9BitAction
                0x00000000       0x24 ..\obj\STM32F103C8T6_Function.o
 .ARM.extab.text._Z8pinWriteP12GPIO_TypeDeft9BitAction
                0x00000000        0xc ..\obj\STM32F103C8T6_Function.o
 .ARM.exidx.text._Z8pinWriteP12GPIO_TypeDeft9BitAction
                0x00000000        0x8 ..\obj\STM32F103C8T6_Function.o
 .text._Z9ADC2Setuph
                0x00000000       0x94 ..\obj\STM32F103C8T6_Function.o
 .ARM.extab.text._Z9ADC2Setuph
                0x00000000        0xc ..\obj\STM32F103C8T6_Function.o
 .ARM.exidx.text._Z9ADC2Setuph
                0x00000000        0x8 ..\obj\STM32F103C8T6_Function.o
 .text._Z8ADC2Readh
                0x00000000       0x4c ..\obj\STM32F103C8T6_Function.o
 .ARM.extab.text._Z8ADC2Readh
                0x00000000        0xc ..\obj\STM32F103C8T6_Function.o
 .ARM.exidx.text._Z8ADC2Readh
                0x00000000        0x8 ..\obj\STM32F103C8T6_Function.o
 .text._Z12TIM2PWMSetupt
                0x00000000       0x40 ..\obj\STM32F103C8T6_Function.o
 .ARM.extab.text._Z12TIM2PWMSetupt
                0x00000000        0xc ..\obj\STM32F103C8T6_Function.o
 .ARM.exidx.text._Z12TIM2PWMSetupt
                0x00000000        0x8 ..\obj\STM32F103C8T6_Function.o
 .text._Z12TIM3PWMSetupt
                0x00000000       0x40 ..\obj\STM32F103C8T6_Function.o
 .ARM.extab.text._Z12TIM3PWMSetupt
                0x00000000        0xc ..\obj\STM32F103C8T6_Function.o
 .ARM.exidx.text._Z12TIM3PWMSetupt
                0x00000000        0x8 ..\obj\STM32F103C8T6_Function.o
 .text._Z12TIM4PWMSetupt
                0x00000000       0x40 ..\obj\STM32F103C8T6_Function.o
 .ARM.extab.text._Z12TIM4PWMSetupt
                0x00000000        0xc ..\obj\STM32F103C8T6_Function.o
 .ARM.exidx.text._Z12TIM4PWMSetupt
                0x00000000        0x8 ..\obj\STM32F103C8T6_Function.o
 .text._Z11OC1PWMSetupP11TIM_TypeDeft
                0x00000000       0x3c ..\obj\STM32F103C8T6_Function.o
 .ARM.extab.text._Z11OC1PWMSetupP11TIM_TypeDeft
                0x00000000        0xc ..\obj\STM32F103C8T6_Function.o
 .ARM.exidx.text._Z11OC1PWMSetupP11TIM_TypeDeft
                0x00000000        0x8 ..\obj\STM32F103C8T6_Function.o
 .text._Z11OC2PWMSetupP11TIM_TypeDeft
                0x00000000       0x50 ..\obj\STM32F103C8T6_Function.o
 .ARM.extab.text._Z11OC2PWMSetupP11TIM_TypeDeft
                0x00000000        0xc ..\obj\STM32F103C8T6_Function.o
 .ARM.exidx.text._Z11OC2PWMSetupP11TIM_TypeDeft
                0x00000000        0x8 ..\obj\STM32F103C8T6_Function.o
 .text._Z11OC3PWMSetupP11TIM_TypeDeft
                0x00000000       0x50 ..\obj\STM32F103C8T6_Function.o
 .ARM.extab.text._Z11OC3PWMSetupP11TIM_TypeDeft
                0x00000000        0xc ..\obj\STM32F103C8T6_Function.o
 .ARM.exidx.text._Z11OC3PWMSetupP11TIM_TypeDeft
                0x00000000        0x8 ..\obj\STM32F103C8T6_Function.o
 .text._Z11OC4PWMSetupP11TIM_TypeDeft
                0x00000000       0x50 ..\obj\STM32F103C8T6_Function.o
 .ARM.extab.text._Z11OC4PWMSetupP11TIM_TypeDeft
                0x00000000        0xc ..\obj\STM32F103C8T6_Function.o
 .ARM.exidx.text._Z11OC4PWMSetupP11TIM_TypeDeft
                0x00000000        0x8 ..\obj\STM32F103C8T6_Function.o
 .text._Z10OC1DutySetP11TIM_TypeDeft
                0x00000000       0x1c ..\obj\STM32F103C8T6_Function.o
 .ARM.extab.text._Z10OC1DutySetP11TIM_TypeDeft
                0x00000000        0x0 ..\obj\STM32F103C8T6_Function.o
 .ARM.exidx.text._Z10OC1DutySetP11TIM_TypeDeft
                0x00000000        0x8 ..\obj\STM32F103C8T6_Function.o
 .text._Z10OC2DutySetP11TIM_TypeDeft
                0x00000000       0x1c ..\obj\STM32F103C8T6_Function.o
 .ARM.extab.text._Z10OC2DutySetP11TIM_TypeDeft
                0x00000000        0x0 ..\obj\STM32F103C8T6_Function.o
 .ARM.exidx.text._Z10OC2DutySetP11TIM_TypeDeft
                0x00000000        0x8 ..\obj\STM32F103C8T6_Function.o
 .text._Z10OC3DutySetP11TIM_TypeDeft
                0x00000000       0x1c ..\obj\STM32F103C8T6_Function.o
 .ARM.extab.text._Z10OC3DutySetP11TIM_TypeDeft
                0x00000000        0x0 ..\obj\STM32F103C8T6_Function.o
 .ARM.exidx.text._Z10OC3DutySetP11TIM_TypeDeft
                0x00000000        0x8 ..\obj\STM32F103C8T6_Function.o
 .text._Z10OC4DutySetP11TIM_TypeDeft
                0x00000000       0x20 ..\obj\STM32F103C8T6_Function.o
 .ARM.extab.text._Z10OC4DutySetP11TIM_TypeDeft
                0x00000000        0x0 ..\obj\STM32F103C8T6_Function.o
 .ARM.exidx.text._Z10OC4DutySetP11TIM_TypeDeft
                0x00000000        0x8 ..\obj\STM32F103C8T6_Function.o
 .ARM.extab.text.SysTick_Handler
                0x00000000        0x0 ..\obj\STM32F103C8T6_Function.o
 .ARM.extab.text._Z5delaym
                0x00000000        0x0 ..\obj\STM32F103C8T6_Function.o
 .text          0x00000000        0x0 ..\obj\stm32f10x_usart.o
 .data          0x00000000        0x0 ..\obj\stm32f10x_usart.o
 .bss           0x00000000        0x0 ..\obj\stm32f10x_usart.o
 .text.USART_DeInit
                0x00000000       0xb8 ..\obj\stm32f10x_usart.o
 .text.USART_ClockInit
                0x00000000       0x58 ..\obj\stm32f10x_usart.o
 .text.USART_ClockStructInit
                0x00000000       0x2c ..\obj\stm32f10x_usart.o
 .text.USART_DMACmd
                0x00000000       0x48 ..\obj\stm32f10x_usart.o
 .text.USART_SetAddress
                0x00000000       0x38 ..\obj\stm32f10x_usart.o
 .text.USART_WakeUpConfig
                0x00000000       0x38 ..\obj\stm32f10x_usart.o
 .text.USART_ReceiverWakeUpCmd
                0x00000000       0x40 ..\obj\stm32f10x_usart.o
 .text.USART_LINBreakDetectLengthConfig
                0x00000000       0x38 ..\obj\stm32f10x_usart.o
 .text.USART_LINCmd
                0x00000000       0x40 ..\obj\stm32f10x_usart.o
 .text.USART_SendBreak
                0x00000000       0x24 ..\obj\stm32f10x_usart.o
 .text.USART_SetGuardTime
                0x00000000       0x3c ..\obj\stm32f10x_usart.o
 .text.USART_SetPrescaler
                0x00000000       0x38 ..\obj\stm32f10x_usart.o
 .text.USART_SmartCardCmd
                0x00000000       0x40 ..\obj\stm32f10x_usart.o
 .text.USART_SmartCardNACKCmd
                0x00000000       0x40 ..\obj\stm32f10x_usart.o
 .text.USART_HalfDuplexCmd
                0x00000000       0x40 ..\obj\stm32f10x_usart.o
 .text.USART_OverSampling8Cmd
                0x00000000       0x44 ..\obj\stm32f10x_usart.o
 .text.USART_OneBitMethodCmd
                0x00000000       0x40 ..\obj\stm32f10x_usart.o
 .text.USART_IrDAConfig
                0x00000000       0x38 ..\obj\stm32f10x_usart.o
 .text.USART_IrDACmd
                0x00000000       0x40 ..\obj\stm32f10x_usart.o
 .text.USART_ClearFlag
                0x00000000       0x20 ..\obj\stm32f10x_usart.o
 .text.USART_ClearITPendingBit
                0x00000000       0x38 ..\obj\stm32f10x_usart.o
 .data          0x00000000        0x0 ..\obj\sh_cmd.o
 .bss           0x00000000        0x0 ..\obj\sh_cmd.o
 .text          0x00000000        0x0 ..\obj\syscalls.o
 .data          0x00000000        0x0 ..\obj\syscalls.o
 .bss           0x00000000        0x4 ..\obj\syscalls.o
 .text._sbrk    0x00000000       0x3c ..\obj\syscalls.o
 .text.link     0x00000000       0x18 ..\obj\syscalls.o
 .text._close   0x00000000       0x18 ..\obj\syscalls.o
 .text._fstat   0x00000000       0x20 ..\obj\syscalls.o
 .text._isatty  0x00000000       0x14 ..\obj\syscalls.o
 .text._lseek   0x00000000       0x18 ..\obj\syscalls.o
 .text._read    0x00000000       0x18 ..\obj\syscalls.o
 .text._write   0x00000000       0x18 ..\obj\syscalls.o
 .debug_info    0x00000000      0x3f5 ..\obj\syscalls.o
 .debug_abbrev  0x00000000       0xe5 ..\obj\syscalls.o
 .debug_aranges
                0x00000000       0x60 ..\obj\syscalls.o
 .debug_ranges  0x00000000       0x50 ..\obj\syscalls.o
 .debug_line    0x00000000      0x180 ..\obj\syscalls.o
 .debug_str     0x00000000      0x2d2 ..\obj\syscalls.o
 .comment       0x00000000       0x6f ..\obj\syscalls.o
 .debug_frame   0x00000000      0x168 ..\obj\syscalls.o
 .ARM.attributes
                0x00000000       0x33 ..\obj\syscalls.o
 .text          0x00000000        0x0 ..\obj\misc.o
 .data          0x00000000        0x0 ..\obj\misc.o
 .bss           0x00000000        0x0 ..\obj\misc.o
 .text.NVIC_PriorityGroupConfig
                0x00000000       0x24 ..\obj\misc.o
 .text.NVIC_SetVectorTable
                0x00000000       0x2c ..\obj\misc.o
 .text.NVIC_SystemLPConfig
                0x00000000       0x40 ..\obj\misc.o
 .text.SysTick_CLKSourceConfig
                0x00000000       0x38 ..\obj\misc.o
 .data          0x00000000        0x0 c:/program files (x86)/gnu tools arm embedded/5.2 2015q4/bin/../lib/gcc/arm-none-eabi/5.2.1/armv7-m\libgcc.a(unwind-arm.o)
 .bss           0x00000000        0x0 c:/program files (x86)/gnu tools arm embedded/5.2 2015q4/bin/../lib/gcc/arm-none-eabi/5.2.1/armv7-m\libgcc.a(unwind-arm.o)
 .ARM.extab     0x00000000        0x0 c:/program files (x86)/gnu tools arm embedded/5.2 2015q4/bin/../lib/gcc/arm-none-eabi/5.2.1/armv7-m\libgcc.a(unwind-arm.o)
 .debug_frame   0x00000000      0x300 c:/program files (x86)/gnu tools arm embedded/5.2 2015q4/bin/../lib/gcc/arm-none-eabi/5.2.1/armv7-m\libgcc.a(unwind-arm.o)
 .ARM.attributes
                0x00000000       0x2d c:/program files (x86)/gnu tools arm embedded/5.2 2015q4/bin/../lib/gcc/arm-none-eabi/5.2.1/armv7-m\libgcc.a(unwind-arm.o)
 .data          0x00000000        0x0 c:/program files (x86)/gnu tools arm embedded/5.2 2015q4/bin/../lib/gcc/arm-none-eabi/5.2.1/armv7-m\libgcc.a(libunwind.o)
 .bss           0x00000000        0x0 c:/program files (x86)/gnu tools arm embedded/5.2 2015q4/bin/../lib/gcc/arm-none-eabi/5.2.1/armv7-m\libgcc.a(libunwind.o)
 .ARM.attributes
                0x00000000       0x1d c:/program files (x86)/gnu tools arm embedded/5.2 2015q4/bin/../lib/gcc/arm-none-eabi/5.2.1/armv7-m\libgcc.a(libunwind.o)
 .data          0x00000000        0x0 c:/program files (x86)/gnu tools arm embedded/5.2 2015q4/bin/../lib/gcc/arm-none-eabi/5.2.1/armv7-m\libgcc.a(pr-support.o)
 .bss           0x00000000        0x0 c:/program files (x86)/gnu tools arm embedded/5.2 2015q4/bin/../lib/gcc/arm-none-eabi/5.2.1/armv7-m\libgcc.a(pr-support.o)
 .debug_frame   0x00000000      0x104 c:/program files (x86)/gnu tools arm embedded/5.2 2015q4/bin/../lib/gcc/arm-none-eabi/5.2.1/armv7-m\libgcc.a(pr-support.o)
 .ARM.attributes
                0x00000000       0x2d c:/program files (x86)/gnu tools arm embedded/5.2 2015q4/bin/../lib/gcc/arm-none-eabi/5.2.1/armv7-m\libgcc.a(pr-support.o)
 .data          0x00000000        0x0 c:/program files (x86)/gnu tools arm embedded/5.2 2015q4/bin/../lib/gcc/arm-none-eabi/5.2.1/../../../../arm-none-eabi/lib/armv7-m\libg.a(lib_a-memcpy.o)
 .bss           0x00000000        0x0 c:/program files (x86)/gnu tools arm embedded/5.2 2015q4/bin/../lib/gcc/arm-none-eabi/5.2.1/../../../../arm-none-eabi/lib/armv7-m\libg.a(lib_a-memcpy.o)
 .ARM.attributes
                0x00000000       0x1b c:/program files (x86)/gnu tools arm embedded/5.2 2015q4/bin/../lib/gcc/arm-none-eabi/5.2.1/../../../../arm-none-eabi/lib/armv7-m\libg.a(lib_a-memcpy.o)

Memory Configuration

Name             Origin             Length             Attributes
rom              0x08000000         0x00010000         xr
ram              0x20000000         0x00005000         xrw
*default*        0x00000000         0xffffffff

Linker script and memory map

                0x20005000                _eram = 0x20005000

.text           0x08000000     0x37a8
 *(.isr_vector)
 .isr_vector    0x08000000      0x10c ..\obj\startup_stm32f10x_md.o
                0x08000000                g_pfnVectors
 *(.text*)
 .text.SH_SendChar
                0x0800010c       0x64 ..\obj\semihosting.o
                0x0800010c                SH_SendChar
 .text.SystemInit
                0x08000170       0x68 ..\obj\system_stm32f10x.o
                0x08000170                SystemInit
 .text.SetSysClock
                0x080001d8        0xc ..\obj\system_stm32f10x.o
 .text.SetSysClockTo72
                0x080001e4      0x100 ..\obj\system_stm32f10x.o
 .text.Default_Reset_Handler
                0x080002e4       0x60 ..\obj\startup_stm32f10x_md.o
                0x080002e4                Default_Reset_Handler
                0x080002e4                Reset_Handler
 .text.Default_Handler
                0x08000344        0x8 ..\obj\startup_stm32f10x_md.o
                0x08000344                EXTI2_IRQHandler
                0x08000344                DebugMon_Handler
                0x08000344                TIM1_CC_IRQHandler
                0x08000344                PVD_IRQHandler
                0x08000344                PendSV_Handler
                0x08000344                NMI_Handler
                0x08000344                EXTI3_IRQHandler
                0x08000344                I2C2_EV_IRQHandler
                0x08000344                UsageFault_Handler
                0x08000344                ADC1_2_IRQHandler
                0x08000344                SPI1_IRQHandler
                0x08000344                TAMPER_IRQHandler
                0x08000344                DMA1_Channel4_IRQHandler
                0x08000344                USART3_IRQHandler
                0x08000344                RTC_IRQHandler
                0x08000344                DMA1_Channel7_IRQHandler
                0x08000344                TIM4_IRQHandler
                0x08000344                I2C1_EV_IRQHandler
                0x08000344                DMA1_Channel6_IRQHandler
                0x08000344                TIM3_IRQHandler
                0x08000344                RCC_IRQHandler
                0x08000344                TIM1_TRG_COM_IRQHandler
                0x08000344                DMA1_Channel1_IRQHandler
                0x08000344                EXTI15_10_IRQHandler
                0x08000344                EXTI9_5_IRQHandler
                0x08000344                SPI2_IRQHandler
                0x08000344                MemManage_Handler
                0x08000344                SVC_Handler
                0x08000344                DMA1_Channel5_IRQHandler
                0x08000344                EXTI4_IRQHandler
                0x08000344                USB_HP_CAN1_TX_IRQHandler
                0x08000344                DMA1_Channel3_IRQHandler
                0x08000344                TIM1_UP_IRQHandler
                0x08000344                WWDG_IRQHandler
                0x08000344                TIM2_IRQHandler
                0x08000344                TIM1_BRK_IRQHandler
                0x08000344                EXTI1_IRQHandler
                0x08000344                RTCAlarm_IRQHandler
                0x08000344                I2C2_ER_IRQHandler
                0x08000344                DMA1_Channel2_IRQHandler
                0x08000344                CAN1_SCE_IRQHandler
                0x08000344                FLASH_IRQHandler
                0x08000344                BusFault_Handler
                0x08000344                I2C1_ER_IRQHandler
                0x08000344                USBWakeUp_IRQHandler
 .text.CAN_DeInit
                0x0800034c       0x48 ..\obj\stm32f10x_can.o
                0x0800034c                CAN_DeInit
 .text.CAN_Init
                0x08000394      0x1a0 ..\obj\stm32f10x_can.o
                0x08000394                CAN_Init
 .text.CAN_FilterInit
                0x08000534      0x174 ..\obj\stm32f10x_can.o
                0x08000534                CAN_FilterInit
 .text.CAN_StructInit
                0x080006a8       0x54 ..\obj\stm32f10x_can.o
                0x080006a8                CAN_StructInit
 .text.CAN_Transmit
                0x080006fc      0x194 ..\obj\stm32f10x_can.o
                0x080006fc                CAN_Transmit
 .text.CAN_Receive
                0x08000890      0x174 ..\obj\stm32f10x_can.o
                0x08000890                CAN_Receive
 .text.CAN_ITConfig
                0x08000a04       0x3c ..\obj\stm32f10x_can.o
                0x08000a04                CAN_ITConfig
 .text.GPIO_Init
                0x08000a40      0x178 ..\obj\stm32f10x_gpio.o
                0x08000a40                GPIO_Init
 .text.GPIO_StructInit
                0x08000bb8       0x28 ..\obj\stm32f10x_gpio.o
                0x08000bb8                GPIO_StructInit
 .text.GPIO_WriteBit
                0x08000be0       0x30 ..\obj\stm32f10x_gpio.o
                0x08000be0                GPIO_WriteBit
 .text.GPIO_PinRemapConfig
                0x08000c10       0xe0 ..\obj\stm32f10x_gpio.o
                0x08000c10                GPIO_PinRemapConfig
 .text.GPIO_EXTILineConfig
                0x08000cf0       0x84 ..\obj\stm32f10x_gpio.o
                0x08000cf0                GPIO_EXTILineConfig
 .text.NVIC_SetPriority
                0x08000d74       0x54 ..\obj\main.o
 .text.SysTick_Config
                0x08000dc8       0x44 ..\obj\main.o
 .text.main     0x08000e0c      0x1cc ..\obj\main.o
                0x08000e0c                main
 .text.USART2_IRQHandler
                0x08000fd8       0x44 ..\obj\main.o
                0x08000fd8                USART2_IRQHandler
 .text.USART1_IRQHandler
                0x0800101c       0x44 ..\obj\main.o
                0x0800101c                USART1_IRQHandler
 .text.USB_LP_CAN1_RX0_IRQHandler
                0x08001060       0x24 ..\obj\main.o
                0x08001060                USB_LP_CAN1_RX0_IRQHandler
 .text.CAN1_RX1_IRQHandler
                0x08001084       0x24 ..\obj\main.o
                0x08001084                CAN1_RX1_IRQHandler
 .text.EXTI0_IRQHandler
                0x080010a8       0x24 ..\obj\main.o
                0x080010a8                EXTI0_IRQHandler
 .text.PrintChar
                0x080010cc       0x3c ..\obj\printf.o
                0x080010cc                PrintChar
 .text.PutChar  0x08001108       0x20 ..\obj\printf.o
                0x08001108                PutChar
 .text.PutString
                0x08001128       0x3c ..\obj\printf.o
                0x08001128                PutString
 .text.PutUnsignedInt
                0x08001164       0x9c ..\obj\printf.o
                0x08001164                PutUnsignedInt
 .text.PutSignedInt
                0x08001200       0xf8 ..\obj\printf.o
                0x08001200                PutSignedInt
 .text.PutHexa  0x080012f8       0xd4 ..\obj\printf.o
                0x080012f8                PutHexa
 .text.vsnprintf
                0x080013cc      0x254 ..\obj\printf.o
                0x080013cc                vsnprintf
 .text.vsprintf
                0x08001620       0x24 ..\obj\printf.o
                0x08001620                vsprintf
 .text.vfprintf
                0x08001644       0x68 ..\obj\printf.o
                0x08001644                vfprintf
 .text.vprintf  0x080016ac       0x28 ..\obj\printf.o
                0x080016ac                vprintf
 .text.printf   0x080016d4       0x28 ..\obj\printf.o
                0x080016d4                printf
 .text.fputc    0x080016fc       0x40 ..\obj\printf.o
                0x080016fc                fputc
 .text.fputs    0x0800173c       0x48 ..\obj\printf.o
                0x0800173c                fputs
 .text.RCC_ADCCLKConfig
                0x08001784       0x38 ..\obj\stm32f10x_rcc.o
                0x08001784                RCC_ADCCLKConfig
 .text.RCC_GetClocksFreq
                0x080017bc      0x160 ..\obj\stm32f10x_rcc.o
                0x080017bc                RCC_GetClocksFreq
 .text.RCC_APB2PeriphClockCmd
                0x0800191c       0x3c ..\obj\stm32f10x_rcc.o
                0x0800191c                RCC_APB2PeriphClockCmd
 .text.RCC_APB1PeriphClockCmd
                0x08001958       0x3c ..\obj\stm32f10x_rcc.o
                0x08001958                RCC_APB1PeriphClockCmd
 .text.RCC_APB1PeriphResetCmd
                0x08001994       0x3c ..\obj\stm32f10x_rcc.o
                0x08001994                RCC_APB1PeriphResetCmd
 .text.EXTI_Init
                0x080019d0       0xe4 ..\obj\stm32f10x_exti.o
                0x080019d0                EXTI_Init
 .text.EXTI_StructInit
                0x08001ab4       0x2c ..\obj\stm32f10x_exti.o
                0x08001ab4                EXTI_StructInit
 .text.EXTI_ClearITPendingBit
                0x08001ae0       0x1c ..\obj\stm32f10x_exti.o
                0x08001ae0                EXTI_ClearITPendingBit
 .text.ADC_Init
                0x08001afc       0xa4 ..\obj\stm32f10x_adc.o
                0x08001afc                ADC_Init
 .text.ADC_StructInit
                0x08001ba0       0x38 ..\obj\stm32f10x_adc.o
                0x08001ba0                ADC_StructInit
 .text.ADC_Cmd  0x08001bd8       0x38 ..\obj\stm32f10x_adc.o
                0x08001bd8                ADC_Cmd
 .text.ADC_ResetCalibration
                0x08001c10       0x20 ..\obj\stm32f10x_adc.o
                0x08001c10                ADC_ResetCalibration
 .text.ADC_GetResetCalibrationStatus
                0x08001c30       0x30 ..\obj\stm32f10x_adc.o
                0x08001c30                ADC_GetResetCalibrationStatus
 .text.ADC_StartCalibration
                0x08001c60       0x20 ..\obj\stm32f10x_adc.o
                0x08001c60                ADC_StartCalibration
 .text.ADC_GetCalibrationStatus
                0x08001c80       0x30 ..\obj\stm32f10x_adc.o
                0x08001c80                ADC_GetCalibrationStatus
 .text.ADC_SoftwareStartConvCmd
                0x08001cb0       0x38 ..\obj\stm32f10x_adc.o
                0x08001cb0                ADC_SoftwareStartConvCmd
 .text.ADC_RegularChannelConfig
                0x08001ce8      0x194 ..\obj\stm32f10x_adc.o
                0x08001ce8                ADC_RegularChannelConfig
 .text.ADC_GetConversionValue
                0x08001e7c       0x18 ..\obj\stm32f10x_adc.o
                0x08001e7c                ADC_GetConversionValue
 .text.ADC_GetFlagStatus
                0x08001e94       0x34 ..\obj\stm32f10x_adc.o
                0x08001e94                ADC_GetFlagStatus
 .text._ZN4GPIO5setupEP12GPIO_TypeDeft16GPIOMode_TypeDef
                0x08001ec8       0x7c ..\obj\STM32F103C8T6_Function.o
                0x08001ec8                GPIO::setup(GPIO_TypeDef*, unsigned short, GPIOMode_TypeDef)
 .text._ZN4GPIO5writeE9BitAction
                0x08001f44       0x28 ..\obj\STM32F103C8T6_Function.o
                0x08001f44                GPIO::write(BitAction)
 .text._Z9GPIOSetupv
                0x08001f6c       0x28 ..\obj\STM32F103C8T6_Function.o
                0x08001f6c                GPIOSetup()
 .text._Z9ADC1Setuph
                0x08001f94       0x94 ..\obj\STM32F103C8T6_Function.o
                0x08001f94                ADC1Setup(unsigned char)
 .text._Z8ADC1Readh
                0x08002028       0x4c ..\obj\STM32F103C8T6_Function.o
                0x08002028                ADC1Read(unsigned char)
 .text._Z11USART2Setupm
                0x08002074       0x54 ..\obj\STM32F103C8T6_Function.o
                0x08002074                USART2Setup(unsigned long)
 .text._Z11USART1Setupm
                0x080020c8       0x54 ..\obj\STM32F103C8T6_Function.o
                0x080020c8                USART1Setup(unsigned long)
 .text._Z13USART2ITSetupt
                0x0800211c       0x38 ..\obj\STM32F103C8T6_Function.o
                0x0800211c                USART2ITSetup(unsigned short)
 .text._Z13USART1ITSetupt
                0x08002154       0x38 ..\obj\STM32F103C8T6_Function.o
                0x08002154                USART1ITSetup(unsigned short)
 .text._Z9CAN1Setupv
                0x0800218c       0xb0 ..\obj\STM32F103C8T6_Function.o
                0x0800218c                CAN1Setup()
 .text._Z8CAN1SendthPh
                0x0800223c       0x68 ..\obj\STM32F103C8T6_Function.o
                0x0800223c                CAN1Send(unsigned short, unsigned char, unsigned char*)
 .text.SysTick_Handler
                0x080022a4       0x24 ..\obj\STM32F103C8T6_Function.o
                0x080022a4                SysTick_Handler
 .text._Z5delaym
                0x080022c8       0x28 ..\obj\STM32F103C8T6_Function.o
                0x080022c8                delay(unsigned long)
 .text.USART_Init
                0x080022f0      0x178 ..\obj\stm32f10x_usart.o
                0x080022f0                USART_Init
 .text.USART_StructInit
                0x08002468       0x38 ..\obj\stm32f10x_usart.o
                0x08002468                USART_StructInit
 .text.USART_Cmd
                0x080024a0       0x40 ..\obj\stm32f10x_usart.o
                0x080024a0                USART_Cmd
 .text.USART_ITConfig
                0x080024e0       0x90 ..\obj\stm32f10x_usart.o
                0x080024e0                USART_ITConfig
 .text.USART_SendData
                0x08002570       0x24 ..\obj\stm32f10x_usart.o
                0x08002570                USART_SendData
 .text.USART_ReceiveData
                0x08002594       0x20 ..\obj\stm32f10x_usart.o
                0x08002594                USART_ReceiveData
 .text.USART_GetFlagStatus
                0x080025b4       0x38 ..\obj\stm32f10x_usart.o
                0x080025b4                USART_GetFlagStatus
 .text.USART_GetITStatus
                0x080025ec       0xb4 ..\obj\stm32f10x_usart.o
                0x080025ec                USART_GetITStatus
 .text          0x080026a0       0x26 ..\obj\sh_cmd.o
                0x080026a0                SH_DoCommand
                0x080026b2                HardFault_Handler
 *fill*         0x080026c6        0x2 
 .text.abort    0x080026c8        0x8 ..\obj\syscalls.o
                0x080026c8                abort
 .text.NVIC_Init
                0x080026d0       0xc4 ..\obj\misc.o
                0x080026d0                NVIC_Init
 .text          0x08002794      0x9e4 c:/program files (x86)/gnu tools arm embedded/5.2 2015q4/bin/../lib/gcc/arm-none-eabi/5.2.1/armv7-m\libgcc.a(unwind-arm.o)
                0x08002a54                _Unwind_GetCFA
                0x08002a58                __gnu_Unwind_RaiseException
                0x08002ab8                __gnu_Unwind_ForcedUnwind
                0x08002acc                __gnu_Unwind_Resume
                0x08002b10                __gnu_Unwind_Resume_or_Rethrow
                0x08002b24                _Unwind_Complete
                0x08002b28                _Unwind_DeleteException
                0x08002b34                _Unwind_VRS_Get
                0x08002b80                _Unwind_VRS_Set
                0x08002bd0                __gnu_Unwind_Backtrace
                0x08002f1c                __aeabi_unwind_cpp_pr0
                0x08002f20                __aeabi_unwind_cpp_pr1
                0x08002f24                __aeabi_unwind_cpp_pr2
                0x08002f28                _Unwind_VRS_Pop
 .text          0x08003178      0x1ac c:/program files (x86)/gnu tools arm embedded/5.2 2015q4/bin/../lib/gcc/arm-none-eabi/5.2.1/armv7-m\libgcc.a(libunwind.o)
                0x08003178                __restore_core_regs
                0x08003178                restore_core_regs
                0x08003190                __gnu_Unwind_Restore_VFP
                0x08003198                __gnu_Unwind_Save_VFP
                0x080031a0                __gnu_Unwind_Restore_VFP_D
                0x080031a8                __gnu_Unwind_Save_VFP_D
                0x080031b0                __gnu_Unwind_Restore_VFP_D_16_to_31
                0x080031b8                __gnu_Unwind_Save_VFP_D_16_to_31
                0x080031c0                __gnu_Unwind_Restore_WMMXD
                0x08003204                __gnu_Unwind_Save_WMMXD
                0x08003248                __gnu_Unwind_Restore_WMMXC
                0x0800325c                __gnu_Unwind_Save_WMMXC
                0x08003270                ___Unwind_RaiseException
                0x08003270                _Unwind_RaiseException
                0x08003294                _Unwind_Resume
                0x08003294                ___Unwind_Resume
                0x080032b8                _Unwind_Resume_or_Rethrow
                0x080032b8                ___Unwind_Resume_or_Rethrow
                0x080032dc                _Unwind_ForcedUnwind
                0x080032dc                ___Unwind_ForcedUnwind
                0x08003300                ___Unwind_Backtrace
                0x08003300                _Unwind_Backtrace
 .text          0x08003324      0x354 c:/program files (x86)/gnu tools arm embedded/5.2 2015q4/bin/../lib/gcc/arm-none-eabi/5.2.1/armv7-m\libgcc.a(pr-support.o)
                0x0800337c                __gnu_unwind_execute
                0x08003620                __gnu_unwind_frame
                0x08003648                _Unwind_GetRegionStart
                0x08003654                _Unwind_GetLanguageSpecificData
                0x08003668                _Unwind_GetTextRelBase
                0x08003670                _Unwind_GetDataRelBase
 .text          0x08003678       0xec c:/program files (x86)/gnu tools arm embedded/5.2 2015q4/bin/../lib/gcc/arm-none-eabi/5.2.1/../../../../arm-none-eabi/lib/armv7-m\libg.a(lib_a-memcpy.o)
                0x08003678                memcpy
 *(.init)
 *(.fini)
 *crtbegin.o(.ctors)
 *crtbegin?.o(.ctors)
 *(EXCLUDE_FILE(*crtend.o *crtend?.o) .ctors)
 *(SORT(.ctors.*))
 *(.ctors)
 *crtbegin.o(.dtors)
 *crtbegin?.o(.dtors)
 *(EXCLUDE_FILE(*crtend.o *crtend?.o) .dtors)
 *(SORT(.dtors.*))
 *(.dtors)
 *(.rodata*)
 .rodata        0x08003764       0x1d ..\obj\main.o
 *fill*         0x08003781        0x3 
 .rodata        0x08003784       0x24 ..\obj\printf.o
 *(.eh_fram e*)

.glue_7         0x080037a8        0x0
 .glue_7        0x080037a8        0x0 linker stubs

.glue_7t        0x080037a8        0x0
 .glue_7t       0x080037a8        0x0 linker stubs

.vfp11_veneer   0x080037a8        0x0
 .vfp11_veneer  0x080037a8        0x0 linker stubs

.v4_bx          0x080037a8        0x0
 .v4_bx         0x080037a8        0x0 linker stubs

.iplt           0x080037a8        0x0
 .iplt          0x080037a8        0x0 ..\obj\semihosting.o

.ARM.extab      0x080037a8       0xb4
 *(.ARM.extab* .gnu.linkonce.armextab.*)
 .ARM.extab.text.main
                0x080037a8        0xc ..\obj\main.o
 .ARM.extab.text.USART2_IRQHandler
                0x080037b4        0xc ..\obj\main.o
 .ARM.extab.text.USART1_IRQHandler
                0x080037c0        0xc ..\obj\main.o
 .ARM.extab.text._ZN4GPIO5setupEP12GPIO_TypeDeft16GPIOMode_TypeDef
                0x080037cc        0xc ..\obj\STM32F103C8T6_Function.o
 .ARM.extab.text._ZN4GPIO5writeE9BitAction
                0x080037d8        0xc ..\obj\STM32F103C8T6_Function.o
 .ARM.extab.text._Z9ADC1Setuph
                0x080037e4        0xc ..\obj\STM32F103C8T6_Function.o
 .ARM.extab.text._Z8ADC1Readh
                0x080037f0        0xc ..\obj\STM32F103C8T6_Function.o
 .ARM.extab.text._Z11USART2Setupm
                0x080037fc        0xc ..\obj\STM32F103C8T6_Function.o
 .ARM.extab.text._Z11USART1Setupm
                0x08003808        0xc ..\obj\STM32F103C8T6_Function.o
 .ARM.extab.text._Z13USART2ITSetupt
                0x08003814        0xc ..\obj\STM32F103C8T6_Function.o
 .ARM.extab.text._Z13USART1ITSetupt
                0x08003820        0xc ..\obj\STM32F103C8T6_Function.o
 .ARM.extab.text._Z9CAN1Setupv
                0x0800382c        0xc ..\obj\STM32F103C8T6_Function.o
 .ARM.extab.text._Z8CAN1SendthPh
                0x08003838        0xc ..\obj\STM32F103C8T6_Function.o
 .ARM.extab     0x08003844       0x18 c:/program files (x86)/gnu tools arm embedded/5.2 2015q4/bin/../lib/gcc/arm-none-eabi/5.2.1/armv7-m\libgcc.a(pr-support.o)
                0x0800385c                __exidx_start = .

.ARM.exidx      0x0800385c      0x140
 *(.ARM.exidx* .gnu.linkonce.armexidx.*)
 .ARM.exidx.text.NVIC_SetPriority
                0x0800385c        0x8 ..\obj\main.o
 .ARM.exidx.text.SysTick_Config
                0x08003864        0x0 ..\obj\main.o
                                  0x8 (size before relaxing)
 .ARM.exidx.text.main
                0x08003864        0x8 ..\obj\main.o
 .ARM.exidx.text.USART2_IRQHandler
                0x0800386c        0x8 ..\obj\main.o
 .ARM.exidx.text.USART1_IRQHandler
                0x08003874        0x8 ..\obj\main.o
 .ARM.exidx.text.USB_LP_CAN1_RX0_IRQHandler
                0x0800387c        0x8 ..\obj\main.o
 .ARM.exidx.text.CAN1_RX1_IRQHandler
                0x08003884        0x0 ..\obj\main.o
                                  0x8 (size before relaxing)
 .ARM.exidx.text.EXTI0_IRQHandler
                0x08003884        0x8 ..\obj\main.o
 .ARM.exidx.text._ZN4GPIO5setupEP12GPIO_TypeDeft16GPIOMode_TypeDef
                0x0800388c        0x8 ..\obj\STM32F103C8T6_Function.o
 .ARM.exidx.text._ZN4GPIO5writeE9BitAction
                0x08003894        0x8 ..\obj\STM32F103C8T6_Function.o
 .ARM.exidx.text._Z9GPIOSetupv
                0x0800389c        0x8 ..\obj\STM32F103C8T6_Function.o
 .ARM.exidx.text._Z9ADC1Setuph
                0x080038a4        0x8 ..\obj\STM32F103C8T6_Function.o
 .ARM.exidx.text._Z8ADC1Readh
                0x080038ac        0x8 ..\obj\STM32F103C8T6_Function.o
 .ARM.exidx.text._Z11USART2Setupm
                0x080038b4        0x8 ..\obj\STM32F103C8T6_Function.o
 .ARM.exidx.text._Z11USART1Setupm
                0x080038bc        0x8 ..\obj\STM32F103C8T6_Function.o
 .ARM.exidx.text._Z13USART2ITSetupt
                0x080038c4        0x8 ..\obj\STM32F103C8T6_Function.o
 .ARM.exidx.text._Z13USART1ITSetupt
                0x080038cc        0x8 ..\obj\STM32F103C8T6_Function.o
 .ARM.exidx.text._Z9CAN1Setupv
                0x080038d4        0x8 ..\obj\STM32F103C8T6_Function.o
 .ARM.exidx.text._Z8CAN1SendthPh
                0x080038dc        0x8 ..\obj\STM32F103C8T6_Function.o
 .ARM.exidx.text.SysTick_Handler
                0x080038e4        0x8 ..\obj\STM32F103C8T6_Function.o
 .ARM.exidx.text._Z5delaym
                0x080038ec        0x0 ..\obj\STM32F103C8T6_Function.o
                                  0x8 (size before relaxing)
 .ARM.exidx     0x080038ec       0x78 c:/program files (x86)/gnu tools arm embedded/5.2 2015q4/bin/../lib/gcc/arm-none-eabi/5.2.1/armv7-m\libgcc.a(unwind-arm.o)
                                 0xd8 (size before relaxing)
 .ARM.exidx     0x08003964       0x38 c:/program files (x86)/gnu tools arm embedded/5.2 2015q4/bin/../lib/gcc/arm-none-eabi/5.2.1/armv7-m\libgcc.a(pr-support.o)
                                 0x48 (size before relaxing)
                0x0800399c                __exidx_end = .
                0x0800399c                __etext = .
                0x0800399c                _sidata = __etext

.rel.dyn        0x0800399c        0x0
 .rel.iplt      0x0800399c        0x0 ..\obj\semihosting.o

.data           0x20000000      0x458 load address 0x0800399c
                0x20000000                __data_start__ = .
                0x20000000                _sdata = __data_start__
 *(vtable)
 *(.data*)
 .data          0x20000000       0x14 ..\obj\system_stm32f10x.o
                0x20000000                SystemCoreClock
                0x20000004                AHBPrescTable
 *fill*         0x20000014        0x4 
 .data          0x20000018      0x42c ..\obj\printf.o
                0x20000018                r
                0x20000440                _impure_ptr
 .data          0x20000444       0x14 ..\obj\stm32f10x_rcc.o
                0x20000458                . = ALIGN (0x4)
                [!provide]                PROVIDE (__preinit_array_start, .)
 *(.preinit_array)
                [!provide]                PROVIDE (__preinit_array_end, .)
                0x20000458                . = ALIGN (0x4)
                [!provide]                PROVIDE (__init_array_start, .)
 *(SORT(.init_array.*))
 *(.init_array)
                [!provide]                PROVIDE (__init_array_end, .)
                0x20000458                . = ALIGN (0x4)
                [!provide]                PROVIDE (__fini_array_start, .)
 *(SORT(.fini_array.*))
 *(.fini_array)
                [!provide]                PROVIDE (__fini_array_end, .)
 *(.jcr*)
                0x20000458                . = ALIGN (0x4)
                0x20000458                __data_end__ = .
                0x20000458                _edata = __data_end__

.igot.plt       0x20000458        0x0 load address 0x08003df4
 .igot.plt      0x20000458        0x0 ..\obj\semihosting.o

.bss            0x20000458       0xac load address 0x08003df4
                0x20000458                . = ALIGN (0x4)
                0x20000458                __bss_start__ = .
                0x20000458                _sbss = __bss_start__
 *(.bss*)
 .bss           0x20000458       0x11 ..\obj\semihosting.o
 *fill*         0x20000469        0x3 
 .bss           0x2000046c       0x94 ..\obj\main.o
                0x20000470                a
                0x20000472                rxFlag
                0x20000474                enc1
                0x20000478                canData
                0x20000480                RxMessage
                0x20000494                led
                0x200004a0                canRx
                0x200004ac                canTx
                0x200004b8                usart1Tx
                0x200004c4                usart2Tx
                0x200004d0                aIn
                0x200004dc                encA
                0x200004e8                encB
                0x200004f4                encZ
 .bss           0x20000500        0x4 ..\obj\STM32F103C8T6_Function.o
 *(COMMON)
                0x20000504                . = ALIGN (0x4)
                0x20000504                __bss_end__ = .
                0x20000504                _ebss = __bss_end__

.heap           0x20000504        0x0
                0x20000504                __end__ = .
                0x20000504                _end = __end__
                0x20000504                end = __end__
 *(.heap*)
                0x20000504                __HeapLimit = .

.co_stack       0x20000504      0x404 load address 0x08003ea0
                0x20000508                . = ALIGN (0x8)
 *fill*         0x20000504        0x4 
 *(.co_stack .co_stack.*)
 .co_stack      0x20000508      0x400 ..\obj\startup_stm32f10x_md.o
                0x20000508                pulStack
                0x20005000                __StackTop = (ORIGIN (ram) + LENGTH (ram))
                0x20004bfc                __StackLimit = (__StackTop - SIZEOF (.co_stack))
                [!provide]                PROVIDE (__stack, __StackTop)
                0x00000001                ASSERT ((__StackLimit >= __HeapLimit), region ram  overflowed with stack)
LOAD ..\obj\semihosting.o
LOAD ..\obj\stm32f10x_tim.o
LOAD ..\obj\system_stm32f10x.o
LOAD ..\obj\startup_stm32f10x_md.o
LOAD ..\obj\stm32f10x_can.o
LOAD ..\obj\stm32f10x_gpio.o
LOAD ..\obj\main.o
LOAD ..\obj\printf.o
LOAD ..\obj\stm32f10x_rcc.o
LOAD ..\obj\stm32f10x_exti.o
LOAD ..\obj\stm32f10x_adc.o
LOAD ..\obj\STM32F103C8T6_Function.o
LOAD ..\obj\stm32f10x_usart.o
LOAD ..\obj\sh_cmd.o
LOAD ..\obj\syscalls.o
LOAD ..\obj\misc.o
LOAD c:/program files (x86)/gnu tools arm embedded/5.2 2015q4/bin/../lib/gcc/arm-none-eabi/5.2.1/../../../../arm-none-eabi/lib/armv7-m\libstdc++.a
START GROUP
LOAD c:/program files (x86)/gnu tools arm embedded/5.2 2015q4/bin/../lib/gcc/arm-none-eabi/5.2.1/armv7-m\libgcc.a
LOAD c:/program files (x86)/gnu tools arm embedded/5.2 2015q4/bin/../lib/gcc/arm-none-eabi/5.2.1/../../../../arm-none-eabi/lib/armv7-m\libg.a
LOAD c:/program files (x86)/gnu tools arm embedded/5.2 2015q4/bin/../lib/gcc/arm-none-eabi/5.2.1/../../../../arm-none-eabi/lib/armv7-m\libc.a
END GROUP
OUTPUT(F103_48.elf elf32-littlearm)

.debug_info     0x00000000     0x72ea
 .debug_info    0x00000000      0x132 ..\obj\semihosting.o
 .debug_info    0x00000132      0x47d ..\obj\system_stm32f10x.o
 .debug_info    0x000005af       0xfc ..\obj\startup_stm32f10x_md.o
 .debug_info    0x000006ab      0xba4 ..\obj\stm32f10x_can.o
 .debug_info    0x0000124f      0x6f6 ..\obj\stm32f10x_gpio.o
 .debug_info    0x00001945      0xe04 ..\obj\main.o
 .debug_info    0x00002749      0xf61 ..\obj\printf.o
 .debug_info    0x000036aa      0x899 ..\obj\stm32f10x_rcc.o
 .debug_info    0x00003f43      0x351 ..\obj\stm32f10x_exti.o
 .debug_info    0x00004294      0xb7c ..\obj\stm32f10x_adc.o
 .debug_info    0x00004e10     0x1515 ..\obj\STM32F103C8T6_Function.o
 .debug_info    0x00006325      0x9f0 ..\obj\stm32f10x_usart.o
 .debug_info    0x00006d15       0x94 ..\obj\sh_cmd.o
 .debug_info    0x00006da9      0x541 ..\obj\misc.o

.debug_abbrev   0x00000000     0x1639
 .debug_abbrev  0x00000000       0xab ..\obj\semihosting.o
 .debug_abbrev  0x000000ab      0x14e ..\obj\system_stm32f10x.o
 .debug_abbrev  0x000001f9       0xae ..\obj\startup_stm32f10x_md.o
 .debug_abbrev  0x000002a7      0x1f5 ..\obj\stm32f10x_can.o
 .debug_abbrev  0x0000049c      0x1cc ..\obj\stm32f10x_gpio.o
 .debug_abbrev  0x00000668      0x2ad ..\obj\main.o
 .debug_abbrev  0x00000915      0x2a5 ..\obj\printf.o
 .debug_abbrev  0x00000bba      0x1bc ..\obj\stm32f10x_rcc.o
 .debug_abbrev  0x00000d76      0x155 ..\obj\stm32f10x_exti.o
 .debug_abbrev  0x00000ecb      0x19a ..\obj\stm32f10x_adc.o
 .debug_abbrev  0x00001065      0x315 ..\obj\STM32F103C8T6_Function.o
 .debug_abbrev  0x0000137a      0x164 ..\obj\stm32f10x_usart.o
 .debug_abbrev  0x000014de       0x14 ..\obj\sh_cmd.o
 .debug_abbrev  0x000014f2      0x147 ..\obj\misc.o

.debug_aranges  0x00000000      0x818
 .debug_aranges
                0x00000000       0x30 ..\obj\semihosting.o
 .debug_aranges
                0x00000030       0x38 ..\obj\system_stm32f10x.o
 .debug_aranges
                0x00000068       0x28 ..\obj\startup_stm32f10x_md.o
 .debug_aranges
                0x00000090       0xe0 ..\obj\stm32f10x_can.o
 .debug_aranges
                0x00000170       0xa8 ..\obj\stm32f10x_gpio.o
 .debug_aranges
                0x00000218       0x58 ..\obj\main.o
 .debug_aranges
                0x00000270       0xa0 ..\obj\printf.o
 .debug_aranges
                0x00000310      0x118 ..\obj\stm32f10x_rcc.o
 .debug_aranges
                0x00000428       0x58 ..\obj\stm32f10x_exti.o
 .debug_aranges
                0x00000480      0x138 ..\obj\stm32f10x_adc.o
 .debug_aranges
                0x000005b8      0x100 ..\obj\STM32F103C8T6_Function.o
 .debug_aranges
                0x000006b8      0x100 ..\obj\stm32f10x_usart.o
 .debug_aranges
                0x000007b8       0x20 ..\obj\sh_cmd.o
 .debug_aranges
                0x000007d8       0x40 ..\obj\misc.o

.debug_ranges   0x00000000      0x728
 .debug_ranges  0x00000000       0x20 ..\obj\semihosting.o
 .debug_ranges  0x00000020       0x28 ..\obj\system_stm32f10x.o
 .debug_ranges  0x00000048       0x18 ..\obj\startup_stm32f10x_md.o
 .debug_ranges  0x00000060       0xd0 ..\obj\stm32f10x_can.o
 .debug_ranges  0x00000130       0x98 ..\obj\stm32f10x_gpio.o
 .debug_ranges  0x000001c8       0x48 ..\obj\main.o
 .debug_ranges  0x00000210       0x90 ..\obj\printf.o
 .debug_ranges  0x000002a0      0x108 ..\obj\stm32f10x_rcc.o
 .debug_ranges  0x000003a8       0x48 ..\obj\stm32f10x_exti.o
 .debug_ranges  0x000003f0      0x128 ..\obj\stm32f10x_adc.o
 .debug_ranges  0x00000518       0xf0 ..\obj\STM32F103C8T6_Function.o
 .debug_ranges  0x00000608       0xf0 ..\obj\stm32f10x_usart.o
 .debug_ranges  0x000006f8       0x30 ..\obj\misc.o

.debug_line     0x00000000     0x2d06
 .debug_line    0x00000000       0xa8 ..\obj\semihosting.o
 .debug_line    0x000000a8      0x21e ..\obj\system_stm32f10x.o
 .debug_line    0x000002c6       0x9f ..\obj\startup_stm32f10x_md.o
 .debug_line    0x00000365      0x562 ..\obj\stm32f10x_can.o
 .debug_line    0x000008c7      0x3c8 ..\obj\stm32f10x_gpio.o
 .debug_line    0x00000c8f      0x335 ..\obj\main.o
 .debug_line    0x00000fc4      0x464 ..\obj\printf.o
 .debug_line    0x00001428      0x4c3 ..\obj\stm32f10x_rcc.o
 .debug_line    0x000018eb      0x29e ..\obj\stm32f10x_exti.o
 .debug_line    0x00001b89      0x532 ..\obj\stm32f10x_adc.o
 .debug_line    0x000020bb      0x4ed ..\obj\STM32F103C8T6_Function.o
 .debug_line    0x000025a8      0x4aa ..\obj\stm32f10x_usart.o
 .debug_line    0x00002a52       0x79 ..\obj\sh_cmd.o
 .debug_line    0x00002acb      0x23b ..\obj\misc.o

.debug_str      0x00000000     0x2dab
 .debug_str     0x00000000      0x157 ..\obj\semihosting.o
                                0x190 (size before relaxing)
 .debug_str     0x00000157      0x1a7 ..\obj\system_stm32f10x.o
                                0x2f4 (size before relaxing)
 .debug_str     0x000002fe       0xba ..\obj\startup_stm32f10x_md.o
                                0x151 (size before relaxing)
 .debug_str     0x000003b8      0x4de ..\obj\stm32f10x_can.o
                                0x733 (size before relaxing)
 .debug_str     0x00000896      0x335 ..\obj\stm32f10x_gpio.o
                                0x51e (size before relaxing)
 .debug_str     0x00000bcb      0x79d ..\obj\main.o
                                0xba7 (size before relaxing)
 .debug_str     0x00001368      0x4b6 ..\obj\printf.o
                                0x701 (size before relaxing)
 .debug_str     0x0000181e      0x3e5 ..\obj\stm32f10x_rcc.o
                                0x61f (size before relaxing)
 .debug_str     0x00001c03      0x102 ..\obj\stm32f10x_exti.o
                                0x34e (size before relaxing)
 .debug_str     0x00001d05      0x50d ..\obj\stm32f10x_adc.o
                                0x700 (size before relaxing)
 .debug_str     0x00002212      0x6f9 ..\obj\STM32F103C8T6_Function.o
                               0x1286 (size before relaxing)
 .debug_str     0x0000290b      0x39f ..\obj\stm32f10x_usart.o
                                0x695 (size before relaxing)
 .debug_str     0x00002caa      0x101 ..\obj\misc.o
                                0x3c3 (size before relaxing)

.comment        0x00000000       0x6e
 .comment       0x00000000       0x6e ..\obj\semihosting.o
                                 0x6f (size before relaxing)
 .comment       0x0000006e       0x6f ..\obj\system_stm32f10x.o
 .comment       0x0000006e       0x6f ..\obj\startup_stm32f10x_md.o
 .comment       0x0000006e       0x6f ..\obj\stm32f10x_can.o
 .comment       0x0000006e       0x6f ..\obj\stm32f10x_gpio.o
 .comment       0x0000006e       0x6f ..\obj\main.o
 .comment       0x0000006e       0x6f ..\obj\printf.o
 .comment       0x0000006e       0x6f ..\obj\stm32f10x_rcc.o
 .comment       0x0000006e       0x6f ..\obj\stm32f10x_exti.o
 .comment       0x0000006e       0x6f ..\obj\stm32f10x_adc.o
 .comment       0x0000006e       0x6f ..\obj\STM32F103C8T6_Function.o
 .comment       0x0000006e       0x6f ..\obj\stm32f10x_usart.o
 .comment       0x0000006e       0x6f ..\obj\misc.o

.ARM.attributes
                0x00000000       0x31
 .ARM.attributes
                0x00000000       0x33 ..\obj\semihosting.o
 .ARM.attributes
                0x00000033       0x33 ..\obj\system_stm32f10x.o
 .ARM.attributes
                0x00000066       0x33 ..\obj\startup_stm32f10x_md.o
 .ARM.attributes
                0x00000099       0x33 ..\obj\stm32f10x_can.o
 .ARM.attributes
                0x000000cc       0x33 ..\obj\stm32f10x_gpio.o
 .ARM.attributes
                0x000000ff       0x33 ..\obj\main.o
 .ARM.attributes
                0x00000132       0x33 ..\obj\printf.o
 .ARM.attributes
                0x00000165       0x33 ..\obj\stm32f10x_rcc.o
 .ARM.attributes
                0x00000198       0x33 ..\obj\stm32f10x_exti.o
 .ARM.attributes
                0x000001cb       0x33 ..\obj\stm32f10x_adc.o
 .ARM.attributes
                0x000001fe       0x33 ..\obj\STM32F103C8T6_Function.o
 .ARM.attributes
                0x00000231       0x33 ..\obj\stm32f10x_usart.o
 .ARM.attributes
                0x00000264       0x21 ..\obj\sh_cmd.o
 .ARM.attributes
                0x00000285       0x33 ..\obj\misc.o

.debug_frame    0x00000000     0x2188
 .debug_frame   0x00000000       0x7c ..\obj\semihosting.o
 .debug_frame   0x0000007c       0x98 ..\obj\system_stm32f10x.o
 .debug_frame   0x00000114       0x4c ..\obj\startup_stm32f10x_md.o
 .debug_frame   0x00000160      0x3f0 ..\obj\stm32f10x_can.o
 .debug_frame   0x00000550      0x2d0 ..\obj\stm32f10x_gpio.o
 .debug_frame   0x00000820      0x118 ..\obj\main.o
 .debug_frame   0x00000938      0x2d8 ..\obj\printf.o
 .debug_frame   0x00000c10      0x4f4 ..\obj\stm32f10x_rcc.o
 .debug_frame   0x00001104      0x148 ..\obj\stm32f10x_exti.o
 .debug_frame   0x0000124c      0x5a4 ..\obj\stm32f10x_adc.o
 .debug_frame   0x000017f0      0x430 ..\obj\STM32F103C8T6_Function.o
 .debug_frame   0x00001c20      0x490 ..\obj\stm32f10x_usart.o
 .debug_frame   0x000020b0       0xd8 ..\obj\misc.o
