Archive member included because of file (symbol)

c:/program files (x86)/gnu tools arm embedded/4.9 2014q4/bin/../lib/gcc/arm-none-eabi/4.9.3/armv7-m\libgcc.a(unwind-arm.o)
                              ..\obj\main.o (__aeabi_unwind_cpp_pr0)
c:/program files (x86)/gnu tools arm embedded/4.9 2014q4/bin/../lib/gcc/arm-none-eabi/4.9.3/armv7-m\libgcc.a(libunwind.o)
                              c:/program files (x86)/gnu tools arm embedded/4.9 2014q4/bin/../lib/gcc/arm-none-eabi/4.9.3/armv7-m\libgcc.a(unwind-arm.o) (restore_core_regs)
c:/program files (x86)/gnu tools arm embedded/4.9 2014q4/bin/../lib/gcc/arm-none-eabi/4.9.3/armv7-m\libgcc.a(pr-support.o)
                              c:/program files (x86)/gnu tools arm embedded/4.9 2014q4/bin/../lib/gcc/arm-none-eabi/4.9.3/armv7-m\libgcc.a(unwind-arm.o) (__gnu_unwind_execute)
c:/program files (x86)/gnu tools arm embedded/4.9 2014q4/bin/../lib/gcc/arm-none-eabi/4.9.3/../../../../arm-none-eabi/lib/armv7-m\libc.a(lib_a-memcpy.o)
                              c:/program files (x86)/gnu tools arm embedded/4.9 2014q4/bin/../lib/gcc/arm-none-eabi/4.9.3/armv7-m\libgcc.a(unwind-arm.o) (memcpy)

Allocating common symbols
Common symbol       size              file

__dso_handle        0x4               ..\obj\startup_stm32f10x_md.o

Discarded input sections

 .text          0x00000000        0x0 ..\obj\semihosting.o
 .data          0x00000000        0x0 ..\obj\semihosting.o
 .text.SH_SendString
                0x00000000       0x24 ..\obj\semihosting.o
 .text.SH_GetChar
                0x00000000       0x40 ..\obj\semihosting.o
 .text          0x00000000        0x0 ..\obj\stm32f10x_tim.o
 .data          0x00000000        0x0 ..\obj\stm32f10x_tim.o
 .bss           0x00000000        0x0 ..\obj\stm32f10x_tim.o
 .text.TIM_DeInit
                0x00000000      0x22c ..\obj\stm32f10x_tim.o
 .text.TIM_ICInit
                0x00000000       0xa8 ..\obj\stm32f10x_tim.o
 .text.TIM_PWMIConfig
                0x00000000       0xb8 ..\obj\stm32f10x_tim.o
 .text.TIM_BDTRConfig
                0x00000000       0x50 ..\obj\stm32f10x_tim.o
 .text.TIM_ICStructInit
                0x00000000       0x30 ..\obj\stm32f10x_tim.o
 .text.TIM_BDTRStructInit
                0x00000000       0x3c ..\obj\stm32f10x_tim.o
 .text.TIM_CtrlPWMOutputs
                0x00000000       0x4c ..\obj\stm32f10x_tim.o
 .text.TIM_ITConfig
                0x00000000       0x48 ..\obj\stm32f10x_tim.o
 .text.TIM_GenerateEvent
                0x00000000       0x1c ..\obj\stm32f10x_tim.o
 .text.TIM_DMAConfig
                0x00000000       0x28 ..\obj\stm32f10x_tim.o
 .text.TIM_DMACmd
                0x00000000       0x48 ..\obj\stm32f10x_tim.o
 .text.TIM_InternalClockConfig
                0x00000000       0x24 ..\obj\stm32f10x_tim.o
 .text.TIM_ITRxExternalClockConfig
                0x00000000       0x2c ..\obj\stm32f10x_tim.o
 .text.TIM_TIxExternalClockConfig
                0x00000000       0x60 ..\obj\stm32f10x_tim.o
 .text.TIM_ETRClockMode1Config
                0x00000000       0x5c ..\obj\stm32f10x_tim.o
 .text.TIM_ETRClockMode2Config
                0x00000000       0x3c ..\obj\stm32f10x_tim.o
 .text.TIM_ETRConfig
                0x00000000       0x54 ..\obj\stm32f10x_tim.o
 .text.TIM_PrescalerConfig
                0x00000000       0x28 ..\obj\stm32f10x_tim.o
 .text.TIM_CounterModeConfig
                0x00000000       0x38 ..\obj\stm32f10x_tim.o
 .text.TIM_SelectInputTrigger
                0x00000000       0x38 ..\obj\stm32f10x_tim.o
 .text.TIM_EncoderInterfaceConfig
                0x00000000       0x98 ..\obj\stm32f10x_tim.o
 .text.TIM_ForcedOC1Config
                0x00000000       0x38 ..\obj\stm32f10x_tim.o
 .text.TIM_ForcedOC2Config
                0x00000000       0x3c ..\obj\stm32f10x_tim.o
 .text.TIM_ForcedOC3Config
                0x00000000       0x38 ..\obj\stm32f10x_tim.o
 .text.TIM_ForcedOC4Config
                0x00000000       0x3c ..\obj\stm32f10x_tim.o
 .text.TIM_SelectCOM
                0x00000000       0x40 ..\obj\stm32f10x_tim.o
 .text.TIM_SelectCCDMA
                0x00000000       0x40 ..\obj\stm32f10x_tim.o
 .text.TIM_CCPreloadControl
                0x00000000       0x40 ..\obj\stm32f10x_tim.o
 .text.TIM_OC1PreloadConfig
                0x00000000       0x38 ..\obj\stm32f10x_tim.o
 .text.TIM_OC2PreloadConfig
                0x00000000       0x3c ..\obj\stm32f10x_tim.o
 .text.TIM_OC3PreloadConfig
                0x00000000       0x38 ..\obj\stm32f10x_tim.o
 .text.TIM_OC4PreloadConfig
                0x00000000       0x3c ..\obj\stm32f10x_tim.o
 .text.TIM_OC1FastConfig
                0x00000000       0x38 ..\obj\stm32f10x_tim.o
 .text.TIM_OC2FastConfig
                0x00000000       0x3c ..\obj\stm32f10x_tim.o
 .text.TIM_OC3FastConfig
                0x00000000       0x38 ..\obj\stm32f10x_tim.o
 .text.TIM_OC4FastConfig
                0x00000000       0x3c ..\obj\stm32f10x_tim.o
 .text.TIM_ClearOC1Ref
                0x00000000       0x38 ..\obj\stm32f10x_tim.o
 .text.TIM_ClearOC2Ref
                0x00000000       0x3c ..\obj\stm32f10x_tim.o
 .text.TIM_ClearOC3Ref
                0x00000000       0x38 ..\obj\stm32f10x_tim.o
 .text.TIM_ClearOC4Ref
                0x00000000       0x3c ..\obj\stm32f10x_tim.o
 .text.TIM_OC1PolarityConfig
                0x00000000       0x38 ..\obj\stm32f10x_tim.o
 .text.TIM_OC1NPolarityConfig
                0x00000000       0x38 ..\obj\stm32f10x_tim.o
 .text.TIM_OC2PolarityConfig
                0x00000000       0x3c ..\obj\stm32f10x_tim.o
 .text.TIM_OC2NPolarityConfig
                0x00000000       0x3c ..\obj\stm32f10x_tim.o
 .text.TIM_OC3PolarityConfig
                0x00000000       0x3c ..\obj\stm32f10x_tim.o
 .text.TIM_OC3NPolarityConfig
                0x00000000       0x3c ..\obj\stm32f10x_tim.o
 .text.TIM_OC4PolarityConfig
                0x00000000       0x3c ..\obj\stm32f10x_tim.o
 .text.TIM_CCxCmd
                0x00000000       0x54 ..\obj\stm32f10x_tim.o
 .text.TIM_CCxNCmd
                0x00000000       0x54 ..\obj\stm32f10x_tim.o
 .text.TIM_SelectOCxM
                0x00000000       0xac ..\obj\stm32f10x_tim.o
 .text.TIM_UpdateDisableConfig
                0x00000000       0x40 ..\obj\stm32f10x_tim.o
 .text.TIM_UpdateRequestConfig
                0x00000000       0x40 ..\obj\stm32f10x_tim.o
 .text.TIM_SelectHallSensor
                0x00000000       0x40 ..\obj\stm32f10x_tim.o
 .text.TIM_SelectOnePulseMode
                0x00000000       0x38 ..\obj\stm32f10x_tim.o
 .text.TIM_SelectOutputTrigger
                0x00000000       0x38 ..\obj\stm32f10x_tim.o
 .text.TIM_SelectSlaveMode
                0x00000000       0x38 ..\obj\stm32f10x_tim.o
 .text.TIM_SelectMasterSlaveMode
                0x00000000       0x38 ..\obj\stm32f10x_tim.o
 .text.TIM_SetCounter
                0x00000000       0x1c ..\obj\stm32f10x_tim.o
 .text.TIM_SetAutoreload
                0x00000000       0x1c ..\obj\stm32f10x_tim.o
 .text.TIM_SetCompare1
                0x00000000       0x1c ..\obj\stm32f10x_tim.o
 .text.TIM_SetCompare2
                0x00000000       0x1c ..\obj\stm32f10x_tim.o
 .text.TIM_SetCompare3
                0x00000000       0x1c ..\obj\stm32f10x_tim.o
 .text.TIM_SetCompare4
                0x00000000       0x20 ..\obj\stm32f10x_tim.o
 .text.TIM_SetIC1Prescaler
                0x00000000       0x38 ..\obj\stm32f10x_tim.o
 .text.TIM_SetIC2Prescaler
                0x00000000       0x3c ..\obj\stm32f10x_tim.o
 .text.TIM_SetIC3Prescaler
                0x00000000       0x38 ..\obj\stm32f10x_tim.o
 .text.TIM_SetIC4Prescaler
                0x00000000       0x3c ..\obj\stm32f10x_tim.o
 .text.TIM_SetClockDivision
                0x00000000       0x38 ..\obj\stm32f10x_tim.o
 .text.TIM_GetCapture1
                0x00000000       0x1c ..\obj\stm32f10x_tim.o
 .text.TIM_GetCapture2
                0x00000000       0x1c ..\obj\stm32f10x_tim.o
 .text.TIM_GetCapture3
                0x00000000       0x1c ..\obj\stm32f10x_tim.o
 .text.TIM_GetCapture4
                0x00000000       0x1c ..\obj\stm32f10x_tim.o
 .text.TIM_GetCounter
                0x00000000       0x1c ..\obj\stm32f10x_tim.o
 .text.TIM_GetPrescaler
                0x00000000       0x1c ..\obj\stm32f10x_tim.o
 .text.TIM_GetFlagStatus
                0x00000000       0x38 ..\obj\stm32f10x_tim.o
 .text.TIM_ClearFlag
                0x00000000       0x20 ..\obj\stm32f10x_tim.o
 .text.TIM_GetITStatus
                0x00000000       0x54 ..\obj\stm32f10x_tim.o
 .text.TIM_ClearITPendingBit
                0x00000000       0x20 ..\obj\stm32f10x_tim.o
 .text.TI1_Config
                0x00000000       0xe0 ..\obj\stm32f10x_tim.o
 .text.TI2_Config
                0x00000000       0xf4 ..\obj\stm32f10x_tim.o
 .text.TI3_Config
                0x00000000       0xec ..\obj\stm32f10x_tim.o
 .text.TI4_Config
                0x00000000       0xf8 ..\obj\stm32f10x_tim.o
 .text          0x00000000        0x0 ..\obj\system_stm32f10x.o
 .bss           0x00000000        0x0 ..\obj\system_stm32f10x.o
 .text.SystemCoreClockUpdate
                0x00000000       0xdc ..\obj\system_stm32f10x.o
 .text          0x00000000        0x0 ..\obj\CAN.o
 .data          0x00000000        0x0 ..\obj\CAN.o
 .bss           0x00000000        0x0 ..\obj\CAN.o
 .text          0x00000000        0x0 ..\obj\SYSTEM.o
 .data          0x00000000        0x0 ..\obj\SYSTEM.o
 .ARM.extab.text.NVIC_SetPriority
                0x00000000        0x0 ..\obj\SYSTEM.o
 .ARM.extab.text.SysTick_Config
                0x00000000        0x0 ..\obj\SYSTEM.o
 .ARM.extab.text._Z5setupv
                0x00000000        0x0 ..\obj\SYSTEM.o
 .ARM.extab.text.SysTick_Handler
                0x00000000        0x0 ..\obj\SYSTEM.o
 .ARM.extab.text._Z5delaym
                0x00000000        0x0 ..\obj\SYSTEM.o
 .text          0x00000000        0x0 ..\obj\startup_stm32f10x_md.o
 .data          0x00000000        0x0 ..\obj\startup_stm32f10x_md.o
 .bss           0x00000000        0x0 ..\obj\startup_stm32f10x_md.o
 COMMON         0x00000000        0x4 ..\obj\startup_stm32f10x_md.o
 .text          0x00000000        0x0 ..\obj\stm32f10x_can.o
 .data          0x00000000        0x0 ..\obj\stm32f10x_can.o
 .bss           0x00000000        0x0 ..\obj\stm32f10x_can.o
 .text.CAN_SlaveStartBank
                0x00000000       0x60 ..\obj\stm32f10x_can.o
 .text.CAN_DBGFreeze
                0x00000000       0x38 ..\obj\stm32f10x_can.o
 .text.CAN_TTComModeCmd
                0x00000000       0x98 ..\obj\stm32f10x_can.o
 .text.CAN_TransmitStatus
                0x00000000       0xd4 ..\obj\stm32f10x_can.o
 .text.CAN_CancelTransmit
                0x00000000       0x50 ..\obj\stm32f10x_can.o
 .text.CAN_FIFORelease
                0x00000000       0x38 ..\obj\stm32f10x_can.o
 .text.CAN_MessagePending
                0x00000000       0x4c ..\obj\stm32f10x_can.o
 .text.CAN_OperatingModeRequest
                0x00000000       0xfc ..\obj\stm32f10x_can.o
 .text.CAN_Sleep
                0x00000000       0x3c ..\obj\stm32f10x_can.o
 .text.CAN_WakeUp
                0x00000000       0x58 ..\obj\stm32f10x_can.o
 .text.CAN_GetLastErrorCode
                0x00000000       0x28 ..\obj\stm32f10x_can.o
 .text.CAN_GetReceiveErrorCounter
                0x00000000       0x24 ..\obj\stm32f10x_can.o
 .text.CAN_GetLSBTransmitErrorCounter
                0x00000000       0x28 ..\obj\stm32f10x_can.o
 .text.CAN_GetFlagStatus
                0x00000000       0xd0 ..\obj\stm32f10x_can.o
 .text.CAN_ClearFlag
                0x00000000       0x70 ..\obj\stm32f10x_can.o
 .text.CAN_GetITStatus
                0x00000000      0x194 ..\obj\stm32f10x_can.o
 .text.CAN_ClearITPendingBit
                0x00000000       0xdc ..\obj\stm32f10x_can.o
 .text.CheckITStatus
                0x00000000       0x30 ..\obj\stm32f10x_can.o
 .text          0x00000000        0x0 ..\obj\stm32f10x_gpio.o
 .data          0x00000000        0x0 ..\obj\stm32f10x_gpio.o
 .bss           0x00000000        0x0 ..\obj\stm32f10x_gpio.o
 .text.GPIO_DeInit
                0x00000000       0xe4 ..\obj\stm32f10x_gpio.o
 .text.GPIO_AFIODeInit
                0x00000000       0x18 ..\obj\stm32f10x_gpio.o
 .text.GPIO_ReadInputDataBit
                0x00000000       0x34 ..\obj\stm32f10x_gpio.o
 .text.GPIO_ReadInputData
                0x00000000       0x1c ..\obj\stm32f10x_gpio.o
 .text.GPIO_ReadOutputDataBit
                0x00000000       0x34 ..\obj\stm32f10x_gpio.o
 .text.GPIO_ReadOutputData
                0x00000000       0x1c ..\obj\stm32f10x_gpio.o
 .text.GPIO_SetBits
                0x00000000       0x1c ..\obj\stm32f10x_gpio.o
 .text.GPIO_ResetBits
                0x00000000       0x1c ..\obj\stm32f10x_gpio.o
 .text.GPIO_Write
                0x00000000       0x1c ..\obj\stm32f10x_gpio.o
 .text.GPIO_PinLockConfig
                0x00000000       0x44 ..\obj\stm32f10x_gpio.o
 .text.GPIO_EventOutputConfig
                0x00000000       0x4c ..\obj\stm32f10x_gpio.o
 .text.GPIO_EventOutputCmd
                0x00000000       0x20 ..\obj\stm32f10x_gpio.o
 .text.GPIO_EXTILineConfig
                0x00000000       0x84 ..\obj\stm32f10x_gpio.o
 .text.GPIO_ETH_MediaInterfaceConfig
                0x00000000       0x1c ..\obj\stm32f10x_gpio.o
 .text          0x00000000        0x0 ..\obj\main.o
 .data          0x00000000        0x0 ..\obj\main.o
 .ARM.extab.text.USB_LP_CAN1_RX0_IRQHandler
                0x00000000        0x0 ..\obj\main.o
 .ARM.extab.text.CAN1_RX1_IRQHandler
                0x00000000        0x0 ..\obj\main.o
 .ARM.extab.text.EXTI0_IRQHandler
                0x00000000        0x0 ..\obj\main.o
 .text          0x00000000        0x0 ..\obj\GPIO.o
 .data          0x00000000        0x0 ..\obj\GPIO.o
 .bss           0x00000000        0x0 ..\obj\GPIO.o
 .text._ZN4GPIO4readEv
                0x00000000       0x1c ..\obj\GPIO.o
 .ARM.extab.text._ZN4GPIO4readEv
                0x00000000        0x0 ..\obj\GPIO.o
 .ARM.exidx.text._ZN4GPIO4readEv
                0x00000000        0x8 ..\obj\GPIO.o
 .ARM.extab.text._Z9GPIOSetupv
                0x00000000        0x0 ..\obj\GPIO.o
 .text._Z8pinSetupP12GPIO_TypeDeft16GPIOMode_TypeDef
                0x00000000       0x38 ..\obj\GPIO.o
 .ARM.extab.text._Z8pinSetupP12GPIO_TypeDeft16GPIOMode_TypeDef
                0x00000000        0xc ..\obj\GPIO.o
 .ARM.exidx.text._Z8pinSetupP12GPIO_TypeDeft16GPIOMode_TypeDef
                0x00000000        0x8 ..\obj\GPIO.o
 .text._Z8pinWriteP12GPIO_TypeDeft9BitAction
                0x00000000       0x24 ..\obj\GPIO.o
 .ARM.extab.text._Z8pinWriteP12GPIO_TypeDeft9BitAction
                0x00000000        0xc ..\obj\GPIO.o
 .ARM.exidx.text._Z8pinWriteP12GPIO_TypeDeft9BitAction
                0x00000000        0x8 ..\obj\GPIO.o
 .text          0x00000000        0x0 ..\obj\ADC.o
 .data          0x00000000        0x0 ..\obj\ADC.o
 .bss           0x00000000        0x0 ..\obj\ADC.o
 .text          0x00000000        0x0 ..\obj\printf.o
 .bss           0x00000000        0x0 ..\obj\printf.o
 .text.snprintf
                0x00000000       0x30 ..\obj\printf.o
 .text.fprintf  0x00000000       0x2c ..\obj\printf.o
 .text.sprintf  0x00000000       0x2c ..\obj\printf.o
 .text.puts     0x00000000       0x24 ..\obj\printf.o
 .text          0x00000000        0x0 ..\obj\stm32f10x_rcc.o
 .bss           0x00000000        0x0 ..\obj\stm32f10x_rcc.o
 .text.RCC_DeInit
                0x00000000       0x5c ..\obj\stm32f10x_rcc.o
 .text.RCC_HSEConfig
                0x00000000       0x5c ..\obj\stm32f10x_rcc.o
 .text.RCC_WaitForHSEStartUp
                0x00000000       0x50 ..\obj\stm32f10x_rcc.o
 .text.RCC_AdjustHSICalibrationValue
                0x00000000       0x3c ..\obj\stm32f10x_rcc.o
 .text.RCC_HSICmd
                0x00000000       0x20 ..\obj\stm32f10x_rcc.o
 .text.RCC_PLLConfig
                0x00000000       0x3c ..\obj\stm32f10x_rcc.o
 .text.RCC_PLLCmd
                0x00000000       0x20 ..\obj\stm32f10x_rcc.o
 .text.RCC_SYSCLKConfig
                0x00000000       0x38 ..\obj\stm32f10x_rcc.o
 .text.RCC_GetSYSCLKSource
                0x00000000       0x20 ..\obj\stm32f10x_rcc.o
 .text.RCC_HCLKConfig
                0x00000000       0x38 ..\obj\stm32f10x_rcc.o
 .text.RCC_PCLK1Config
                0x00000000       0x38 ..\obj\stm32f10x_rcc.o
 .text.RCC_PCLK2Config
                0x00000000       0x38 ..\obj\stm32f10x_rcc.o
 .text.RCC_ITConfig
                0x00000000       0x4c ..\obj\stm32f10x_rcc.o
 .text.RCC_USBCLKConfig
                0x00000000       0x1c ..\obj\stm32f10x_rcc.o
 .text.RCC_LSEConfig
                0x00000000       0x40 ..\obj\stm32f10x_rcc.o
 .text.RCC_LSICmd
                0x00000000       0x20 ..\obj\stm32f10x_rcc.o
 .text.RCC_RTCCLKConfig
                0x00000000       0x24 ..\obj\stm32f10x_rcc.o
 .text.RCC_RTCCLKCmd
                0x00000000       0x20 ..\obj\stm32f10x_rcc.o
 .text.RCC_AHBPeriphClockCmd
                0x00000000       0x3c ..\obj\stm32f10x_rcc.o
 .text.RCC_APB2PeriphResetCmd
                0x00000000       0x3c ..\obj\stm32f10x_rcc.o
 .text.RCC_BackupResetCmd
                0x00000000       0x20 ..\obj\stm32f10x_rcc.o
 .text.RCC_ClockSecuritySystemCmd
                0x00000000       0x20 ..\obj\stm32f10x_rcc.o
 .text.RCC_MCOConfig
                0x00000000       0x20 ..\obj\stm32f10x_rcc.o
 .text.RCC_GetFlagStatus
                0x00000000       0x74 ..\obj\stm32f10x_rcc.o
 .text.RCC_ClearFlag
                0x00000000       0x1c ..\obj\stm32f10x_rcc.o
 .text.RCC_GetITStatus
                0x00000000       0x38 ..\obj\stm32f10x_rcc.o
 .text.RCC_ClearITPendingBit
                0x00000000       0x20 ..\obj\stm32f10x_rcc.o
 .text          0x00000000        0x0 ..\obj\stm32f10x_exti.o
 .data          0x00000000        0x0 ..\obj\stm32f10x_exti.o
 .bss           0x00000000        0x0 ..\obj\stm32f10x_exti.o
 .text.EXTI_DeInit
                0x00000000       0x34 ..\obj\stm32f10x_exti.o
 .text.EXTI_Init
                0x00000000       0xe4 ..\obj\stm32f10x_exti.o
 .text.EXTI_StructInit
                0x00000000       0x2c ..\obj\stm32f10x_exti.o
 .text.EXTI_GenerateSWInterrupt
                0x00000000       0x24 ..\obj\stm32f10x_exti.o
 .text.EXTI_GetFlagStatus
                0x00000000       0x34 ..\obj\stm32f10x_exti.o
 .text.EXTI_ClearFlag
                0x00000000       0x1c ..\obj\stm32f10x_exti.o
 .text.EXTI_GetITStatus
                0x00000000       0x48 ..\obj\stm32f10x_exti.o
 .text          0x00000000        0x0 ..\obj\stm32f10x_adc.o
 .data          0x00000000        0x0 ..\obj\stm32f10x_adc.o
 .bss           0x00000000        0x0 ..\obj\stm32f10x_adc.o
 .text.ADC_DeInit
                0x00000000       0x74 ..\obj\stm32f10x_adc.o
 .text.ADC_DMACmd
                0x00000000       0x38 ..\obj\stm32f10x_adc.o
 .text.ADC_ITConfig
                0x00000000       0x44 ..\obj\stm32f10x_adc.o
 .text.ADC_GetSoftwareStartConvStatus
                0x00000000       0x30 ..\obj\stm32f10x_adc.o
 .text.ADC_DiscModeChannelCountConfig
                0x00000000       0x44 ..\obj\stm32f10x_adc.o
 .text.ADC_DiscModeCmd
                0x00000000       0x38 ..\obj\stm32f10x_adc.o
 .text.ADC_ExternalTrigConvCmd
                0x00000000       0x38 ..\obj\stm32f10x_adc.o
 .text.ADC_GetDualModeConversionValue
                0x00000000       0x18 ..\obj\stm32f10x_adc.o
 .text.ADC_AutoInjectedConvCmd
                0x00000000       0x38 ..\obj\stm32f10x_adc.o
 .text.ADC_InjectedDiscModeCmd
                0x00000000       0x38 ..\obj\stm32f10x_adc.o
 .text.ADC_ExternalTrigInjectedConvConfig
                0x00000000       0x34 ..\obj\stm32f10x_adc.o
 .text.ADC_ExternalTrigInjectedConvCmd
                0x00000000       0x38 ..\obj\stm32f10x_adc.o
 .text.ADC_SoftwareStartInjectedConvCmd
                0x00000000       0x38 ..\obj\stm32f10x_adc.o
 .text.ADC_GetSoftwareStartInjectedConvCmdStatus
                0x00000000       0x30 ..\obj\stm32f10x_adc.o
 .text.ADC_InjectedChannelConfig
                0x00000000      0x120 ..\obj\stm32f10x_adc.o
 .text.ADC_InjectedSequencerLengthConfig
                0x00000000       0x44 ..\obj\stm32f10x_adc.o
 .text.ADC_SetInjectedOffset
                0x00000000       0x34 ..\obj\stm32f10x_adc.o
 .text.ADC_GetInjectedConversionValue
                0x00000000       0x30 ..\obj\stm32f10x_adc.o
 .text.ADC_AnalogWatchdogCmd
                0x00000000       0x38 ..\obj\stm32f10x_adc.o
 .text.ADC_AnalogWatchdogThresholdsConfig
                0x00000000       0x28 ..\obj\stm32f10x_adc.o
 .text.ADC_AnalogWatchdogSingleChannelConfig
                0x00000000       0x38 ..\obj\stm32f10x_adc.o
 .text.ADC_TempSensorVrefintCmd
                0x00000000       0x38 ..\obj\stm32f10x_adc.o
 .text.ADC_ClearFlag
                0x00000000       0x20 ..\obj\stm32f10x_adc.o
 .text.ADC_GetITStatus
                0x00000000       0x58 ..\obj\stm32f10x_adc.o
 .text.ADC_ClearITPendingBit
                0x00000000       0x2c ..\obj\stm32f10x_adc.o
 .text          0x00000000        0x0 ..\obj\stm32f10x_usart.o
 .data          0x00000000        0x0 ..\obj\stm32f10x_usart.o
 .bss           0x00000000        0x0 ..\obj\stm32f10x_usart.o
 .text.USART_DeInit
                0x00000000       0xb8 ..\obj\stm32f10x_usart.o
 .text.USART_ClockInit
                0x00000000       0x58 ..\obj\stm32f10x_usart.o
 .text.USART_ClockStructInit
                0x00000000       0x2c ..\obj\stm32f10x_usart.o
 .text.USART_DMACmd
                0x00000000       0x48 ..\obj\stm32f10x_usart.o
 .text.USART_SetAddress
                0x00000000       0x38 ..\obj\stm32f10x_usart.o
 .text.USART_WakeUpConfig
                0x00000000       0x38 ..\obj\stm32f10x_usart.o
 .text.USART_ReceiverWakeUpCmd
                0x00000000       0x40 ..\obj\stm32f10x_usart.o
 .text.USART_LINBreakDetectLengthConfig
                0x00000000       0x38 ..\obj\stm32f10x_usart.o
 .text.USART_LINCmd
                0x00000000       0x40 ..\obj\stm32f10x_usart.o
 .text.USART_SendBreak
                0x00000000       0x24 ..\obj\stm32f10x_usart.o
 .text.USART_SetGuardTime
                0x00000000       0x3c ..\obj\stm32f10x_usart.o
 .text.USART_SetPrescaler
                0x00000000       0x38 ..\obj\stm32f10x_usart.o
 .text.USART_SmartCardCmd
                0x00000000       0x40 ..\obj\stm32f10x_usart.o
 .text.USART_SmartCardNACKCmd
                0x00000000       0x40 ..\obj\stm32f10x_usart.o
 .text.USART_HalfDuplexCmd
                0x00000000       0x40 ..\obj\stm32f10x_usart.o
 .text.USART_OverSampling8Cmd
                0x00000000       0x44 ..\obj\stm32f10x_usart.o
 .text.USART_OneBitMethodCmd
                0x00000000       0x40 ..\obj\stm32f10x_usart.o
 .text.USART_IrDAConfig
                0x00000000       0x38 ..\obj\stm32f10x_usart.o
 .text.USART_IrDACmd
                0x00000000       0x40 ..\obj\stm32f10x_usart.o
 .text.USART_ClearFlag
                0x00000000       0x20 ..\obj\stm32f10x_usart.o
 .text.USART_ClearITPendingBit
                0x00000000       0x38 ..\obj\stm32f10x_usart.o
 .data          0x00000000        0x0 ..\obj\sh_cmd.o
 .bss           0x00000000        0x0 ..\obj\sh_cmd.o
 .text          0x00000000        0x0 ..\obj\syscalls.o
 .data          0x00000000        0x0 ..\obj\syscalls.o
 .bss           0x00000000        0x4 ..\obj\syscalls.o
 .text._sbrk    0x00000000       0x40 ..\obj\syscalls.o
 .text.link     0x00000000       0x1c ..\obj\syscalls.o
 .text._close   0x00000000       0x18 ..\obj\syscalls.o
 .text._fstat   0x00000000       0x20 ..\obj\syscalls.o
 .text._isatty  0x00000000       0x18 ..\obj\syscalls.o
 .text._lseek   0x00000000       0x1c ..\obj\syscalls.o
 .text._read    0x00000000       0x1c ..\obj\syscalls.o
 .text._write   0x00000000       0x1c ..\obj\syscalls.o
 .debug_info    0x00000000      0x3ee ..\obj\syscalls.o
 .debug_abbrev  0x00000000       0xe2 ..\obj\syscalls.o
 .debug_aranges
                0x00000000       0x60 ..\obj\syscalls.o
 .debug_ranges  0x00000000       0x50 ..\obj\syscalls.o
 .debug_line    0x00000000      0x182 ..\obj\syscalls.o
 .debug_str     0x00000000      0x2e6 ..\obj\syscalls.o
 .comment       0x00000000       0x71 ..\obj\syscalls.o
 .debug_frame   0x00000000      0x168 ..\obj\syscalls.o
 .ARM.attributes
                0x00000000       0x33 ..\obj\syscalls.o
 .text          0x00000000        0x0 ..\obj\REMAP.o
 .data          0x00000000        0x0 ..\obj\REMAP.o
 .bss           0x00000000        0x0 ..\obj\REMAP.o
 .debug_line    0x00000000        0x0 ..\obj\REMAP.o
 .debug_str     0x00000000       0xbf ..\obj\REMAP.o
 .comment       0x00000000       0x71 ..\obj\REMAP.o
 .ARM.attributes
                0x00000000       0x33 ..\obj\REMAP.o
 .text          0x00000000        0x0 ..\obj\misc.o
 .data          0x00000000        0x0 ..\obj\misc.o
 .bss           0x00000000        0x0 ..\obj\misc.o
 .text.NVIC_PriorityGroupConfig
                0x00000000       0x24 ..\obj\misc.o
 .text.NVIC_SetVectorTable
                0x00000000       0x2c ..\obj\misc.o
 .text.NVIC_SystemLPConfig
                0x00000000       0x40 ..\obj\misc.o
 .text.SysTick_CLKSourceConfig
                0x00000000       0x38 ..\obj\misc.o
 .text          0x00000000        0x0 ..\obj\USART.o
 .ARM.extab.text._ZN5USART4readEv
                0x00000000        0x0 ..\obj\USART.o
 .text._ZN5USART4peekEv
                0x00000000       0x5c ..\obj\USART.o
 .ARM.extab.text._ZN5USART4peekEv
                0x00000000        0x0 ..\obj\USART.o
 .ARM.exidx.text._ZN5USART4peekEv
                0x00000000        0x8 ..\obj\USART.o
 .ARM.extab.text._ZN5USART9availableEv
                0x00000000        0x0 ..\obj\USART.o
 .text          0x00000000        0x0 ..\obj\TIM.o
 .data          0x00000000        0x0 ..\obj\TIM.o
 .bss           0x00000000        0x0 ..\obj\TIM.o
 .ARM.extab.text._ZN3PWM4dutyEt
                0x00000000        0x0 ..\obj\TIM.o
 .ARM.extab.text._Z10OC1DutySetP11TIM_TypeDeft
                0x00000000        0x0 ..\obj\TIM.o
 .ARM.extab.text._Z10OC2DutySetP11TIM_TypeDeft
                0x00000000        0x0 ..\obj\TIM.o
 .ARM.extab.text._Z10OC3DutySetP11TIM_TypeDeft
                0x00000000        0x0 ..\obj\TIM.o
 .ARM.extab.text._Z10OC4DutySetP11TIM_TypeDeft
                0x00000000        0x0 ..\obj\TIM.o
 .data          0x00000000        0x0 c:/program files (x86)/gnu tools arm embedded/4.9 2014q4/bin/../lib/gcc/arm-none-eabi/4.9.3/armv7-m\libgcc.a(unwind-arm.o)
 .bss           0x00000000        0x0 c:/program files (x86)/gnu tools arm embedded/4.9 2014q4/bin/../lib/gcc/arm-none-eabi/4.9.3/armv7-m\libgcc.a(unwind-arm.o)
 .ARM.extab     0x00000000        0x0 c:/program files (x86)/gnu tools arm embedded/4.9 2014q4/bin/../lib/gcc/arm-none-eabi/4.9.3/armv7-m\libgcc.a(unwind-arm.o)
 .debug_frame   0x00000000      0x300 c:/program files (x86)/gnu tools arm embedded/4.9 2014q4/bin/../lib/gcc/arm-none-eabi/4.9.3/armv7-m\libgcc.a(unwind-arm.o)
 .ARM.attributes
                0x00000000       0x2d c:/program files (x86)/gnu tools arm embedded/4.9 2014q4/bin/../lib/gcc/arm-none-eabi/4.9.3/armv7-m\libgcc.a(unwind-arm.o)
 .data          0x00000000        0x0 c:/program files (x86)/gnu tools arm embedded/4.9 2014q4/bin/../lib/gcc/arm-none-eabi/4.9.3/armv7-m\libgcc.a(libunwind.o)
 .bss           0x00000000        0x0 c:/program files (x86)/gnu tools arm embedded/4.9 2014q4/bin/../lib/gcc/arm-none-eabi/4.9.3/armv7-m\libgcc.a(libunwind.o)
 .ARM.attributes
                0x00000000       0x1d c:/program files (x86)/gnu tools arm embedded/4.9 2014q4/bin/../lib/gcc/arm-none-eabi/4.9.3/armv7-m\libgcc.a(libunwind.o)
 .data          0x00000000        0x0 c:/program files (x86)/gnu tools arm embedded/4.9 2014q4/bin/../lib/gcc/arm-none-eabi/4.9.3/armv7-m\libgcc.a(pr-support.o)
 .bss           0x00000000        0x0 c:/program files (x86)/gnu tools arm embedded/4.9 2014q4/bin/../lib/gcc/arm-none-eabi/4.9.3/armv7-m\libgcc.a(pr-support.o)
 .debug_frame   0x00000000      0x104 c:/program files (x86)/gnu tools arm embedded/4.9 2014q4/bin/../lib/gcc/arm-none-eabi/4.9.3/armv7-m\libgcc.a(pr-support.o)
 .ARM.attributes
                0x00000000       0x2d c:/program files (x86)/gnu tools arm embedded/4.9 2014q4/bin/../lib/gcc/arm-none-eabi/4.9.3/armv7-m\libgcc.a(pr-support.o)
 .data          0x00000000        0x0 c:/program files (x86)/gnu tools arm embedded/4.9 2014q4/bin/../lib/gcc/arm-none-eabi/4.9.3/../../../../arm-none-eabi/lib/armv7-m\libc.a(lib_a-memcpy.o)
 .bss           0x00000000        0x0 c:/program files (x86)/gnu tools arm embedded/4.9 2014q4/bin/../lib/gcc/arm-none-eabi/4.9.3/../../../../arm-none-eabi/lib/armv7-m\libc.a(lib_a-memcpy.o)
 .ARM.attributes
                0x00000000       0x1b c:/program files (x86)/gnu tools arm embedded/4.9 2014q4/bin/../lib/gcc/arm-none-eabi/4.9.3/../../../../arm-none-eabi/lib/armv7-m\libc.a(lib_a-memcpy.o)

Memory Configuration

Name             Origin             Length             Attributes
rom              0x08000000         0x00010000         xr
ram              0x20000000         0x00005000         xrw
*default*        0x00000000         0xffffffff

Linker script and memory map

                0x20005000                _eram = 0x20005000

.text           0x08000000     0x464c
 *(.isr_vector)
 .isr_vector    0x08000000      0x10c ..\obj\startup_stm32f10x_md.o
                0x08000000                g_pfnVectors
 *(.text*)
 .text.SH_SendChar
                0x0800010c       0x68 ..\obj\semihosting.o
                0x0800010c                SH_SendChar
 .text.TIM_TimeBaseInit
                0x08000174       0xf8 ..\obj\stm32f10x_tim.o
                0x08000174                TIM_TimeBaseInit
 .text.TIM_OC1Init
                0x0800026c      0x118 ..\obj\stm32f10x_tim.o
                0x0800026c                TIM_OC1Init
 .text.TIM_OC2Init
                0x08000384      0x110 ..\obj\stm32f10x_tim.o
                0x08000384                TIM_OC2Init
 .text.TIM_OC3Init
                0x08000494      0x10c ..\obj\stm32f10x_tim.o
                0x08000494                TIM_OC3Init
 .text.TIM_OC4Init
                0x080005a0       0xd0 ..\obj\stm32f10x_tim.o
                0x080005a0                TIM_OC4Init
 .text.TIM_TimeBaseStructInit
                0x08000670       0x34 ..\obj\stm32f10x_tim.o
                0x08000670                TIM_TimeBaseStructInit
 .text.TIM_OCStructInit
                0x080006a4       0x44 ..\obj\stm32f10x_tim.o
                0x080006a4                TIM_OCStructInit
 .text.TIM_Cmd  0x080006e8       0x40 ..\obj\stm32f10x_tim.o
                0x080006e8                TIM_Cmd
 .text.TIM_ARRPreloadConfig
                0x08000728       0x40 ..\obj\stm32f10x_tim.o
                0x08000728                TIM_ARRPreloadConfig
 .text.SystemInit
                0x08000768       0x68 ..\obj\system_stm32f10x.o
                0x08000768                SystemInit
 .text.SetSysClock
                0x080007d0        0xc ..\obj\system_stm32f10x.o
 .text.SetSysClockTo72
                0x080007dc      0x100 ..\obj\system_stm32f10x.o
 .text._Z9CAN1Setupv
                0x080008dc       0xac ..\obj\CAN.o
                0x080008dc                CAN1Setup()
 .text._Z8CAN1SendthPh
                0x08000988       0x68 ..\obj\CAN.o
                0x08000988                CAN1Send(unsigned short, unsigned char, unsigned char*)
 .text.NVIC_SetPriority
                0x080009f0       0x54 ..\obj\SYSTEM.o
 .text.SysTick_Config
                0x08000a44       0x44 ..\obj\SYSTEM.o
 .text._Z5setupv
                0x08000a88       0x20 ..\obj\SYSTEM.o
                0x08000a88                setup()
 .text.SysTick_Handler
                0x08000aa8       0x24 ..\obj\SYSTEM.o
                0x08000aa8                SysTick_Handler
 .text._Z5delaym
                0x08000acc       0x28 ..\obj\SYSTEM.o
                0x08000acc                delay(unsigned long)
 .text.Default_Reset_Handler
                0x08000af4       0x5c ..\obj\startup_stm32f10x_md.o
                0x08000af4                Default_Reset_Handler
                0x08000af4                Reset_Handler
 .text.Default_Handler
                0x08000b50        0x8 ..\obj\startup_stm32f10x_md.o
                0x08000b50                EXTI2_IRQHandler
                0x08000b50                DebugMon_Handler
                0x08000b50                TIM1_CC_IRQHandler
                0x08000b50                PVD_IRQHandler
                0x08000b50                PendSV_Handler
                0x08000b50                NMI_Handler
                0x08000b50                EXTI3_IRQHandler
                0x08000b50                I2C2_EV_IRQHandler
                0x08000b50                UsageFault_Handler
                0x08000b50                ADC1_2_IRQHandler
                0x08000b50                SPI1_IRQHandler
                0x08000b50                TAMPER_IRQHandler
                0x08000b50                DMA1_Channel4_IRQHandler
                0x08000b50                USART3_IRQHandler
                0x08000b50                RTC_IRQHandler
                0x08000b50                DMA1_Channel7_IRQHandler
                0x08000b50                TIM4_IRQHandler
                0x08000b50                I2C1_EV_IRQHandler
                0x08000b50                DMA1_Channel6_IRQHandler
                0x08000b50                TIM3_IRQHandler
                0x08000b50                RCC_IRQHandler
                0x08000b50                TIM1_TRG_COM_IRQHandler
                0x08000b50                DMA1_Channel1_IRQHandler
                0x08000b50                EXTI15_10_IRQHandler
                0x08000b50                EXTI9_5_IRQHandler
                0x08000b50                SPI2_IRQHandler
                0x08000b50                MemManage_Handler
                0x08000b50                SVC_Handler
                0x08000b50                DMA1_Channel5_IRQHandler
                0x08000b50                EXTI4_IRQHandler
                0x08000b50                USB_HP_CAN1_TX_IRQHandler
                0x08000b50                DMA1_Channel3_IRQHandler
                0x08000b50                TIM1_UP_IRQHandler
                0x08000b50                WWDG_IRQHandler
                0x08000b50                TIM2_IRQHandler
                0x08000b50                TIM1_BRK_IRQHandler
                0x08000b50                EXTI1_IRQHandler
                0x08000b50                RTCAlarm_IRQHandler
                0x08000b50                I2C2_ER_IRQHandler
                0x08000b50                DMA1_Channel2_IRQHandler
                0x08000b50                CAN1_SCE_IRQHandler
                0x08000b50                FLASH_IRQHandler
                0x08000b50                BusFault_Handler
                0x08000b50                I2C1_ER_IRQHandler
                0x08000b50                USBWakeUp_IRQHandler
 .text.CAN_DeInit
                0x08000b58       0x44 ..\obj\stm32f10x_can.o
                0x08000b58                CAN_DeInit
 .text.CAN_Init
                0x08000b9c      0x1a4 ..\obj\stm32f10x_can.o
                0x08000b9c                CAN_Init
 .text.CAN_FilterInit
                0x08000d40      0x174 ..\obj\stm32f10x_can.o
                0x08000d40                CAN_FilterInit
 .text.CAN_StructInit
                0x08000eb4       0x54 ..\obj\stm32f10x_can.o
                0x08000eb4                CAN_StructInit
 .text.CAN_Transmit
                0x08000f08      0x190 ..\obj\stm32f10x_can.o
                0x08000f08                CAN_Transmit
 .text.CAN_Receive
                0x08001098      0x170 ..\obj\stm32f10x_can.o
                0x08001098                CAN_Receive
 .text.CAN_ITConfig
                0x08001208       0x3c ..\obj\stm32f10x_can.o
                0x08001208                CAN_ITConfig
 .text.GPIO_Init
                0x08001244      0x180 ..\obj\stm32f10x_gpio.o
                0x08001244                GPIO_Init
 .text.GPIO_StructInit
                0x080013c4       0x28 ..\obj\stm32f10x_gpio.o
                0x080013c4                GPIO_StructInit
 .text.GPIO_WriteBit
                0x080013ec       0x30 ..\obj\stm32f10x_gpio.o
                0x080013ec                GPIO_WriteBit
 .text.GPIO_PinRemapConfig
                0x0800141c       0xe0 ..\obj\stm32f10x_gpio.o
                0x0800141c                GPIO_PinRemapConfig
 .text.main     0x080014fc      0x2b8 ..\obj\main.o
                0x080014fc                main
 .text.USB_LP_CAN1_RX0_IRQHandler
                0x080017b4       0x24 ..\obj\main.o
                0x080017b4                USB_LP_CAN1_RX0_IRQHandler
 .text.CAN1_RX1_IRQHandler
                0x080017d8       0x24 ..\obj\main.o
                0x080017d8                CAN1_RX1_IRQHandler
 .text.EXTI0_IRQHandler
                0x080017fc       0x24 ..\obj\main.o
                0x080017fc                EXTI0_IRQHandler
 .text._ZN4GPIO5setupEP12GPIO_TypeDeft16GPIOMode_TypeDef
                0x08001820       0x80 ..\obj\GPIO.o
                0x08001820                GPIO::setup(GPIO_TypeDef*, unsigned short, GPIOMode_TypeDef)
 .text._ZN4GPIO5writeE9BitAction
                0x080018a0       0x2c ..\obj\GPIO.o
                0x080018a0                GPIO::write(BitAction)
 .text._Z9GPIOSetupv
                0x080018cc       0x28 ..\obj\GPIO.o
                0x080018cc                GPIOSetup()
 .text._ZN3ADC5setupEP11ADC_TypeDefh
                0x080018f4       0x60 ..\obj\ADC.o
                0x080018f4                ADC::setup(ADC_TypeDef*, unsigned char)
 .text._ZN3ADC4readEv
                0x08001954       0x50 ..\obj\ADC.o
                0x08001954                ADC::read()
 .text._Z9ADC1Setuph
                0x080019a4       0x94 ..\obj\ADC.o
                0x080019a4                ADC1Setup(unsigned char)
 .text._Z9ADC2Setuph
                0x08001a38       0x94 ..\obj\ADC.o
                0x08001a38                ADC2Setup(unsigned char)
 .text._Z8ADC1Readh
                0x08001acc       0x50 ..\obj\ADC.o
                0x08001acc                ADC1Read(unsigned char)
 .text._Z8ADC2Readh
                0x08001b1c       0x50 ..\obj\ADC.o
                0x08001b1c                ADC2Read(unsigned char)
 .text.PrintChar
                0x08001b6c       0x38 ..\obj\printf.o
                0x08001b6c                PrintChar
 .text.PutChar  0x08001ba4       0x20 ..\obj\printf.o
                0x08001ba4                PutChar
 .text.PutString
                0x08001bc4       0x3c ..\obj\printf.o
                0x08001bc4                PutString
 .text.PutUnsignedInt
                0x08001c00       0xa0 ..\obj\printf.o
                0x08001c00                PutUnsignedInt
 .text.PutSignedInt
                0x08001ca0      0x104 ..\obj\printf.o
                0x08001ca0                PutSignedInt
 .text.PutHexa  0x08001da4       0xd8 ..\obj\printf.o
                0x08001da4                PutHexa
 .text.vsnprintf
                0x08001e7c      0x25c ..\obj\printf.o
                0x08001e7c                vsnprintf
 .text.vsprintf
                0x080020d8       0x24 ..\obj\printf.o
                0x080020d8                vsprintf
 .text.vfprintf
                0x080020fc       0x68 ..\obj\printf.o
                0x080020fc                vfprintf
 .text.vprintf  0x08002164       0x28 ..\obj\printf.o
                0x08002164                vprintf
 .text.printf   0x0800218c       0x28 ..\obj\printf.o
                0x0800218c                printf
 .text.fputc    0x080021b4       0x40 ..\obj\printf.o
                0x080021b4                fputc
 .text.fputs    0x080021f4       0x48 ..\obj\printf.o
                0x080021f4                fputs
 .text.RCC_ADCCLKConfig
                0x0800223c       0x38 ..\obj\stm32f10x_rcc.o
                0x0800223c                RCC_ADCCLKConfig
 .text.RCC_GetClocksFreq
                0x08002274      0x164 ..\obj\stm32f10x_rcc.o
                0x08002274                RCC_GetClocksFreq
 .text.RCC_APB2PeriphClockCmd
                0x080023d8       0x3c ..\obj\stm32f10x_rcc.o
                0x080023d8                RCC_APB2PeriphClockCmd
 .text.RCC_APB1PeriphClockCmd
                0x08002414       0x3c ..\obj\stm32f10x_rcc.o
                0x08002414                RCC_APB1PeriphClockCmd
 .text.RCC_APB1PeriphResetCmd
                0x08002450       0x3c ..\obj\stm32f10x_rcc.o
                0x08002450                RCC_APB1PeriphResetCmd
 .text.EXTI_ClearITPendingBit
                0x0800248c       0x1c ..\obj\stm32f10x_exti.o
                0x0800248c                EXTI_ClearITPendingBit
 .text.ADC_Init
                0x080024a8       0xa4 ..\obj\stm32f10x_adc.o
                0x080024a8                ADC_Init
 .text.ADC_StructInit
                0x0800254c       0x38 ..\obj\stm32f10x_adc.o
                0x0800254c                ADC_StructInit
 .text.ADC_Cmd  0x08002584       0x38 ..\obj\stm32f10x_adc.o
                0x08002584                ADC_Cmd
 .text.ADC_ResetCalibration
                0x080025bc       0x20 ..\obj\stm32f10x_adc.o
                0x080025bc                ADC_ResetCalibration
 .text.ADC_GetResetCalibrationStatus
                0x080025dc       0x30 ..\obj\stm32f10x_adc.o
                0x080025dc                ADC_GetResetCalibrationStatus
 .text.ADC_StartCalibration
                0x0800260c       0x20 ..\obj\stm32f10x_adc.o
                0x0800260c                ADC_StartCalibration
 .text.ADC_GetCalibrationStatus
                0x0800262c       0x30 ..\obj\stm32f10x_adc.o
                0x0800262c                ADC_GetCalibrationStatus
 .text.ADC_SoftwareStartConvCmd
                0x0800265c       0x38 ..\obj\stm32f10x_adc.o
                0x0800265c                ADC_SoftwareStartConvCmd
 .text.ADC_RegularChannelConfig
                0x08002694      0x194 ..\obj\stm32f10x_adc.o
                0x08002694                ADC_RegularChannelConfig
 .text.ADC_GetConversionValue
                0x08002828       0x1c ..\obj\stm32f10x_adc.o
                0x08002828                ADC_GetConversionValue
 .text.ADC_GetFlagStatus
                0x08002844       0x34 ..\obj\stm32f10x_adc.o
                0x08002844                ADC_GetFlagStatus
 .text.USART_Init
                0x08002878      0x174 ..\obj\stm32f10x_usart.o
                0x08002878                USART_Init
 .text.USART_StructInit
                0x080029ec       0x38 ..\obj\stm32f10x_usart.o
                0x080029ec                USART_StructInit
 .text.USART_Cmd
                0x08002a24       0x40 ..\obj\stm32f10x_usart.o
                0x08002a24                USART_Cmd
 .text.USART_ITConfig
                0x08002a64       0x90 ..\obj\stm32f10x_usart.o
                0x08002a64                USART_ITConfig
 .text.USART_SendData
                0x08002af4       0x24 ..\obj\stm32f10x_usart.o
                0x08002af4                USART_SendData
 .text.USART_ReceiveData
                0x08002b18       0x20 ..\obj\stm32f10x_usart.o
                0x08002b18                USART_ReceiveData
 .text.USART_GetFlagStatus
                0x08002b38       0x38 ..\obj\stm32f10x_usart.o
                0x08002b38                USART_GetFlagStatus
 .text.USART_GetITStatus
                0x08002b70       0xb8 ..\obj\stm32f10x_usart.o
                0x08002b70                USART_GetITStatus
 .text          0x08002c28       0x28 ..\obj\sh_cmd.o
                0x08002c28                SH_DoCommand
                0x08002c3a                HardFault_Handler
 .text.abort    0x08002c50        0x8 ..\obj\syscalls.o
                0x08002c50                abort
 .text.NVIC_Init
                0x08002c58       0xc4 ..\obj\misc.o
                0x08002c58                NVIC_Init
 .text._ZN5USART5setupEP13USART_TypeDefm
                0x08002d1c       0x44 ..\obj\USART.o
                0x08002d1c                USART::setup(USART_TypeDef*, unsigned long)
 .text._ZN5USART7ITsetupEt
                0x08002d60       0x40 ..\obj\USART.o
                0x08002d60                USART::ITsetup(unsigned short)
 .text._ZN5USART4sendEc
                0x08002da0       0x40 ..\obj\USART.o
                0x08002da0                USART::send(char)
 .text._ZN5USART4readEv
                0x08002de0       0xc4 ..\obj\USART.o
                0x08002de0                USART::read()
 .text._ZN5USART9availableEv
                0x08002ea4       0xa4 ..\obj\USART.o
                0x08002ea4                USART::available()
 .text._Z11USART2Setupm
                0x08002f48       0x50 ..\obj\USART.o
                0x08002f48                USART2Setup(unsigned long)
 .text._Z11USART1Setupm
                0x08002f98       0x50 ..\obj\USART.o
                0x08002f98                USART1Setup(unsigned long)
 .text._Z13USART2ITSetupt
                0x08002fe8       0x38 ..\obj\USART.o
                0x08002fe8                USART2ITSetup(unsigned short)
 .text._Z13USART1ITSetupt
                0x08003020       0x38 ..\obj\USART.o
                0x08003020                USART1ITSetup(unsigned short)
 .text.USART1_IRQHandler
                0x08003058       0x78 ..\obj\USART.o
                0x08003058                USART1_IRQHandler
 .text.USART2_IRQHandler
                0x080030d0       0x78 ..\obj\USART.o
                0x080030d0                USART2_IRQHandler
 .text._ZN3PWM5setupEP11TIM_TypeDefttt
                0x08003148      0x110 ..\obj\TIM.o
                0x08003148                PWM::setup(TIM_TypeDef*, unsigned short, unsigned short, unsigned short)
 .text._ZN3PWM4dutyEt
                0x08003258       0x9c ..\obj\TIM.o
                0x08003258                PWM::duty(unsigned short)
 .text._Z12TIM2PWMSetupt
                0x080032f4       0x3c ..\obj\TIM.o
                0x080032f4                TIM2PWMSetup(unsigned short)
 .text._Z12TIM3PWMSetupt
                0x08003330       0x40 ..\obj\TIM.o
                0x08003330                TIM3PWMSetup(unsigned short)
 .text._Z12TIM4PWMSetupt
                0x08003370       0x40 ..\obj\TIM.o
                0x08003370                TIM4PWMSetup(unsigned short)
 .text._Z11OC1PWMSetupP11TIM_TypeDeft
                0x080033b0       0x4c ..\obj\TIM.o
                0x080033b0                OC1PWMSetup(TIM_TypeDef*, unsigned short)
 .text._Z11OC2PWMSetupP11TIM_TypeDeft
                0x080033fc       0x4c ..\obj\TIM.o
                0x080033fc                OC2PWMSetup(TIM_TypeDef*, unsigned short)
 .text._Z11OC3PWMSetupP11TIM_TypeDeft
                0x08003448       0x4c ..\obj\TIM.o
                0x08003448                OC3PWMSetup(TIM_TypeDef*, unsigned short)
 .text._Z11OC4PWMSetupP11TIM_TypeDeft
                0x08003494       0x4c ..\obj\TIM.o
                0x08003494                OC4PWMSetup(TIM_TypeDef*, unsigned short)
 .text._Z10OC1DutySetP11TIM_TypeDeft
                0x080034e0       0x1c ..\obj\TIM.o
                0x080034e0                OC1DutySet(TIM_TypeDef*, unsigned short)
 .text._Z10OC2DutySetP11TIM_TypeDeft
                0x080034fc       0x1c ..\obj\TIM.o
                0x080034fc                OC2DutySet(TIM_TypeDef*, unsigned short)
 .text._Z10OC3DutySetP11TIM_TypeDeft
                0x08003518       0x1c ..\obj\TIM.o
                0x08003518                OC3DutySet(TIM_TypeDef*, unsigned short)
 .text._Z10OC4DutySetP11TIM_TypeDeft
                0x08003534       0x20 ..\obj\TIM.o
                0x08003534                OC4DutySet(TIM_TypeDef*, unsigned short)
 .text          0x08003554      0xa54 c:/program files (x86)/gnu tools arm embedded/4.9 2014q4/bin/../lib/gcc/arm-none-eabi/4.9.3/armv7-m\libgcc.a(unwind-arm.o)
                0x08003834                _Unwind_GetCFA
                0x08003838                __gnu_Unwind_RaiseException
                0x08003898                __gnu_Unwind_ForcedUnwind
                0x080038ac                __gnu_Unwind_Resume
                0x080038f0                __gnu_Unwind_Resume_or_Rethrow
                0x08003904                _Unwind_Complete
                0x08003908                _Unwind_DeleteException
                0x08003914                _Unwind_VRS_Get
                0x08003964                _Unwind_VRS_Set
                0x080039b4                __gnu_Unwind_Backtrace
                0x08003cf8                __aeabi_unwind_cpp_pr0
                0x08003cfc                __aeabi_unwind_cpp_pr1
                0x08003d00                __aeabi_unwind_cpp_pr2
                0x08003d04                _Unwind_VRS_Pop
 .text          0x08003fa8      0x1ac c:/program files (x86)/gnu tools arm embedded/4.9 2014q4/bin/../lib/gcc/arm-none-eabi/4.9.3/armv7-m\libgcc.a(libunwind.o)
                0x08003fa8                __restore_core_regs
                0x08003fa8                restore_core_regs
                0x08003fc0                __gnu_Unwind_Restore_VFP
                0x08003fc8                __gnu_Unwind_Save_VFP
                0x08003fd0                __gnu_Unwind_Restore_VFP_D
                0x08003fd8                __gnu_Unwind_Save_VFP_D
                0x08003fe0                __gnu_Unwind_Restore_VFP_D_16_to_31
                0x08003fe8                __gnu_Unwind_Save_VFP_D_16_to_31
                0x08003ff0                __gnu_Unwind_Restore_WMMXD
                0x08004034                __gnu_Unwind_Save_WMMXD
                0x08004078                __gnu_Unwind_Restore_WMMXC
                0x0800408c                __gnu_Unwind_Save_WMMXC
                0x080040a0                ___Unwind_RaiseException
                0x080040a0                _Unwind_RaiseException
                0x080040c4                _Unwind_Resume
                0x080040c4                ___Unwind_Resume
                0x080040e8                _Unwind_Resume_or_Rethrow
                0x080040e8                ___Unwind_Resume_or_Rethrow
                0x0800410c                _Unwind_ForcedUnwind
                0x0800410c                ___Unwind_ForcedUnwind
                0x08004130                ___Unwind_Backtrace
                0x08004130                _Unwind_Backtrace
 .text          0x08004154      0x37c c:/program files (x86)/gnu tools arm embedded/4.9 2014q4/bin/../lib/gcc/arm-none-eabi/4.9.3/armv7-m\libgcc.a(pr-support.o)
                0x080041ac                __gnu_unwind_execute
                0x08004478                __gnu_unwind_frame
                0x080044a0                _Unwind_GetRegionStart
                0x080044ac                _Unwind_GetLanguageSpecificData
                0x080044c0                _Unwind_GetDataRelBase
                0x080044c8                _Unwind_GetTextRelBase
 .text          0x080044d0       0xec c:/program files (x86)/gnu tools arm embedded/4.9 2014q4/bin/../lib/gcc/arm-none-eabi/4.9.3/../../../../arm-none-eabi/lib/armv7-m\libc.a(lib_a-memcpy.o)
                0x080044d0                memcpy
 *(.init)
 *(.fini)
 *crtbegin.o(.ctors)
 *crtbegin?.o(.ctors)
 *(EXCLUDE_FILE(*crtend.o *crtend?.o) .ctors)
 *(SORT(.ctors.*))
 *(.ctors)
 *crtbegin.o(.dtors)
 *crtbegin?.o(.dtors)
 *(EXCLUDE_FILE(*crtend.o *crtend?.o) .dtors)
 *(SORT(.dtors.*))
 *(.dtors)
 *(.rodata*)
 .rodata        0x080045bc       0x6c ..\obj\main.o
 .rodata        0x08004628       0x24 ..\obj\printf.o
 *(.eh_fram e*)

.glue_7         0x0800464c        0x0
 .glue_7        0x00000000        0x0 linker stubs

.glue_7t        0x0800464c        0x0
 .glue_7t       0x00000000        0x0 linker stubs

.vfp11_veneer   0x0800464c        0x0
 .vfp11_veneer  0x00000000        0x0 linker stubs

.v4_bx          0x0800464c        0x0
 .v4_bx         0x00000000        0x0 linker stubs

.iplt           0x0800464c        0x0
 .iplt          0x00000000        0x0 ..\obj\semihosting.o

.ARM.extab      0x0800464c      0x168
 *(.ARM.extab* .gnu.linkonce.armextab.*)
 .ARM.extab.text._Z9CAN1Setupv
                0x0800464c        0xc ..\obj\CAN.o
 .ARM.extab.text._Z8CAN1SendthPh
                0x08004658        0xc ..\obj\CAN.o
 .ARM.extab.text.main
                0x08004664        0xc ..\obj\main.o
 .ARM.extab.text._ZN4GPIO5setupEP12GPIO_TypeDeft16GPIOMode_TypeDef
                0x08004670        0xc ..\obj\GPIO.o
 .ARM.extab.text._ZN4GPIO5writeE9BitAction
                0x0800467c        0xc ..\obj\GPIO.o
 .ARM.extab.text._ZN3ADC5setupEP11ADC_TypeDefh
                0x08004688        0xc ..\obj\ADC.o
 .ARM.extab.text._ZN3ADC4readEv
                0x08004694        0xc ..\obj\ADC.o
 .ARM.extab.text._Z9ADC1Setuph
                0x080046a0        0xc ..\obj\ADC.o
 .ARM.extab.text._Z9ADC2Setuph
                0x080046ac        0xc ..\obj\ADC.o
 .ARM.extab.text._Z8ADC1Readh
                0x080046b8        0xc ..\obj\ADC.o
 .ARM.extab.text._Z8ADC2Readh
                0x080046c4        0xc ..\obj\ADC.o
 .ARM.extab.text._ZN5USART5setupEP13USART_TypeDefm
                0x080046d0        0xc ..\obj\USART.o
 .ARM.extab.text._ZN5USART7ITsetupEt
                0x080046dc        0xc ..\obj\USART.o
 .ARM.extab.text._ZN5USART4sendEc
                0x080046e8        0xc ..\obj\USART.o
 .ARM.extab.text._Z11USART2Setupm
                0x080046f4        0xc ..\obj\USART.o
 .ARM.extab.text._Z11USART1Setupm
                0x08004700        0xc ..\obj\USART.o
 .ARM.extab.text._Z13USART2ITSetupt
                0x0800470c        0xc ..\obj\USART.o
 .ARM.extab.text._Z13USART1ITSetupt
                0x08004718        0xc ..\obj\USART.o
 .ARM.extab.text.USART1_IRQHandler
                0x08004724        0xc ..\obj\USART.o
 .ARM.extab.text.USART2_IRQHandler
                0x08004730        0xc ..\obj\USART.o
 .ARM.extab.text._ZN3PWM5setupEP11TIM_TypeDefttt
                0x0800473c        0xc ..\obj\TIM.o
 .ARM.extab.text._Z12TIM2PWMSetupt
                0x08004748        0xc ..\obj\TIM.o
 .ARM.extab.text._Z12TIM3PWMSetupt
                0x08004754        0xc ..\obj\TIM.o
 .ARM.extab.text._Z12TIM4PWMSetupt
                0x08004760        0xc ..\obj\TIM.o
 .ARM.extab.text._Z11OC1PWMSetupP11TIM_TypeDeft
                0x0800476c        0xc ..\obj\TIM.o
 .ARM.extab.text._Z11OC2PWMSetupP11TIM_TypeDeft
                0x08004778        0xc ..\obj\TIM.o
 .ARM.extab.text._Z11OC3PWMSetupP11TIM_TypeDeft
                0x08004784        0xc ..\obj\TIM.o
 .ARM.extab.text._Z11OC4PWMSetupP11TIM_TypeDeft
                0x08004790        0xc ..\obj\TIM.o
 .ARM.extab     0x0800479c       0x18 c:/program files (x86)/gnu tools arm embedded/4.9 2014q4/bin/../lib/gcc/arm-none-eabi/4.9.3/armv7-m\libgcc.a(pr-support.o)
                0x080047b4                __exidx_start = .

.ARM.exidx      0x080047b4      0x1c8
 *(.ARM.exidx* .gnu.linkonce.armexidx.*)
 .ARM.exidx.text._Z9CAN1Setupv
                0x080047b4        0x8 ..\obj\CAN.o
 .ARM.exidx.text._Z8CAN1SendthPh
                0x080047bc        0x8 ..\obj\CAN.o
 .ARM.exidx.text.NVIC_SetPriority
                0x080047c4        0x8 ..\obj\SYSTEM.o
 .ARM.exidx.text.SysTick_Config
                0x080047cc        0x0 ..\obj\SYSTEM.o
                                  0x8 (size before relaxing)
 .ARM.exidx.text._Z5setupv
                0x080047cc        0x0 ..\obj\SYSTEM.o
                                  0x8 (size before relaxing)
 .ARM.exidx.text.SysTick_Handler
                0x080047cc        0x0 ..\obj\SYSTEM.o
                                  0x8 (size before relaxing)
 .ARM.exidx.text._Z5delaym
                0x080047cc        0x0 ..\obj\SYSTEM.o
                                  0x8 (size before relaxing)
 .ARM.exidx.text.main
                0x080047cc        0x8 ..\obj\main.o
 .ARM.exidx.text.USB_LP_CAN1_RX0_IRQHandler
                0x080047d4        0x8 ..\obj\main.o
 .ARM.exidx.text.CAN1_RX1_IRQHandler
                0x080047dc        0x0 ..\obj\main.o
                                  0x8 (size before relaxing)
 .ARM.exidx.text.EXTI0_IRQHandler
                0x080047dc        0x0 ..\obj\main.o
                                  0x8 (size before relaxing)
 .ARM.exidx.text._ZN4GPIO5setupEP12GPIO_TypeDeft16GPIOMode_TypeDef
                0x080047dc        0x8 ..\obj\GPIO.o
 .ARM.exidx.text._ZN4GPIO5writeE9BitAction
                0x080047e4        0x8 ..\obj\GPIO.o
 .ARM.exidx.text._Z9GPIOSetupv
                0x080047ec        0x8 ..\obj\GPIO.o
 .ARM.exidx.text._ZN3ADC5setupEP11ADC_TypeDefh
                0x080047f4        0x8 ..\obj\ADC.o
 .ARM.exidx.text._ZN3ADC4readEv
                0x080047fc        0x8 ..\obj\ADC.o
 .ARM.exidx.text._Z9ADC1Setuph
                0x08004804        0x8 ..\obj\ADC.o
 .ARM.exidx.text._Z9ADC2Setuph
                0x0800480c        0x8 ..\obj\ADC.o
 .ARM.exidx.text._Z8ADC1Readh
                0x08004814        0x8 ..\obj\ADC.o
 .ARM.exidx.text._Z8ADC2Readh
                0x0800481c       0x10 ..\obj\ADC.o
                                  0x8 (size before relaxing)
 .ARM.exidx.text._ZN5USART5setupEP13USART_TypeDefm
                0x0800482c        0x8 ..\obj\USART.o
 .ARM.exidx.text._ZN5USART7ITsetupEt
                0x08004834        0x8 ..\obj\USART.o
 .ARM.exidx.text._ZN5USART4sendEc
                0x0800483c        0x8 ..\obj\USART.o
 .ARM.exidx.text._ZN5USART4readEv
                0x08004844        0x8 ..\obj\USART.o
 .ARM.exidx.text._ZN5USART9availableEv
                0x0800484c        0x0 ..\obj\USART.o
                                  0x8 (size before relaxing)
 .ARM.exidx.text._Z11USART2Setupm
                0x0800484c        0x8 ..\obj\USART.o
 .ARM.exidx.text._Z11USART1Setupm
                0x08004854        0x8 ..\obj\USART.o
 .ARM.exidx.text._Z13USART2ITSetupt
                0x0800485c        0x8 ..\obj\USART.o
 .ARM.exidx.text._Z13USART1ITSetupt
                0x08004864        0x8 ..\obj\USART.o
 .ARM.exidx.text.USART1_IRQHandler
                0x0800486c        0x8 ..\obj\USART.o
 .ARM.exidx.text.USART2_IRQHandler
                0x08004874        0x8 ..\obj\USART.o
 .ARM.exidx.text._ZN3PWM5setupEP11TIM_TypeDefttt
                0x0800487c        0x8 ..\obj\TIM.o
 .ARM.exidx.text._ZN3PWM4dutyEt
                0x08004884        0x8 ..\obj\TIM.o
 .ARM.exidx.text._Z12TIM2PWMSetupt
                0x0800488c        0x8 ..\obj\TIM.o
 .ARM.exidx.text._Z12TIM3PWMSetupt
                0x08004894        0x8 ..\obj\TIM.o
 .ARM.exidx.text._Z12TIM4PWMSetupt
                0x0800489c        0x8 ..\obj\TIM.o
 .ARM.exidx.text._Z11OC1PWMSetupP11TIM_TypeDeft
                0x080048a4        0x8 ..\obj\TIM.o
 .ARM.exidx.text._Z11OC2PWMSetupP11TIM_TypeDeft
                0x080048ac        0x8 ..\obj\TIM.o
 .ARM.exidx.text._Z11OC3PWMSetupP11TIM_TypeDeft
                0x080048b4        0x8 ..\obj\TIM.o
 .ARM.exidx.text._Z11OC4PWMSetupP11TIM_TypeDeft
                0x080048bc        0x8 ..\obj\TIM.o
 .ARM.exidx.text._Z10OC1DutySetP11TIM_TypeDeft
                0x080048c4        0x8 ..\obj\TIM.o
 .ARM.exidx.text._Z10OC2DutySetP11TIM_TypeDeft
                0x080048cc        0x0 ..\obj\TIM.o
                                  0x8 (size before relaxing)
 .ARM.exidx.text._Z10OC3DutySetP11TIM_TypeDeft
                0x080048cc        0x0 ..\obj\TIM.o
                                  0x8 (size before relaxing)
 .ARM.exidx.text._Z10OC4DutySetP11TIM_TypeDeft
                0x080048cc        0x0 ..\obj\TIM.o
                                  0x8 (size before relaxing)
 .ARM.exidx     0x080048cc       0x78 c:/program files (x86)/gnu tools arm embedded/4.9 2014q4/bin/../lib/gcc/arm-none-eabi/4.9.3/armv7-m\libgcc.a(unwind-arm.o)
                                 0xd8 (size before relaxing)
 .ARM.exidx     0x08004944       0x38 c:/program files (x86)/gnu tools arm embedded/4.9 2014q4/bin/../lib/gcc/arm-none-eabi/4.9.3/armv7-m\libgcc.a(pr-support.o)
                                 0x48 (size before relaxing)
                0x0800497c                __exidx_end = .
                0x0800497c                __etext = .
                0x0800497c                _sidata = __etext

.rel.dyn        0x0800497c        0x0
 .rel.iplt      0x00000000        0x0 ..\obj\semihosting.o

.data           0x20000000      0x460 load address 0x0800497c
                0x20000000                __data_start__ = .
                0x20000000                _sdata = __data_start__
 *(vtable)
 *(.data*)
 .data          0x20000000       0x14 ..\obj\system_stm32f10x.o
                0x20000000                SystemCoreClock
                0x20000004                AHBPrescTable
 *fill*         0x20000014        0x4 
 .data          0x20000018      0x430 ..\obj\printf.o
                0x20000018                r
                0x20000440                _impure_ptr
 .data          0x20000448       0x14 ..\obj\stm32f10x_rcc.o
 .data          0x2000045c        0x4 ..\obj\USART.o
                0x2000045c                USART::usart1RxAddress
                0x2000045e                USART::usart2RxAddress
                0x20000460                . = ALIGN (0x4)
                0x20000460                PROVIDE (__preinit_array_start, .)
 *(.preinit_array)
                0x20000460                PROVIDE (__preinit_array_end, .)
                0x20000460                . = ALIGN (0x4)
                0x20000460                PROVIDE (__init_array_start, .)
 *(SORT(.init_array.*))
 *(.init_array)
                0x20000460                PROVIDE (__init_array_end, .)
                0x20000460                . = ALIGN (0x4)
                0x20000460                PROVIDE (__fini_array_start, .)
 *(SORT(.fini_array.*))
 *(.fini_array)
                0x20000460                PROVIDE (__fini_array_end, .)
 *(.jcr*)
                0x20000460                . = ALIGN (0x4)
                0x20000460                __data_end__ = .
                0x20000460                _edata = __data_end__

.igot.plt       0x20000460        0x0 load address 0x08004ddc
 .igot.plt      0x00000000        0x0 ..\obj\semihosting.o

.bss            0x20000460      0x11c load address 0x08004ddc
                0x20000460                . = ALIGN (0x4)
                0x20000460                __bss_start__ = .
                0x20000460                _sbss = __bss_start__
 *(.bss*)
 .bss           0x20000460       0x14 ..\obj\semihosting.o
 .bss           0x20000474        0x4 ..\obj\SYSTEM.o
 .bss           0x20000478       0xd4 ..\obj\main.o
                0x2000047c                a
                0x2000047e                rxFlag
                0x20000480                enc1
                0x20000484                canData
                0x2000048c                RxMessage
                0x200004a0                led
                0x200004ac                canRx
                0x200004b8                canTx
                0x200004c4                usart1Tx
                0x200004d0                usart1Rx
                0x200004dc                usart2Tx
                0x200004e8                usart2Rx
                0x200004f4                aIn
                0x20000500                encA
                0x2000050c                encB
                0x20000518                encZ
                0x20000524                pwmout
                0x20000530                pwm
                0x2000053c                pot
                0x20000544                serial
                0x20000548                serial2
 .bss           0x2000054c       0x30 ..\obj\USART.o
                0x2000054c                USART::usart1RxBuffer
                0x20000554                USART::usart1ReadAddress
                0x20000558                USART::usart2RxBuffer
                0x20000560                USART::usart2ReadAddress
                0x20000564                USART::usart1TxBuffer
                0x2000056c                USART::usart1TxAddress
                0x2000056e                USART::usart1TxWriteAddress
                0x20000570                USART::usart2TxBuffer
                0x20000578                USART::usart2TxAddress
                0x2000057a                USART::usart2TxWriteAddress
 *(COMMON)
                0x2000057c                . = ALIGN (0x4)
                0x2000057c                __bss_end__ = .
                0x2000057c                _ebss = __bss_end__

.heap           0x2000057c        0x0
                0x2000057c                __end__ = .
                0x2000057c                _end = __end__
                0x2000057c                end = __end__
 *(.heap*)
                0x2000057c                __HeapLimit = .

.co_stack       0x2000057c      0x404 load address 0x08004ef8
                0x20000580                . = ALIGN (0x8)
 *fill*         0x2000057c        0x4 
 *(.co_stack .co_stack.*)
 .co_stack      0x20000580      0x400 ..\obj\startup_stm32f10x_md.o
                0x20000580                pulStack
                0x20005000                __StackTop = (ORIGIN (ram) + 0x5000)
                0x20004bfc                __StackLimit = (__StackTop - SIZEOF (.co_stack))
                0x20005000                PROVIDE (__stack, __StackTop)
                0x00000001                ASSERT ((__StackLimit >= __HeapLimit), region ram  overflowed with stack)
LOAD ..\obj\semihosting.o
LOAD ..\obj\stm32f10x_tim.o
LOAD ..\obj\system_stm32f10x.o
LOAD ..\obj\CAN.o
LOAD ..\obj\SYSTEM.o
LOAD ..\obj\startup_stm32f10x_md.o
LOAD ..\obj\stm32f10x_can.o
LOAD ..\obj\stm32f10x_gpio.o
LOAD ..\obj\main.o
LOAD ..\obj\GPIO.o
LOAD ..\obj\ADC.o
LOAD ..\obj\printf.o
LOAD ..\obj\stm32f10x_rcc.o
LOAD ..\obj\stm32f10x_exti.o
LOAD ..\obj\stm32f10x_adc.o
LOAD ..\obj\stm32f10x_usart.o
LOAD ..\obj\sh_cmd.o
LOAD ..\obj\syscalls.o
LOAD ..\obj\REMAP.o
LOAD ..\obj\misc.o
LOAD ..\obj\USART.o
LOAD ..\obj\TIM.o
LOAD c:/program files (x86)/gnu tools arm embedded/4.9 2014q4/bin/../lib/gcc/arm-none-eabi/4.9.3/../../../../arm-none-eabi/lib/armv7-m\libm.a
LOAD c:/program files (x86)/gnu tools arm embedded/4.9 2014q4/bin/../lib/gcc/arm-none-eabi/4.9.3/armv7-m\libgcc.a
LOAD c:/program files (x86)/gnu tools arm embedded/4.9 2014q4/bin/../lib/gcc/arm-none-eabi/4.9.3/../../../../arm-none-eabi/lib/armv7-m\libc.a
LOAD c:/program files (x86)/gnu tools arm embedded/4.9 2014q4/bin/../lib/gcc/arm-none-eabi/4.9.3/../../../../arm-none-eabi/lib/armv7-m\libstdc++.a
START GROUP
LOAD c:/program files (x86)/gnu tools arm embedded/4.9 2014q4/bin/../lib/gcc/arm-none-eabi/4.9.3/armv7-m\libgcc.a
LOAD c:/program files (x86)/gnu tools arm embedded/4.9 2014q4/bin/../lib/gcc/arm-none-eabi/4.9.3/../../../../arm-none-eabi/lib/armv7-m\libg.a
LOAD c:/program files (x86)/gnu tools arm embedded/4.9 2014q4/bin/../lib/gcc/arm-none-eabi/4.9.3/../../../../arm-none-eabi/lib/armv7-m\libc.a
END GROUP
OUTPUT(F103_48.elf elf32-littlearm)

.debug_info     0x00000000     0xa136
 .debug_info    0x00000000      0x122 ..\obj\semihosting.o
 .debug_info    0x00000122     0x1c58 ..\obj\stm32f10x_tim.o
 .debug_info    0x00001d7a      0x479 ..\obj\system_stm32f10x.o
 .debug_info    0x000021f3      0x74a ..\obj\CAN.o
 .debug_info    0x0000293d      0x5d8 ..\obj\SYSTEM.o
 .debug_info    0x00002f15       0xfc ..\obj\startup_stm32f10x_md.o
 .debug_info    0x00003011      0xb9c ..\obj\stm32f10x_can.o
 .debug_info    0x00003bad      0x6e7 ..\obj\stm32f10x_gpio.o
 .debug_info    0x00004294      0xe46 ..\obj\main.o
 .debug_info    0x000050da      0x491 ..\obj\GPIO.o
 .debug_info    0x0000556b      0x47e ..\obj\ADC.o
 .debug_info    0x000059e9      0xf5a ..\obj\printf.o
 .debug_info    0x00006943      0x88d ..\obj\stm32f10x_rcc.o
 .debug_info    0x000071d0      0x341 ..\obj\stm32f10x_exti.o
 .debug_info    0x00007511      0xb74 ..\obj\stm32f10x_adc.o
 .debug_info    0x00008085      0x9e8 ..\obj\stm32f10x_usart.o
 .debug_info    0x00008a6d       0xb3 ..\obj\sh_cmd.o
 .debug_info    0x00008b20      0x53d ..\obj\misc.o
 .debug_info    0x0000905d      0x8cf ..\obj\USART.o
 .debug_info    0x0000992c      0x80a ..\obj\TIM.o

.debug_abbrev   0x00000000     0x1ecc
 .debug_abbrev  0x00000000       0x9e ..\obj\semihosting.o
 .debug_abbrev  0x0000009e      0x1b0 ..\obj\stm32f10x_tim.o
 .debug_abbrev  0x0000024e      0x14c ..\obj\system_stm32f10x.o
 .debug_abbrev  0x0000039a      0x175 ..\obj\CAN.o
 .debug_abbrev  0x0000050f      0x19d ..\obj\SYSTEM.o
 .debug_abbrev  0x000006ac       0xae ..\obj\startup_stm32f10x_md.o
 .debug_abbrev  0x0000075a      0x1f3 ..\obj\stm32f10x_can.o
 .debug_abbrev  0x0000094d      0x1c8 ..\obj\stm32f10x_gpio.o
 .debug_abbrev  0x00000b15      0x237 ..\obj\main.o
 .debug_abbrev  0x00000d4c      0x1d2 ..\obj\GPIO.o
 .debug_abbrev  0x00000f1e      0x1b8 ..\obj\ADC.o
 .debug_abbrev  0x000010d6      0x2a5 ..\obj\printf.o
 .debug_abbrev  0x0000137b      0x1ba ..\obj\stm32f10x_rcc.o
 .debug_abbrev  0x00001535      0x151 ..\obj\stm32f10x_exti.o
 .debug_abbrev  0x00001686      0x198 ..\obj\stm32f10x_adc.o
 .debug_abbrev  0x0000181e      0x162 ..\obj\stm32f10x_usart.o
 .debug_abbrev  0x00001980       0x14 ..\obj\sh_cmd.o
 .debug_abbrev  0x00001994      0x145 ..\obj\misc.o
 .debug_abbrev  0x00001ad9      0x235 ..\obj\USART.o
 .debug_abbrev  0x00001d0e      0x1be ..\obj\TIM.o

.debug_aranges  0x00000000      0xbd8
 .debug_aranges
                0x00000000       0x30 ..\obj\semihosting.o
 .debug_aranges
                0x00000030      0x2f0 ..\obj\stm32f10x_tim.o
 .debug_aranges
                0x00000320       0x38 ..\obj\system_stm32f10x.o
 .debug_aranges
                0x00000358       0x28 ..\obj\CAN.o
 .debug_aranges
                0x00000380       0x40 ..\obj\SYSTEM.o
 .debug_aranges
                0x000003c0       0x28 ..\obj\startup_stm32f10x_md.o
 .debug_aranges
                0x000003e8       0xe0 ..\obj\stm32f10x_can.o
 .debug_aranges
                0x000004c8       0xa8 ..\obj\stm32f10x_gpio.o
 .debug_aranges
                0x00000570       0x38 ..\obj\main.o
 .debug_aranges
                0x000005a8       0x48 ..\obj\GPIO.o
 .debug_aranges
                0x000005f0       0x48 ..\obj\ADC.o
 .debug_aranges
                0x00000638       0xa0 ..\obj\printf.o
 .debug_aranges
                0x000006d8      0x118 ..\obj\stm32f10x_rcc.o
 .debug_aranges
                0x000007f0       0x58 ..\obj\stm32f10x_exti.o
 .debug_aranges
                0x00000848      0x138 ..\obj\stm32f10x_adc.o
 .debug_aranges
                0x00000980      0x100 ..\obj\stm32f10x_usart.o
 .debug_aranges
                0x00000a80       0x20 ..\obj\sh_cmd.o
 .debug_aranges
                0x00000aa0       0x40 ..\obj\misc.o
 .debug_aranges
                0x00000ae0       0x78 ..\obj\USART.o
 .debug_aranges
                0x00000b58       0x80 ..\obj\TIM.o

.debug_ranges   0x00000000      0xa88
 .debug_ranges  0x00000000       0x20 ..\obj\semihosting.o
 .debug_ranges  0x00000020      0x2e0 ..\obj\stm32f10x_tim.o
 .debug_ranges  0x00000300       0x28 ..\obj\system_stm32f10x.o
 .debug_ranges  0x00000328       0x18 ..\obj\CAN.o
 .debug_ranges  0x00000340       0x30 ..\obj\SYSTEM.o
 .debug_ranges  0x00000370       0x18 ..\obj\startup_stm32f10x_md.o
 .debug_ranges  0x00000388       0xd0 ..\obj\stm32f10x_can.o
 .debug_ranges  0x00000458       0x98 ..\obj\stm32f10x_gpio.o
 .debug_ranges  0x000004f0       0x28 ..\obj\main.o
 .debug_ranges  0x00000518       0x38 ..\obj\GPIO.o
 .debug_ranges  0x00000550       0x38 ..\obj\ADC.o
 .debug_ranges  0x00000588       0x90 ..\obj\printf.o
 .debug_ranges  0x00000618      0x108 ..\obj\stm32f10x_rcc.o
 .debug_ranges  0x00000720       0x48 ..\obj\stm32f10x_exti.o
 .debug_ranges  0x00000768      0x128 ..\obj\stm32f10x_adc.o
 .debug_ranges  0x00000890       0xf0 ..\obj\stm32f10x_usart.o
 .debug_ranges  0x00000980       0x30 ..\obj\misc.o
 .debug_ranges  0x000009b0       0x68 ..\obj\USART.o
 .debug_ranges  0x00000a18       0x70 ..\obj\TIM.o

.debug_line     0x00000000     0x44ff
 .debug_line    0x00000000       0xba ..\obj\semihosting.o
 .debug_line    0x000000ba      0xb0b ..\obj\stm32f10x_tim.o
 .debug_line    0x00000bc5      0x231 ..\obj\system_stm32f10x.o
 .debug_line    0x00000df6      0x25b ..\obj\CAN.o
 .debug_line    0x00001051      0x24e ..\obj\SYSTEM.o
 .debug_line    0x0000129f       0xaf ..\obj\startup_stm32f10x_md.o
 .debug_line    0x0000134e      0x580 ..\obj\stm32f10x_can.o
 .debug_line    0x000018ce      0x3e3 ..\obj\stm32f10x_gpio.o
 .debug_line    0x00001cb1      0x306 ..\obj\main.o
 .debug_line    0x00001fb7      0x28d ..\obj\GPIO.o
 .debug_line    0x00002244      0x2c7 ..\obj\ADC.o
 .debug_line    0x0000250b      0x495 ..\obj\printf.o
 .debug_line    0x000029a0      0x4f0 ..\obj\stm32f10x_rcc.o
 .debug_line    0x00002e90      0x2d1 ..\obj\stm32f10x_exti.o
 .debug_line    0x00003161      0x54e ..\obj\stm32f10x_adc.o
 .debug_line    0x000036af      0x4c6 ..\obj\stm32f10x_usart.o
 .debug_line    0x00003b75       0x8c ..\obj\sh_cmd.o
 .debug_line    0x00003c01      0x271 ..\obj\misc.o
 .debug_line    0x00003e72      0x342 ..\obj\USART.o
 .debug_line    0x000041b4      0x34b ..\obj\TIM.o

.debug_str      0x00000000     0x3d07
 .debug_str     0x00000000      0x15b ..\obj\semihosting.o
                                0x194 (size before relaxing)
 .debug_str     0x0000015b      0xc0a ..\obj\stm32f10x_tim.o
                                0xdf2 (size before relaxing)
 .debug_str     0x00000d65      0x176 ..\obj\system_stm32f10x.o
                                0x304 (size before relaxing)
 .debug_str     0x00000edb      0x6d4 ..\obj\CAN.o
                                0x8c3 (size before relaxing)
 .debug_str     0x000015af      0x109 ..\obj\SYSTEM.o
                                0x616 (size before relaxing)
 .debug_str     0x000016b8       0xca ..\obj\startup_stm32f10x_md.o
                                0x161 (size before relaxing)
 .debug_str     0x00001782      0x321 ..\obj\stm32f10x_can.o
                                0x743 (size before relaxing)
 .debug_str     0x00001aa3      0x340 ..\obj\stm32f10x_gpio.o
                                0x52e (size before relaxing)
 .debug_str     0x00001de3      0x424 ..\obj\main.o
                                0x97c (size before relaxing)
 .debug_str     0x00002207       0xfd ..\obj\GPIO.o
                                0x4e7 (size before relaxing)
 .debug_str     0x00002304      0x13d ..\obj\ADC.o
                                0x40d (size before relaxing)
 .debug_str     0x00002441      0x4bf ..\obj\printf.o
                                0x715 (size before relaxing)
 .debug_str     0x00002900      0x3e9 ..\obj\stm32f10x_rcc.o
                                0x62f (size before relaxing)
 .debug_str     0x00002ce9      0x1df ..\obj\stm32f10x_exti.o
                                0x35e (size before relaxing)
 .debug_str     0x00002ec8      0x460 ..\obj\stm32f10x_adc.o
                                0x710 (size before relaxing)
 .debug_str     0x00003328      0x410 ..\obj\stm32f10x_usart.o
                                0x6a5 (size before relaxing)
 .debug_str     0x00003738      0x111 ..\obj\misc.o
                                0x3d3 (size before relaxing)
 .debug_str     0x00003849      0x27a ..\obj\USART.o
                                0xa5a (size before relaxing)
 .debug_str     0x00003ac3      0x244 ..\obj\TIM.o
                                0x6c1 (size before relaxing)

.comment        0x00000000       0x70
 .comment       0x00000000       0x70 ..\obj\semihosting.o
                                 0x71 (size before relaxing)
 .comment       0x00000000       0x71 ..\obj\stm32f10x_tim.o
 .comment       0x00000000       0x71 ..\obj\system_stm32f10x.o
 .comment       0x00000000       0x71 ..\obj\CAN.o
 .comment       0x00000000       0x71 ..\obj\SYSTEM.o
 .comment       0x00000000       0x71 ..\obj\startup_stm32f10x_md.o
 .comment       0x00000000       0x71 ..\obj\stm32f10x_can.o
 .comment       0x00000000       0x71 ..\obj\stm32f10x_gpio.o
 .comment       0x00000000       0x71 ..\obj\main.o
 .comment       0x00000000       0x71 ..\obj\GPIO.o
 .comment       0x00000000       0x71 ..\obj\ADC.o
 .comment       0x00000000       0x71 ..\obj\printf.o
 .comment       0x00000000       0x71 ..\obj\stm32f10x_rcc.o
 .comment       0x00000000       0x71 ..\obj\stm32f10x_exti.o
 .comment       0x00000000       0x71 ..\obj\stm32f10x_adc.o
 .comment       0x00000000       0x71 ..\obj\stm32f10x_usart.o
 .comment       0x00000000       0x71 ..\obj\misc.o
 .comment       0x00000000       0x71 ..\obj\USART.o
 .comment       0x00000000       0x71 ..\obj\TIM.o

.ARM.attributes
                0x00000000       0x31
 .ARM.attributes
                0x00000000       0x33 ..\obj\semihosting.o
 .ARM.attributes
                0x00000033       0x33 ..\obj\stm32f10x_tim.o
 .ARM.attributes
                0x00000066       0x33 ..\obj\system_stm32f10x.o
 .ARM.attributes
                0x00000099       0x33 ..\obj\CAN.o
 .ARM.attributes
                0x000000cc       0x33 ..\obj\SYSTEM.o
 .ARM.attributes
                0x000000ff       0x33 ..\obj\startup_stm32f10x_md.o
 .ARM.attributes
                0x00000132       0x33 ..\obj\stm32f10x_can.o
 .ARM.attributes
                0x00000165       0x33 ..\obj\stm32f10x_gpio.o
 .ARM.attributes
                0x00000198       0x33 ..\obj\main.o
 .ARM.attributes
                0x000001cb       0x33 ..\obj\GPIO.o
 .ARM.attributes
                0x000001fe       0x33 ..\obj\ADC.o
 .ARM.attributes
                0x00000231       0x33 ..\obj\printf.o
 .ARM.attributes
                0x00000264       0x33 ..\obj\stm32f10x_rcc.o
 .ARM.attributes
                0x00000297       0x33 ..\obj\stm32f10x_exti.o
 .ARM.attributes
                0x000002ca       0x33 ..\obj\stm32f10x_adc.o
 .ARM.attributes
                0x000002fd       0x33 ..\obj\stm32f10x_usart.o
 .ARM.attributes
                0x00000330       0x21 ..\obj\sh_cmd.o
 .ARM.attributes
                0x00000351       0x33 ..\obj\misc.o
 .ARM.attributes
                0x00000384       0x33 ..\obj\USART.o
 .ARM.attributes
                0x000003b7       0x33 ..\obj\TIM.o

.debug_frame    0x00000000     0x31a4
 .debug_frame   0x00000000       0x7c ..\obj\semihosting.o
 .debug_frame   0x0000007c      0xe2c ..\obj\stm32f10x_tim.o
 .debug_frame   0x00000ea8       0x98 ..\obj\system_stm32f10x.o
 .debug_frame   0x00000f40       0x58 ..\obj\CAN.o
 .debug_frame   0x00000f98       0xc0 ..\obj\SYSTEM.o
 .debug_frame   0x00001058       0x4c ..\obj\startup_stm32f10x_md.o
 .debug_frame   0x000010a4      0x3f0 ..\obj\stm32f10x_can.o
 .debug_frame   0x00001494      0x2d0 ..\obj\stm32f10x_gpio.o
 .debug_frame   0x00001764       0x88 ..\obj\main.o
 .debug_frame   0x000017ec       0xe4 ..\obj\GPIO.o
 .debug_frame   0x000018d0       0xe8 ..\obj\ADC.o
 .debug_frame   0x000019b8      0x2dc ..\obj\printf.o
 .debug_frame   0x00001c94      0x4f4 ..\obj\stm32f10x_rcc.o
 .debug_frame   0x00002188      0x148 ..\obj\stm32f10x_exti.o
 .debug_frame   0x000022d0      0x5a4 ..\obj\stm32f10x_adc.o
 .debug_frame   0x00002874      0x490 ..\obj\stm32f10x_usart.o
 .debug_frame   0x00002d04       0xd8 ..\obj\misc.o
 .debug_frame   0x00002ddc      0x1d4 ..\obj\USART.o
 .debug_frame   0x00002fb0      0x1f4 ..\obj\TIM.o
