Archive member included to satisfy reference by file (symbol)

c:/program files (x86)/gnu tools arm embedded/5.4 2016q3/bin/../lib/gcc/arm-none-eabi/5.4.1/armv7-m\libgcc.a(_aeabi_uldivmod.o)
                              ..\obj\system.o (__aeabi_uldivmod)
c:/program files (x86)/gnu tools arm embedded/5.4 2016q3/bin/../lib/gcc/arm-none-eabi/5.4.1/armv7-m\libgcc.a(_udivmoddi4.o)
                              c:/program files (x86)/gnu tools arm embedded/5.4 2016q3/bin/../lib/gcc/arm-none-eabi/5.4.1/armv7-m\libgcc.a(_aeabi_uldivmod.o) (__udivmoddi4)
c:/program files (x86)/gnu tools arm embedded/5.4 2016q3/bin/../lib/gcc/arm-none-eabi/5.4.1/armv7-m\libgcc.a(unwind-arm.o)
                              ..\obj\spi.o (__aeabi_unwind_cpp_pr0)
c:/program files (x86)/gnu tools arm embedded/5.4 2016q3/bin/../lib/gcc/arm-none-eabi/5.4.1/armv7-m\libgcc.a(libunwind.o)
                              c:/program files (x86)/gnu tools arm embedded/5.4 2016q3/bin/../lib/gcc/arm-none-eabi/5.4.1/armv7-m\libgcc.a(unwind-arm.o) (restore_core_regs)
c:/program files (x86)/gnu tools arm embedded/5.4 2016q3/bin/../lib/gcc/arm-none-eabi/5.4.1/armv7-m\libgcc.a(pr-support.o)
                              c:/program files (x86)/gnu tools arm embedded/5.4 2016q3/bin/../lib/gcc/arm-none-eabi/5.4.1/armv7-m\libgcc.a(unwind-arm.o) (__gnu_unwind_execute)
c:/program files (x86)/gnu tools arm embedded/5.4 2016q3/bin/../lib/gcc/arm-none-eabi/5.4.1/armv7-m\libgcc.a(_dvmd_tls.o)
                              c:/program files (x86)/gnu tools arm embedded/5.4 2016q3/bin/../lib/gcc/arm-none-eabi/5.4.1/armv7-m\libgcc.a(_aeabi_uldivmod.o) (__aeabi_ldiv0)
c:/program files (x86)/gnu tools arm embedded/5.4 2016q3/bin/../lib/gcc/arm-none-eabi/5.4.1/../../../../arm-none-eabi/lib/armv7-m\libc.a(lib_a-memcpy.o)
                              c:/program files (x86)/gnu tools arm embedded/5.4 2016q3/bin/../lib/gcc/arm-none-eabi/5.4.1/armv7-m\libgcc.a(unwind-arm.o) (memcpy)
c:/program files (x86)/gnu tools arm embedded/5.4 2016q3/bin/../lib/gcc/arm-none-eabi/5.4.1/../../../../arm-none-eabi/lib/armv7-m\libc.a(lib_a-vsprintf.o)
                              ..\obj\usart.o (vsprintf)
c:/program files (x86)/gnu tools arm embedded/5.4 2016q3/bin/../lib/gcc/arm-none-eabi/5.4.1/../../../../arm-none-eabi/lib/armv7-m\libc.a(lib_a-impure.o)
                              c:/program files (x86)/gnu tools arm embedded/5.4 2016q3/bin/../lib/gcc/arm-none-eabi/5.4.1/../../../../arm-none-eabi/lib/armv7-m\libc.a(lib_a-vsprintf.o) (_impure_ptr)
c:/program files (x86)/gnu tools arm embedded/5.4 2016q3/bin/../lib/gcc/arm-none-eabi/5.4.1/../../../../arm-none-eabi/lib/armv7-m\libc.a(lib_a-svfprintf.o)
                              c:/program files (x86)/gnu tools arm embedded/5.4 2016q3/bin/../lib/gcc/arm-none-eabi/5.4.1/../../../../arm-none-eabi/lib/armv7-m\libc.a(lib_a-vsprintf.o) (_svfprintf_r)
c:/program files (x86)/gnu tools arm embedded/5.4 2016q3/bin/../lib/gcc/arm-none-eabi/5.4.1/../../../../arm-none-eabi/lib/armv7-m\libc.a(lib_a-dtoa.o)
                              c:/program files (x86)/gnu tools arm embedded/5.4 2016q3/bin/../lib/gcc/arm-none-eabi/5.4.1/../../../../arm-none-eabi/lib/armv7-m\libc.a(lib_a-svfprintf.o) (_dtoa_r)
c:/program files (x86)/gnu tools arm embedded/5.4 2016q3/bin/../lib/gcc/arm-none-eabi/5.4.1/../../../../arm-none-eabi/lib/armv7-m\libc.a(lib_a-localeconv.o)
                              c:/program files (x86)/gnu tools arm embedded/5.4 2016q3/bin/../lib/gcc/arm-none-eabi/5.4.1/../../../../arm-none-eabi/lib/armv7-m\libc.a(lib_a-svfprintf.o) (_localeconv_r)
c:/program files (x86)/gnu tools arm embedded/5.4 2016q3/bin/../lib/gcc/arm-none-eabi/5.4.1/../../../../arm-none-eabi/lib/armv7-m\libc.a(lib_a-mallocr.o)
                              c:/program files (x86)/gnu tools arm embedded/5.4 2016q3/bin/../lib/gcc/arm-none-eabi/5.4.1/../../../../arm-none-eabi/lib/armv7-m\libc.a(lib_a-svfprintf.o) (_malloc_r)
c:/program files (x86)/gnu tools arm embedded/5.4 2016q3/bin/../lib/gcc/arm-none-eabi/5.4.1/../../../../arm-none-eabi/lib/armv7-m\libc.a(lib_a-memchr-stub.o)
                              c:/program files (x86)/gnu tools arm embedded/5.4 2016q3/bin/../lib/gcc/arm-none-eabi/5.4.1/../../../../arm-none-eabi/lib/armv7-m\libc.a(lib_a-svfprintf.o) (memchr)
c:/program files (x86)/gnu tools arm embedded/5.4 2016q3/bin/../lib/gcc/arm-none-eabi/5.4.1/../../../../arm-none-eabi/lib/armv7-m\libc.a(lib_a-mlock.o)
                              c:/program files (x86)/gnu tools arm embedded/5.4 2016q3/bin/../lib/gcc/arm-none-eabi/5.4.1/../../../../arm-none-eabi/lib/armv7-m\libc.a(lib_a-mallocr.o) (__malloc_lock)
c:/program files (x86)/gnu tools arm embedded/5.4 2016q3/bin/../lib/gcc/arm-none-eabi/5.4.1/../../../../arm-none-eabi/lib/armv7-m\libc.a(lib_a-mprec.o)
                              c:/program files (x86)/gnu tools arm embedded/5.4 2016q3/bin/../lib/gcc/arm-none-eabi/5.4.1/../../../../arm-none-eabi/lib/armv7-m\libc.a(lib_a-dtoa.o) (_Balloc)
[...]
Memory Configuration

Name             Origin             Length             Attributes
rom              0x08000000         0x00010000         xr
ram              0x20000000         0x00005000         xrw
*default*        0x00000000         0xffffffff

Linker script and memory map

                0x20005000                _eram = 0x20005000

.text           0x08000000     0x97b9
 *(.isr_vector)
 .isr_vector    0x08000000      0x10c ..\obj\startup_stm32f10x_md.o
                0x08000000                g_pfnVectors
 *(.text*)
 .text.SPI1_IRQHandler
                0x0800010c       0x50 ..\obj\spi.o
                0x0800010c                SPI1_IRQHandler
 .text.TIM_TimeBaseInit
                0x0800015c       0xf8 ..\obj\stm32f10x_tim.o
                0x0800015c                TIM_TimeBaseInit
 .text.TIM_OC1Init
                0x08000254      0x118 ..\obj\stm32f10x_tim.o
                0x08000254                TIM_OC1Init
 .text.TIM_OC2Init
                0x0800036c      0x110 ..\obj\stm32f10x_tim.o
                0x0800036c                TIM_OC2Init
 .text.TIM_OC3Init
                0x0800047c      0x10c ..\obj\stm32f10x_tim.o
                0x0800047c                TIM_OC3Init
 .text.TIM_OC4Init
                0x08000588       0xd0 ..\obj\stm32f10x_tim.o
                0x08000588                TIM_OC4Init
 .text.TIM_BDTRConfig
                0x08000658       0x50 ..\obj\stm32f10x_tim.o
                0x08000658                TIM_BDTRConfig
 .text.TIM_TimeBaseStructInit
                0x080006a8       0x34 ..\obj\stm32f10x_tim.o
                0x080006a8                TIM_TimeBaseStructInit
 .text.TIM_OCStructInit
                0x080006dc       0x44 ..\obj\stm32f10x_tim.o
                0x080006dc                TIM_OCStructInit
 .text.TIM_BDTRStructInit
                0x08000720       0x3c ..\obj\stm32f10x_tim.o
                0x08000720                TIM_BDTRStructInit
 .text.TIM_Cmd  0x0800075c       0x40 ..\obj\stm32f10x_tim.o
                0x0800075c                TIM_Cmd
 .text.TIM_ITConfig
                0x0800079c       0x48 ..\obj\stm32f10x_tim.o
                0x0800079c                TIM_ITConfig
 .text.TIM_EncoderInterfaceConfig
                0x080007e4       0x98 ..\obj\stm32f10x_tim.o
                0x080007e4                TIM_EncoderInterfaceConfig
 .text.TIM_ARRPreloadConfig
                0x0800087c       0x40 ..\obj\stm32f10x_tim.o
                0x0800087c                TIM_ARRPreloadConfig
 .text.TIM_ClearITPendingBit
                0x080008bc       0x20 ..\obj\stm32f10x_tim.o
                0x080008bc                TIM_ClearITPendingBit
 .text.SystemInit
                0x080008dc       0x68 ..\obj\system_stm32f10x.o
                0x080008dc                SystemInit
 .text.SetSysClock
                0x08000944        0xc ..\obj\system_stm32f10x.o
 .text.SetSysClockTo72
                0x08000950      0x100 ..\obj\system_stm32f10x.o
 .text._ZN3TIM8pwmSetupEP11TIM_TypeDefttt
                0x08000a50      0x138 ..\obj\tim.o
                0x08000a50                TIM::pwmSetup(TIM_TypeDef*, unsigned short, unsigned short, unsigned short)
 .text._ZN3TIM4dutyEt
                0x08000b88      0x110 ..\obj\tim.o
                0x08000b88                TIM::duty(unsigned short)
 .text._ZN3TIM12encoderSetupEP11TIM_TypeDef
                0x08000c98       0x90 ..\obj\tim.o
                0x08000c98                TIM::encoderSetup(TIM_TypeDef*)
 .text._ZN3TIM10timerSetupEP11TIM_TypeDef
                0x08000d28       0xb4 ..\obj\tim.o
                0x08000d28                TIM::timerSetup(TIM_TypeDef*)
 .text._Z9TIM1Setupt
                0x08000ddc       0x78 ..\obj\tim.o
                0x08000ddc                TIM1Setup(unsigned short)
 .text._Z9TIM2Setupt
                0x08000e54       0x40 ..\obj\tim.o
                0x08000e54                TIM2Setup(unsigned short)
 .text._Z9TIM3Setupt
                0x08000e94       0x40 ..\obj\tim.o
                0x08000e94                TIM3Setup(unsigned short)
 .text._Z9TIM4Setupt
                0x08000ed4       0x40 ..\obj\tim.o
                0x08000ed4                TIM4Setup(unsigned short)
 .text._Z11TIM1ITSetupt
                0x08000f14       0x3c ..\obj\tim.o
                0x08000f14                TIM1ITSetup(unsigned short)
 .text._Z11TIM2ITSetupt
                0x08000f50       0x3c ..\obj\tim.o
                0x08000f50                TIM2ITSetup(unsigned short)
 .text._Z11TIM3ITSetupt
                0x08000f8c       0x3c ..\obj\tim.o
                0x08000f8c                TIM3ITSetup(unsigned short)
 .text._Z11TIM4ITSetupt
                0x08000fc8       0x3c ..\obj\tim.o
                0x08000fc8                TIM4ITSetup(unsigned short)
 .text._Z11OC1PWMSetupP11TIM_TypeDeft
                0x08001004       0x4c ..\obj\tim.o
                0x08001004                OC1PWMSetup(TIM_TypeDef*, unsigned short)
 .text._Z11OC2PWMSetupP11TIM_TypeDeft
                0x08001050       0x4c ..\obj\tim.o
                0x08001050                OC2PWMSetup(TIM_TypeDef*, unsigned short)
 .text._Z11OC3PWMSetupP11TIM_TypeDeft
                0x0800109c       0x4c ..\obj\tim.o
                0x0800109c                OC3PWMSetup(TIM_TypeDef*, unsigned short)
 .text._Z11OC4PWMSetupP11TIM_TypeDeft
                0x080010e8       0x4c ..\obj\tim.o
                0x080010e8                OC4PWMSetup(TIM_TypeDef*, unsigned short)
 .text._Z10OC1DutySetP11TIM_TypeDeft
                0x08001134       0x1c ..\obj\tim.o
                0x08001134                OC1DutySet(TIM_TypeDef*, unsigned short)
 .text._Z10OC2DutySetP11TIM_TypeDeft
                0x08001150       0x1c ..\obj\tim.o
                0x08001150                OC2DutySet(TIM_TypeDef*, unsigned short)
 .text._Z10OC3DutySetP11TIM_TypeDeft
                0x0800116c       0x1c ..\obj\tim.o
                0x0800116c                OC3DutySet(TIM_TypeDef*, unsigned short)
 .text._Z10OC4DutySetP11TIM_TypeDeft
                0x08001188       0x20 ..\obj\tim.o
                0x08001188                OC4DutySet(TIM_TypeDef*, unsigned short)
 .text._Z16TIM1EncoderSetupv
                0x080011a8       0x54 ..\obj\tim.o
                0x080011a8                TIM1EncoderSetup()
 .text._Z16TIM2EncoderSetupv
                0x080011fc       0x54 ..\obj\tim.o
                0x080011fc                TIM2EncoderSetup()
 .text._Z16TIM3EncoderSetupv
                0x08001250       0x50 ..\obj\tim.o
                0x08001250                TIM3EncoderSetup()
 .text._Z16TIM4EncoderSetupv
                0x080012a0       0x50 ..\obj\tim.o
                0x080012a0                TIM4EncoderSetup()
 .text._Z16TIM1_ENCODER_IRQv
                0x080012f0       0x40 ..\obj\tim.o
                0x080012f0                TIM1_ENCODER_IRQ()
 .text._Z16TIM2_ENCODER_IRQv
                0x08001330       0x3c ..\obj\tim.o
                0x08001330                TIM2_ENCODER_IRQ()
 .text._Z16TIM3_ENCODER_IRQv
                0x0800136c       0x40 ..\obj\tim.o
                0x0800136c                TIM3_ENCODER_IRQ()
 .text._Z16TIM4_ENCODER_IRQv
                0x080013ac       0x40 ..\obj\tim.o
                0x080013ac                TIM4_ENCODER_IRQ()
 .text._Z19TIM1_PWM_Update_IRQv
                0x080013ec        0xc ..\obj\tim.o
                0x080013ec                TIM1_PWM_Update_IRQ()
 .text._Z19TIM2_PWM_Update_IRQv
                0x080013f8        0xc ..\obj\tim.o
                0x080013f8                TIM2_PWM_Update_IRQ()
 .text._Z19TIM3_PWM_Update_IRQv
                0x08001404        0xc ..\obj\tim.o
                0x08001404                TIM3_PWM_Update_IRQ()
 .text._Z19TIM4_PWM_Update_IRQv
                0x08001410        0xc ..\obj\tim.o
                0x08001410                TIM4_PWM_Update_IRQ()
 .text._Z19TIM1_TIM_Update_IRQv
                0x0800141c       0x1c ..\obj\tim.o
                0x0800141c                TIM1_TIM_Update_IRQ()
 .text._Z19TIM2_TIM_Update_IRQv
                0x08001438       0x1c ..\obj\tim.o
                0x08001438                TIM2_TIM_Update_IRQ()
 .text._Z19TIM3_TIM_Update_IRQv
                0x08001454       0x1c ..\obj\tim.o
                0x08001454                TIM3_TIM_Update_IRQ()
 .text._Z19TIM4_TIM_Update_IRQv
                0x08001470       0x1c ..\obj\tim.o
                0x08001470                TIM4_TIM_Update_IRQ()
 .text.TIM1_UP_IRQHandler
                0x0800148c       0x40 ..\obj\tim.o
                0x0800148c                TIM1_UP_IRQHandler
 .text.TIM2_IRQHandler
                0x080014cc       0x40 ..\obj\tim.o
                0x080014cc                TIM2_IRQHandler
 .text.TIM3_IRQHandler
                0x0800150c       0x40 ..\obj\tim.o
                0x0800150c                TIM3_IRQHandler
 .text.TIM4_IRQHandler
                0x0800154c       0x40 ..\obj\tim.o
                0x0800154c                TIM4_IRQHandler
 .text.Default_Reset_Handler
                0x0800158c       0x60 ..\obj\startup_stm32f10x_md.o
                0x0800158c                Default_Reset_Handler
                0x0800158c                Reset_Handler
 .text.Default_Handler
                0x080015ec        0x8 ..\obj\startup_stm32f10x_md.o
                0x080015ec                EXTI2_IRQHandler
                0x080015ec                DebugMon_Handler
                0x080015ec                TIM1_CC_IRQHandler
                0x080015ec                HardFault_Handler
                0x080015ec                PVD_IRQHandler
                0x080015ec                PendSV_Handler
                0x080015ec                NMI_Handler
                0x080015ec                EXTI3_IRQHandler
                0x080015ec                EXTI0_IRQHandler
                0x080015ec                I2C2_EV_IRQHandler
                0x080015ec                UsageFault_Handler
                0x080015ec                ADC1_2_IRQHandler
                0x080015ec                TAMPER_IRQHandler
                0x080015ec                DMA1_Channel4_IRQHandler
                0x080015ec                RTC_IRQHandler
                0x080015ec                DMA1_Channel7_IRQHandler
                0x080015ec                I2C1_EV_IRQHandler
                0x080015ec                DMA1_Channel6_IRQHandler
                0x080015ec                RCC_IRQHandler
                0x080015ec                TIM1_TRG_COM_IRQHandler
                0x080015ec                DMA1_Channel1_IRQHandler
                0x080015ec                EXTI15_10_IRQHandler
                0x080015ec                EXTI9_5_IRQHandler
                0x080015ec                SPI2_IRQHandler
                0x080015ec                MemManage_Handler
                0x080015ec                SVC_Handler
                0x080015ec                DMA1_Channel5_IRQHandler
                0x080015ec                EXTI4_IRQHandler
                0x080015ec                USB_HP_CAN1_TX_IRQHandler
                0x080015ec                DMA1_Channel3_IRQHandler
                0x080015ec                WWDG_IRQHandler
                0x080015ec                TIM1_BRK_IRQHandler
                0x080015ec                EXTI1_IRQHandler
                0x080015ec                RTCAlarm_IRQHandler
                0x080015ec                I2C2_ER_IRQHandler
                0x080015ec                DMA1_Channel2_IRQHandler
                0x080015ec                CAN1_SCE_IRQHandler
                0x080015ec                FLASH_IRQHandler
                0x080015ec                BusFault_Handler
                0x080015ec                I2C1_ER_IRQHandler
                0x080015ec                USBWakeUp_IRQHandler
 .text.CAN_DeInit
                0x080015f4       0x48 ..\obj\stm32f10x_can.o
                0x080015f4                CAN_DeInit
 .text.CAN_Init
                0x0800163c      0x1a0 ..\obj\stm32f10x_can.o
                0x0800163c                CAN_Init
 .text.CAN_StructInit
                0x080017dc       0x54 ..\obj\stm32f10x_can.o
                0x080017dc                CAN_StructInit
 .text.CAN_Receive
                0x08001830      0x174 ..\obj\stm32f10x_can.o
                0x08001830                CAN_Receive
 .text.CAN_ITConfig
                0x080019a4       0x3c ..\obj\stm32f10x_can.o
                0x080019a4                CAN_ITConfig
 .text.GPIO_Init
                0x080019e0      0x178 ..\obj\stm32f10x_gpio.o
                0x080019e0                GPIO_Init
 .text.GPIO_StructInit
                0x08001b58       0x28 ..\obj\stm32f10x_gpio.o
                0x08001b58                GPIO_StructInit
 .text.GPIO_ReadInputDataBit
                0x08001b80       0x34 ..\obj\stm32f10x_gpio.o
                0x08001b80                GPIO_ReadInputDataBit
 .text.GPIO_WriteBit
                0x08001bb4       0x30 ..\obj\stm32f10x_gpio.o
                0x08001bb4                GPIO_WriteBit
 .text.GPIO_PinRemapConfig
                0x08001be4       0xe0 ..\obj\stm32f10x_gpio.o
                0x08001be4                GPIO_PinRemapConfig
 .text._ZN3TIMC2Ev
                0x08001cc4       0x1c ..\obj\main.o
                0x08001cc4                TIM::TIM()
                0x08001cc4                TIM::TIM()
 .text.main     0x08001ce0      0x5b8 ..\obj\main.o
                0x08001ce0                main
 .text.USB_LP_CAN1_RX0_IRQHandler
                0x08002298       0x2c ..\obj\main.o
                0x08002298                USB_LP_CAN1_RX0_IRQHandler
 .text.CAN1_RX1_IRQHandler
                0x080022c4       0x2c ..\obj\main.o
                0x080022c4                CAN1_RX1_IRQHandler
 .text._Z41__static_initialization_and_destruction_0ii
                0x080022f0       0x68 ..\obj\main.o
 .text._GLOBAL__sub_I_rxFlag
                0x08002358       0x10 ..\obj\main.o
 .text.NVIC_SetPriority
                0x08002368       0x54 ..\obj\system.o
 .text.SysTick_Config
                0x080023bc       0x44 ..\obj\system.o
 .text._Z5setupv
                0x08002400       0x24 ..\obj\system.o
                0x08002400                setup()
 .text._Z5delaym
                0x08002424       0x58 ..\obj\system.o
                0x08002424                delay(unsigned long)
 .text._Z6microsv
                0x0800247c       0x2c ..\obj\system.o
                0x0800247c                micros()
 .text.SysTick_Handler
                0x080024a8       0x20 ..\obj\system.o
                0x080024a8                SysTick_Handler
 .text._Z9CAN1Setupv
                0x080024c8       0x80 ..\obj\can.o
                0x080024c8                CAN1Setup()
 .text.RCC_ADCCLKConfig
                0x08002548       0x38 ..\obj\stm32f10x_rcc.o
                0x08002548                RCC_ADCCLKConfig
 .text.RCC_GetClocksFreq
                0x08002580      0x160 ..\obj\stm32f10x_rcc.o
                0x08002580                RCC_GetClocksFreq
 .text.RCC_APB2PeriphClockCmd
                0x080026e0       0x3c ..\obj\stm32f10x_rcc.o
                0x080026e0                RCC_APB2PeriphClockCmd
 .text.RCC_APB1PeriphClockCmd
                0x0800271c       0x3c ..\obj\stm32f10x_rcc.o
                0x0800271c                RCC_APB1PeriphClockCmd
 .text.RCC_APB1PeriphResetCmd
                0x08002758       0x3c ..\obj\stm32f10x_rcc.o
                0x08002758                RCC_APB1PeriphResetCmd
 .text._ZN4GPIO5setupEP12GPIO_TypeDeft16GPIOMode_TypeDef
                0x08002794       0x7c ..\obj\gpio.o
                0x08002794                GPIO::setup(GPIO_TypeDef*, unsigned short, GPIOMode_TypeDef)
 .text._ZN4GPIO5writeE9BitAction
                0x08002810       0x28 ..\obj\gpio.o
                0x08002810                GPIO::write(BitAction)
 .text._ZN4GPIO4readEv
                0x08002838       0x24 ..\obj\gpio.o
                0x08002838                GPIO::read()
 .text._ZN5MOTOR5setupER3TIMS1_
                0x0800285c       0x24 ..\obj\motor.o
                0x0800285c                MOTOR::setup(TIM&, TIM&)
 .text._ZN5MOTOR4dutyEl
                0x08002880       0x74 ..\obj\motor.o
                0x08002880                MOTOR::duty(long)
 .text.ADC_Init
                0x080028f4       0xa4 ..\obj\stm32f10x_adc.o
                0x080028f4                ADC_Init
 .text.ADC_StructInit
                0x08002998       0x38 ..\obj\stm32f10x_adc.o
                0x08002998                ADC_StructInit
 .text.ADC_Cmd  0x080029d0       0x38 ..\obj\stm32f10x_adc.o
                0x080029d0                ADC_Cmd
 .text.ADC_ResetCalibration
                0x08002a08       0x20 ..\obj\stm32f10x_adc.o
                0x08002a08                ADC_ResetCalibration
 .text.ADC_GetResetCalibrationStatus
                0x08002a28       0x30 ..\obj\stm32f10x_adc.o
                0x08002a28                ADC_GetResetCalibrationStatus
 .text.ADC_StartCalibration
                0x08002a58       0x20 ..\obj\stm32f10x_adc.o
                0x08002a58                ADC_StartCalibration
 .text.ADC_GetCalibrationStatus
                0x08002a78       0x30 ..\obj\stm32f10x_adc.o
                0x08002a78                ADC_GetCalibrationStatus
 .text.ADC_SoftwareStartConvCmd
                0x08002aa8       0x38 ..\obj\stm32f10x_adc.o
                0x08002aa8                ADC_SoftwareStartConvCmd
 .text.ADC_RegularChannelConfig
                0x08002ae0      0x194 ..\obj\stm32f10x_adc.o
                0x08002ae0                ADC_RegularChannelConfig
 .text.ADC_GetConversionValue
                0x08002c74       0x18 ..\obj\stm32f10x_adc.o
                0x08002c74                ADC_GetConversionValue
 .text.ADC_GetFlagStatus
                0x08002c8c       0x34 ..\obj\stm32f10x_adc.o
                0x08002c8c                ADC_GetFlagStatus
 .text.USART_Init
                0x08002cc0      0x174 ..\obj\stm32f10x_usart.o
                0x08002cc0                USART_Init
 .text.USART_StructInit
                0x08002e34       0x38 ..\obj\stm32f10x_usart.o
                0x08002e34                USART_StructInit
 .text.USART_Cmd
                0x08002e6c       0x40 ..\obj\stm32f10x_usart.o
                0x08002e6c                USART_Cmd
 .text.USART_ITConfig
                0x08002eac       0x90 ..\obj\stm32f10x_usart.o
                0x08002eac                USART_ITConfig
 .text.USART_SendData
                0x08002f3c       0x24 ..\obj\stm32f10x_usart.o
                0x08002f3c                USART_SendData
 .text.USART_ReceiveData
                0x08002f60       0x20 ..\obj\stm32f10x_usart.o
                0x08002f60                USART_ReceiveData
 .text.USART_GetITStatus
                0x08002f80       0xb4 ..\obj\stm32f10x_usart.o
                0x08002f80                USART_GetITStatus
 .text._sbrk    0x08003034       0x3c ..\obj\syscalls.o
                0x08003034                _sbrk
 .text.abort    0x08003070        0x8 ..\obj\syscalls.o
                0x08003070                abort
 .text._ZN3ADC5setupEP11ADC_TypeDefh
                0x08003078       0x54 ..\obj\adc.o
                0x08003078                ADC::setup(ADC_TypeDef*, unsigned char)
 .text._ZN3ADC4readEv
                0x080030cc       0x50 ..\obj\adc.o
                0x080030cc                ADC::read()
 .text._Z9ADC1Setuph
                0x0800311c       0x94 ..\obj\adc.o
                0x0800311c                ADC1Setup(unsigned char)
 .text._Z9ADC2Setuph
                0x080031b0       0x94 ..\obj\adc.o
                0x080031b0                ADC2Setup(unsigned char)
 .text._Z8ADC1Readh
                0x08003244       0x4c ..\obj\adc.o
                0x08003244                ADC1Read(unsigned char)
 .text._Z8ADC2Readh
                0x08003290       0x4c ..\obj\adc.o
                0x08003290                ADC2Read(unsigned char)
 .text.NVIC_Init
                0x080032dc       0xc4 ..\obj\misc.o
                0x080032dc                NVIC_Init
 .text.SPI_I2S_GetITStatus
                0x080033a0       0x74 ..\obj\stm32f10x_spi.o
                0x080033a0                SPI_I2S_GetITStatus
 .text.SPI_I2S_ClearITPendingBit
                0x08003414       0x34 ..\obj\stm32f10x_spi.o
                0x08003414                SPI_I2S_ClearITPendingBit
 .text._ZN5USART4putsEPKc
                0x08003448       0x3c ..\obj\usart.o
                0x08003448                USART::puts(char const*)
 .text._ZN5USART6printfEPKcz
                0x08003484       0x40 ..\obj\usart.o
                0x08003484                USART::printf(char const*, ...)
 .text._ZN5USART5setupEP13USART_TypeDefm
                0x080034c4       0xb0 ..\obj\usart.o
                0x080034c4                USART::setup(USART_TypeDef*, unsigned long)
 .text._ZN5USART4sendEc
                0x08003574      0x17c ..\obj\usart.o
                0x08003574                USART::send(char)
 .text._Z11USART1Setupm
                0x080036f0       0x54 ..\obj\usart.o
                0x080036f0                USART1Setup(unsigned long)
 .text._Z11USART2Setupm
                0x08003744       0x54 ..\obj\usart.o
                0x08003744                USART2Setup(unsigned long)
 .text._Z11USART3Setupm
                0x08003798       0x54 ..\obj\usart.o
                0x08003798                USART3Setup(unsigned long)
 .text._Z13USART1ITSetupt
                0x080037ec       0x38 ..\obj\usart.o
                0x080037ec                USART1ITSetup(unsigned short)
 .text._Z13USART2ITSetupt
                0x08003824       0x38 ..\obj\usart.o
                0x08003824                USART2ITSetup(unsigned short)
 .text._Z13USART3ITSetupt
                0x0800385c       0x38 ..\obj\usart.o
                0x0800385c                USART3ITSetup(unsigned short)
 .text.USART1_IRQHandler
                0x08003894       0xe8 ..\obj\usart.o
                0x08003894                USART1_IRQHandler
 .text.USART2_IRQHandler
                0x0800397c       0xe8 ..\obj\usart.o
                0x0800397c                USART2_IRQHandler
 .text.USART3_IRQHandler
                0x08003a64       0xe8 ..\obj\usart.o
                0x08003a64                USART3_IRQHandler
 .text          0x08003b4c       0x30 c:/program files (x86)/gnu tools arm embedded/5.4 2016q3/bin/../lib/gcc/arm-none-eabi/5.4.1/armv7-m\libgcc.a(_aeabi_uldivmod.o)
                0x08003b4c                __aeabi_uldivmod
 .text          0x08003b7c      0x2ec c:/program files (x86)/gnu tools arm embedded/5.4 2016q3/bin/../lib/gcc/arm-none-eabi/5.4.1/armv7-m\libgcc.a(_udivmoddi4.o)
                0x08003b7c                __udivmoddi4
 .text          0x08003e68      0x9e4 c:/program files (x86)/gnu tools arm embedded/5.4 2016q3/bin/../lib/gcc/arm-none-eabi/5.4.1/armv7-m\libgcc.a(unwind-arm.o)
                0x08004128                _Unwind_GetCFA
                0x0800412c                __gnu_Unwind_RaiseException
                0x0800418c                __gnu_Unwind_ForcedUnwind
                0x080041a0                __gnu_Unwind_Resume
                0x080041e4                __gnu_Unwind_Resume_or_Rethrow
                0x080041f8                _Unwind_Complete
                0x080041fc                _Unwind_DeleteException
                0x08004208                _Unwind_VRS_Get
                0x08004254                _Unwind_VRS_Set
                0x080042a4                __gnu_Unwind_Backtrace
                0x080045f0                __aeabi_unwind_cpp_pr0
                0x080045f4                __aeabi_unwind_cpp_pr1
                0x080045f8                __aeabi_unwind_cpp_pr2
                0x080045fc                _Unwind_VRS_Pop
 .text          0x0800484c      0x1ac c:/program files (x86)/gnu tools arm embedded/5.4 2016q3/bin/../lib/gcc/arm-none-eabi/5.4.1/armv7-m\libgcc.a(libunwind.o)
                0x0800484c                __restore_core_regs
                0x0800484c                restore_core_regs
                0x08004864                __gnu_Unwind_Restore_VFP
                0x0800486c                __gnu_Unwind_Save_VFP
                0x08004874                __gnu_Unwind_Restore_VFP_D
                0x0800487c                __gnu_Unwind_Save_VFP_D
                0x08004884                __gnu_Unwind_Restore_VFP_D_16_to_31
                0x0800488c                __gnu_Unwind_Save_VFP_D_16_to_31
                0x08004894                __gnu_Unwind_Restore_WMMXD
                0x080048d8                __gnu_Unwind_Save_WMMXD
                0x0800491c                __gnu_Unwind_Restore_WMMXC
                0x08004930                __gnu_Unwind_Save_WMMXC
                0x08004944                ___Unwind_RaiseException
                0x08004944                _Unwind_RaiseException
                0x08004968                _Unwind_Resume
                0x08004968                ___Unwind_Resume
                0x0800498c                _Unwind_Resume_or_Rethrow
                0x0800498c                ___Unwind_Resume_or_Rethrow
                0x080049b0                _Unwind_ForcedUnwind
                0x080049b0                ___Unwind_ForcedUnwind
                0x080049d4                ___Unwind_Backtrace
                0x080049d4                _Unwind_Backtrace
 .text          0x080049f8      0x354 c:/program files (x86)/gnu tools arm embedded/5.4 2016q3/bin/../lib/gcc/arm-none-eabi/5.4.1/armv7-m\libgcc.a(pr-support.o)
                0x08004a50                __gnu_unwind_execute
                0x08004cf4                __gnu_unwind_frame
                0x08004d1c                _Unwind_GetRegionStart
                0x08004d28                _Unwind_GetLanguageSpecificData
                0x08004d3c                _Unwind_GetTextRelBase
                0x08004d44                _Unwind_GetDataRelBase
 .text          0x08004d4c        0x4 c:/program files (x86)/gnu tools arm embedded/5.4 2016q3/bin/../lib/gcc/arm-none-eabi/5.4.1/armv7-m\libgcc.a(_dvmd_tls.o)
                0x08004d4c                __aeabi_idiv0
                0x08004d4c                __aeabi_ldiv0
 .text          0x08004d50       0xec c:/program files (x86)/gnu tools arm embedded/5.4 2016q3/bin/../lib/gcc/arm-none-eabi/5.4.1/../../../../arm-none-eabi/lib/armv7-m\libc.a(lib_a-memcpy.o)
                0x08004d50                memcpy
 .text._vsprintf_r
                0x08004e3c       0x34 c:/program files (x86)/gnu tools arm embedded/5.4 2016q3/bin/../lib/gcc/arm-none-eabi/5.4.1/../../../../arm-none-eabi/lib/armv7-m\libc.a(lib_a-vsprintf.o)
                0x08004e3c                _vsprintf_r
 .text.vsprintf
                0x08004e70       0x18 c:/program files (x86)/gnu tools arm embedded/5.4 2016q3/bin/../lib/gcc/arm-none-eabi/5.4.1/../../../../arm-none-eabi/lib/armv7-m\libc.a(lib_a-vsprintf.o)
                0x08004e70                vsprintf
 .text._svfprintf_r
                0x08004e88     0x1760 c:/program files (x86)/gnu tools arm embedded/5.4 2016q3/bin/../lib/gcc/arm-none-eabi/5.4.1/../../../../arm-none-eabi/lib/armv7-m\libc.a(lib_a-svfprintf.o)
                0x08004e88                _svfprintf_r
 .text.quorem   0x080065e8      0x12c c:/program files (x86)/gnu tools arm embedded/5.4 2016q3/bin/../lib/gcc/arm-none-eabi/5.4.1/../../../../arm-none-eabi/lib/armv7-m\libc.a(lib_a-dtoa.o)
 *fill*         0x08006714        0x4 
 .text._dtoa_r  0x08006718      0xe4c c:/program files (x86)/gnu tools arm embedded/5.4 2016q3/bin/../lib/gcc/arm-none-eabi/5.4.1/../../../../arm-none-eabi/lib/armv7-m\libc.a(lib_a-dtoa.o)
                0x08006718                _dtoa_r
 .text._localeconv_r
                0x08007564       0x1c c:/program files (x86)/gnu tools arm embedded/5.4 2016q3/bin/../lib/gcc/arm-none-eabi/5.4.1/../../../../arm-none-eabi/lib/armv7-m\libc.a(lib_a-localeconv.o)
                0x08007564                _localeconv_r
 .text._malloc_r
                0x08007580      0x558 c:/program files (x86)/gnu tools arm embedded/5.4 2016q3/bin/../lib/gcc/arm-none-eabi/5.4.1/../../../../arm-none-eabi/lib/armv7-m\libc.a(lib_a-mallocr.o)
                0x08007580                _malloc_r
 .text.memchr   0x08007ad8       0x8c c:/program files (x86)/gnu tools arm embedded/5.4 2016q3/bin/../lib/gcc/arm-none-eabi/5.4.1/../../../../arm-none-eabi/lib/armv7-m\libc.a(lib_a-memchr-stub.o)
                0x08007ad8                memchr
 .text.__malloc_lock
                0x08007b64        0x4 c:/program files (x86)/gnu tools arm embedded/5.4 2016q3/bin/../lib/gcc/arm-none-eabi/5.4.1/../../../../arm-none-eabi/lib/armv7-m\libc.a(lib_a-mlock.o)
                0x08007b64                __malloc_lock
 .text.__malloc_unlock
                0x08007b68        0x4 c:/program files (x86)/gnu tools arm embedded/5.4 2016q3/bin/../lib/gcc/arm-none-eabi/5.4.1/../../../../arm-none-eabi/lib/armv7-m\libc.a(lib_a-mlock.o)
                0x08007b68                __malloc_unlock
 .text._Balloc  0x08007b6c       0x50 c:/program files (x86)/gnu tools arm embedded/5.4 2016q3/bin/../lib/gcc/arm-none-eabi/5.4.1/../../../../arm-none-eabi/lib/armv7-m\libc.a(lib_a-mprec.o)
                0x08007b6c                _Balloc
 .text._Bfree   0x08007bbc       0x14 c:/program files (x86)/gnu tools arm embedded/5.4 2016q3/bin/../lib/gcc/arm-none-eabi/5.4.1/../../../../arm-none-eabi/lib/armv7-m\libc.a(lib_a-mprec.o)
                0x08007bbc                _Bfree
 .text.__multadd
                0x08007bd0       0x80 c:/program files (x86)/gnu tools arm embedded/5.4 2016q3/bin/../lib/gcc/arm-none-eabi/5.4.1/../../../../arm-none-eabi/lib/armv7-m\libc.a(lib_a-mprec.o)
                0x08007bd0                __multadd
 .text.__hi0bits
                0x08007c50       0x40 c:/program files (x86)/gnu tools arm embedded/5.4 2016q3/bin/../lib/gcc/arm-none-eabi/5.4.1/../../../../arm-none-eabi/lib/armv7-m\libc.a(lib_a-mprec.o)
                0x08007c50                __hi0bits
 .text.__lo0bits
                0x08007c90       0x5c c:/program files (x86)/gnu tools arm embedded/5.4 2016q3/bin/../lib/gcc/arm-none-eabi/5.4.1/../../../../arm-none-eabi/lib/armv7-m\libc.a(lib_a-mprec.o)
                0x08007c90                __lo0bits
 .text.__i2b    0x08007cec       0x14 c:/program files (x86)/gnu tools arm embedded/5.4 2016q3/bin/../lib/gcc/arm-none-eabi/5.4.1/../../../../arm-none-eabi/lib/armv7-m\libc.a(lib_a-mprec.o)
                0x08007cec                __i2b
 .text.__multiply
                0x08007d00      0x13c c:/program files (x86)/gnu tools arm embedded/5.4 2016q3/bin/../lib/gcc/arm-none-eabi/5.4.1/../../../../arm-none-eabi/lib/armv7-m\libc.a(lib_a-mprec.o)
                0x08007d00                __multiply
 .text.__pow5mult
                0x08007e3c       0xa0 c:/program files (x86)/gnu tools arm embedded/5.4 2016q3/bin/../lib/gcc/arm-none-eabi/5.4.1/../../../../arm-none-eabi/lib/armv7-m\libc.a(lib_a-mprec.o)
                0x08007e3c                __pow5mult
 .text.__lshift
                0x08007edc       0xac c:/program files (x86)/gnu tools arm embedded/5.4 2016q3/bin/../lib/gcc/arm-none-eabi/5.4.1/../../../../arm-none-eabi/lib/armv7-m\libc.a(lib_a-mprec.o)
                0x08007edc                __lshift
 .text.__mcmp   0x08007f88       0x40 c:/program files (x86)/gnu tools arm embedded/5.4 2016q3/bin/../lib/gcc/arm-none-eabi/5.4.1/../../../../arm-none-eabi/lib/armv7-m\libc.a(lib_a-mprec.o)
                0x08007f88                __mcmp
 .text.__mdiff  0x08007fc8      0x128 c:/program files (x86)/gnu tools arm embedded/5.4 2016q3/bin/../lib/gcc/arm-none-eabi/5.4.1/../../../../arm-none-eabi/lib/armv7-m\libc.a(lib_a-mprec.o)
                0x08007fc8                __mdiff
 .text.__d2b    0x080080f0       0xa8 c:/program files (x86)/gnu tools arm embedded/5.4 2016q3/bin/../lib/gcc/arm-none-eabi/5.4.1/../../../../arm-none-eabi/lib/armv7-m\libc.a(lib_a-mprec.o)
                0x080080f0                __d2b
 .text._sbrk_r  0x08008198       0x24 c:/program files (x86)/gnu tools arm embedded/5.4 2016q3/bin/../lib/gcc/arm-none-eabi/5.4.1/../../../../arm-none-eabi/lib/armv7-m\libc.a(lib_a-sbrkr.o)
                0x08008198                _sbrk_r
 .text.strlen   0x080081bc       0x5c c:/program files (x86)/gnu tools arm embedded/5.4 2016q3/bin/../lib/gcc/arm-none-eabi/5.4.1/../../../../arm-none-eabi/lib/armv7-m\libc.a(lib_a-strlen-stub.o)
                0x080081bc                strlen
 .text.__ssprint_r
                0x08008218      0x100 c:/program files (x86)/gnu tools arm embedded/5.4 2016q3/bin/../lib/gcc/arm-none-eabi/5.4.1/../../../../arm-none-eabi/lib/armv7-m\libc.a(lib_a-svfiprintf.o)
                0x08008218                __ssprint_r
 .text._calloc_r
                0x08008318       0x60 c:/program files (x86)/gnu tools arm embedded/5.4 2016q3/bin/../lib/gcc/arm-none-eabi/5.4.1/../../../../arm-none-eabi/lib/armv7-m\libc.a(lib_a-callocr.o)
                0x08008318                _calloc_r
 .text._malloc_trim_r
                0x08008378       0x9c c:/program files (x86)/gnu tools arm embedded/5.4 2016q3/bin/../lib/gcc/arm-none-eabi/5.4.1/../../../../arm-none-eabi/lib/armv7-m\libc.a(lib_a-freer.o)
                0x08008378                _malloc_trim_r
 .text._free_r  0x08008414      0x1d0 c:/program files (x86)/gnu tools arm embedded/5.4 2016q3/bin/../lib/gcc/arm-none-eabi/5.4.1/../../../../arm-none-eabi/lib/armv7-m\libc.a(lib_a-freer.o)
                0x08008414                _free_r
 .text.__ascii_mbtowc
                0x080085e4       0x2c c:/program files (x86)/gnu tools arm embedded/5.4 2016q3/bin/../lib/gcc/arm-none-eabi/5.4.1/../../../../arm-none-eabi/lib/armv7-m\libc.a(lib_a-mbtowc_r.o)
                0x080085e4                __ascii_mbtowc
 .text.memmove  0x08008610       0xc8 c:/program files (x86)/gnu tools arm embedded/5.4 2016q3/bin/../lib/gcc/arm-none-eabi/5.4.1/../../../../arm-none-eabi/lib/armv7-m\libc.a(lib_a-memmove.o)
                0x08008610                memmove
 .text.memset   0x080086d8       0x9c c:/program files (x86)/gnu tools arm embedded/5.4 2016q3/bin/../lib/gcc/arm-none-eabi/5.4.1/../../../../arm-none-eabi/lib/armv7-m\libc.a(lib_a-memset.o)
                0x080086d8                memset
 .text._realloc_r
                0x08008774      0x3d4 c:/program files (x86)/gnu tools arm embedded/5.4 2016q3/bin/../lib/gcc/arm-none-eabi/5.4.1/../../../../arm-none-eabi/lib/armv7-m\libc.a(lib_a-reallocr.o)
                0x08008774                _realloc_r
 .text.__ascii_wctomb
                0x08008b48       0x1c c:/program files (x86)/gnu tools arm embedded/5.4 2016q3/bin/../lib/gcc/arm-none-eabi/5.4.1/../../../../arm-none-eabi/lib/armv7-m\libc.a(lib_a-wctomb_r.o)
                0x08008b48                __ascii_wctomb
 .text          0x08008b64      0x370 c:/program files (x86)/gnu tools arm embedded/5.4 2016q3/bin/../lib/gcc/arm-none-eabi/5.4.1/armv7-m\libgcc.a(_arm_addsubdf3.o)
                0x08008b64                __aeabi_drsub
                0x08008b6c                __aeabi_dsub
                0x08008b6c                __subdf3
                0x08008b70                __aeabi_dadd
                0x08008b70                __adddf3
                0x08008de8                __floatunsidf
                0x08008de8                __aeabi_ui2d
                0x08008e08                __floatsidf
                0x08008e08                __aeabi_i2d
                0x08008e2c                __aeabi_f2d
                0x08008e2c                __extendsfdf2
                0x08008e68                __floatundidf
                0x08008e68                __aeabi_ul2d
                0x08008e78                __floatdidf
                0x08008e78                __aeabi_l2d
 .text          0x08008ed4      0x424 c:/program files (x86)/gnu tools arm embedded/5.4 2016q3/bin/../lib/gcc/arm-none-eabi/5.4.1/armv7-m\libgcc.a(_arm_muldivdf3.o)
                0x08008ed4                __aeabi_dmul
                0x08008ed4                __muldf3
                0x08009128                __divdf3
                0x08009128                __aeabi_ddiv
 .text          0x080092f8      0x110 c:/program files (x86)/gnu tools arm embedded/5.4 2016q3/bin/../lib/gcc/arm-none-eabi/5.4.1/armv7-m\libgcc.a(_arm_cmpdf2.o)
                0x080092f8                __gtdf2
                0x080092f8                __gedf2
                0x08009300                __ltdf2
                0x08009300                __ledf2
                0x08009308                __nedf2
                0x08009308                __eqdf2
                0x08009308                __cmpdf2
                0x08009384                __aeabi_cdrcmple
                0x08009394                __aeabi_cdcmpeq
                0x08009394                __aeabi_cdcmple
                0x080093a4                __aeabi_dcmpeq
                0x080093b8                __aeabi_dcmplt
                0x080093cc                __aeabi_dcmple
                0x080093e0                __aeabi_dcmpge
                0x080093f4                __aeabi_dcmpgt
 .text          0x08009408       0x2c c:/program files (x86)/gnu tools arm embedded/5.4 2016q3/bin/../lib/gcc/arm-none-eabi/5.4.1/armv7-m\libgcc.a(_arm_unorddf2.o)
                0x08009408                __unorddf2
                0x08009408                __aeabi_dcmpun
 .text          0x08009434       0x50 c:/program files (x86)/gnu tools arm embedded/5.4 2016q3/bin/../lib/gcc/arm-none-eabi/5.4.1/armv7-m\libgcc.a(_arm_fixdfsi.o)
                0x08009434                __aeabi_d2iz
                0x08009434                __fixdfsi
 *(.init)
 *(.fini)
 *crtbegin.o(.ctors)
 *crtbegin?.o(.ctors)
 *(EXCLUDE_FILE(*crtend.o *crtend?.o) .ctors)
 *(SORT(.ctors.*))
 *(.ctors)
 *crtbegin.o(.dtors)
 *crtbegin?.o(.dtors)
 *(EXCLUDE_FILE(*crtend.o *crtend?.o) .dtors)
 *(SORT(.dtors.*))
 *(.dtors)
 *(.rodata*)
 .rodata        0x08009484       0xaa ..\obj\main.o
 *fill*         0x0800952e        0x2 
 .rodata.zeroes.7256
                0x08009530       0x10 c:/program files (x86)/gnu tools arm embedded/5.4 2016q3/bin/../lib/gcc/arm-none-eabi/5.4.1/../../../../arm-none-eabi/lib/armv7-m\libc.a(lib_a-svfprintf.o)
 .rodata.str1.4
                0x08009540       0x42 c:/program files (x86)/gnu tools arm embedded/5.4 2016q3/bin/../lib/gcc/arm-none-eabi/5.4.1/../../../../arm-none-eabi/lib/armv7-m\libc.a(lib_a-svfprintf.o)
 *fill*         0x08009582        0x2 
 .rodata.blanks.7255
                0x08009584       0x10 c:/program files (x86)/gnu tools arm embedded/5.4 2016q3/bin/../lib/gcc/arm-none-eabi/5.4.1/../../../../arm-none-eabi/lib/armv7-m\libc.a(lib_a-svfprintf.o)
 .rodata.str1.4
                0x08009594       0x10 c:/program files (x86)/gnu tools arm embedded/5.4 2016q3/bin/../lib/gcc/arm-none-eabi/5.4.1/../../../../arm-none-eabi/lib/armv7-m\libc.a(lib_a-dtoa.o)
                                 0x12 (size before relaxing)
 *fill*         0x080095a4        0x4 
 .rodata.__mprec_tens
                0x080095a8       0xc8 c:/program files (x86)/gnu tools arm embedded/5.4 2016q3/bin/../lib/gcc/arm-none-eabi/5.4.1/../../../../arm-none-eabi/lib/armv7-m\libc.a(lib_a-mprec.o)
                0x080095a8                __mprec_tens
 .rodata.p05.6085
                0x08009670        0xc c:/program files (x86)/gnu tools arm embedded/5.4 2016q3/bin/../lib/gcc/arm-none-eabi/5.4.1/../../../../arm-none-eabi/lib/armv7-m\libc.a(lib_a-mprec.o)
 *fill*         0x0800967c        0x4 
 .rodata.__mprec_bigtens
                0x08009680       0x28 c:/program files (x86)/gnu tools arm embedded/5.4 2016q3/bin/../lib/gcc/arm-none-eabi/5.4.1/../../../../arm-none-eabi/lib/armv7-m\libc.a(lib_a-mprec.o)
                0x08009680                __mprec_bigtens
 .rodata.str1.4
                0x080096a8       0x10 c:/program files (x86)/gnu tools arm embedded/5.4 2016q3/bin/../lib/gcc/arm-none-eabi/5.4.1/../../../../arm-none-eabi/lib/armv7-m\libc.a(lib_a-locale.o)
                                 0x12 (size before relaxing)
 .rodata._ctype_
                0x080096b8      0x101 c:/program files (x86)/gnu tools arm embedded/5.4 2016q3/bin/../lib/gcc/arm-none-eabi/5.4.1/../../../../arm-none-eabi/lib/armv7-m\libc.a(lib_a-ctype_.o)
                0x080096b8                _ctype_
 *(.eh_fram e*)

.glue_7         0x080097bc        0x0
 .glue_7        0x080097bc        0x0 linker stubs

.glue_7t        0x080097bc        0x0
 .glue_7t       0x080097bc        0x0 linker stubs

.vfp11_veneer   0x080097bc        0x0
 .vfp11_veneer  0x080097bc        0x0 linker stubs

.v4_bx          0x080097bc        0x0
 .v4_bx         0x080097bc        0x0 linker stubs

.iplt           0x080097bc        0x0
 .iplt          0x080097bc        0x0 ..\obj\spi.o

.ARM.extab      0x080097bc      0x228
 *(.ARM.extab* .gnu.linkonce.armextab.*)
 .ARM.extab.text._ZN3TIM8pwmSetupEP11TIM_TypeDefttt
                0x080097bc        0xc ..\obj\tim.o
 .ARM.extab.text._ZN3TIM12encoderSetupEP11TIM_TypeDef
                0x080097c8        0xc ..\obj\tim.o
 .ARM.extab.text._ZN3TIM10timerSetupEP11TIM_TypeDef
                0x080097d4        0xc ..\obj\tim.o
 .ARM.extab.text._Z9TIM1Setupt
                0x080097e0        0xc ..\obj\tim.o
 .ARM.extab.text._Z9TIM2Setupt
                0x080097ec        0xc ..\obj\tim.o
 .ARM.extab.text._Z9TIM3Setupt
                0x080097f8        0xc ..\obj\tim.o
 .ARM.extab.text._Z9TIM4Setupt
                0x08009804        0xc ..\obj\tim.o
 .ARM.extab.text._Z11TIM1ITSetupt
                0x08009810        0xc ..\obj\tim.o
 .ARM.extab.text._Z11TIM2ITSetupt
                0x0800981c        0xc ..\obj\tim.o
 .ARM.extab.text._Z11TIM3ITSetupt
                0x08009828        0xc ..\obj\tim.o
 .ARM.extab.text._Z11TIM4ITSetupt
                0x08009834        0xc ..\obj\tim.o
 .ARM.extab.text._Z11OC1PWMSetupP11TIM_TypeDeft
                0x08009840        0xc ..\obj\tim.o
 .ARM.extab.text._Z11OC2PWMSetupP11TIM_TypeDeft
                0x0800984c        0xc ..\obj\tim.o
 .ARM.extab.text._Z11OC3PWMSetupP11TIM_TypeDeft
                0x08009858        0xc ..\obj\tim.o
 .ARM.extab.text._Z11OC4PWMSetupP11TIM_TypeDeft
                0x08009864        0xc ..\obj\tim.o
 .ARM.extab.text._Z16TIM1EncoderSetupv
                0x08009870        0xc ..\obj\tim.o
 .ARM.extab.text._Z16TIM2EncoderSetupv
                0x0800987c        0xc ..\obj\tim.o
 .ARM.extab.text._Z16TIM3EncoderSetupv
                0x08009888        0xc ..\obj\tim.o
 .ARM.extab.text._Z16TIM4EncoderSetupv
                0x08009894        0xc ..\obj\tim.o
 .ARM.extab.text._ZN3TIMC2Ev
                0x080098a0        0x0 ..\obj\main.o
 .ARM.extab.text.main
                0x080098a0        0xc ..\obj\main.o
 .ARM.extab.text._Z9CAN1Setupv
                0x080098ac        0xc ..\obj\can.o
 .ARM.extab.text._ZN4GPIO5setupEP12GPIO_TypeDeft16GPIOMode_TypeDef
                0x080098b8        0xc ..\obj\gpio.o
 .ARM.extab.text._ZN4GPIO5writeE9BitAction
                0x080098c4        0xc ..\obj\gpio.o
 .ARM.extab.text._ZN4GPIO4readEv
                0x080098d0        0xc ..\obj\gpio.o
 .ARM.extab.text._ZN5MOTOR4dutyEl
                0x080098dc        0xc ..\obj\motor.o
 .ARM.extab.text._ZN3ADC5setupEP11ADC_TypeDefh
                0x080098e8        0xc ..\obj\adc.o
 .ARM.extab.text._ZN3ADC4readEv
                0x080098f4        0xc ..\obj\adc.o
 .ARM.extab.text._Z9ADC1Setuph
                0x08009900        0xc ..\obj\adc.o
 .ARM.extab.text._Z9ADC2Setuph
                0x0800990c        0xc ..\obj\adc.o
 .ARM.extab.text._Z8ADC1Readh
                0x08009918        0xc ..\obj\adc.o
 .ARM.extab.text._Z8ADC2Readh
                0x08009924        0xc ..\obj\adc.o
 .ARM.extab.text._ZN5USART4putsEPKc
                0x08009930        0xc ..\obj\usart.o
 .ARM.extab.text._ZN5USART6printfEPKcz
                0x0800993c        0xc ..\obj\usart.o
 .ARM.extab.text._ZN5USART5setupEP13USART_TypeDefm
                0x08009948        0xc ..\obj\usart.o
 .ARM.extab.text._ZN5USART4sendEc
                0x08009954        0xc ..\obj\usart.o
 .ARM.extab.text._Z11USART1Setupm
                0x08009960        0xc ..\obj\usart.o
 .ARM.extab.text._Z11USART2Setupm
                0x0800996c        0xc ..\obj\usart.o
 .ARM.extab.text._Z11USART3Setupm
                0x08009978        0xc ..\obj\usart.o
 .ARM.extab.text._Z13USART1ITSetupt
                0x08009984        0xc ..\obj\usart.o
 .ARM.extab.text._Z13USART2ITSetupt
                0x08009990        0xc ..\obj\usart.o
 .ARM.extab.text._Z13USART3ITSetupt
                0x0800999c        0xc ..\obj\usart.o
 .ARM.extab.text.USART1_IRQHandler
                0x080099a8        0xc ..\obj\usart.o
 .ARM.extab.text.USART2_IRQHandler
                0x080099b4        0xc ..\obj\usart.o
 .ARM.extab.text.USART3_IRQHandler
                0x080099c0        0xc ..\obj\usart.o
 .ARM.extab     0x080099cc       0x18 c:/program files (x86)/gnu tools arm embedded/5.4 2016q3/bin/../lib/gcc/arm-none-eabi/5.4.1/armv7-m\libgcc.a(pr-support.o)
                0x080099e4                __exidx_start = .

.ARM.exidx      0x080099e4      0x280
 *(.ARM.exidx* .gnu.linkonce.armexidx.*)
 .ARM.exidx.text.SPI1_IRQHandler
                0x080099e4       0x10 ..\obj\spi.o
                                  0x8 (size before relaxing)
 .ARM.exidx.text._ZN3TIM8pwmSetupEP11TIM_TypeDefttt
                0x080099f4        0x8 ..\obj\tim.o
 .ARM.exidx.text._ZN3TIM4dutyEt
                0x080099fc        0x8 ..\obj\tim.o
 .ARM.exidx.text._ZN3TIM12encoderSetupEP11TIM_TypeDef
                0x08009a04        0x8 ..\obj\tim.o
 .ARM.exidx.text._ZN3TIM10timerSetupEP11TIM_TypeDef
                0x08009a0c        0x8 ..\obj\tim.o
 .ARM.exidx.text._Z9TIM1Setupt
                0x08009a14        0x8 ..\obj\tim.o
 .ARM.exidx.text._Z9TIM2Setupt
                0x08009a1c        0x8 ..\obj\tim.o
 .ARM.exidx.text._Z9TIM3Setupt
                0x08009a24        0x8 ..\obj\tim.o
 .ARM.exidx.text._Z9TIM4Setupt
                0x08009a2c        0x8 ..\obj\tim.o
 .ARM.exidx.text._Z11TIM1ITSetupt
                0x08009a34        0x8 ..\obj\tim.o
 .ARM.exidx.text._Z11TIM2ITSetupt
                0x08009a3c        0x8 ..\obj\tim.o
 .ARM.exidx.text._Z11TIM3ITSetupt
                0x08009a44        0x8 ..\obj\tim.o
 .ARM.exidx.text._Z11TIM4ITSetupt
                0x08009a4c        0x8 ..\obj\tim.o
 .ARM.exidx.text._Z11OC1PWMSetupP11TIM_TypeDeft
                0x08009a54        0x8 ..\obj\tim.o
 .ARM.exidx.text._Z11OC2PWMSetupP11TIM_TypeDeft
                0x08009a5c        0x8 ..\obj\tim.o
 .ARM.exidx.text._Z11OC3PWMSetupP11TIM_TypeDeft
                0x08009a64        0x8 ..\obj\tim.o
 .ARM.exidx.text._Z11OC4PWMSetupP11TIM_TypeDeft
                0x08009a6c        0x8 ..\obj\tim.o
 .ARM.exidx.text._Z10OC1DutySetP11TIM_TypeDeft
                0x08009a74        0x8 ..\obj\tim.o
 .ARM.exidx.text._Z10OC2DutySetP11TIM_TypeDeft
                0x08009a7c        0x0 ..\obj\tim.o
                                  0x8 (size before relaxing)
 .ARM.exidx.text._Z10OC3DutySetP11TIM_TypeDeft
                0x08009a7c        0x0 ..\obj\tim.o
                                  0x8 (size before relaxing)
 .ARM.exidx.text._Z10OC4DutySetP11TIM_TypeDeft
                0x08009a7c        0x0 ..\obj\tim.o
                                  0x8 (size before relaxing)
 .ARM.exidx.text._Z16TIM1EncoderSetupv
                0x08009a7c        0x8 ..\obj\tim.o
 .ARM.exidx.text._Z16TIM2EncoderSetupv
                0x08009a84        0x8 ..\obj\tim.o
 .ARM.exidx.text._Z16TIM3EncoderSetupv
                0x08009a8c        0x8 ..\obj\tim.o
 .ARM.exidx.text._Z16TIM4EncoderSetupv
                0x08009a94        0x8 ..\obj\tim.o
 .ARM.exidx.text._Z16TIM1_ENCODER_IRQv
                0x08009a9c        0x8 ..\obj\tim.o
 .ARM.exidx.text._Z16TIM2_ENCODER_IRQv
                0x08009aa4        0x0 ..\obj\tim.o
                                  0x8 (size before relaxing)
 .ARM.exidx.text._Z16TIM3_ENCODER_IRQv
                0x08009aa4        0x0 ..\obj\tim.o
                                  0x8 (size before relaxing)
 .ARM.exidx.text._Z16TIM4_ENCODER_IRQv
                0x08009aa4        0x0 ..\obj\tim.o
                                  0x8 (size before relaxing)
 .ARM.exidx.text._Z19TIM1_PWM_Update_IRQv
                0x08009aa4        0x0 ..\obj\tim.o
                                  0x8 (size before relaxing)
 .ARM.exidx.text._Z19TIM2_PWM_Update_IRQv
                0x08009aa4        0x0 ..\obj\tim.o
                                  0x8 (size before relaxing)
 .ARM.exidx.text._Z19TIM3_PWM_Update_IRQv
                0x08009aa4        0x0 ..\obj\tim.o
                                  0x8 (size before relaxing)
 .ARM.exidx.text._Z19TIM4_PWM_Update_IRQv
                0x08009aa4        0x0 ..\obj\tim.o
                                  0x8 (size before relaxing)
 .ARM.exidx.text._Z19TIM1_TIM_Update_IRQv
                0x08009aa4        0x0 ..\obj\tim.o
                                  0x8 (size before relaxing)
 .ARM.exidx.text._Z19TIM2_TIM_Update_IRQv
                0x08009aa4        0x0 ..\obj\tim.o
                                  0x8 (size before relaxing)
 .ARM.exidx.text._Z19TIM3_TIM_Update_IRQv
                0x08009aa4        0x0 ..\obj\tim.o
                                  0x8 (size before relaxing)
 .ARM.exidx.text._Z19TIM4_TIM_Update_IRQv
                0x08009aa4        0x0 ..\obj\tim.o
                                  0x8 (size before relaxing)
 .ARM.exidx.text.TIM1_UP_IRQHandler
                0x08009aa4        0x8 ..\obj\tim.o
 .ARM.exidx.text.TIM2_IRQHandler
                0x08009aac        0x0 ..\obj\tim.o
                                  0x8 (size before relaxing)
 .ARM.exidx.text.TIM3_IRQHandler
                0x08009aac        0x0 ..\obj\tim.o
                                  0x8 (size before relaxing)
 .ARM.exidx.text.TIM4_IRQHandler
                0x08009aac        0x8 ..\obj\tim.o
 .ARM.exidx.text._ZN3TIMC2Ev
                0x08009ab4        0x0 ..\obj\main.o
                                  0x8 (size before relaxing)
 .ARM.exidx.text.main
                0x08009ab4        0x8 ..\obj\main.o
 .ARM.exidx.text.USB_LP_CAN1_RX0_IRQHandler
                0x08009abc        0x8 ..\obj\main.o
 .ARM.exidx.text.CAN1_RX1_IRQHandler
                0x08009ac4        0x0 ..\obj\main.o
                                  0x8 (size before relaxing)
 .ARM.exidx.text._Z41__static_initialization_and_destruction_0ii
                0x08009ac4        0x8 ..\obj\main.o
 .ARM.exidx.text._GLOBAL__sub_I_rxFlag
                0x08009acc        0x0 ..\obj\main.o
                                  0x8 (size before relaxing)
 .ARM.exidx.text.NVIC_SetPriority
                0x08009acc        0x0 ..\obj\system.o
                                  0x8 (size before relaxing)
 .ARM.exidx.text.SysTick_Config
                0x08009acc        0x0 ..\obj\system.o
                                  0x8 (size before relaxing)
 .ARM.exidx.text._Z5setupv
                0x08009acc        0x0 ..\obj\system.o
                                  0x8 (size before relaxing)
 .ARM.exidx.text._Z5delaym
                0x08009acc        0x0 ..\obj\system.o
                                  0x8 (size before relaxing)
 .ARM.exidx.text._Z6microsv
                0x08009acc        0x0 ..\obj\system.o
                                  0x8 (size before relaxing)
 .ARM.exidx.text.SysTick_Handler
                0x08009acc        0x0 ..\obj\system.o
                                  0x8 (size before relaxing)
 .ARM.exidx.text._Z9CAN1Setupv
                0x08009acc       0x10 ..\obj\can.o
                                  0x8 (size before relaxing)
 .ARM.exidx.text._ZN4GPIO5setupEP12GPIO_TypeDeft16GPIOMode_TypeDef
                0x08009adc        0x8 ..\obj\gpio.o
 .ARM.exidx.text._ZN4GPIO5writeE9BitAction
                0x08009ae4        0x8 ..\obj\gpio.o
 .ARM.exidx.text._ZN4GPIO4readEv
                0x08009aec        0x8 ..\obj\gpio.o
 .ARM.exidx.text._ZN5MOTOR5setupER3TIMS1_
                0x08009af4        0x8 ..\obj\motor.o
 .ARM.exidx.text._ZN5MOTOR4dutyEl
                0x08009afc       0x10 ..\obj\motor.o
                                  0x8 (size before relaxing)
 .ARM.exidx.text._ZN3ADC5setupEP11ADC_TypeDefh
                0x08009b0c        0x8 ..\obj\adc.o
 .ARM.exidx.text._ZN3ADC4readEv
                0x08009b14        0x8 ..\obj\adc.o
 .ARM.exidx.text._Z9ADC1Setuph
                0x08009b1c        0x8 ..\obj\adc.o
 .ARM.exidx.text._Z9ADC2Setuph
                0x08009b24        0x8 ..\obj\adc.o
 .ARM.exidx.text._Z8ADC1Readh
                0x08009b2c        0x8 ..\obj\adc.o
 .ARM.exidx.text._Z8ADC2Readh
                0x08009b34       0x10 ..\obj\adc.o
                                  0x8 (size before relaxing)
 .ARM.exidx.text._ZN5USART4putsEPKc
                0x08009b44        0x8 ..\obj\usart.o
 .ARM.exidx.text._ZN5USART6printfEPKcz
                0x08009b4c        0x8 ..\obj\usart.o
 .ARM.exidx.text._ZN5USART5setupEP13USART_TypeDefm
                0x08009b54        0x8 ..\obj\usart.o
 .ARM.exidx.text._ZN5USART4sendEc
                0x08009b5c        0x8 ..\obj\usart.o
 .ARM.exidx.text._Z11USART1Setupm
                0x08009b64        0x8 ..\obj\usart.o
 .ARM.exidx.text._Z11USART2Setupm
                0x08009b6c        0x8 ..\obj\usart.o
 .ARM.exidx.text._Z11USART3Setupm
                0x08009b74        0x8 ..\obj\usart.o
 .ARM.exidx.text._Z13USART1ITSetupt
                0x08009b7c        0x8 ..\obj\usart.o
 .ARM.exidx.text._Z13USART2ITSetupt
                0x08009b84        0x8 ..\obj\usart.o
 .ARM.exidx.text._Z13USART3ITSetupt
                0x08009b8c        0x8 ..\obj\usart.o
 .ARM.exidx.text.USART1_IRQHandler
                0x08009b94        0x8 ..\obj\usart.o
 .ARM.exidx.text.USART2_IRQHandler
                0x08009b9c        0x8 ..\obj\usart.o
 .ARM.exidx.text.USART3_IRQHandler
                0x08009ba4       0x10 ..\obj\usart.o
                                  0x8 (size before relaxing)
 .ARM.exidx     0x08009bb4        0x0 c:/program files (x86)/gnu tools arm embedded/5.4 2016q3/bin/../lib/gcc/arm-none-eabi/5.4.1/armv7-m\libgcc.a(_udivmoddi4.o)
                                  0x8 (size before relaxing)
 .ARM.exidx     0x08009bb4       0x78 c:/program files (x86)/gnu tools arm embedded/5.4 2016q3/bin/../lib/gcc/arm-none-eabi/5.4.1/armv7-m\libgcc.a(unwind-arm.o)
                                 0xd8 (size before relaxing)
 .ARM.exidx     0x08009c2c       0x38 c:/program files (x86)/gnu tools arm embedded/5.4 2016q3/bin/../lib/gcc/arm-none-eabi/5.4.1/armv7-m\libgcc.a(pr-support.o)
                                 0x48 (size before relaxing)
                0x08009c64                __exidx_end = .
                0x08009c64                __etext = .
                0x08009c64                _sidata = __etext

.rel.dyn        0x08009c64        0x0
 .rel.iplt      0x08009c64        0x0 ..\obj\spi.o

.data           0x20000000      0x9dc load address 0x08009c64
                0x20000000                __data_start__ = .
                0x20000000                _sdata = __data_start__
 *(vtable)
 *(.data*)
 .data          0x20000000       0x14 ..\obj\system_stm32f10x.o
                0x20000000                SystemCoreClock
                0x20000004                AHBPrescTable
 .data          0x20000014       0x14 ..\obj\stm32f10x_rcc.o
 .data          0x20000028        0x6 ..\obj\usart.o
                0x20000028                USART::usart1RxAddress
                0x2000002a                USART::usart2RxAddress
                0x2000002c                USART::usart3RxAddress
 *fill*         0x2000002e        0x2 
 .data.impure_data
                0x20000030      0x428 c:/program files (x86)/gnu tools arm embedded/5.4 2016q3/bin/../lib/gcc/arm-none-eabi/5.4.1/../../../../arm-none-eabi/lib/armv7-m\libc.a(lib_a-impure.o)
 .data._impure_ptr
                0x20000458        0x4 c:/program files (x86)/gnu tools arm embedded/5.4 2016q3/bin/../lib/gcc/arm-none-eabi/5.4.1/../../../../arm-none-eabi/lib/armv7-m\libc.a(lib_a-impure.o)
                0x20000458                _impure_ptr
 .data.__malloc_av_
                0x2000045c      0x408 c:/program files (x86)/gnu tools arm embedded/5.4 2016q3/bin/../lib/gcc/arm-none-eabi/5.4.1/../../../../arm-none-eabi/lib/armv7-m\libc.a(lib_a-mallocr.o)
                0x2000045c                __malloc_av_
 .data.__malloc_trim_threshold
                0x20000864        0x4 c:/program files (x86)/gnu tools arm embedded/5.4 2016q3/bin/../lib/gcc/arm-none-eabi/5.4.1/../../../../arm-none-eabi/lib/armv7-m\libc.a(lib_a-mallocr.o)
                0x20000864                __malloc_trim_threshold
 .data.__malloc_sbrk_base
                0x20000868        0x4 c:/program files (x86)/gnu tools arm embedded/5.4 2016q3/bin/../lib/gcc/arm-none-eabi/5.4.1/../../../../arm-none-eabi/lib/armv7-m\libc.a(lib_a-mallocr.o)
                0x20000868                __malloc_sbrk_base
 .data.__global_locale
                0x2000086c      0x16c c:/program files (x86)/gnu tools arm embedded/5.4 2016q3/bin/../lib/gcc/arm-none-eabi/5.4.1/../../../../arm-none-eabi/lib/armv7-m\libc.a(lib_a-locale.o)
                0x2000086c                __global_locale
                0x200009d8                . = ALIGN (0x4)
                [!provide]                PROVIDE (__preinit_array_start, .)
 *(.preinit_array)
                [!provide]                PROVIDE (__preinit_array_end, .)
                0x200009d8                . = ALIGN (0x4)
                [!provide]                PROVIDE (__init_array_start, .)
 *(SORT(.init_array.*))
 *(.init_array)
 .init_array    0x200009d8        0x4 ..\obj\main.o
                [!provide]                PROVIDE (__init_array_end, .)
                0x200009dc                . = ALIGN (0x4)
                [!provide]                PROVIDE (__fini_array_start, .)
 *(SORT(.fini_array.*))
 *(.fini_array)
                [!provide]                PROVIDE (__fini_array_end, .)
 *(.jcr*)
                0x200009dc                . = ALIGN (0x4)
                0x200009dc                __data_end__ = .
                0x200009dc                _edata = __data_end__

.igot.plt       0x200009dc        0x0 load address 0x0800a640
 .igot.plt      0x200009dc        0x0 ..\obj\spi.o

.bss            0x200009e0      0x464 load address 0x0800a648
                0x200009e0                . = ALIGN (0x4)
                0x200009e0                __bss_start__ = .
                0x200009e0                _sbss = __bss_start__
 *(.bss*)
 .bss           0x200009e0       0x20 ..\obj\tim.o
                0x200009e0                TIM::tim1_mode
                0x200009e4                TIM::tim2_mode
                0x200009e8                TIM::tim3_mode
                0x200009ec                TIM::tim4_mode
                0x200009f0                TIM::tim1Cnt
                0x200009f4                TIM::tim2Cnt
                0x200009f8                TIM::tim3Cnt
                0x200009fc                TIM::tim4Cnt
 .bss           0x20000a00      0x238 ..\obj\main.o
                0x20000a00                rxFlag
                0x20000a02                encOld
                0x20000a04                encPwm
                0x20000a08                canData
                0x20000a10                canAddress
                0x20000a18                cycleTime
                0x20000a20                timCnt
                0x20000a28                RxMessage
                0x20000a3c                encAa
                0x20000a48                encAb
                0x20000a54                encBa
                0x20000a60                encBb
                0x20000a6c                sw1
                0x20000a78                sw2
                0x20000a84                buzzer
                0x20000a90                ledA
                0x20000a9c                ledB
                0x20000aa8                sel1
                0x20000ab4                sel2
                0x20000ac0                sel4
                0x20000acc                sel8
                0x20000ad8                motorEN
                0x20000ae4                limitA1
                0x20000af0                limitA2
                0x20000afc                limitB1
                0x20000b08                limitB2
                0x20000b14                usartTX
                0x20000b20                usartRX
                0x20000b2c                canTX
                0x20000b38                canRX
                0x20000b44                io0
                0x20000b50                io1
                0x20000b5c                io2
                0x20000b68                io3
                0x20000b74                cs
                0x20000b84                pinPwmA
                0x20000b90                pinPwmAN
                0x20000b9c                pinPwmB
                0x20000ba8                pinPwmBN
                0x20000bb4                timer
                0x20000bc4                pwmA
                0x20000bd4                pwmAN
                0x20000be4                pwmB
                0x20000bf4                pwmBN
                0x20000c04                encA
                0x20000c14                encB
                0x20000c24                serial
                0x20000c28                motorA
                0x20000c30                motorB
 .bss           0x20000c38        0x8 ..\obj\system.o
 .bss           0x20000c40        0x4 ..\obj\syscalls.o
 .bss           0x20000c44      0x1c8 ..\obj\usart.o
                0x20000c44                USART::usart1RxBuffer
                0x20000c54                USART::usart1ReadAddress
                0x20000c58                USART::usart2RxBuffer
                0x20000c68                USART::usart2ReadAddress
                0x20000c6c                USART::usart3RxBuffer
                0x20000c7c                USART::usart3ReadAddress
                0x20000c80                USART::usart1TxBuffer
                0x20000d00                USART::usart1TxSendAddress
                0x20000d02                USART::usart1TxWriteAddress
                0x20000d04                USART::usart2TxBuffer
                0x20000d84                USART::usart2TxSendAddress
                0x20000d86                USART::usart2TxWriteAddress
                0x20000d88                USART::usart3TxBuffer
                0x20000e08                USART::usart3TxSendAddress
                0x20000e0a                USART::usart3TxWriteAddress
 .bss.__malloc_max_total_mem
                0x20000e0c        0x4 c:/program files (x86)/gnu tools arm embedded/5.4 2016q3/bin/../lib/gcc/arm-none-eabi/5.4.1/../../../../arm-none-eabi/lib/armv7-m\libc.a(lib_a-mallocr.o)
                0x20000e0c                __malloc_max_total_mem
 .bss.__malloc_max_sbrked_mem
                0x20000e10        0x4 c:/program files (x86)/gnu tools arm embedded/5.4 2016q3/bin/../lib/gcc/arm-none-eabi/5.4.1/../../../../arm-none-eabi/lib/armv7-m\libc.a(lib_a-mallocr.o)
                0x20000e10                __malloc_max_sbrked_mem
 .bss.__malloc_top_pad
                0x20000e14        0x4 c:/program files (x86)/gnu tools arm embedded/5.4 2016q3/bin/../lib/gcc/arm-none-eabi/5.4.1/../../../../arm-none-eabi/lib/armv7-m\libc.a(lib_a-mallocr.o)
                0x20000e14                __malloc_top_pad
 .bss.__malloc_current_mallinfo
                0x20000e18       0x28 c:/program files (x86)/gnu tools arm embedded/5.4 2016q3/bin/../lib/gcc/arm-none-eabi/5.4.1/../../../../arm-none-eabi/lib/armv7-m\libc.a(lib_a-mallocr.o)
                0x20000e18                __malloc_current_mallinfo
 *(COMMON)
 COMMON         0x20000e40        0x4 c:/program files (x86)/gnu tools arm embedded/5.4 2016q3/bin/../lib/gcc/arm-none-eabi/5.4.1/../../../../arm-none-eabi/lib/armv7-m\libc.a(lib_a-reent.o)
                0x20000e40                errno
                0x20000e44                . = ALIGN (0x4)
                0x20000e44                __bss_end__ = .
                0x20000e44                _ebss = __bss_end__

.heap           0x20000e44        0x0
                0x20000e44                __end__ = .
                0x20000e44                _end = __end__
                0x20000e44                end = __end__
 *(.heap*)
                0x20000e44                __HeapLimit = .

.co_stack       0x20000e44      0x404 load address 0x0800aaac
                0x20000e48                . = ALIGN (0x8)
 *fill*         0x20000e44        0x4 
 *(.co_stack .co_stack.*)
 .co_stack      0x20000e48      0x400 ..\obj\startup_stm32f10x_md.o
                0x20000e48                pulStack
                0x20005000                __StackTop = (ORIGIN (ram) + LENGTH (ram))
                0x20004bfc                __StackLimit = (__StackTop - SIZEOF (.co_stack))
                [!provide]                PROVIDE (__stack, __StackTop)
                0x00000001                ASSERT ((__StackLimit >= __HeapLimit), region ram  overflowed with stack)
LOAD ..\obj\spi.o
LOAD ..\obj\stm32f10x_tim.o
LOAD ..\obj\iwdg.o
LOAD ..\obj\system_stm32f10x.o
LOAD ..\obj\tim.o
LOAD ..\obj\canEncoder.o
LOAD ..\obj\startup_stm32f10x_md.o
LOAD ..\obj\stm32f10x_can.o
LOAD ..\obj\stm32f10x_gpio.o
LOAD ..\obj\canValve.o
LOAD ..\obj\main.o
LOAD ..\obj\system.o
LOAD ..\obj\can.o
LOAD ..\obj\stm32f10x_rcc.o
LOAD ..\obj\gpio.o
LOAD ..\obj\motor.o
LOAD ..\obj\stm32f10x_exti.o
LOAD ..\obj\stm32f10x_adc.o
LOAD ..\obj\remap.o
LOAD ..\obj\stm32f10x_usart.o
LOAD ..\obj\syscalls.o
LOAD ..\obj\adc.o
LOAD ..\obj\app.o
LOAD ..\obj\misc.o
LOAD ..\obj\stm32f10x_spi.o
LOAD ..\obj\usart.o
LOAD ..\obj\stm32f10x_iwdg.o
LOAD c:/program files (x86)/gnu tools arm embedded/5.4 2016q3/bin/../lib/gcc/arm-none-eabi/5.4.1/../../../../arm-none-eabi/lib/armv7-m\libm.a
LOAD c:/program files (x86)/gnu tools arm embedded/5.4 2016q3/bin/../lib/gcc/arm-none-eabi/5.4.1/armv7-m\libgcc.a
LOAD c:/program files (x86)/gnu tools arm embedded/5.4 2016q3/bin/../lib/gcc/arm-none-eabi/5.4.1/../../../../arm-none-eabi/lib/armv7-m\libc.a
LOAD c:/program files (x86)/gnu tools arm embedded/5.4 2016q3/bin/../lib/gcc/arm-none-eabi/5.4.1/../../../../arm-none-eabi/lib/armv7-m\libstdc++.a
START GROUP
LOAD c:/program files (x86)/gnu tools arm embedded/5.4 2016q3/bin/../lib/gcc/arm-none-eabi/5.4.1/armv7-m\libgcc.a
LOAD c:/program files (x86)/gnu tools arm embedded/5.4 2016q3/bin/../lib/gcc/arm-none-eabi/5.4.1/../../../../arm-none-eabi/lib/armv7-m\libg.a
LOAD c:/program files (x86)/gnu tools arm embedded/5.4 2016q3/bin/../lib/gcc/arm-none-eabi/5.4.1/../../../../arm-none-eabi/lib/armv7-m\libc.a
END GROUP
OUTPUT(F103_48.elf elf32-littlearm)

.debug_info     0x00000000     0xbb0c
 .debug_info    0x00000000      0x494 ..\obj\spi.o
 .debug_info    0x00000494     0x1c60 ..\obj\stm32f10x_tim.o
 .debug_info    0x000020f4      0x49c ..\obj\system_stm32f10x.o
 .debug_info    0x00002590     0x10c8 ..\obj\tim.o
 .debug_info    0x00003658      0x101 ..\obj\startup_stm32f10x_md.o
 .debug_info    0x00003759      0xba4 ..\obj\stm32f10x_can.o
 .debug_info    0x000042fd      0x6f6 ..\obj\stm32f10x_gpio.o
 .debug_info    0x000049f3     0x144c ..\obj\main.o
 .debug_info    0x00005e3f      0x693 ..\obj\system.o
 .debug_info    0x000064d2      0x9e4 ..\obj\can.o
 .debug_info    0x00006eb6      0x8a3 ..\obj\stm32f10x_rcc.o
 .debug_info    0x00007759      0x4d0 ..\obj\gpio.o
 .debug_info    0x00007c29      0x635 ..\obj\motor.o
 .debug_info    0x0000825e      0xb7c ..\obj\stm32f10x_adc.o
 .debug_info    0x00008dda      0x9f0 ..\obj\stm32f10x_usart.o
 .debug_info    0x000097ca      0x458 ..\obj\syscalls.o
 .debug_info    0x00009c22      0x5cd ..\obj\adc.o
 .debug_info    0x0000a1ef      0x556 ..\obj\misc.o
 .debug_info    0x0000a745      0x8fb ..\obj\stm32f10x_spi.o
 .debug_info    0x0000b040      0xacc ..\obj\usart.o

.debug_abbrev   0x00000000     0x22b7
 .debug_abbrev  0x00000000      0x129 ..\obj\spi.o
 .debug_abbrev  0x00000129      0x1b2 ..\obj\stm32f10x_tim.o
 .debug_abbrev  0x000002db      0x14e ..\obj\system_stm32f10x.o
 .debug_abbrev  0x00000429      0x2ba ..\obj\tim.o
 .debug_abbrev  0x000006e3       0xae ..\obj\startup_stm32f10x_md.o
 .debug_abbrev  0x00000791      0x1f5 ..\obj\stm32f10x_can.o
 .debug_abbrev  0x00000986      0x1cc ..\obj\stm32f10x_gpio.o
 .debug_abbrev  0x00000b52      0x2f5 ..\obj\main.o
 .debug_abbrev  0x00000e47      0x1dc ..\obj\system.o
 .debug_abbrev  0x00001023      0x201 ..\obj\can.o
 .debug_abbrev  0x00001224      0x1bc ..\obj\stm32f10x_rcc.o
 .debug_abbrev  0x000013e0      0x1ca ..\obj\gpio.o
 .debug_abbrev  0x000015aa      0x1ba ..\obj\motor.o
 .debug_abbrev  0x00001764      0x19a ..\obj\stm32f10x_adc.o
 .debug_abbrev  0x000018fe      0x164 ..\obj\stm32f10x_usart.o
 .debug_abbrev  0x00001a62       0xe5 ..\obj\syscalls.o
 .debug_abbrev  0x00001b47      0x1fa ..\obj\adc.o
 .debug_abbrev  0x00001d41      0x147 ..\obj\misc.o
 .debug_abbrev  0x00001e88      0x180 ..\obj\stm32f10x_spi.o
 .debug_abbrev  0x00002008      0x2af ..\obj\usart.o

.debug_aranges  0x00000000      0xde8
 .debug_aranges
                0x00000000       0x28 ..\obj\spi.o
 .debug_aranges
                0x00000028      0x2f0 ..\obj\stm32f10x_tim.o
 .debug_aranges
                0x00000318       0x38 ..\obj\system_stm32f10x.o
 .debug_aranges
                0x00000350      0x198 ..\obj\tim.o
 .debug_aranges
                0x000004e8       0x28 ..\obj\startup_stm32f10x_md.o
 .debug_aranges
                0x00000510       0xe0 ..\obj\stm32f10x_can.o
 .debug_aranges
                0x000005f0       0xa8 ..\obj\stm32f10x_gpio.o
 .debug_aranges
                0x00000698       0x48 ..\obj\main.o
 .debug_aranges
                0x000006e0       0x58 ..\obj\system.o
 .debug_aranges
                0x00000738       0x50 ..\obj\can.o
 .debug_aranges
                0x00000788      0x118 ..\obj\stm32f10x_rcc.o
 .debug_aranges
                0x000008a0       0x58 ..\obj\gpio.o
 .debug_aranges
                0x000008f8       0x28 ..\obj\motor.o
 .debug_aranges
                0x00000920      0x138 ..\obj\stm32f10x_adc.o
 .debug_aranges
                0x00000a58      0x100 ..\obj\stm32f10x_usart.o
 .debug_aranges
                0x00000b58       0x60 ..\obj\syscalls.o
 .debug_aranges
                0x00000bb8       0x88 ..\obj\adc.o
 .debug_aranges
                0x00000c40       0x40 ..\obj\misc.o
 .debug_aranges
                0x00000c80       0xd0 ..\obj\stm32f10x_spi.o
 .debug_aranges
                0x00000d50       0x98 ..\obj\usart.o

.debug_ranges   0x00000000      0xca8
 .debug_ranges  0x00000000       0x18 ..\obj\spi.o
 .debug_ranges  0x00000018      0x2e0 ..\obj\stm32f10x_tim.o
 .debug_ranges  0x000002f8       0x28 ..\obj\system_stm32f10x.o
 .debug_ranges  0x00000320      0x188 ..\obj\tim.o
 .debug_ranges  0x000004a8       0x18 ..\obj\startup_stm32f10x_md.o
 .debug_ranges  0x000004c0       0xd0 ..\obj\stm32f10x_can.o
 .debug_ranges  0x00000590       0x98 ..\obj\stm32f10x_gpio.o
 .debug_ranges  0x00000628       0x38 ..\obj\main.o
 .debug_ranges  0x00000660       0x48 ..\obj\system.o
 .debug_ranges  0x000006a8       0x40 ..\obj\can.o
 .debug_ranges  0x000006e8      0x108 ..\obj\stm32f10x_rcc.o
 .debug_ranges  0x000007f0       0x48 ..\obj\gpio.o
 .debug_ranges  0x00000838       0x18 ..\obj\motor.o
 .debug_ranges  0x00000850      0x128 ..\obj\stm32f10x_adc.o
 .debug_ranges  0x00000978       0xf0 ..\obj\stm32f10x_usart.o
 .debug_ranges  0x00000a68       0x50 ..\obj\syscalls.o
 .debug_ranges  0x00000ab8       0x78 ..\obj\adc.o
 .debug_ranges  0x00000b30       0x30 ..\obj\misc.o
 .debug_ranges  0x00000b60       0xc0 ..\obj\stm32f10x_spi.o
 .debug_ranges  0x00000c20       0x88 ..\obj\usart.o

.debug_line     0x00000000     0x51b0
 .debug_line    0x00000000      0x296 ..\obj\spi.o
 .debug_line    0x00000296      0xb88 ..\obj\stm32f10x_tim.o
 .debug_line    0x00000e1e      0x23e ..\obj\system_stm32f10x.o
 .debug_line    0x0000105c      0x6fd ..\obj\tim.o
 .debug_line    0x00001759       0xaf ..\obj\startup_stm32f10x_md.o
 .debug_line    0x00001808      0x5a2 ..\obj\stm32f10x_can.o
 .debug_line    0x00001daa      0x408 ..\obj\stm32f10x_gpio.o
 .debug_line    0x000021b2      0x3d4 ..\obj\main.o
 .debug_line    0x00002586      0x289 ..\obj\system.o
 .debug_line    0x0000280f      0x31f ..\obj\can.o
 .debug_line    0x00002b2e      0x503 ..\obj\stm32f10x_rcc.o
 .debug_line    0x00003031      0x307 ..\obj\gpio.o
 .debug_line    0x00003338      0x254 ..\obj\motor.o
 .debug_line    0x0000358c      0x572 ..\obj\stm32f10x_adc.o
 .debug_line    0x00003afe      0x4ea ..\obj\stm32f10x_usart.o
 .debug_line    0x00003fe8      0x1fb ..\obj\syscalls.o
 .debug_line    0x000041e3      0x387 ..\obj\adc.o
 .debug_line    0x0000456a      0x27b ..\obj\misc.o
 .debug_line    0x000047e5      0x465 ..\obj\stm32f10x_spi.o
 .debug_line    0x00004c4a      0x566 ..\obj\usart.o

.debug_str      0x00000000     0x4724
 .debug_str     0x00000000      0x673 ..\obj\spi.o
                                0x710 (size before relaxing)
 .debug_str     0x00000673      0xbd2 ..\obj\stm32f10x_tim.o
                                0xdf2 (size before relaxing)
 .debug_str     0x00001245      0x171 ..\obj\system_stm32f10x.o
                                0x304 (size before relaxing)
 .debug_str     0x000013b6      0x8b1 ..\obj\tim.o
                               0x10ca (size before relaxing)
 .debug_str     0x00001c67       0xca ..\obj\startup_stm32f10x_md.o
                                0x161 (size before relaxing)
 .debug_str     0x00001d31      0x4a0 ..\obj\stm32f10x_can.o
                                0x743 (size before relaxing)
 .debug_str     0x000021d1      0x340 ..\obj\stm32f10x_gpio.o
                                0x52e (size before relaxing)
 .debug_str     0x00002511      0x657 ..\obj\main.o
                                0xd49 (size before relaxing)
 .debug_str     0x00002b68      0x153 ..\obj\system.o
                                0x692 (size before relaxing)
 .debug_str     0x00002cbb      0x199 ..\obj\can.o
                                0x9a5 (size before relaxing)
 .debug_str     0x00002e54      0x3db ..\obj\stm32f10x_rcc.o
                                0x62f (size before relaxing)
 .debug_str     0x0000322f      0x132 ..\obj\gpio.o
                                0x520 (size before relaxing)
 .debug_str     0x00003361       0x62 ..\obj\motor.o
                                0x55f (size before relaxing)
 .debug_str     0x000033c3      0x4de ..\obj\stm32f10x_adc.o
                                0x710 (size before relaxing)
 .debug_str     0x000038a1      0x410 ..\obj\stm32f10x_usart.o
                                0x6a5 (size before relaxing)
 .debug_str     0x00003cb1      0x18b ..\obj\syscalls.o
                                0x34a (size before relaxing)
 .debug_str     0x00003e3c      0x164 ..\obj\adc.o
                                0x4e9 (size before relaxing)
 .debug_str     0x00003fa0      0x111 ..\obj\misc.o
                                0x3d3 (size before relaxing)
 .debug_str     0x000040b1      0x2c5 ..\obj\stm32f10x_spi.o
                                0x612 (size before relaxing)
 .debug_str     0x00004376      0x3ae ..\obj\usart.o
                                0xc2c (size before relaxing)

.comment        0x00000000       0x6e
 .comment       0x00000000       0x6e ..\obj\spi.o
                                 0x6f (size before relaxing)
 .comment       0x0000006e       0x6f ..\obj\stm32f10x_tim.o
 .comment       0x0000006e       0x6f ..\obj\system_stm32f10x.o
 .comment       0x0000006e       0x6f ..\obj\tim.o
 .comment       0x0000006e       0x6f ..\obj\startup_stm32f10x_md.o
 .comment       0x0000006e       0x6f ..\obj\stm32f10x_can.o
 .comment       0x0000006e       0x6f ..\obj\stm32f10x_gpio.o
 .comment       0x0000006e       0x6f ..\obj\main.o
 .comment       0x0000006e       0x6f ..\obj\system.o
 .comment       0x0000006e       0x6f ..\obj\can.o
 .comment       0x0000006e       0x6f ..\obj\stm32f10x_rcc.o
 .comment       0x0000006e       0x6f ..\obj\gpio.o
 .comment       0x0000006e       0x6f ..\obj\motor.o
 .comment       0x0000006e       0x6f ..\obj\stm32f10x_adc.o
 .comment       0x0000006e       0x6f ..\obj\stm32f10x_usart.o
 .comment       0x0000006e       0x6f ..\obj\syscalls.o
 .comment       0x0000006e       0x6f ..\obj\adc.o
 .comment       0x0000006e       0x6f ..\obj\misc.o
 .comment       0x0000006e       0x6f ..\obj\stm32f10x_spi.o
 .comment       0x0000006e       0x6f ..\obj\usart.o

.ARM.attributes
                0x00000000       0x31
 .ARM.attributes
                0x00000000       0x33 ..\obj\spi.o
 .ARM.attributes
                0x00000033       0x33 ..\obj\stm32f10x_tim.o
 .ARM.attributes
                0x00000066       0x33 ..\obj\system_stm32f10x.o
 .ARM.attributes
                0x00000099       0x33 ..\obj\tim.o
 .ARM.attributes
                0x000000cc       0x33 ..\obj\startup_stm32f10x_md.o
 .ARM.attributes
                0x000000ff       0x33 ..\obj\stm32f10x_can.o
 .ARM.attributes
                0x00000132       0x33 ..\obj\stm32f10x_gpio.o
 .ARM.attributes
                0x00000165       0x33 ..\obj\main.o
 .ARM.attributes
                0x00000198       0x33 ..\obj\system.o
 .ARM.attributes
                0x000001cb       0x33 ..\obj\can.o
 .ARM.attributes
                0x000001fe       0x33 ..\obj\stm32f10x_rcc.o
 .ARM.attributes
                0x00000231       0x33 ..\obj\gpio.o
 .ARM.attributes
                0x00000264       0x33 ..\obj\motor.o
 .ARM.attributes
                0x00000297       0x33 ..\obj\stm32f10x_adc.o
 .ARM.attributes
                0x000002ca       0x33 ..\obj\stm32f10x_usart.o
 .ARM.attributes
                0x000002fd       0x33 ..\obj\syscalls.o
 .ARM.attributes
                0x00000330       0x33 ..\obj\adc.o
 .ARM.attributes
                0x00000363       0x33 ..\obj\misc.o
 .ARM.attributes
                0x00000396       0x33 ..\obj\stm32f10x_spi.o
 .ARM.attributes
                0x000003c9       0x33 ..\obj\usart.o
 .ARM.attributes
                0x000003fc       0x1d c:/program files (x86)/gnu tools arm embedded/5.4 2016q3/bin/../lib/gcc/arm-none-eabi/5.4.1/armv7-m\libgcc.a(_aeabi_uldivmod.o)
 .ARM.attributes
                0x00000419       0x2d c:/program files (x86)/gnu tools arm embedded/5.4 2016q3/bin/../lib/gcc/arm-none-eabi/5.4.1/armv7-m\libgcc.a(_udivmoddi4.o)
 .ARM.attributes
                0x00000446       0x1d c:/program files (x86)/gnu tools arm embedded/5.4 2016q3/bin/../lib/gcc/arm-none-eabi/5.4.1/armv7-m\libgcc.a(_dvmd_tls.o)
 .ARM.attributes
                0x00000463       0x1b c:/program files (x86)/gnu tools arm embedded/5.4 2016q3/bin/../lib/gcc/arm-none-eabi/5.4.1/../../../../arm-none-eabi/lib/armv7-m\libc.a(lib_a-memcpy.o)
 .ARM.attributes
                0x0000047e       0x2d c:/program files (x86)/gnu tools arm embedded/5.4 2016q3/bin/../lib/gcc/arm-none-eabi/5.4.1/../../../../arm-none-eabi/lib/armv7-m\libc.a(lib_a-vsprintf.o)
 .ARM.attributes
                0x000004ab       0x2d c:/program files (x86)/gnu tools arm embedded/5.4 2016q3/bin/../lib/gcc/arm-none-eabi/5.4.1/../../../../arm-none-eabi/lib/armv7-m\libc.a(lib_a-impure.o)
 .ARM.attributes
                0x000004d8       0x2d c:/program files (x86)/gnu tools arm embedded/5.4 2016q3/bin/../lib/gcc/arm-none-eabi/5.4.1/../../../../arm-none-eabi/lib/armv7-m\libc.a(lib_a-svfprintf.o)
 .ARM.attributes
                0x00000505       0x2d c:/program files (x86)/gnu tools arm embedded/5.4 2016q3/bin/../lib/gcc/arm-none-eabi/5.4.1/../../../../arm-none-eabi/lib/armv7-m\libc.a(lib_a-dtoa.o)
 .ARM.attributes
                0x00000532       0x2d c:/program files (x86)/gnu tools arm embedded/5.4 2016q3/bin/../lib/gcc/arm-none-eabi/5.4.1/../../../../arm-none-eabi/lib/armv7-m\libc.a(lib_a-localeconv.o)
 .ARM.attributes
                0x0000055f       0x2d c:/program files (x86)/gnu tools arm embedded/5.4 2016q3/bin/../lib/gcc/arm-none-eabi/5.4.1/../../../../arm-none-eabi/lib/armv7-m\libc.a(lib_a-mallocr.o)
 .ARM.attributes
                0x0000058c       0x2d c:/program files (x86)/gnu tools arm embedded/5.4 2016q3/bin/../lib/gcc/arm-none-eabi/5.4.1/../../../../arm-none-eabi/lib/armv7-m\libc.a(lib_a-memchr-stub.o)
 .ARM.attributes
                0x000005b9       0x2d c:/program files (x86)/gnu tools arm embedded/5.4 2016q3/bin/../lib/gcc/arm-none-eabi/5.4.1/../../../../arm-none-eabi/lib/armv7-m\libc.a(lib_a-mlock.o)
 .ARM.attributes
                0x000005e6       0x2d c:/program files (x86)/gnu tools arm embedded/5.4 2016q3/bin/../lib/gcc/arm-none-eabi/5.4.1/../../../../arm-none-eabi/lib/armv7-m\libc.a(lib_a-mprec.o)
 .ARM.attributes
                0x00000613       0x2d c:/program files (x86)/gnu tools arm embedded/5.4 2016q3/bin/../lib/gcc/arm-none-eabi/5.4.1/../../../../arm-none-eabi/lib/armv7-m\libc.a(lib_a-sbrkr.o)
 .ARM.attributes
                0x00000640       0x2d c:/program files (x86)/gnu tools arm embedded/5.4 2016q3/bin/../lib/gcc/arm-none-eabi/5.4.1/../../../../arm-none-eabi/lib/armv7-m\libc.a(lib_a-strlen-stub.o)
 .ARM.attributes
                0x0000066d       0x2d c:/program files (x86)/gnu tools arm embedded/5.4 2016q3/bin/../lib/gcc/arm-none-eabi/5.4.1/../../../../arm-none-eabi/lib/armv7-m\libc.a(lib_a-svfiprintf.o)
 .ARM.attributes
                0x0000069a       0x2d c:/program files (x86)/gnu tools arm embedded/5.4 2016q3/bin/../lib/gcc/arm-none-eabi/5.4.1/../../../../arm-none-eabi/lib/armv7-m\libc.a(lib_a-callocr.o)
 .ARM.attributes
                0x000006c7       0x2d c:/program files (x86)/gnu tools arm embedded/5.4 2016q3/bin/../lib/gcc/arm-none-eabi/5.4.1/../../../../arm-none-eabi/lib/armv7-m\libc.a(lib_a-freer.o)
 .ARM.attributes
                0x000006f4       0x2d c:/program files (x86)/gnu tools arm embedded/5.4 2016q3/bin/../lib/gcc/arm-none-eabi/5.4.1/../../../../arm-none-eabi/lib/armv7-m\libc.a(lib_a-locale.o)
 .ARM.attributes
                0x00000721       0x2d c:/program files (x86)/gnu tools arm embedded/5.4 2016q3/bin/../lib/gcc/arm-none-eabi/5.4.1/../../../../arm-none-eabi/lib/armv7-m\libc.a(lib_a-mbtowc_r.o)
 .ARM.attributes
                0x0000074e       0x2d c:/program files (x86)/gnu tools arm embedded/5.4 2016q3/bin/../lib/gcc/arm-none-eabi/5.4.1/../../../../arm-none-eabi/lib/armv7-m\libc.a(lib_a-memmove.o)
 .ARM.attributes
                0x0000077b       0x2d c:/program files (x86)/gnu tools arm embedded/5.4 2016q3/bin/../lib/gcc/arm-none-eabi/5.4.1/../../../../arm-none-eabi/lib/armv7-m\libc.a(lib_a-memset.o)
 .ARM.attributes
                0x000007a8       0x2d c:/program files (x86)/gnu tools arm embedded/5.4 2016q3/bin/../lib/gcc/arm-none-eabi/5.4.1/../../../../arm-none-eabi/lib/armv7-m\libc.a(lib_a-reallocr.o)
 .ARM.attributes
                0x000007d5       0x2d c:/program files (x86)/gnu tools arm embedded/5.4 2016q3/bin/../lib/gcc/arm-none-eabi/5.4.1/../../../../arm-none-eabi/lib/armv7-m\libc.a(lib_a-reent.o)
 .ARM.attributes
                0x00000802       0x2d c:/program files (x86)/gnu tools arm embedded/5.4 2016q3/bin/../lib/gcc/arm-none-eabi/5.4.1/../../../../arm-none-eabi/lib/armv7-m\libc.a(lib_a-wctomb_r.o)
 .ARM.attributes
                0x0000082f       0x2d c:/program files (x86)/gnu tools arm embedded/5.4 2016q3/bin/../lib/gcc/arm-none-eabi/5.4.1/../../../../arm-none-eabi/lib/armv7-m\libc.a(lib_a-ctype_.o)
 .ARM.attributes
                0x0000085c       0x1d c:/program files (x86)/gnu tools arm embedded/5.4 2016q3/bin/../lib/gcc/arm-none-eabi/5.4.1/armv7-m\libgcc.a(_arm_addsubdf3.o)
 .ARM.attributes
                0x00000879       0x1d c:/program files (x86)/gnu tools arm embedded/5.4 2016q3/bin/../lib/gcc/arm-none-eabi/5.4.1/armv7-m\libgcc.a(_arm_muldivdf3.o)
 .ARM.attributes
                0x00000896       0x1d c:/program files (x86)/gnu tools arm embedded/5.4 2016q3/bin/../lib/gcc/arm-none-eabi/5.4.1/armv7-m\libgcc.a(_arm_cmpdf2.o)
 .ARM.attributes
                0x000008b3       0x1d c:/program files (x86)/gnu tools arm embedded/5.4 2016q3/bin/../lib/gcc/arm-none-eabi/5.4.1/armv7-m\libgcc.a(_arm_unorddf2.o)
 .ARM.attributes
                0x000008d0       0x1d c:/program files (x86)/gnu tools arm embedded/5.4 2016q3/bin/../lib/gcc/arm-none-eabi/5.4.1/armv7-m\libgcc.a(_arm_fixdfsi.o)

.debug_frame    0x00000000     0x430c
 .debug_frame   0x00000000       0x50 ..\obj\spi.o
 .debug_frame   0x00000050      0xe2c ..\obj\stm32f10x_tim.o
 .debug_frame   0x00000e7c       0x98 ..\obj\system_stm32f10x.o
 .debug_frame   0x00000f14      0x688 ..\obj\tim.o
 .debug_frame   0x0000159c       0x4c ..\obj\startup_stm32f10x_md.o
 .debug_frame   0x000015e8      0x3f0 ..\obj\stm32f10x_can.o
 .debug_frame   0x000019d8      0x2d0 ..\obj\stm32f10x_gpio.o
 .debug_frame   0x00001ca8       0xd4 ..\obj\main.o
 .debug_frame   0x00001d7c      0x130 ..\obj\system.o
 .debug_frame   0x00001eac      0x110 ..\obj\can.o
 .debug_frame   0x00001fbc      0x4f4 ..\obj\stm32f10x_rcc.o
 .debug_frame   0x000024b0      0x128 ..\obj\gpio.o
 .debug_frame   0x000025d8       0x5c ..\obj\motor.o
 .debug_frame   0x00002634      0x5a4 ..\obj\stm32f10x_adc.o
 .debug_frame   0x00002bd8      0x490 ..\obj\stm32f10x_usart.o
 .debug_frame   0x00003068      0x168 ..\obj\syscalls.o
 .debug_frame   0x000031d0      0x1f0 ..\obj\adc.o
 .debug_frame   0x000033c0       0xd8 ..\obj\misc.o
 .debug_frame   0x00003498      0x3a0 ..\obj\stm32f10x_spi.o
 .debug_frame   0x00003838      0x27c ..\obj\usart.o
 .debug_frame   0x00003ab4       0x2c c:/program files (x86)/gnu tools arm embedded/5.4 2016q3/bin/../lib/gcc/arm-none-eabi/5.4.1/armv7-m\libgcc.a(_aeabi_uldivmod.o)
 .debug_frame   0x00003ae0       0x38 c:/program files (x86)/gnu tools arm embedded/5.4 2016q3/bin/../lib/gcc/arm-none-eabi/5.4.1/armv7-m\libgcc.a(_udivmoddi4.o)
 .debug_frame   0x00003b18       0x50 c:/program files (x86)/gnu tools arm embedded/5.4 2016q3/bin/../lib/gcc/arm-none-eabi/5.4.1/../../../../arm-none-eabi/lib/armv7-m\libc.a(lib_a-vsprintf.o)
 .debug_frame   0x00003b68       0x44 c:/program files (x86)/gnu tools arm embedded/5.4 2016q3/bin/../lib/gcc/arm-none-eabi/5.4.1/../../../../arm-none-eabi/lib/armv7-m\libc.a(lib_a-svfprintf.o)
 .debug_frame   0x00003bac       0x84 c:/program files (x86)/gnu tools arm embedded/5.4 2016q3/bin/../lib/gcc/arm-none-eabi/5.4.1/../../../../arm-none-eabi/lib/armv7-m\libc.a(lib_a-dtoa.o)
 .debug_frame   0x00003c30       0x40 c:/program files (x86)/gnu tools arm embedded/5.4 2016q3/bin/../lib/gcc/arm-none-eabi/5.4.1/../../../../arm-none-eabi/lib/armv7-m\libc.a(lib_a-localeconv.o)
 .debug_frame   0x00003c70       0x54 c:/program files (x86)/gnu tools arm embedded/5.4 2016q3/bin/../lib/gcc/arm-none-eabi/5.4.1/../../../../arm-none-eabi/lib/armv7-m\libc.a(lib_a-mallocr.o)
 .debug_frame   0x00003cc4       0x34 c:/program files (x86)/gnu tools arm embedded/5.4 2016q3/bin/../lib/gcc/arm-none-eabi/5.4.1/../../../../arm-none-eabi/lib/armv7-m\libc.a(lib_a-memchr-stub.o)
 .debug_frame   0x00003cf8       0x30 c:/program files (x86)/gnu tools arm embedded/5.4 2016q3/bin/../lib/gcc/arm-none-eabi/5.4.1/../../../../arm-none-eabi/lib/armv7-m\libc.a(lib_a-mlock.o)
 .debug_frame   0x00003d28      0x264 c:/program files (x86)/gnu tools arm embedded/5.4 2016q3/bin/../lib/gcc/arm-none-eabi/5.4.1/../../../../arm-none-eabi/lib/armv7-m\libc.a(lib_a-mprec.o)
 .debug_frame   0x00003f8c       0x2c c:/program files (x86)/gnu tools arm embedded/5.4 2016q3/bin/../lib/gcc/arm-none-eabi/5.4.1/../../../../arm-none-eabi/lib/armv7-m\libc.a(lib_a-sbrkr.o)
 .debug_frame   0x00003fb8       0x20 c:/program files (x86)/gnu tools arm embedded/5.4 2016q3/bin/../lib/gcc/arm-none-eabi/5.4.1/../../../../arm-none-eabi/lib/armv7-m\libc.a(lib_a-strlen-stub.o)
 .debug_frame   0x00003fd8       0x78 c:/program files (x86)/gnu tools arm embedded/5.4 2016q3/bin/../lib/gcc/arm-none-eabi/5.4.1/../../../../arm-none-eabi/lib/armv7-m\libc.a(lib_a-svfiprintf.o)
 .debug_frame   0x00004050       0x28 c:/program files (x86)/gnu tools arm embedded/5.4 2016q3/bin/../lib/gcc/arm-none-eabi/5.4.1/../../../../arm-none-eabi/lib/armv7-m\libc.a(lib_a-callocr.o)
 .debug_frame   0x00004078       0x74 c:/program files (x86)/gnu tools arm embedded/5.4 2016q3/bin/../lib/gcc/arm-none-eabi/5.4.1/../../../../arm-none-eabi/lib/armv7-m\libc.a(lib_a-freer.o)
 .debug_frame   0x000040ec       0x84 c:/program files (x86)/gnu tools arm embedded/5.4 2016q3/bin/../lib/gcc/arm-none-eabi/5.4.1/../../../../arm-none-eabi/lib/armv7-m\libc.a(lib_a-locale.o)
 .debug_frame   0x00004170       0x4c c:/program files (x86)/gnu tools arm embedded/5.4 2016q3/bin/../lib/gcc/arm-none-eabi/5.4.1/../../../../arm-none-eabi/lib/armv7-m\libc.a(lib_a-mbtowc_r.o)
 .debug_frame   0x000041bc       0x30 c:/program files (x86)/gnu tools arm embedded/5.4 2016q3/bin/../lib/gcc/arm-none-eabi/5.4.1/../../../../arm-none-eabi/lib/armv7-m\libc.a(lib_a-memmove.o)
 .debug_frame   0x000041ec       0x34 c:/program files (x86)/gnu tools arm embedded/5.4 2016q3/bin/../lib/gcc/arm-none-eabi/5.4.1/../../../../arm-none-eabi/lib/armv7-m\libc.a(lib_a-memset.o)
 .debug_frame   0x00004220       0x58 c:/program files (x86)/gnu tools arm embedded/5.4 2016q3/bin/../lib/gcc/arm-none-eabi/5.4.1/../../../../arm-none-eabi/lib/armv7-m\libc.a(lib_a-reallocr.o)
 .debug_frame   0x00004278       0x58 c:/program files (x86)/gnu tools arm embedded/5.4 2016q3/bin/../lib/gcc/arm-none-eabi/5.4.1/../../../../arm-none-eabi/lib/armv7-m\libc.a(lib_a-reent.o)
 .debug_frame   0x000042d0       0x3c c:/program files (x86)/gnu tools arm embedded/5.4 2016q3/bin/../lib/gcc/arm-none-eabi/5.4.1/../../../../arm-none-eabi/lib/armv7-m\libc.a(lib_a-wctomb_r.o)
