Archive member included to satisfy reference by file (symbol)

c:/program files (x86)/gnu tools arm embedded/5.4 2016q3/bin/../lib/gcc/arm-none-eabi/5.4.1/../../../../arm-none-eabi/lib/armv7-m\libstdc++.a(class_type_info.o)
                              ..\obj\pwm.o (vtable for __cxxabiv1::__class_type_info)
c:/program files (x86)/gnu tools arm embedded/5.4 2016q3/bin/../lib/gcc/arm-none-eabi/5.4.1/../../../../arm-none-eabi/lib/armv7-m\libstdc++.a(del_op.o)
                              c:/program files (x86)/gnu tools arm embedded/5.4 2016q3/bin/../lib/gcc/arm-none-eabi/5.4.1/../../../../arm-none-eabi/lib/armv7-m\libstdc++.a(class_type_info.o) (operator delete(void*))
c:/program files (x86)/gnu tools arm embedded/5.4 2016q3/bin/../lib/gcc/arm-none-eabi/5.4.1/../../../../arm-none-eabi/lib/armv7-m\libstdc++.a(si_class_type_info.o)
                              c:/program files (x86)/gnu tools arm embedded/5.4 2016q3/bin/../lib/gcc/arm-none-eabi/5.4.1/../../../../arm-none-eabi/lib/armv7-m\libstdc++.a(class_type_info.o) (vtable for __cxxabiv1::__si_class_type_info)
c:/program files (x86)/gnu tools arm embedded/5.4 2016q3/bin/../lib/gcc/arm-none-eabi/5.4.1/../../../../arm-none-eabi/lib/armv7-m\libstdc++.a(tinfo.o)
                              c:/program files (x86)/gnu tools arm embedded/5.4 2016q3/bin/../lib/gcc/arm-none-eabi/5.4.1/../../../../arm-none-eabi/lib/armv7-m\libstdc++.a(class_type_info.o) (std::type_info::~type_info())
c:/program files (x86)/gnu tools arm embedded/5.4 2016q3/bin/../lib/gcc/arm-none-eabi/5.4.1/armv7-m\libgcc.a(_arm_addsubdf3.o)
                              ..\obj\utilplus.o (__aeabi_dsub)
c:/program files (x86)/gnu tools arm embedded/5.4 2016q3/bin/../lib/gcc/arm-none-eabi/5.4.1/armv7-m\libgcc.a(_arm_muldivdf3.o)
                              ..\obj\util.o (__aeabi_dmul)
c:/program files (x86)/gnu tools arm embedded/5.4 2016q3/bin/../lib/gcc/arm-none-eabi/5.4.1/armv7-m\libgcc.a(_arm_truncdfsf2.o)
                              ..\obj\util.o (__aeabi_d2f)
c:/program files (x86)/gnu tools arm embedded/5.4 2016q3/bin/../lib/gcc/arm-none-eabi/5.4.1/armv7-m\libgcc.a(_arm_addsubsf3.o)
                              ..\obj\util.o (__aeabi_fsub)
c:/program files (x86)/gnu tools arm embedded/5.4 2016q3/bin/../lib/gcc/arm-none-eabi/5.4.1/armv7-m\libgcc.a(_arm_muldivsf3.o)
                              ..\obj\util.o (__aeabi_fmul)
c:/program files (x86)/gnu tools arm embedded/5.4 2016q3/bin/../lib/gcc/arm-none-eabi/5.4.1/armv7-m\libgcc.a(_arm_cmpsf2.o)
                              ..\obj\utilplus.o (__aeabi_fcmpeq)
c:/program files (x86)/gnu tools arm embedded/5.4 2016q3/bin/../lib/gcc/arm-none-eabi/5.4.1/armv7-m\libgcc.a(_arm_fixsfsi.o)
                              ..\obj\canMotorDriver.o (__aeabi_f2iz)
c:/program files (x86)/gnu tools arm embedded/5.4 2016q3/bin/../lib/gcc/arm-none-eabi/5.4.1/armv7-m\libgcc.a(_arm_fixunssfsi.o)
                              ..\obj\pwm.o (__aeabi_f2uiz)
c:/program files (x86)/gnu tools arm embedded/5.4 2016q3/bin/../lib/gcc/arm-none-eabi/5.4.1/armv7-m\libgcc.a(_aeabi_uldivmod.o)
                              ..\obj\system.o (__aeabi_uldivmod)
c:/program files (x86)/gnu tools arm embedded/5.4 2016q3/bin/../lib/gcc/arm-none-eabi/5.4.1/armv7-m\libgcc.a(_mulsc3.o)
                              ..\obj\utilplus.o (__mulsc3)
c:/program files (x86)/gnu tools arm embedded/5.4 2016q3/bin/../lib/gcc/arm-none-eabi/5.4.1/armv7-m\libgcc.a(_divsc3.o)
                              ..\obj\utilplus.o (__divsc3)
c:/program files (x86)/gnu tools arm embedded/5.4 2016q3/bin/../lib/gcc/arm-none-eabi/5.4.1/armv7-m\libgcc.a(_udivmoddi4.o)
                              c:/program files (x86)/gnu tools arm embedded/5.4 2016q3/bin/../lib/gcc/arm-none-eabi/5.4.1/armv7-m\libgcc.a(_aeabi_uldivmod.o) (__udivmoddi4)
c:/program files (x86)/gnu tools arm embedded/5.4 2016q3/bin/../lib/gcc/arm-none-eabi/5.4.1/armv7-m\libgcc.a(unwind-arm.o)
                              ..\obj\spi.o (__aeabi_unwind_cpp_pr0)
c:/program files (x86)/gnu tools arm embedded/5.4 2016q3/bin/../lib/gcc/arm-none-eabi/5.4.1/armv7-m\libgcc.a(libunwind.o)
                              c:/program files (x86)/gnu tools arm embedded/5.4 2016q3/bin/../lib/gcc/arm-none-eabi/5.4.1/armv7-m\libgcc.a(unwind-arm.o) (restore_core_regs)
c:/program files (x86)/gnu tools arm embedded/5.4 2016q3/bin/../lib/gcc/arm-none-eabi/5.4.1/armv7-m\libgcc.a(pr-support.o)
                              c:/program files (x86)/gnu tools arm embedded/5.4 2016q3/bin/../lib/gcc/arm-none-eabi/5.4.1/armv7-m\libgcc.a(unwind-arm.o) (__gnu_unwind_execute)
c:/program files (x86)/gnu tools arm embedded/5.4 2016q3/bin/../lib/gcc/arm-none-eabi/5.4.1/armv7-m\libgcc.a(_dvmd_tls.o)
                              c:/program files (x86)/gnu tools arm embedded/5.4 2016q3/bin/../lib/gcc/arm-none-eabi/5.4.1/armv7-m\libgcc.a(_aeabi_uldivmod.o) (__aeabi_ldiv0)
[...]
Memory Configuration

Name             Origin             Length             Attributes
rom              0x08000000         0x00010000         xr
ram              0x20000000         0x00005000         xrw
*default*        0x00000000         0xffffffff

Linker script and memory map

                0x20005000                _eram = 0x20005000

.text           0x08000000     0xa3e1
 *(.isr_vector)
 .isr_vector    0x08000000      0x10c ..\obj\startup_stm32f10x_md.o
                0x08000000                g_pfnVectors
 *(.text*)
 .text._ZN14CanNodeEncoder5setupER3TIMR3CANt
                0x0800010c       0x5c ..\obj\canNodeEncoder.o
                0x0800010c                CanNodeEncoder::setup(TIM&, CAN&, unsigned short)
 .text._ZN14CanNodeEncoder5cycleEv
                0x08000168       0x94 ..\obj\canNodeEncoder.o
                0x08000168                CanNodeEncoder::cycle()
 .text._ZN14CanNodeEncoder9interruptEv
                0x080001fc       0x64 ..\obj\canNodeEncoder.o
                0x080001fc                CanNodeEncoder::interrupt()
 .text.SPI1_IRQHandler
                0x08000260       0x50 ..\obj\spi.o
                0x08000260                SPI1_IRQHandler
 .text.TIM_TimeBaseInit
                0x080002b0       0xf8 ..\obj\stm32f10x_tim.o
                0x080002b0                TIM_TimeBaseInit
 .text.TIM_OC1Init
                0x080003a8      0x118 ..\obj\stm32f10x_tim.o
                0x080003a8                TIM_OC1Init
 .text.TIM_OC2Init
                0x080004c0      0x110 ..\obj\stm32f10x_tim.o
                0x080004c0                TIM_OC2Init
 .text.TIM_OC3Init
                0x080005d0      0x10c ..\obj\stm32f10x_tim.o
                0x080005d0                TIM_OC3Init
 .text.TIM_OC4Init
                0x080006dc       0xd0 ..\obj\stm32f10x_tim.o
                0x080006dc                TIM_OC4Init
 .text.TIM_BDTRConfig
                0x080007ac       0x50 ..\obj\stm32f10x_tim.o
                0x080007ac                TIM_BDTRConfig
 .text.TIM_TimeBaseStructInit
                0x080007fc       0x34 ..\obj\stm32f10x_tim.o
                0x080007fc                TIM_TimeBaseStructInit
 .text.TIM_OCStructInit
                0x08000830       0x44 ..\obj\stm32f10x_tim.o
                0x08000830                TIM_OCStructInit
 .text.TIM_BDTRStructInit
                0x08000874       0x3c ..\obj\stm32f10x_tim.o
                0x08000874                TIM_BDTRStructInit
 .text.TIM_Cmd  0x080008b0       0x40 ..\obj\stm32f10x_tim.o
                0x080008b0                TIM_Cmd
 .text.TIM_ITConfig
                0x080008f0       0x48 ..\obj\stm32f10x_tim.o
                0x080008f0                TIM_ITConfig
 .text.TIM_EncoderInterfaceConfig
                0x08000938       0x98 ..\obj\stm32f10x_tim.o
                0x08000938                TIM_EncoderInterfaceConfig
 .text.TIM_ARRPreloadConfig
                0x080009d0       0x40 ..\obj\stm32f10x_tim.o
                0x080009d0                TIM_ARRPreloadConfig
 .text.TIM_GetITStatus
                0x08000a10       0x54 ..\obj\stm32f10x_tim.o
                0x08000a10                TIM_GetITStatus
 .text.TIM_ClearITPendingBit
                0x08000a64       0x20 ..\obj\stm32f10x_tim.o
                0x08000a64                TIM_ClearITPendingBit
 .text.int_to_uchar4
                0x08000a84       0x38 ..\obj\util.o
                0x08000a84                int_to_uchar4
 .text.SystemInit
                0x08000abc       0x68 ..\obj\system_stm32f10x.o
                0x08000abc                SystemInit
 .text.SetSysClock
                0x08000b24        0xc ..\obj\system_stm32f10x.o
 .text.SetSysClockTo72
                0x08000b30      0x100 ..\obj\system_stm32f10x.o
 .text._ZN14CanMotorDriver5setupER3CANt
                0x08000c30       0x38 ..\obj\canMotorDriver.o
                0x08000c30                CanMotorDriver::setup(CAN&, unsigned short)
 .text._ZN3TIM8pwmSetupEP11TIM_TypeDeftP12GPIO_TypeDeftttt
                0x08000c68      0x15c ..\obj\tim.o
                0x08000c68                TIM::pwmSetup(TIM_TypeDef*, unsigned short, GPIO_TypeDef*, unsigned short, unsigned short, unsigned short, unsigned short)
 .text._ZN3TIM4dutyEt
                0x08000dc4      0x110 ..\obj\tim.o
                0x08000dc4                TIM::duty(unsigned short)
 .text._ZN3TIM12encoderSetupEP11TIM_TypeDefP12GPIO_TypeDeftS3_t
                0x08000ed4       0xa4 ..\obj\tim.o
                0x08000ed4                TIM::encoderSetup(TIM_TypeDef*, GPIO_TypeDef*, unsigned short, GPIO_TypeDef*, unsigned short)
 .text._ZN3TIM10ioSetupEncEP12GPIO_TypeDeftS1_t
                0x08000f78       0x34 ..\obj\tim.o
                0x08000f78                TIM::ioSetupEnc(GPIO_TypeDef*, unsigned short, GPIO_TypeDef*, unsigned short)
 .text._ZN3TIM10ioSetupPwmEP12GPIO_TypeDeft
                0x08000fac       0x24 ..\obj\tim.o
                0x08000fac                TIM::ioSetupPwm(GPIO_TypeDef*, unsigned short)
 .text._ZN3TIM4readEv
                0x08000fd0       0x90 ..\obj\tim.o
                0x08000fd0                TIM::read()
 .text._ZN3TIM5resetEv
                0x08001060       0x90 ..\obj\tim.o
                0x08001060                TIM::reset()
 .text._Z9TIM1Setuptt
                0x080010f0       0x84 ..\obj\tim.o
                0x080010f0                TIM1Setup(unsigned short, unsigned short)
 .text._Z9TIM2Setuptt
                0x08001174       0x48 ..\obj\tim.o
                0x08001174                TIM2Setup(unsigned short, unsigned short)
 .text._Z9TIM3Setuptt
                0x080011bc       0x4c ..\obj\tim.o
                0x080011bc                TIM3Setup(unsigned short, unsigned short)
 .text._Z9TIM4Setuptt
                0x08001208       0x4c ..\obj\tim.o
                0x08001208                TIM4Setup(unsigned short, unsigned short)
 .text._Z11OC1PWMSetupP11TIM_TypeDeft
                0x08001254       0x4c ..\obj\tim.o
                0x08001254                OC1PWMSetup(TIM_TypeDef*, unsigned short)
 .text._Z11OC2PWMSetupP11TIM_TypeDeft
                0x080012a0       0x4c ..\obj\tim.o
                0x080012a0                OC2PWMSetup(TIM_TypeDef*, unsigned short)
 .text._Z11OC3PWMSetupP11TIM_TypeDeft
                0x080012ec       0x4c ..\obj\tim.o
                0x080012ec                OC3PWMSetup(TIM_TypeDef*, unsigned short)
 .text._Z11OC4PWMSetupP11TIM_TypeDeft
                0x08001338       0x4c ..\obj\tim.o
                0x08001338                OC4PWMSetup(TIM_TypeDef*, unsigned short)
 .text._Z10OC1DutySetP11TIM_TypeDeft
                0x08001384       0x1c ..\obj\tim.o
                0x08001384                OC1DutySet(TIM_TypeDef*, unsigned short)
 .text._Z10OC2DutySetP11TIM_TypeDeft
                0x080013a0       0x1c ..\obj\tim.o
                0x080013a0                OC2DutySet(TIM_TypeDef*, unsigned short)
 .text._Z10OC3DutySetP11TIM_TypeDeft
                0x080013bc       0x1c ..\obj\tim.o
                0x080013bc                OC3DutySet(TIM_TypeDef*, unsigned short)
 .text._Z10OC4DutySetP11TIM_TypeDeft
                0x080013d8       0x20 ..\obj\tim.o
                0x080013d8                OC4DutySet(TIM_TypeDef*, unsigned short)
 .text._Z16TIM1EncoderSetupv
                0x080013f8       0x54 ..\obj\tim.o
                0x080013f8                TIM1EncoderSetup()
 .text._Z16TIM2EncoderSetupv
                0x0800144c       0x54 ..\obj\tim.o
                0x0800144c                TIM2EncoderSetup()
 .text._Z16TIM3EncoderSetupv
                0x080014a0       0x50 ..\obj\tim.o
                0x080014a0                TIM3EncoderSetup()
 .text._Z16TIM4EncoderSetupv
                0x080014f0       0x50 ..\obj\tim.o
                0x080014f0                TIM4EncoderSetup()
 .text._Z8TIM1Readv
                0x08001540       0x24 ..\obj\tim.o
                0x08001540                TIM1Read()
 .text._Z8TIM2Readv
                0x08001564       0x24 ..\obj\tim.o
                0x08001564                TIM2Read()
 .text._Z8TIM3Readv
                0x08001588       0x24 ..\obj\tim.o
                0x08001588                TIM3Read()
 .text._Z8TIM4Readv
                0x080015ac       0x24 ..\obj\tim.o
                0x080015ac                TIM4Read()
 .text._Z16TIM1_ENCODER_IRQv
                0x080015d0       0x40 ..\obj\tim.o
                0x080015d0                TIM1_ENCODER_IRQ()
 .text._Z16TIM2_ENCODER_IRQv
                0x08001610       0x3c ..\obj\tim.o
                0x08001610                TIM2_ENCODER_IRQ()
 .text._Z16TIM3_ENCODER_IRQv
                0x0800164c       0x40 ..\obj\tim.o
                0x0800164c                TIM3_ENCODER_IRQ()
 .text._Z16TIM4_ENCODER_IRQv
                0x0800168c       0x40 ..\obj\tim.o
                0x0800168c                TIM4_ENCODER_IRQ()
 .text._Z19TIM1_PWM_Update_IRQv
                0x080016cc        0xc ..\obj\tim.o
                0x080016cc                TIM1_PWM_Update_IRQ()
 .text._Z19TIM2_PWM_Update_IRQv
                0x080016d8        0xc ..\obj\tim.o
                0x080016d8                TIM2_PWM_Update_IRQ()
 .text._Z19TIM3_PWM_Update_IRQv
                0x080016e4        0xc ..\obj\tim.o
                0x080016e4                TIM3_PWM_Update_IRQ()
 .text._Z19TIM4_PWM_Update_IRQv
                0x080016f0        0xc ..\obj\tim.o
                0x080016f0                TIM4_PWM_Update_IRQ()
 .text._Z16TIM4_PWM_CC1_IRQv
                0x080016fc        0xc ..\obj\tim.o
                0x080016fc                TIM4_PWM_CC1_IRQ()
 .text._Z16TIM4_PWM_CC2_IRQv
                0x08001708        0xc ..\obj\tim.o
                0x08001708                TIM4_PWM_CC2_IRQ()
 .text._Z16TIM4_PWM_CC3_IRQv
                0x08001714        0xc ..\obj\tim.o
                0x08001714                TIM4_PWM_CC3_IRQ()
 .text._Z16TIM4_PWM_CC4_IRQv
                0x08001720        0xc ..\obj\tim.o
                0x08001720                TIM4_PWM_CC4_IRQ()
 .text._Z19TIM1_TIM_Update_IRQv
                0x0800172c       0x1c ..\obj\tim.o
                0x0800172c                TIM1_TIM_Update_IRQ()
 .text._Z19TIM2_TIM_Update_IRQv
                0x08001748       0x1c ..\obj\tim.o
                0x08001748                TIM2_TIM_Update_IRQ()
 .text._Z19TIM3_TIM_Update_IRQv
                0x08001764       0x1c ..\obj\tim.o
                0x08001764                TIM3_TIM_Update_IRQ()
 .text._Z19TIM4_TIM_Update_IRQv
                0x08001780       0x1c ..\obj\tim.o
                0x08001780                TIM4_TIM_Update_IRQ()
 .text.TIM1_UP_IRQHandler
                0x0800179c       0x40 ..\obj\tim.o
                0x0800179c                TIM1_UP_IRQHandler
 .text.TIM2_IRQHandler
                0x080017dc       0x54 ..\obj\tim.o
                0x080017dc                TIM2_IRQHandler
 .text.TIM3_IRQHandler
                0x08001830       0x50 ..\obj\tim.o
                0x08001830                TIM3_IRQHandler
 .text.TIM4_IRQHandler
                0x08001880      0x100 ..\obj\tim.o
                0x08001880                TIM4_IRQHandler
 .text.Default_Reset_Handler
                0x08001980       0x60 ..\obj\startup_stm32f10x_md.o
                0x08001980                Default_Reset_Handler
                0x08001980                Reset_Handler
 .text.Default_Handler
                0x080019e0        0x8 ..\obj\startup_stm32f10x_md.o
                0x080019e0                EXTI2_IRQHandler
                0x080019e0                DebugMon_Handler
                0x080019e0                TIM1_CC_IRQHandler
                0x080019e0                HardFault_Handler
                0x080019e0                PVD_IRQHandler
                0x080019e0                PendSV_Handler
                0x080019e0                NMI_Handler
                0x080019e0                EXTI3_IRQHandler
                0x080019e0                EXTI0_IRQHandler
                0x080019e0                I2C2_EV_IRQHandler
                0x080019e0                UsageFault_Handler
                0x080019e0                ADC1_2_IRQHandler
                0x080019e0                TAMPER_IRQHandler
                0x080019e0                DMA1_Channel4_IRQHandler
                0x080019e0                RTC_IRQHandler
                0x080019e0                DMA1_Channel7_IRQHandler
                0x080019e0                CAN1_RX1_IRQHandler
                0x080019e0                I2C1_EV_IRQHandler
                0x080019e0                DMA1_Channel6_IRQHandler
                0x080019e0                RCC_IRQHandler
                0x080019e0                TIM1_TRG_COM_IRQHandler
                0x080019e0                DMA1_Channel1_IRQHandler
                0x080019e0                EXTI15_10_IRQHandler
                0x080019e0                EXTI9_5_IRQHandler
                0x080019e0                SPI2_IRQHandler
                0x080019e0                MemManage_Handler
                0x080019e0                SVC_Handler
                0x080019e0                DMA1_Channel5_IRQHandler
                0x080019e0                EXTI4_IRQHandler
                0x080019e0                USB_HP_CAN1_TX_IRQHandler
                0x080019e0                DMA1_Channel3_IRQHandler
                0x080019e0                WWDG_IRQHandler
                0x080019e0                TIM1_BRK_IRQHandler
                0x080019e0                EXTI1_IRQHandler
                0x080019e0                RTCAlarm_IRQHandler
                0x080019e0                I2C2_ER_IRQHandler
                0x080019e0                DMA1_Channel2_IRQHandler
                0x080019e0                CAN1_SCE_IRQHandler
                0x080019e0                FLASH_IRQHandler
                0x080019e0                BusFault_Handler
                0x080019e0                I2C1_ER_IRQHandler
                0x080019e0                USBWakeUp_IRQHandler
 .text.CAN_DeInit
                0x080019e8       0x48 ..\obj\stm32f10x_can.o
                0x080019e8                CAN_DeInit
 .text.CAN_Init
                0x08001a30      0x1a0 ..\obj\stm32f10x_can.o
                0x08001a30                CAN_Init
 .text.CAN_FilterInit
                0x08001bd0      0x174 ..\obj\stm32f10x_can.o
                0x08001bd0                CAN_FilterInit
 .text.CAN_StructInit
                0x08001d44       0x54 ..\obj\stm32f10x_can.o
                0x08001d44                CAN_StructInit
 .text.CAN_Transmit
                0x08001d98      0x194 ..\obj\stm32f10x_can.o
                0x08001d98                CAN_Transmit
 .text.CAN_Receive
                0x08001f2c      0x174 ..\obj\stm32f10x_can.o
                0x08001f2c                CAN_Receive
 .text.CAN_ITConfig
                0x080020a0       0x3c ..\obj\stm32f10x_can.o
                0x080020a0                CAN_ITConfig
 .text.GPIO_Init
                0x080020dc      0x178 ..\obj\stm32f10x_gpio.o
                0x080020dc                GPIO_Init
 .text.GPIO_StructInit
                0x08002254       0x28 ..\obj\stm32f10x_gpio.o
                0x08002254                GPIO_StructInit
 .text.GPIO_ReadInputDataBit
                0x0800227c       0x34 ..\obj\stm32f10x_gpio.o
                0x0800227c                GPIO_ReadInputDataBit
 .text.GPIO_ReadOutputDataBit
                0x080022b0       0x34 ..\obj\stm32f10x_gpio.o
                0x080022b0                GPIO_ReadOutputDataBit
 .text.GPIO_WriteBit
                0x080022e4       0x30 ..\obj\stm32f10x_gpio.o
                0x080022e4                GPIO_WriteBit
 .text._Z5setupv
                0x08002314      0x29c ..\obj\main.o
                0x08002314                setup()
 .text.USB_LP_CAN1_RX0_IRQHandler
                0x080025b0       0x7c ..\obj\main.o
                0x080025b0                USB_LP_CAN1_RX0_IRQHandler
 .text.main     0x0800262c      0x24c ..\obj\main.o
                0x0800262c                main
 .text.NVIC_SetPriority
                0x08002878       0x54 ..\obj\system.o
 .text.SysTick_Config
                0x080028cc       0x44 ..\obj\system.o
 .text._ZN6System5setupEv
                0x08002910       0x34 ..\obj\system.o
                0x08002910                System::setup()
 .text._ZN6System10usartSetupER5USART
                0x08002944       0x2c ..\obj\system.o
                0x08002944                System::usartSetup(USART&)
 .text._ZN6System5cycleEv
                0x08002970       0x54 ..\obj\system.o
                0x08002970                System::cycle()
 .text._ZN6System8wdgSetupEth
                0x080029c4       0x24 ..\obj\system.o
                0x080029c4                System::wdgSetup(unsigned short, unsigned char)
 .text._ZN6System8wdgResetEv
                0x080029e8       0x14 ..\obj\system.o
                0x080029e8                System::wdgReset()
 .text._Z6microsv
                0x080029fc       0x2c ..\obj\system.o
                0x080029fc                micros()
 .text._Z6millisv
                0x08002a28       0x20 ..\obj\system.o
                0x08002a28                millis()
 .text.SysTick_Handler
                0x08002a48       0x20 ..\obj\system.o
                0x08002a48                SysTick_Handler
 .text._Z9IWDGSetupth
                0x08002a68       0x38 ..\obj\system.o
                0x08002a68                IWDGSetup(unsigned short, unsigned char)
 .text._Z9IWDGResetv
                0x08002aa0        0xc ..\obj\system.o
                0x08002aa0                IWDGReset()
 .text._ZN3CAN5setupEP11CAN_TypeDefP12GPIO_TypeDeftS3_t
                0x08002aac       0x60 ..\obj\can.o
                0x08002aac                CAN::setup(CAN_TypeDef*, GPIO_TypeDef*, unsigned short, GPIO_TypeDef*, unsigned short)
 .text._ZN3CAN4sendEthPh
                0x08002b0c       0x34 ..\obj\can.o
                0x08002b0c                CAN::send(unsigned short, unsigned char, unsigned char*)
 .text._ZN3CAN9filterAddEtttt
                0x08002b40       0xb8 ..\obj\can.o
                0x08002b40                CAN::filterAdd(unsigned short, unsigned short, unsigned short, unsigned short)
 .text._ZN3CAN7ioSetupEP12GPIO_TypeDeftS1_t
                0x08002bf8       0x34 ..\obj\can.o
                0x08002bf8                CAN::ioSetup(GPIO_TypeDef*, unsigned short, GPIO_TypeDef*, unsigned short)
 .text._ZN3CAN7receiveEv
                0x08002c2c       0x2c ..\obj\can.o
                0x08002c2c                CAN::receive()
 .text._Z9CAN1Setupv
                0x08002c58       0x80 ..\obj\can.o
                0x08002c58                CAN1Setup()
 .text._Z8CAN1SendthPh
                0x08002cd8       0x74 ..\obj\can.o
                0x08002cd8                CAN1Send(unsigned short, unsigned char, unsigned char*)
 .text._Z12CANFilterAddtttt
                0x08002d4c       0x84 ..\obj\can.o
                0x08002d4c                CANFilterAdd(unsigned short, unsigned short, unsigned short, unsigned short)
 .text.RCC_GetClocksFreq
                0x08002dd0      0x160 ..\obj\stm32f10x_rcc.o
                0x08002dd0                RCC_GetClocksFreq
 .text.RCC_APB2PeriphClockCmd
                0x08002f30       0x3c ..\obj\stm32f10x_rcc.o
                0x08002f30                RCC_APB2PeriphClockCmd
 .text.RCC_APB1PeriphClockCmd
                0x08002f6c       0x3c ..\obj\stm32f10x_rcc.o
                0x08002f6c                RCC_APB1PeriphClockCmd
 .text.RCC_APB1PeriphResetCmd
                0x08002fa8       0x3c ..\obj\stm32f10x_rcc.o
                0x08002fa8                RCC_APB1PeriphResetCmd
 .text._ZN4GPIO5setupEP12GPIO_TypeDeft16GPIOMode_TypeDef
                0x08002fe4       0x80 ..\obj\gpio.o
                0x08002fe4                GPIO::setup(GPIO_TypeDef*, unsigned short, GPIOMode_TypeDef)
 .text._ZN4GPIO5writeEt
                0x08003064       0x3c ..\obj\gpio.o
                0x08003064                GPIO::write(unsigned short)
 .text._ZN4GPIO4readEv
                0x080030a0       0x24 ..\obj\gpio.o
                0x080030a0                GPIO::read()
 .text._ZN4GPIO6toggleEv
                0x080030c4       0x20 ..\obj\gpio.o
                0x080030c4                GPIO::toggle()
 .text._Z9pinToggleP12GPIO_TypeDeft
                0x080030e4       0x48 ..\obj\gpio.o
                0x080030e4                pinToggle(GPIO_TypeDef*, unsigned short)
 .text.USART_Init
                0x0800312c      0x174 ..\obj\stm32f10x_usart.o
                0x0800312c                USART_Init
 .text.USART_StructInit
                0x080032a0       0x38 ..\obj\stm32f10x_usart.o
                0x080032a0                USART_StructInit
 .text.USART_Cmd
                0x080032d8       0x40 ..\obj\stm32f10x_usart.o
                0x080032d8                USART_Cmd
 .text.USART_ITConfig
                0x08003318       0x90 ..\obj\stm32f10x_usart.o
                0x08003318                USART_ITConfig
 .text.USART_SendData
                0x080033a8       0x24 ..\obj\stm32f10x_usart.o
                0x080033a8                USART_SendData
 .text.USART_ReceiveData
                0x080033cc       0x20 ..\obj\stm32f10x_usart.o
                0x080033cc                USART_ReceiveData
 .text.USART_GetITStatus
                0x080033ec       0xb4 ..\obj\stm32f10x_usart.o
                0x080033ec                USART_GetITStatus
 .text._ZN12CanNodeValve5setupER3CANt
                0x080034a0       0x48 ..\obj\canNodeValve.o
                0x080034a0                CanNodeValve::setup(CAN&, unsigned short)
 .text._ZN12CanNodeValve6pinAddER4GPIO
                0x080034e8       0x34 ..\obj\canNodeValve.o
                0x080034e8                CanNodeValve::pinAdd(GPIO&)
 .text._ZN12CanNodeValve9interruptEv
                0x0800351c       0x88 ..\obj\canNodeValve.o
                0x0800351c                CanNodeValve::interrupt()
 .text._sbrk    0x080035a4       0x3c ..\obj\syscalls.o
                0x080035a4                _sbrk
 .text.abort    0x080035e0        0x8 ..\obj\syscalls.o
                0x080035e0                abort
 .text._ZN12CanNodePulse5setupER3TIMR3CANt
                0x080035e8       0x54 ..\obj\canNodePulse.o
                0x080035e8                CanNodePulse::setup(TIM&, CAN&, unsigned short)
 .text._ZN12CanNodePulse9interruptEv
                0x0800363c      0x104 ..\obj\canNodePulse.o
                0x0800363c                CanNodePulse::interrupt()
 .text._ZN12CanNodePulse5cycleEv
                0x08003740      0x140 ..\obj\canNodePulse.o
                0x08003740                CanNodePulse::cycle()
 .text.NVIC_Init
                0x08003880       0xc4 ..\obj\misc.o
                0x08003880                NVIC_Init
 .text.SPI_I2S_GetITStatus
                0x08003944       0x74 ..\obj\stm32f10x_spi.o
                0x08003944                SPI_I2S_GetITStatus
 .text.SPI_I2S_ClearITPendingBit
                0x080039b8       0x34 ..\obj\stm32f10x_spi.o
                0x080039b8                SPI_I2S_ClearITPendingBit
 .text._ZN5USART4putsEPKc
                0x080039ec       0x3c ..\obj\usart.o
                0x080039ec                USART::puts(char const*)
 .text._ZN5USART6printfEPKcz
                0x08003a28       0x40 ..\obj\usart.o
                0x08003a28                USART::printf(char const*, ...)
 .text._ZN5USART5setupEP13USART_TypeDefmP12GPIO_TypeDeftS3_t
                0x08003a68       0xc0 ..\obj\usart.o
                0x08003a68                USART::setup(USART_TypeDef*, unsigned long, GPIO_TypeDef*, unsigned short, GPIO_TypeDef*, unsigned short)
 .text._ZN5USART4sendEc
                0x08003b28      0x17c ..\obj\usart.o
                0x08003b28                USART::send(char)
 .text._ZN5USART7ioSetupEP12GPIO_TypeDeftS1_t
                0x08003ca4       0x34 ..\obj\usart.o
                0x08003ca4                USART::ioSetup(GPIO_TypeDef*, unsigned short, GPIO_TypeDef*, unsigned short)
 .text._Z11USART1Setupm
                0x08003cd8       0x54 ..\obj\usart.o
                0x08003cd8                USART1Setup(unsigned long)
 .text._Z11USART2Setupm
                0x08003d2c       0x54 ..\obj\usart.o
                0x08003d2c                USART2Setup(unsigned long)
 .text._Z11USART3Setupm
                0x08003d80       0x54 ..\obj\usart.o
                0x08003d80                USART3Setup(unsigned long)
 .text._Z13USART1ITSetupt
                0x08003dd4       0x38 ..\obj\usart.o
                0x08003dd4                USART1ITSetup(unsigned short)
 .text._Z13USART2ITSetupt
                0x08003e0c       0x38 ..\obj\usart.o
                0x08003e0c                USART2ITSetup(unsigned short)
 .text._Z13USART3ITSetupt
                0x08003e44       0x38 ..\obj\usart.o
                0x08003e44                USART3ITSetup(unsigned short)
 .text.USART1_IRQHandler
                0x08003e7c       0xe8 ..\obj\usart.o
                0x08003e7c                USART1_IRQHandler
 .text.USART2_IRQHandler
                0x08003f64       0xe8 ..\obj\usart.o
                0x08003f64                USART2_IRQHandler
 .text.USART3_IRQHandler
                0x0800404c       0xe8 ..\obj\usart.o
                0x0800404c                USART3_IRQHandler
 .text.IWDG_WriteAccessCmd
                0x08004134       0x20 ..\obj\stm32f10x_iwdg.o
                0x08004134                IWDG_WriteAccessCmd
 .text.IWDG_SetPrescaler
                0x08004154       0x20 ..\obj\stm32f10x_iwdg.o
                0x08004154                IWDG_SetPrescaler
 .text.IWDG_SetReload
                0x08004174       0x20 ..\obj\stm32f10x_iwdg.o
                0x08004174                IWDG_SetReload
 .text.IWDG_ReloadCounter
                0x08004194       0x18 ..\obj\stm32f10x_iwdg.o
                0x08004194                IWDG_ReloadCounter
 .text.IWDG_Enable
                0x080041ac       0x18 ..\obj\stm32f10x_iwdg.o
                0x080041ac                IWDG_Enable
 .text          0x080041c4      0x370 c:/program files (x86)/gnu tools arm embedded/5.4 2016q3/bin/../lib/gcc/arm-none-eabi/5.4.1/armv7-m\libgcc.a(_arm_addsubdf3.o)
                0x080041c4                __aeabi_drsub
                0x080041cc                __aeabi_dsub
                0x080041cc                __subdf3
                0x080041d0                __aeabi_dadd
                0x080041d0                __adddf3
                0x08004448                __floatunsidf
                0x08004448                __aeabi_ui2d
                0x08004468                __floatsidf
                0x08004468                __aeabi_i2d
                0x0800448c                __aeabi_f2d
                0x0800448c                __extendsfdf2
                0x080044c8                __floatundidf
                0x080044c8                __aeabi_ul2d
                0x080044d8                __floatdidf
                0x080044d8                __aeabi_l2d
 .text          0x08004534      0x424 c:/program files (x86)/gnu tools arm embedded/5.4 2016q3/bin/../lib/gcc/arm-none-eabi/5.4.1/armv7-m\libgcc.a(_arm_muldivdf3.o)
                0x08004534                __aeabi_dmul
                0x08004534                __muldf3
                0x08004788                __divdf3
                0x08004788                __aeabi_ddiv
 .text          0x08004958      0x21c c:/program files (x86)/gnu tools arm embedded/5.4 2016q3/bin/../lib/gcc/arm-none-eabi/5.4.1/armv7-m\libgcc.a(_arm_addsubsf3.o)
                0x08004958                __aeabi_frsub
                0x08004960                __subsf3
                0x08004960                __aeabi_fsub
                0x08004964                __aeabi_fadd
                0x08004964                __addsf3
                0x08004ac4                __aeabi_ui2f
                0x08004ac4                __floatunsisf
                0x08004acc                __aeabi_i2f
                0x08004acc                __floatsisf
                0x08004ae8                __aeabi_ul2f
                0x08004ae8                __floatundisf
                0x08004af8                __aeabi_l2f
                0x08004af8                __floatdisf
 .text          0x08004b74      0x2a0 c:/program files (x86)/gnu tools arm embedded/5.4 2016q3/bin/../lib/gcc/arm-none-eabi/5.4.1/armv7-m\libgcc.a(_arm_muldivsf3.o)
                0x08004b74                __mulsf3
                0x08004b74                __aeabi_fmul
                0x08004cdc                __aeabi_fdiv
                0x08004cdc                __divsf3
 .text          0x08004e14       0x4c c:/program files (x86)/gnu tools arm embedded/5.4 2016q3/bin/../lib/gcc/arm-none-eabi/5.4.1/armv7-m\libgcc.a(_arm_fixsfsi.o)
                0x08004e14                __aeabi_f2iz
                0x08004e14                __fixsfsi
 .text          0x08004e60       0x30 c:/program files (x86)/gnu tools arm embedded/5.4 2016q3/bin/../lib/gcc/arm-none-eabi/5.4.1/armv7-m\libgcc.a(_aeabi_uldivmod.o)
                0x08004e60                __aeabi_uldivmod
 .text          0x08004e90      0x2ec c:/program files (x86)/gnu tools arm embedded/5.4 2016q3/bin/../lib/gcc/arm-none-eabi/5.4.1/armv7-m\libgcc.a(_udivmoddi4.o)
                0x08004e90                __udivmoddi4
 .text          0x0800517c      0x9e4 c:/program files (x86)/gnu tools arm embedded/5.4 2016q3/bin/../lib/gcc/arm-none-eabi/5.4.1/armv7-m\libgcc.a(unwind-arm.o)
                0x0800543c                _Unwind_GetCFA
                0x08005440                __gnu_Unwind_RaiseException
                0x080054a0                __gnu_Unwind_ForcedUnwind
                0x080054b4                __gnu_Unwind_Resume
                0x080054f8                __gnu_Unwind_Resume_or_Rethrow
                0x0800550c                _Unwind_Complete
                0x08005510                _Unwind_DeleteException
                0x0800551c                _Unwind_VRS_Get
                0x08005568                _Unwind_VRS_Set
                0x080055b8                __gnu_Unwind_Backtrace
                0x08005904                __aeabi_unwind_cpp_pr0
                0x08005908                __aeabi_unwind_cpp_pr1
                0x0800590c                __aeabi_unwind_cpp_pr2
                0x08005910                _Unwind_VRS_Pop
 .text          0x08005b60      0x1ac c:/program files (x86)/gnu tools arm embedded/5.4 2016q3/bin/../lib/gcc/arm-none-eabi/5.4.1/armv7-m\libgcc.a(libunwind.o)
                0x08005b60                __restore_core_regs
                0x08005b60                restore_core_regs
                0x08005b78                __gnu_Unwind_Restore_VFP
                0x08005b80                __gnu_Unwind_Save_VFP
                0x08005b88                __gnu_Unwind_Restore_VFP_D
                0x08005b90                __gnu_Unwind_Save_VFP_D
                0x08005b98                __gnu_Unwind_Restore_VFP_D_16_to_31
                0x08005ba0                __gnu_Unwind_Save_VFP_D_16_to_31
                0x08005ba8                __gnu_Unwind_Restore_WMMXD
                0x08005bec                __gnu_Unwind_Save_WMMXD
                0x08005c30                __gnu_Unwind_Restore_WMMXC
                0x08005c44                __gnu_Unwind_Save_WMMXC
                0x08005c58                ___Unwind_RaiseException
                0x08005c58                _Unwind_RaiseException
                0x08005c7c                _Unwind_Resume
                0x08005c7c                ___Unwind_Resume
                0x08005ca0                _Unwind_Resume_or_Rethrow
                0x08005ca0                ___Unwind_Resume_or_Rethrow
                0x08005cc4                _Unwind_ForcedUnwind
                0x08005cc4                ___Unwind_ForcedUnwind
                0x08005ce8                ___Unwind_Backtrace
                0x08005ce8                _Unwind_Backtrace
 .text          0x08005d0c      0x354 c:/program files (x86)/gnu tools arm embedded/5.4 2016q3/bin/../lib/gcc/arm-none-eabi/5.4.1/armv7-m\libgcc.a(pr-support.o)
                0x08005d64                __gnu_unwind_execute
                0x08006008                __gnu_unwind_frame
                0x08006030                _Unwind_GetRegionStart
                0x0800603c                _Unwind_GetLanguageSpecificData
                0x08006050                _Unwind_GetTextRelBase
                0x08006058                _Unwind_GetDataRelBase
 .text          0x08006060        0x4 c:/program files (x86)/gnu tools arm embedded/5.4 2016q3/bin/../lib/gcc/arm-none-eabi/5.4.1/armv7-m\libgcc.a(_dvmd_tls.o)
                0x08006060                __aeabi_idiv0
                0x08006060                __aeabi_ldiv0
 .text._malloc_r
                0x08006064      0x558 c:/program files (x86)/gnu tools arm embedded/5.4 2016q3/bin/../lib/gcc/arm-none-eabi/5.4.1/../../../../arm-none-eabi/lib/armv7-m\libg.a(lib_a-mallocr.o)
                0x08006064                _malloc_r
 .text          0x080065bc       0xec c:/program files (x86)/gnu tools arm embedded/5.4 2016q3/bin/../lib/gcc/arm-none-eabi/5.4.1/../../../../arm-none-eabi/lib/armv7-m\libg.a(lib_a-memcpy.o)
                0x080065bc                memcpy
 .text.__malloc_lock
                0x080066a8        0x4 c:/program files (x86)/gnu tools arm embedded/5.4 2016q3/bin/../lib/gcc/arm-none-eabi/5.4.1/../../../../arm-none-eabi/lib/armv7-m\libg.a(lib_a-mlock.o)
                0x080066a8                __malloc_lock
 .text.__malloc_unlock
                0x080066ac        0x4 c:/program files (x86)/gnu tools arm embedded/5.4 2016q3/bin/../lib/gcc/arm-none-eabi/5.4.1/../../../../arm-none-eabi/lib/armv7-m\libg.a(lib_a-mlock.o)
                0x080066ac                __malloc_unlock
 .text._sbrk_r  0x080066b0       0x24 c:/program files (x86)/gnu tools arm embedded/5.4 2016q3/bin/../lib/gcc/arm-none-eabi/5.4.1/../../../../arm-none-eabi/lib/armv7-m\libg.a(lib_a-sbrkr.o)
                0x080066b0                _sbrk_r
 .text._vsprintf_r
                0x080066d4       0x34 c:/program files (x86)/gnu tools arm embedded/5.4 2016q3/bin/../lib/gcc/arm-none-eabi/5.4.1/../../../../arm-none-eabi/lib/armv7-m\libg.a(lib_a-vsprintf.o)
                0x080066d4                _vsprintf_r
 .text.vsprintf
                0x08006708       0x18 c:/program files (x86)/gnu tools arm embedded/5.4 2016q3/bin/../lib/gcc/arm-none-eabi/5.4.1/../../../../arm-none-eabi/lib/armv7-m\libg.a(lib_a-vsprintf.o)
                0x08006708                vsprintf
 .text._malloc_trim_r
                0x08006720       0x9c c:/program files (x86)/gnu tools arm embedded/5.4 2016q3/bin/../lib/gcc/arm-none-eabi/5.4.1/../../../../arm-none-eabi/lib/armv7-m\libg.a(lib_a-freer.o)
                0x08006720                _malloc_trim_r
 .text._free_r  0x080067bc      0x1d0 c:/program files (x86)/gnu tools arm embedded/5.4 2016q3/bin/../lib/gcc/arm-none-eabi/5.4.1/../../../../arm-none-eabi/lib/armv7-m\libg.a(lib_a-freer.o)
                0x080067bc                _free_r
 .text._svfprintf_r
                0x0800698c     0x1760 c:/program files (x86)/gnu tools arm embedded/5.4 2016q3/bin/../lib/gcc/arm-none-eabi/5.4.1/../../../../arm-none-eabi/lib/armv7-m\libg.a(lib_a-svfprintf.o)
                0x0800698c                _svfprintf_r
 .text.quorem   0x080080ec      0x12c c:/program files (x86)/gnu tools arm embedded/5.4 2016q3/bin/../lib/gcc/arm-none-eabi/5.4.1/../../../../arm-none-eabi/lib/armv7-m\libg.a(lib_a-dtoa.o)
 .text._dtoa_r  0x08008218      0xe4c c:/program files (x86)/gnu tools arm embedded/5.4 2016q3/bin/../lib/gcc/arm-none-eabi/5.4.1/../../../../arm-none-eabi/lib/armv7-m\libg.a(lib_a-dtoa.o)
                0x08008218                _dtoa_r
 .text._localeconv_r
                0x08009064       0x1c c:/program files (x86)/gnu tools arm embedded/5.4 2016q3/bin/../lib/gcc/arm-none-eabi/5.4.1/../../../../arm-none-eabi/lib/armv7-m\libg.a(lib_a-localeconv.o)
                0x08009064                _localeconv_r
 .text.memchr   0x08009080       0x8c c:/program files (x86)/gnu tools arm embedded/5.4 2016q3/bin/../lib/gcc/arm-none-eabi/5.4.1/../../../../arm-none-eabi/lib/armv7-m\libg.a(lib_a-memchr-stub.o)
                0x08009080                memchr
 .text._Balloc  0x0800910c       0x50 c:/program files (x86)/gnu tools arm embedded/5.4 2016q3/bin/../lib/gcc/arm-none-eabi/5.4.1/../../../../arm-none-eabi/lib/armv7-m\libg.a(lib_a-mprec.o)
                0x0800910c                _Balloc
 .text._Bfree   0x0800915c       0x14 c:/program files (x86)/gnu tools arm embedded/5.4 2016q3/bin/../lib/gcc/arm-none-eabi/5.4.1/../../../../arm-none-eabi/lib/armv7-m\libg.a(lib_a-mprec.o)
                0x0800915c                _Bfree
 .text.__multadd
                0x08009170       0x80 c:/program files (x86)/gnu tools arm embedded/5.4 2016q3/bin/../lib/gcc/arm-none-eabi/5.4.1/../../../../arm-none-eabi/lib/armv7-m\libg.a(lib_a-mprec.o)
                0x08009170                __multadd
 .text.__hi0bits
                0x080091f0       0x40 c:/program files (x86)/gnu tools arm embedded/5.4 2016q3/bin/../lib/gcc/arm-none-eabi/5.4.1/../../../../arm-none-eabi/lib/armv7-m\libg.a(lib_a-mprec.o)
                0x080091f0                __hi0bits
 .text.__lo0bits
                0x08009230       0x5c c:/program files (x86)/gnu tools arm embedded/5.4 2016q3/bin/../lib/gcc/arm-none-eabi/5.4.1/../../../../arm-none-eabi/lib/armv7-m\libg.a(lib_a-mprec.o)
                0x08009230                __lo0bits
 .text.__i2b    0x0800928c       0x14 c:/program files (x86)/gnu tools arm embedded/5.4 2016q3/bin/../lib/gcc/arm-none-eabi/5.4.1/../../../../arm-none-eabi/lib/armv7-m\libg.a(lib_a-mprec.o)
                0x0800928c                __i2b
 .text.__multiply
                0x080092a0      0x13c c:/program files (x86)/gnu tools arm embedded/5.4 2016q3/bin/../lib/gcc/arm-none-eabi/5.4.1/../../../../arm-none-eabi/lib/armv7-m\libg.a(lib_a-mprec.o)
                0x080092a0                __multiply
 .text.__pow5mult
                0x080093dc       0xa0 c:/program files (x86)/gnu tools arm embedded/5.4 2016q3/bin/../lib/gcc/arm-none-eabi/5.4.1/../../../../arm-none-eabi/lib/armv7-m\libg.a(lib_a-mprec.o)
                0x080093dc                __pow5mult
 .text.__lshift
                0x0800947c       0xac c:/program files (x86)/gnu tools arm embedded/5.4 2016q3/bin/../lib/gcc/arm-none-eabi/5.4.1/../../../../arm-none-eabi/lib/armv7-m\libg.a(lib_a-mprec.o)
                0x0800947c                __lshift
 .text.__mcmp   0x08009528       0x40 c:/program files (x86)/gnu tools arm embedded/5.4 2016q3/bin/../lib/gcc/arm-none-eabi/5.4.1/../../../../arm-none-eabi/lib/armv7-m\libg.a(lib_a-mprec.o)
                0x08009528                __mcmp
 .text.__mdiff  0x08009568      0x128 c:/program files (x86)/gnu tools arm embedded/5.4 2016q3/bin/../lib/gcc/arm-none-eabi/5.4.1/../../../../arm-none-eabi/lib/armv7-m\libg.a(lib_a-mprec.o)
                0x08009568                __mdiff
 .text.__d2b    0x08009690       0xa8 c:/program files (x86)/gnu tools arm embedded/5.4 2016q3/bin/../lib/gcc/arm-none-eabi/5.4.1/../../../../arm-none-eabi/lib/armv7-m\libg.a(lib_a-mprec.o)
                0x08009690                __d2b
 .text.strlen   0x08009738       0x5c c:/program files (x86)/gnu tools arm embedded/5.4 2016q3/bin/../lib/gcc/arm-none-eabi/5.4.1/../../../../arm-none-eabi/lib/armv7-m\libg.a(lib_a-strlen-stub.o)
                0x08009738                strlen
 .text.__ssprint_r
                0x08009794      0x100 c:/program files (x86)/gnu tools arm embedded/5.4 2016q3/bin/../lib/gcc/arm-none-eabi/5.4.1/../../../../arm-none-eabi/lib/armv7-m\libg.a(lib_a-svfiprintf.o)
                0x08009794                __ssprint_r
 .text._calloc_r
                0x08009894       0x60 c:/program files (x86)/gnu tools arm embedded/5.4 2016q3/bin/../lib/gcc/arm-none-eabi/5.4.1/../../../../arm-none-eabi/lib/armv7-m\libg.a(lib_a-callocr.o)
                0x08009894                _calloc_r
 .text.__ascii_mbtowc
                0x080098f4       0x2c c:/program files (x86)/gnu tools arm embedded/5.4 2016q3/bin/../lib/gcc/arm-none-eabi/5.4.1/../../../../arm-none-eabi/lib/armv7-m\libg.a(lib_a-mbtowc_r.o)
                0x080098f4                __ascii_mbtowc
 .text.memmove  0x08009920       0xc8 c:/program files (x86)/gnu tools arm embedded/5.4 2016q3/bin/../lib/gcc/arm-none-eabi/5.4.1/../../../../arm-none-eabi/lib/armv7-m\libg.a(lib_a-memmove.o)
                0x08009920                memmove
 .text.memset   0x080099e8       0x9c c:/program files (x86)/gnu tools arm embedded/5.4 2016q3/bin/../lib/gcc/arm-none-eabi/5.4.1/../../../../arm-none-eabi/lib/armv7-m\libg.a(lib_a-memset.o)
                0x080099e8                memset
 .text._realloc_r
                0x08009a84      0x3d4 c:/program files (x86)/gnu tools arm embedded/5.4 2016q3/bin/../lib/gcc/arm-none-eabi/5.4.1/../../../../arm-none-eabi/lib/armv7-m\libg.a(lib_a-reallocr.o)
                0x08009a84                _realloc_r
 .text.__ascii_wctomb
                0x08009e58       0x1c c:/program files (x86)/gnu tools arm embedded/5.4 2016q3/bin/../lib/gcc/arm-none-eabi/5.4.1/../../../../arm-none-eabi/lib/armv7-m\libg.a(lib_a-wctomb_r.o)
                0x08009e58                __ascii_wctomb
 .text          0x08009e74      0x110 c:/program files (x86)/gnu tools arm embedded/5.4 2016q3/bin/../lib/gcc/arm-none-eabi/5.4.1/armv7-m\libgcc.a(_arm_cmpdf2.o)
                0x08009e74                __gtdf2
                0x08009e74                __gedf2
                0x08009e7c                __ltdf2
                0x08009e7c                __ledf2
                0x08009e84                __nedf2
                0x08009e84                __eqdf2
                0x08009e84                __cmpdf2
                0x08009f00                __aeabi_cdrcmple
                0x08009f10                __aeabi_cdcmpeq
                0x08009f10                __aeabi_cdcmple
                0x08009f20                __aeabi_dcmpeq
                0x08009f34                __aeabi_dcmplt
                0x08009f48                __aeabi_dcmple
                0x08009f5c                __aeabi_dcmpge
                0x08009f70                __aeabi_dcmpgt
 .text          0x08009f84       0x2c c:/program files (x86)/gnu tools arm embedded/5.4 2016q3/bin/../lib/gcc/arm-none-eabi/5.4.1/armv7-m\libgcc.a(_arm_unorddf2.o)
                0x08009f84                __unorddf2
                0x08009f84                __aeabi_dcmpun
 .text          0x08009fb0       0x50 c:/program files (x86)/gnu tools arm embedded/5.4 2016q3/bin/../lib/gcc/arm-none-eabi/5.4.1/armv7-m\libgcc.a(_arm_fixdfsi.o)
                0x08009fb0                __aeabi_d2iz
                0x08009fb0                __fixdfsi
 *(.init)
 *(.fini)
 *crtbegin.o(.ctors)
 *crtbegin?.o(.ctors)
 *(EXCLUDE_FILE(*crtend.o *crtend?.o) .ctors)
 *(SORT(.ctors.*))
 *(.ctors)
 *crtbegin.o(.dtors)
 *crtbegin?.o(.dtors)
 *(EXCLUDE_FILE(*crtend.o *crtend?.o) .dtors)
 *(SORT(.dtors.*))
 *(.dtors)
 *(.rodata*)
 .rodata        0x0800a000      0x132 ..\obj\main.o
 *fill*         0x0800a132        0x2 
 .rodata        0x0800a134       0x25 ..\obj\system.o
 *fill*         0x0800a159        0x3 
 .rodata.zeroes.7256
                0x0800a15c       0x10 c:/program files (x86)/gnu tools arm embedded/5.4 2016q3/bin/../lib/gcc/arm-none-eabi/5.4.1/../../../../arm-none-eabi/lib/armv7-m\libg.a(lib_a-svfprintf.o)
 .rodata.str1.4
                0x0800a16c       0x42 c:/program files (x86)/gnu tools arm embedded/5.4 2016q3/bin/../lib/gcc/arm-none-eabi/5.4.1/../../../../arm-none-eabi/lib/armv7-m\libg.a(lib_a-svfprintf.o)
 *fill*         0x0800a1ae        0x2 
 .rodata.blanks.7255
                0x0800a1b0       0x10 c:/program files (x86)/gnu tools arm embedded/5.4 2016q3/bin/../lib/gcc/arm-none-eabi/5.4.1/../../../../arm-none-eabi/lib/armv7-m\libg.a(lib_a-svfprintf.o)
 .rodata.str1.4
                0x0800a1c0       0x10 c:/program files (x86)/gnu tools arm embedded/5.4 2016q3/bin/../lib/gcc/arm-none-eabi/5.4.1/../../../../arm-none-eabi/lib/armv7-m\libg.a(lib_a-dtoa.o)
                                 0x12 (size before relaxing)
 .rodata.__mprec_tens
                0x0800a1d0       0xc8 c:/program files (x86)/gnu tools arm embedded/5.4 2016q3/bin/../lib/gcc/arm-none-eabi/5.4.1/../../../../arm-none-eabi/lib/armv7-m\libg.a(lib_a-mprec.o)
                0x0800a1d0                __mprec_tens
 .rodata.p05.6085
                0x0800a298        0xc c:/program files (x86)/gnu tools arm embedded/5.4 2016q3/bin/../lib/gcc/arm-none-eabi/5.4.1/../../../../arm-none-eabi/lib/armv7-m\libg.a(lib_a-mprec.o)
 *fill*         0x0800a2a4        0x4 
 .rodata.__mprec_bigtens
                0x0800a2a8       0x28 c:/program files (x86)/gnu tools arm embedded/5.4 2016q3/bin/../lib/gcc/arm-none-eabi/5.4.1/../../../../arm-none-eabi/lib/armv7-m\libg.a(lib_a-mprec.o)
                0x0800a2a8                __mprec_bigtens
 .rodata.str1.4
                0x0800a2d0       0x10 c:/program files (x86)/gnu tools arm embedded/5.4 2016q3/bin/../lib/gcc/arm-none-eabi/5.4.1/../../../../arm-none-eabi/lib/armv7-m\libg.a(lib_a-locale.o)
                                 0x12 (size before relaxing)
 .rodata._ctype_
                0x0800a2e0      0x101 c:/program files (x86)/gnu tools arm embedded/5.4 2016q3/bin/../lib/gcc/arm-none-eabi/5.4.1/../../../../arm-none-eabi/lib/armv7-m\libg.a(lib_a-ctype_.o)
                0x0800a2e0                _ctype_
 *(.eh_fram e*)

.glue_7         0x0800a3e4        0x0
 .glue_7        0x0800a3e4        0x0 linker stubs

.glue_7t        0x0800a3e4        0x0
 .glue_7t       0x0800a3e4        0x0 linker stubs

.vfp11_veneer   0x0800a3e4        0x0
 .vfp11_veneer  0x0800a3e4        0x0 linker stubs

.v4_bx          0x0800a3e4        0x0
 .v4_bx         0x0800a3e4        0x0 linker stubs

.iplt           0x0800a3e4        0x0
 .iplt          0x0800a3e4        0x0 ..\obj\canNodeEncoder.o

.ARM.extab      0x0800a3e4      0x2b8
 *(.ARM.extab* .gnu.linkonce.armextab.*)
 .ARM.extab.text._ZN14CanNodeEncoder5setupER3TIMR3CANt
                0x0800a3e4        0xc ..\obj\canNodeEncoder.o
 .ARM.extab.text._ZN14CanNodeEncoder5cycleEv
                0x0800a3f0        0xc ..\obj\canNodeEncoder.o
 .ARM.extab.text._ZN14CanNodeEncoder9interruptEv
                0x0800a3fc        0xc ..\obj\canNodeEncoder.o
 .ARM.extab.text._ZN3TIM8pwmSetupEP11TIM_TypeDeftP12GPIO_TypeDeftttt
                0x0800a408        0xc ..\obj\tim.o
 .ARM.extab.text._ZN3TIM12encoderSetupEP11TIM_TypeDefP12GPIO_TypeDeftS3_t
                0x0800a414        0xc ..\obj\tim.o
 .ARM.extab.text._ZN3TIM10ioSetupEncEP12GPIO_TypeDeftS1_t
                0x0800a420        0xc ..\obj\tim.o
 .ARM.extab.text._ZN3TIM10ioSetupPwmEP12GPIO_TypeDeft
                0x0800a42c        0xc ..\obj\tim.o
 .ARM.extab.text._Z9TIM1Setuptt
                0x0800a438        0xc ..\obj\tim.o
 .ARM.extab.text._Z9TIM2Setuptt
                0x0800a444        0xc ..\obj\tim.o
 .ARM.extab.text._Z9TIM3Setuptt
                0x0800a450        0xc ..\obj\tim.o
 .ARM.extab.text._Z9TIM4Setuptt
                0x0800a45c        0xc ..\obj\tim.o
 .ARM.extab.text._Z11OC1PWMSetupP11TIM_TypeDeft
                0x0800a468        0xc ..\obj\tim.o
 .ARM.extab.text._Z11OC2PWMSetupP11TIM_TypeDeft
                0x0800a474        0xc ..\obj\tim.o
 .ARM.extab.text._Z11OC3PWMSetupP11TIM_TypeDeft
                0x0800a480        0xc ..\obj\tim.o
 .ARM.extab.text._Z11OC4PWMSetupP11TIM_TypeDeft
                0x0800a48c        0xc ..\obj\tim.o
 .ARM.extab.text._Z16TIM1EncoderSetupv
                0x0800a498        0xc ..\obj\tim.o
 .ARM.extab.text._Z16TIM2EncoderSetupv
                0x0800a4a4        0xc ..\obj\tim.o
 .ARM.extab.text._Z16TIM3EncoderSetupv
                0x0800a4b0        0xc ..\obj\tim.o
 .ARM.extab.text._Z16TIM4EncoderSetupv
                0x0800a4bc        0xc ..\obj\tim.o
 .ARM.extab.text.USB_LP_CAN1_RX0_IRQHandler
                0x0800a4c8        0xc ..\obj\main.o
 .ARM.extab.text._ZN6System5cycleEv
                0x0800a4d4        0xc ..\obj\system.o
 .ARM.extab.text._ZN6System8wdgSetupEth
                0x0800a4e0        0xc ..\obj\system.o
 .ARM.extab.text._ZN6System8wdgResetEv
                0x0800a4ec        0xc ..\obj\system.o
 .ARM.extab.text._Z9IWDGSetupth
                0x0800a4f8        0xc ..\obj\system.o
 .ARM.extab.text._ZN3CAN5setupEP11CAN_TypeDefP12GPIO_TypeDeftS3_t
                0x0800a504        0xc ..\obj\can.o
 .ARM.extab.text._ZN3CAN4sendEthPh
                0x0800a510        0xc ..\obj\can.o
 .ARM.extab.text._ZN3CAN9filterAddEtttt
                0x0800a51c        0xc ..\obj\can.o
 .ARM.extab.text._ZN3CAN7ioSetupEP12GPIO_TypeDeftS1_t
                0x0800a528        0xc ..\obj\can.o
 .ARM.extab.text._ZN3CAN7receiveEv
                0x0800a534        0xc ..\obj\can.o
 .ARM.extab.text._Z9CAN1Setupv
                0x0800a540        0xc ..\obj\can.o
 .ARM.extab.text._Z8CAN1SendthPh
                0x0800a54c        0xc ..\obj\can.o
 .ARM.extab.text._Z12CANFilterAddtttt
                0x0800a558        0xc ..\obj\can.o
 .ARM.extab.text._ZN4GPIO5setupEP12GPIO_TypeDeft16GPIOMode_TypeDef
                0x0800a564        0xc ..\obj\gpio.o
 .ARM.extab.text._ZN4GPIO5writeEt
                0x0800a570        0xc ..\obj\gpio.o
 .ARM.extab.text._ZN4GPIO4readEv
                0x0800a57c        0xc ..\obj\gpio.o
 .ARM.extab.text._ZN4GPIO6toggleEv
                0x0800a588        0xc ..\obj\gpio.o
 .ARM.extab.text._Z9pinToggleP12GPIO_TypeDeft
                0x0800a594        0xc ..\obj\gpio.o
 .ARM.extab.text._ZN12CanNodeValve5setupER3CANt
                0x0800a5a0        0xc ..\obj\canNodeValve.o
 .ARM.extab.text._ZN12CanNodeValve9interruptEv
                0x0800a5ac        0xc ..\obj\canNodeValve.o
 .ARM.extab.text._ZN12CanNodePulse5setupER3TIMR3CANt
                0x0800a5b8        0xc ..\obj\canNodePulse.o
 .ARM.extab.text._ZN12CanNodePulse9interruptEv
                0x0800a5c4        0xc ..\obj\canNodePulse.o
 .ARM.extab.text._ZN12CanNodePulse5cycleEv
                0x0800a5d0        0xc ..\obj\canNodePulse.o
 .ARM.extab.text._ZN5USART4putsEPKc
                0x0800a5dc        0xc ..\obj\usart.o
 .ARM.extab.text._ZN5USART6printfEPKcz
                0x0800a5e8        0xc ..\obj\usart.o
 .ARM.extab.text._ZN5USART5setupEP13USART_TypeDefmP12GPIO_TypeDeftS3_t
                0x0800a5f4        0xc ..\obj\usart.o
 .ARM.extab.text._ZN5USART4sendEc
                0x0800a600        0xc ..\obj\usart.o
 .ARM.extab.text._ZN5USART7ioSetupEP12GPIO_TypeDeftS1_t
                0x0800a60c        0xc ..\obj\usart.o
 .ARM.extab.text._Z11USART1Setupm
                0x0800a618        0xc ..\obj\usart.o
 .ARM.extab.text._Z11USART2Setupm
                0x0800a624        0xc ..\obj\usart.o
 .ARM.extab.text._Z11USART3Setupm
                0x0800a630        0xc ..\obj\usart.o
 .ARM.extab.text._Z13USART1ITSetupt
                0x0800a63c        0xc ..\obj\usart.o
 .ARM.extab.text._Z13USART2ITSetupt
                0x0800a648        0xc ..\obj\usart.o
 .ARM.extab.text._Z13USART3ITSetupt
                0x0800a654        0xc ..\obj\usart.o
 .ARM.extab.text.USART1_IRQHandler
                0x0800a660        0xc ..\obj\usart.o
 .ARM.extab.text.USART2_IRQHandler
                0x0800a66c        0xc ..\obj\usart.o
 .ARM.extab.text.USART3_IRQHandler
                0x0800a678        0xc ..\obj\usart.o
 .ARM.extab     0x0800a684       0x18 c:/program files (x86)/gnu tools arm embedded/5.4 2016q3/bin/../lib/gcc/arm-none-eabi/5.4.1/armv7-m\libgcc.a(pr-support.o)
                0x0800a69c                __exidx_start = .

.ARM.exidx      0x0800a69c      0x308
 *(.ARM.exidx* .gnu.linkonce.armexidx.*)
 .ARM.exidx.text._ZN14CanNodeEncoder5setupER3TIMR3CANt
                0x0800a69c        0x8 ..\obj\canNodeEncoder.o
 .ARM.exidx.text._ZN14CanNodeEncoder5cycleEv
                0x0800a6a4        0x8 ..\obj\canNodeEncoder.o
 .ARM.exidx.text._ZN14CanNodeEncoder9interruptEv
                0x0800a6ac        0x8 ..\obj\canNodeEncoder.o
 .ARM.exidx.text.SPI1_IRQHandler
                0x0800a6b4       0x10 ..\obj\spi.o
                                  0x8 (size before relaxing)
 .ARM.exidx.text._ZN14CanMotorDriver5setupER3CANt
                0x0800a6c4        0x0 ..\obj\canMotorDriver.o
                                  0x8 (size before relaxing)
 .ARM.exidx.text._ZN3TIM8pwmSetupEP11TIM_TypeDeftP12GPIO_TypeDeftttt
                0x0800a6c4        0x8 ..\obj\tim.o
 .ARM.exidx.text._ZN3TIM4dutyEt
                0x0800a6cc        0x8 ..\obj\tim.o
 .ARM.exidx.text._ZN3TIM12encoderSetupEP11TIM_TypeDefP12GPIO_TypeDeftS3_t
                0x0800a6d4        0x8 ..\obj\tim.o
 .ARM.exidx.text._ZN3TIM10ioSetupEncEP12GPIO_TypeDeftS1_t
                0x0800a6dc        0x8 ..\obj\tim.o
 .ARM.exidx.text._ZN3TIM10ioSetupPwmEP12GPIO_TypeDeft
                0x0800a6e4        0x8 ..\obj\tim.o
 .ARM.exidx.text._ZN3TIM4readEv
                0x0800a6ec        0x8 ..\obj\tim.o
 .ARM.exidx.text._ZN3TIM5resetEv
                0x0800a6f4        0x0 ..\obj\tim.o
                                  0x8 (size before relaxing)
 .ARM.exidx.text._Z9TIM1Setuptt
                0x0800a6f4        0x8 ..\obj\tim.o
 .ARM.exidx.text._Z9TIM2Setuptt
                0x0800a6fc        0x8 ..\obj\tim.o
 .ARM.exidx.text._Z9TIM3Setuptt
                0x0800a704        0x8 ..\obj\tim.o
 .ARM.exidx.text._Z9TIM4Setuptt
                0x0800a70c        0x8 ..\obj\tim.o
 .ARM.exidx.text._Z11OC1PWMSetupP11TIM_TypeDeft
                0x0800a714        0x8 ..\obj\tim.o
 .ARM.exidx.text._Z11OC2PWMSetupP11TIM_TypeDeft
                0x0800a71c        0x8 ..\obj\tim.o
 .ARM.exidx.text._Z11OC3PWMSetupP11TIM_TypeDeft
                0x0800a724        0x8 ..\obj\tim.o
 .ARM.exidx.text._Z11OC4PWMSetupP11TIM_TypeDeft
                0x0800a72c        0x8 ..\obj\tim.o
 .ARM.exidx.text._Z10OC1DutySetP11TIM_TypeDeft
                0x0800a734        0x8 ..\obj\tim.o
 .ARM.exidx.text._Z10OC2DutySetP11TIM_TypeDeft
                0x0800a73c        0x0 ..\obj\tim.o
                                  0x8 (size before relaxing)
 .ARM.exidx.text._Z10OC3DutySetP11TIM_TypeDeft
                0x0800a73c        0x0 ..\obj\tim.o
                                  0x8 (size before relaxing)
 .ARM.exidx.text._Z10OC4DutySetP11TIM_TypeDeft
                0x0800a73c        0x0 ..\obj\tim.o
                                  0x8 (size before relaxing)
 .ARM.exidx.text._Z16TIM1EncoderSetupv
                0x0800a73c        0x8 ..\obj\tim.o
 .ARM.exidx.text._Z16TIM2EncoderSetupv
                0x0800a744        0x8 ..\obj\tim.o
 .ARM.exidx.text._Z16TIM3EncoderSetupv
                0x0800a74c        0x8 ..\obj\tim.o
 .ARM.exidx.text._Z16TIM4EncoderSetupv
                0x0800a754        0x8 ..\obj\tim.o
 .ARM.exidx.text._Z8TIM1Readv
                0x0800a75c        0x8 ..\obj\tim.o
 .ARM.exidx.text._Z8TIM2Readv
                0x0800a764        0x0 ..\obj\tim.o
                                  0x8 (size before relaxing)
 .ARM.exidx.text._Z8TIM3Readv
                0x0800a764        0x0 ..\obj\tim.o
                                  0x8 (size before relaxing)
 .ARM.exidx.text._Z8TIM4Readv
                0x0800a764        0x0 ..\obj\tim.o
                                  0x8 (size before relaxing)
 .ARM.exidx.text._Z16TIM1_ENCODER_IRQv
                0x0800a764        0x0 ..\obj\tim.o
                                  0x8 (size before relaxing)
 .ARM.exidx.text._Z16TIM2_ENCODER_IRQv
                0x0800a764        0x0 ..\obj\tim.o
                                  0x8 (size before relaxing)
 .ARM.exidx.text._Z16TIM3_ENCODER_IRQv
                0x0800a764        0x0 ..\obj\tim.o
                                  0x8 (size before relaxing)
 .ARM.exidx.text._Z16TIM4_ENCODER_IRQv
                0x0800a764        0x0 ..\obj\tim.o
                                  0x8 (size before relaxing)
 .ARM.exidx.text._Z19TIM1_PWM_Update_IRQv
                0x0800a764        0x0 ..\obj\tim.o
                                  0x8 (size before relaxing)
 .ARM.exidx.text._Z19TIM2_PWM_Update_IRQv
                0x0800a764        0x0 ..\obj\tim.o
                                  0x8 (size before relaxing)
 .ARM.exidx.text._Z19TIM3_PWM_Update_IRQv
                0x0800a764        0x0 ..\obj\tim.o
                                  0x8 (size before relaxing)
 .ARM.exidx.text._Z19TIM4_PWM_Update_IRQv
                0x0800a764        0x0 ..\obj\tim.o
                                  0x8 (size before relaxing)
 .ARM.exidx.text._Z16TIM4_PWM_CC1_IRQv
                0x0800a764        0x0 ..\obj\tim.o
                                  0x8 (size before relaxing)
 .ARM.exidx.text._Z16TIM4_PWM_CC2_IRQv
                0x0800a764        0x0 ..\obj\tim.o
                                  0x8 (size before relaxing)
 .ARM.exidx.text._Z16TIM4_PWM_CC3_IRQv
                0x0800a764        0x0 ..\obj\tim.o
                                  0x8 (size before relaxing)
 .ARM.exidx.text._Z16TIM4_PWM_CC4_IRQv
                0x0800a764        0x0 ..\obj\tim.o
                                  0x8 (size before relaxing)
 .ARM.exidx.text._Z19TIM1_TIM_Update_IRQv
                0x0800a764        0x0 ..\obj\tim.o
                                  0x8 (size before relaxing)
 .ARM.exidx.text._Z19TIM2_TIM_Update_IRQv
                0x0800a764        0x0 ..\obj\tim.o
                                  0x8 (size before relaxing)
 .ARM.exidx.text._Z19TIM3_TIM_Update_IRQv
                0x0800a764        0x0 ..\obj\tim.o
                                  0x8 (size before relaxing)
 .ARM.exidx.text._Z19TIM4_TIM_Update_IRQv
                0x0800a764        0x0 ..\obj\tim.o
                                  0x8 (size before relaxing)
 .ARM.exidx.text.TIM1_UP_IRQHandler
                0x0800a764        0x8 ..\obj\tim.o
 .ARM.exidx.text.TIM2_IRQHandler
                0x0800a76c        0x0 ..\obj\tim.o
                                  0x8 (size before relaxing)
 .ARM.exidx.text.TIM3_IRQHandler
                0x0800a76c        0x0 ..\obj\tim.o
                                  0x8 (size before relaxing)
 .ARM.exidx.text.TIM4_IRQHandler
                0x0800a76c        0x8 ..\obj\tim.o
 .ARM.exidx.text._Z5setupv
                0x0800a774        0x8 ..\obj\main.o
 .ARM.exidx.text.USB_LP_CAN1_RX0_IRQHandler
                0x0800a77c        0x8 ..\obj\main.o
 .ARM.exidx.text.main
                0x0800a784        0x8 ..\obj\main.o
 .ARM.exidx.text.NVIC_SetPriority
                0x0800a78c        0x8 ..\obj\system.o
 .ARM.exidx.text.SysTick_Config
                0x0800a794        0x0 ..\obj\system.o
                                  0x8 (size before relaxing)
 .ARM.exidx.text._ZN6System5setupEv
                0x0800a794        0x0 ..\obj\system.o
                                  0x8 (size before relaxing)
 .ARM.exidx.text._ZN6System10usartSetupER5USART
                0x0800a794        0x0 ..\obj\system.o
                                  0x8 (size before relaxing)
 .ARM.exidx.text._ZN6System5cycleEv
                0x0800a794        0x8 ..\obj\system.o
 .ARM.exidx.text._ZN6System8wdgSetupEth
                0x0800a79c        0x8 ..\obj\system.o
 .ARM.exidx.text._ZN6System8wdgResetEv
                0x0800a7a4        0x8 ..\obj\system.o
 .ARM.exidx.text._Z6microsv
                0x0800a7ac        0x8 ..\obj\system.o
 .ARM.exidx.text._Z6millisv
                0x0800a7b4        0x0 ..\obj\system.o
                                  0x8 (size before relaxing)
 .ARM.exidx.text.SysTick_Handler
                0x0800a7b4        0x0 ..\obj\system.o
                                  0x8 (size before relaxing)
 .ARM.exidx.text._Z9IWDGSetupth
                0x0800a7b4        0x8 ..\obj\system.o
 .ARM.exidx.text._Z9IWDGResetv
                0x0800a7bc        0x8 ..\obj\system.o
 .ARM.exidx.text._ZN3CAN5setupEP11CAN_TypeDefP12GPIO_TypeDeftS3_t
                0x0800a7c4        0x8 ..\obj\can.o
 .ARM.exidx.text._ZN3CAN4sendEthPh
                0x0800a7cc        0x8 ..\obj\can.o
 .ARM.exidx.text._ZN3CAN9filterAddEtttt
                0x0800a7d4        0x8 ..\obj\can.o
 .ARM.exidx.text._ZN3CAN7ioSetupEP12GPIO_TypeDeftS1_t
                0x0800a7dc        0x8 ..\obj\can.o
 .ARM.exidx.text._ZN3CAN7receiveEv
                0x0800a7e4        0x8 ..\obj\can.o
 .ARM.exidx.text._Z9CAN1Setupv
                0x0800a7ec        0x8 ..\obj\can.o
 .ARM.exidx.text._Z8CAN1SendthPh
                0x0800a7f4        0x8 ..\obj\can.o
 .ARM.exidx.text._Z12CANFilterAddtttt
                0x0800a7fc       0x10 ..\obj\can.o
                                  0x8 (size before relaxing)
 .ARM.exidx.text._ZN4GPIO5setupEP12GPIO_TypeDeft16GPIOMode_TypeDef
                0x0800a80c        0x8 ..\obj\gpio.o
 .ARM.exidx.text._ZN4GPIO5writeEt
                0x0800a814        0x8 ..\obj\gpio.o
 .ARM.exidx.text._ZN4GPIO4readEv
                0x0800a81c        0x8 ..\obj\gpio.o
 .ARM.exidx.text._ZN4GPIO6toggleEv
                0x0800a824        0x8 ..\obj\gpio.o
 .ARM.exidx.text._Z9pinToggleP12GPIO_TypeDeft
                0x0800a82c       0x10 ..\obj\gpio.o
                                  0x8 (size before relaxing)
 .ARM.exidx.text._ZN12CanNodeValve5setupER3CANt
                0x0800a83c        0x8 ..\obj\canNodeValve.o
 .ARM.exidx.text._ZN12CanNodeValve6pinAddER4GPIO
                0x0800a844        0x8 ..\obj\canNodeValve.o
 .ARM.exidx.text._ZN12CanNodeValve9interruptEv
                0x0800a84c       0x10 ..\obj\canNodeValve.o
                                  0x8 (size before relaxing)
 .ARM.exidx.text._ZN12CanNodePulse5setupER3TIMR3CANt
                0x0800a85c        0x8 ..\obj\canNodePulse.o
 .ARM.exidx.text._ZN12CanNodePulse9interruptEv
                0x0800a864        0x8 ..\obj\canNodePulse.o
 .ARM.exidx.text._ZN12CanNodePulse5cycleEv
                0x0800a86c       0x10 ..\obj\canNodePulse.o
                                  0x8 (size before relaxing)
 .ARM.exidx.text._ZN5USART4putsEPKc
                0x0800a87c        0x8 ..\obj\usart.o
 .ARM.exidx.text._ZN5USART6printfEPKcz
                0x0800a884        0x8 ..\obj\usart.o
 .ARM.exidx.text._ZN5USART5setupEP13USART_TypeDefmP12GPIO_TypeDeftS3_t
                0x0800a88c        0x8 ..\obj\usart.o
 .ARM.exidx.text._ZN5USART4sendEc
                0x0800a894        0x8 ..\obj\usart.o
 .ARM.exidx.text._ZN5USART7ioSetupEP12GPIO_TypeDeftS1_t
                0x0800a89c        0x8 ..\obj\usart.o
 .ARM.exidx.text._Z11USART1Setupm
                0x0800a8a4        0x8 ..\obj\usart.o
 .ARM.exidx.text._Z11USART2Setupm
                0x0800a8ac        0x8 ..\obj\usart.o
 .ARM.exidx.text._Z11USART3Setupm
                0x0800a8b4        0x8 ..\obj\usart.o
 .ARM.exidx.text._Z13USART1ITSetupt
                0x0800a8bc        0x8 ..\obj\usart.o
 .ARM.exidx.text._Z13USART2ITSetupt
                0x0800a8c4        0x8 ..\obj\usart.o
 .ARM.exidx.text._Z13USART3ITSetupt
                0x0800a8cc        0x8 ..\obj\usart.o
 .ARM.exidx.text.USART1_IRQHandler
                0x0800a8d4        0x8 ..\obj\usart.o
 .ARM.exidx.text.USART2_IRQHandler
                0x0800a8dc        0x8 ..\obj\usart.o
 .ARM.exidx.text.USART3_IRQHandler
                0x0800a8e4       0x10 ..\obj\usart.o
                                  0x8 (size before relaxing)
 .ARM.exidx     0x0800a8f4        0x0 c:/program files (x86)/gnu tools arm embedded/5.4 2016q3/bin/../lib/gcc/arm-none-eabi/5.4.1/armv7-m\libgcc.a(_udivmoddi4.o)
                                  0x8 (size before relaxing)
 .ARM.exidx     0x0800a8f4       0x78 c:/program files (x86)/gnu tools arm embedded/5.4 2016q3/bin/../lib/gcc/arm-none-eabi/5.4.1/armv7-m\libgcc.a(unwind-arm.o)
                                 0xd8 (size before relaxing)
 .ARM.exidx     0x0800a96c       0x38 c:/program files (x86)/gnu tools arm embedded/5.4 2016q3/bin/../lib/gcc/arm-none-eabi/5.4.1/armv7-m\libgcc.a(pr-support.o)
                                 0x48 (size before relaxing)
                0x0800a9a4                __exidx_end = .
                0x0800a9a4                __etext = .
                0x0800a9a4                _sidata = __etext

.rel.dyn        0x0800a9a4        0x0
 .rel.iplt      0x0800a9a4        0x0 ..\obj\canNodeEncoder.o

.data           0x20000000      0x9d8 load address 0x0800a9a4
                0x20000000                __data_start__ = .
                0x20000000                _sdata = __data_start__
 *(vtable)
 *(.data*)
 .data          0x20000000       0x14 ..\obj\system_stm32f10x.o
                0x20000000                SystemCoreClock
                0x20000004                AHBPrescTable
 .data          0x20000014       0x14 ..\obj\stm32f10x_rcc.o
 .data          0x20000028        0x6 ..\obj\usart.o
                0x20000028                USART::usart1RxAddress
                0x2000002a                USART::usart2RxAddress
                0x2000002c                USART::usart3RxAddress
 *fill*         0x2000002e        0x2 
 .data.__malloc_av_
                0x20000030      0x408 c:/program files (x86)/gnu tools arm embedded/5.4 2016q3/bin/../lib/gcc/arm-none-eabi/5.4.1/../../../../arm-none-eabi/lib/armv7-m\libg.a(lib_a-mallocr.o)
                0x20000030                __malloc_av_
 .data.__malloc_trim_threshold
                0x20000438        0x4 c:/program files (x86)/gnu tools arm embedded/5.4 2016q3/bin/../lib/gcc/arm-none-eabi/5.4.1/../../../../arm-none-eabi/lib/armv7-m\libg.a(lib_a-mallocr.o)
                0x20000438                __malloc_trim_threshold
 .data.__malloc_sbrk_base
                0x2000043c        0x4 c:/program files (x86)/gnu tools arm embedded/5.4 2016q3/bin/../lib/gcc/arm-none-eabi/5.4.1/../../../../arm-none-eabi/lib/armv7-m\libg.a(lib_a-mallocr.o)
                0x2000043c                __malloc_sbrk_base
 .data.impure_data
                0x20000440      0x428 c:/program files (x86)/gnu tools arm embedded/5.4 2016q3/bin/../lib/gcc/arm-none-eabi/5.4.1/../../../../arm-none-eabi/lib/armv7-m\libg.a(lib_a-impure.o)
 .data._impure_ptr
                0x20000868        0x4 c:/program files (x86)/gnu tools arm embedded/5.4 2016q3/bin/../lib/gcc/arm-none-eabi/5.4.1/../../../../arm-none-eabi/lib/armv7-m\libg.a(lib_a-impure.o)
                0x20000868                _impure_ptr
 .data.__global_locale
                0x2000086c      0x16c c:/program files (x86)/gnu tools arm embedded/5.4 2016q3/bin/../lib/gcc/arm-none-eabi/5.4.1/../../../../arm-none-eabi/lib/armv7-m\libg.a(lib_a-locale.o)
                0x2000086c                __global_locale
                0x200009d8                . = ALIGN (0x4)
                [!provide]                PROVIDE (__preinit_array_start, .)
 *(.preinit_array)
                [!provide]                PROVIDE (__preinit_array_end, .)
                0x200009d8                . = ALIGN (0x4)
                [!provide]                PROVIDE (__init_array_start, .)
 *(SORT(.init_array.*))
 *(.init_array)
                [!provide]                PROVIDE (__init_array_end, .)
                0x200009d8                . = ALIGN (0x4)
                [!provide]                PROVIDE (__fini_array_start, .)
 *(SORT(.fini_array.*))
 *(.fini_array)
                [!provide]                PROVIDE (__fini_array_end, .)
 *(.jcr*)
                0x200009d8                . = ALIGN (0x4)
                0x200009d8                __data_end__ = .
                0x200009d8                _edata = __data_end__

.igot.plt       0x200009d8        0x0 load address 0x0800b37c
 .igot.plt      0x200009d8        0x0 ..\obj\canNodeEncoder.o

.bss            0x200009d8      0x588 load address 0x0800b380
                0x200009d8                . = ALIGN (0x4)
                0x200009d8                __bss_start__ = .
                0x200009d8                _sbss = __bss_start__
 *(.bss*)
 .bss           0x200009d8       0x20 ..\obj\tim.o
                0x200009d8                TIM::tim1_mode
                0x200009dc                TIM::tim2_mode
                0x200009e0                TIM::tim3_mode
                0x200009e4                TIM::tim4_mode
                0x200009e8                TIM::tim1Cnt
                0x200009ec                TIM::tim2Cnt
                0x200009f0                TIM::tim3Cnt
                0x200009f4                TIM::tim4Cnt
 .bss           0x200009f8      0x2b8 ..\obj\main.o
                0x200009f8                sys
                0x20000a00                pwm
                0x20000a40                enc
                0x20000a80                can1
                0x20000a98                serial
                0x20000a9c                io
                0x20000afc                led
                0x20000b08                sw
                0x20000b14                jumper
                0x20000b20                canValve
                0x20000b50                canEnc
                0x20000b78                canPulse
                0x20000c38                canEncoder
                0x20000c50                canVlv
                0x20000c58                canMD
                0x20000c88                rxFlag
                0x20000c8a                switchStat
                0x20000c8c                canAddressJumper
                0x20000c8e                printMode
                0x20000c90                canData
                0x20000c98                canAddress
                0x20000ca0                printTime
                0x20000ca8                canLastReceiveTime
 .bss           0x20000cb0        0xc ..\obj\system.o
                0x20000cb8                System::cycleFunctionCnt
                0x20000cba                System::cycleFunctionNumber
 .bss           0x20000cbc       0x6e ..\obj\can.o
                0x20000cbc                CAN::filterCnt
                0x20000cc0                CAN::filterAddress
 *fill*         0x20000d2a        0x2 
 .bss           0x20000d2c        0x4 ..\obj\syscalls.o
 .bss           0x20000d30      0x1f8 ..\obj\usart.o
                0x20000d30                USART::usart1RxBuffer
                0x20000d50                USART::usart1ReadAddress
                0x20000d54                USART::usart2RxBuffer
                0x20000d74                USART::usart2ReadAddress
                0x20000d78                USART::usart3RxBuffer
                0x20000d98                USART::usart3ReadAddress
                0x20000d9c                USART::usart1TxBuffer
                0x20000e1c                USART::usart1TxSendAddress
                0x20000e1e                USART::usart1TxWriteAddress
                0x20000e20                USART::usart2TxBuffer
                0x20000ea0                USART::usart2TxSendAddress
                0x20000ea2                USART::usart2TxWriteAddress
                0x20000ea4                USART::usart3TxBuffer
                0x20000f24                USART::usart3TxSendAddress
                0x20000f26                USART::usart3TxWriteAddress
 .bss.__malloc_max_total_mem
                0x20000f28        0x4 c:/program files (x86)/gnu tools arm embedded/5.4 2016q3/bin/../lib/gcc/arm-none-eabi/5.4.1/../../../../arm-none-eabi/lib/armv7-m\libg.a(lib_a-mallocr.o)
                0x20000f28                __malloc_max_total_mem
 .bss.__malloc_max_sbrked_mem
                0x20000f2c        0x4 c:/program files (x86)/gnu tools arm embedded/5.4 2016q3/bin/../lib/gcc/arm-none-eabi/5.4.1/../../../../arm-none-eabi/lib/armv7-m\libg.a(lib_a-mallocr.o)
                0x20000f2c                __malloc_max_sbrked_mem
 .bss.__malloc_top_pad
                0x20000f30        0x4 c:/program files (x86)/gnu tools arm embedded/5.4 2016q3/bin/../lib/gcc/arm-none-eabi/5.4.1/../../../../arm-none-eabi/lib/armv7-m\libg.a(lib_a-mallocr.o)
                0x20000f30                __malloc_top_pad
 .bss.__malloc_current_mallinfo
                0x20000f34       0x28 c:/program files (x86)/gnu tools arm embedded/5.4 2016q3/bin/../lib/gcc/arm-none-eabi/5.4.1/../../../../arm-none-eabi/lib/armv7-m\libg.a(lib_a-mallocr.o)
                0x20000f34                __malloc_current_mallinfo
 *(COMMON)
 COMMON         0x20000f5c        0x4 c:/program files (x86)/gnu tools arm embedded/5.4 2016q3/bin/../lib/gcc/arm-none-eabi/5.4.1/../../../../arm-none-eabi/lib/armv7-m\libg.a(lib_a-reent.o)
                0x20000f5c                errno
                0x20000f60                . = ALIGN (0x4)
                0x20000f60                __bss_end__ = .
                0x20000f60                _ebss = __bss_end__

.heap           0x20000f60        0x0
                0x20000f60                __end__ = .
                0x20000f60                _end = __end__
                0x20000f60                end = __end__
 *(.heap*)
                0x20000f60                __HeapLimit = .

.co_stack       0x20000f60      0x400 load address 0x0800b908
                0x20000f60                . = ALIGN (0x8)
 *(.co_stack .co_stack.*)
 .co_stack      0x20000f60      0x400 ..\obj\startup_stm32f10x_md.o
                0x20000f60                pulStack
                0x20005000                __StackTop = (ORIGIN (ram) + LENGTH (ram))
                0x20004c00                __StackLimit = (__StackTop - SIZEOF (.co_stack))
                [!provide]                PROVIDE (__stack, __StackTop)
                0x00000001                ASSERT ((__StackLimit >= __HeapLimit), region ram  overflowed with stack)
LOAD ..\obj\canNodeEncoder.o
LOAD ..\obj\spi.o
LOAD ..\obj\stm32f10x_tim.o
LOAD ..\obj\util.o
LOAD ..\obj\stm32f10x_dbgmcu.o
LOAD ..\obj\system_stm32f10x.o
LOAD ..\obj\utilplus.o
LOAD ..\obj\canMotorDriver.o
LOAD ..\obj\tim.o
LOAD ..\obj\pwm.o
LOAD ..\obj\canEncoder.o
LOAD ..\obj\startup_stm32f10x_md.o
LOAD ..\obj\stm32f10x_can.o
LOAD ..\obj\stm32f10x_gpio.o
LOAD ..\obj\canValve.o
LOAD ..\obj\main.o
LOAD ..\obj\system.o
LOAD ..\obj\can.o
LOAD ..\obj\stm32f10x_rcc.o
LOAD ..\obj\gpio.o
LOAD ..\obj\motor.o
LOAD ..\obj\stm32f10x_adc.o
LOAD ..\obj\remap.o
LOAD ..\obj\stm32f10x_usart.o
LOAD ..\obj\canNodeValve.o
LOAD ..\obj\syscalls.o
LOAD ..\obj\pulse.o
LOAD ..\obj\adc.o
LOAD ..\obj\enc.o
LOAD ..\obj\app.o
LOAD ..\obj\canNodePulse.o
LOAD ..\obj\port.o
LOAD ..\obj\base.o
LOAD ..\obj\stm32f10x_dma.o
LOAD ..\obj\canNodeAnalogIn.o
LOAD ..\obj\misc.o
LOAD ..\obj\stm32f10x_spi.o
LOAD ..\obj\canNodeMotorDriver.o
LOAD ..\obj\dma.o
LOAD ..\obj\usart.o
LOAD ..\obj\stm32f10x_iwdg.o
LOAD c:/program files (x86)/gnu tools arm embedded/5.4 2016q3/bin/../lib/gcc/arm-none-eabi/5.4.1/../../../../arm-none-eabi/lib/armv7-m\libstdc++.a
START GROUP
LOAD c:/program files (x86)/gnu tools arm embedded/5.4 2016q3/bin/../lib/gcc/arm-none-eabi/5.4.1/armv7-m\libgcc.a
LOAD c:/program files (x86)/gnu tools arm embedded/5.4 2016q3/bin/../lib/gcc/arm-none-eabi/5.4.1/../../../../arm-none-eabi/lib/armv7-m\libg.a
LOAD c:/program files (x86)/gnu tools arm embedded/5.4 2016q3/bin/../lib/gcc/arm-none-eabi/5.4.1/../../../../arm-none-eabi/lib/armv7-m\libc.a
END GROUP
OUTPUT(F103_mini.elf elf32-littlearm)

.debug_info     0x00000000     0xe7ae
 .debug_info    0x00000000      0xc1b ..\obj\canNodeEncoder.o
 .debug_info    0x00000c1b      0x494 ..\obj\spi.o
 .debug_info    0x000010af     0x1c60 ..\obj\stm32f10x_tim.o
 .debug_info    0x00002d0f      0x4d4 ..\obj\util.o
 .debug_info    0x000031e3      0x49c ..\obj\system_stm32f10x.o
 .debug_info    0x0000367f      0x760 ..\obj\canMotorDriver.o
 .debug_info    0x00003ddf     0x14a2 ..\obj\tim.o
 .debug_info    0x00005281       0xee ..\obj\startup_stm32f10x_md.o
 .debug_info    0x0000536f      0xba4 ..\obj\stm32f10x_can.o
 .debug_info    0x00005f13      0x6f6 ..\obj\stm32f10x_gpio.o
 .debug_info    0x00006609     0x1707 ..\obj\main.o
 .debug_info    0x00007d10      0xc3a ..\obj\system.o
 .debug_info    0x0000894a      0xd44 ..\obj\can.o
 .debug_info    0x0000968e      0x8a3 ..\obj\stm32f10x_rcc.o
 .debug_info    0x00009f31      0x56f ..\obj\gpio.o
 .debug_info    0x0000a4a0      0x9f0 ..\obj\stm32f10x_usart.o
 .debug_info    0x0000ae90      0x898 ..\obj\canNodeValve.o
 .debug_info    0x0000b728      0x458 ..\obj\syscalls.o
 .debug_info    0x0000bb80      0xe71 ..\obj\canNodePulse.o
 .debug_info    0x0000c9f1      0x556 ..\obj\misc.o
 .debug_info    0x0000cf47      0x8fb ..\obj\stm32f10x_spi.o
 .debug_info    0x0000d842      0xd5e ..\obj\usart.o
 .debug_info    0x0000e5a0      0x20e ..\obj\stm32f10x_iwdg.o

.debug_abbrev   0x00000000     0x2a3e
 .debug_abbrev  0x00000000      0x228 ..\obj\canNodeEncoder.o
 .debug_abbrev  0x00000228      0x129 ..\obj\spi.o
 .debug_abbrev  0x00000351      0x1b2 ..\obj\stm32f10x_tim.o
 .debug_abbrev  0x00000503      0x12e ..\obj\util.o
 .debug_abbrev  0x00000631      0x14e ..\obj\system_stm32f10x.o
 .debug_abbrev  0x0000077f      0x209 ..\obj\canMotorDriver.o
 .debug_abbrev  0x00000988      0x30f ..\obj\tim.o
 .debug_abbrev  0x00000c97       0xa7 ..\obj\startup_stm32f10x_md.o
 .debug_abbrev  0x00000d3e      0x1f5 ..\obj\stm32f10x_can.o
 .debug_abbrev  0x00000f33      0x1cc ..\obj\stm32f10x_gpio.o
 .debug_abbrev  0x000010ff      0x285 ..\obj\main.o
 .debug_abbrev  0x00001384      0x2f0 ..\obj\system.o
 .debug_abbrev  0x00001674      0x29d ..\obj\can.o
 .debug_abbrev  0x00001911      0x1bc ..\obj\stm32f10x_rcc.o
 .debug_abbrev  0x00001acd      0x1f3 ..\obj\gpio.o
 .debug_abbrev  0x00001cc0      0x164 ..\obj\stm32f10x_usart.o
 .debug_abbrev  0x00001e24      0x245 ..\obj\canNodeValve.o
 .debug_abbrev  0x00002069       0xe5 ..\obj\syscalls.o
 .debug_abbrev  0x0000214e      0x242 ..\obj\canNodePulse.o
 .debug_abbrev  0x00002390      0x147 ..\obj\misc.o
 .debug_abbrev  0x000024d7      0x180 ..\obj\stm32f10x_spi.o
 .debug_abbrev  0x00002657      0x2e4 ..\obj\usart.o
 .debug_abbrev  0x0000293b      0x103 ..\obj\stm32f10x_iwdg.o

.debug_aranges  0x00000000      0xe20
 .debug_aranges
                0x00000000       0x30 ..\obj\canNodeEncoder.o
 .debug_aranges
                0x00000030       0x28 ..\obj\spi.o
 .debug_aranges
                0x00000058      0x2f0 ..\obj\stm32f10x_tim.o
 .debug_aranges
                0x00000348       0xa0 ..\obj\util.o
 .debug_aranges
                0x000003e8       0x38 ..\obj\system_stm32f10x.o
 .debug_aranges
                0x00000420       0x30 ..\obj\canMotorDriver.o
 .debug_aranges
                0x00000450      0x1c8 ..\obj\tim.o
 .debug_aranges
                0x00000618       0x28 ..\obj\startup_stm32f10x_md.o
 .debug_aranges
                0x00000640       0xe0 ..\obj\stm32f10x_can.o
 .debug_aranges
                0x00000720       0xa8 ..\obj\stm32f10x_gpio.o
 .debug_aranges
                0x000007c8       0x30 ..\obj\main.o
 .debug_aranges
                0x000007f8       0x80 ..\obj\system.o
 .debug_aranges
                0x00000878       0x60 ..\obj\can.o
 .debug_aranges
                0x000008d8      0x118 ..\obj\stm32f10x_rcc.o
 .debug_aranges
                0x000009f0       0x68 ..\obj\gpio.o
 .debug_aranges
                0x00000a58      0x100 ..\obj\stm32f10x_usart.o
 .debug_aranges
                0x00000b58       0x30 ..\obj\canNodeValve.o
 .debug_aranges
                0x00000b88       0x60 ..\obj\syscalls.o
 .debug_aranges
                0x00000be8       0x40 ..\obj\canNodePulse.o
 .debug_aranges
                0x00000c28       0x40 ..\obj\misc.o
 .debug_aranges
                0x00000c68       0xd0 ..\obj\stm32f10x_spi.o
 .debug_aranges
                0x00000d38       0xa0 ..\obj\usart.o
 .debug_aranges
                0x00000dd8       0x48 ..\obj\stm32f10x_iwdg.o

.debug_ranges   0x00000000      0xcb0
 .debug_ranges  0x00000000       0x20 ..\obj\canNodeEncoder.o
 .debug_ranges  0x00000020       0x18 ..\obj\spi.o
 .debug_ranges  0x00000038      0x2e0 ..\obj\stm32f10x_tim.o
 .debug_ranges  0x00000318       0x90 ..\obj\util.o
 .debug_ranges  0x000003a8       0x28 ..\obj\system_stm32f10x.o
 .debug_ranges  0x000003d0       0x20 ..\obj\canMotorDriver.o
 .debug_ranges  0x000003f0      0x1b8 ..\obj\tim.o
 .debug_ranges  0x000005a8       0x18 ..\obj\startup_stm32f10x_md.o
 .debug_ranges  0x000005c0       0xd0 ..\obj\stm32f10x_can.o
 .debug_ranges  0x00000690       0x98 ..\obj\stm32f10x_gpio.o
 .debug_ranges  0x00000728       0x20 ..\obj\main.o
 .debug_ranges  0x00000748       0x70 ..\obj\system.o
 .debug_ranges  0x000007b8       0x50 ..\obj\can.o
 .debug_ranges  0x00000808      0x108 ..\obj\stm32f10x_rcc.o
 .debug_ranges  0x00000910       0x58 ..\obj\gpio.o
 .debug_ranges  0x00000968       0xf0 ..\obj\stm32f10x_usart.o
 .debug_ranges  0x00000a58       0x20 ..\obj\canNodeValve.o
 .debug_ranges  0x00000a78       0x50 ..\obj\syscalls.o
 .debug_ranges  0x00000ac8       0x30 ..\obj\canNodePulse.o
 .debug_ranges  0x00000af8       0x30 ..\obj\misc.o
 .debug_ranges  0x00000b28       0xc0 ..\obj\stm32f10x_spi.o
 .debug_ranges  0x00000be8       0x90 ..\obj\usart.o
 .debug_ranges  0x00000c78       0x38 ..\obj\stm32f10x_iwdg.o

.debug_line     0x00000000     0x6238
 .debug_line    0x00000000      0x3a4 ..\obj\canNodeEncoder.o
 .debug_line    0x000003a4      0x2e8 ..\obj\spi.o
 .debug_line    0x0000068c      0xbdc ..\obj\stm32f10x_tim.o
 .debug_line    0x00001268      0x232 ..\obj\util.o
 .debug_line    0x0000149a      0x268 ..\obj\system_stm32f10x.o
 .debug_line    0x00001702      0x386 ..\obj\canMotorDriver.o
 .debug_line    0x00001a88      0x82f ..\obj\tim.o
 .debug_line    0x000022b7       0xc4 ..\obj\startup_stm32f10x_md.o
 .debug_line    0x0000237b      0x5f6 ..\obj\stm32f10x_can.o
 .debug_line    0x00002971      0x45c ..\obj\stm32f10x_gpio.o
 .debug_line    0x00002dcd      0x4c3 ..\obj\main.o
 .debug_line    0x00003290      0x3a6 ..\obj\system.o
 .debug_line    0x00003636      0x3eb ..\obj\can.o
 .debug_line    0x00003a21      0x557 ..\obj\stm32f10x_rcc.o
 .debug_line    0x00003f78      0x39d ..\obj\gpio.o
 .debug_line    0x00004315      0x53e ..\obj\stm32f10x_usart.o
 .debug_line    0x00004853      0x3bb ..\obj\canNodeValve.o
 .debug_line    0x00004c0e      0x210 ..\obj\syscalls.o
 .debug_line    0x00004e1e      0x416 ..\obj\canNodePulse.o
 .debug_line    0x00005234      0x2cf ..\obj\misc.o
 .debug_line    0x00005503      0x4b9 ..\obj\stm32f10x_spi.o
 .debug_line    0x000059bc      0x601 ..\obj\usart.o
 .debug_line    0x00005fbd      0x27b ..\obj\stm32f10x_iwdg.o

.debug_str      0x00000000     0x4c4d
 .debug_str     0x00000000      0x800 ..\obj\canNodeEncoder.o
                                0x916 (size before relaxing)
 .debug_str     0x00000800      0x4de ..\obj\spi.o
                                0x73c (size before relaxing)
 .debug_str     0x00000cde      0xb36 ..\obj\stm32f10x_tim.o
                                0xe07 (size before relaxing)
 .debug_str     0x00001814      0x163 ..\obj\util.o
                                0x2ea (size before relaxing)
 .debug_str     0x00001977      0x186 ..\obj\system_stm32f10x.o
                                0x319 (size before relaxing)
 .debug_str     0x00001afd      0x11e ..\obj\canMotorDriver.o
                                0x5c2 (size before relaxing)
 .debug_str     0x00001c1b      0x8d8 ..\obj\tim.o
                               0x13c6 (size before relaxing)
 .debug_str     0x000024f3       0xd2 ..\obj\startup_stm32f10x_md.o
                                0x169 (size before relaxing)
 .debug_str     0x000025c5      0x449 ..\obj\stm32f10x_can.o
                                0x758 (size before relaxing)
 .debug_str     0x00002a0e      0x2c9 ..\obj\stm32f10x_gpio.o
                                0x543 (size before relaxing)
 .debug_str     0x00002cd7      0x77f ..\obj\main.o
                               0x1260 (size before relaxing)
 .debug_str     0x00003456      0x1b1 ..\obj\system.o
                                0xac7 (size before relaxing)
 .debug_str     0x00003607      0x172 ..\obj\can.o
                                0xc26 (size before relaxing)
 .debug_str     0x00003779      0x40a ..\obj\stm32f10x_rcc.o
                                0x644 (size before relaxing)
 .debug_str     0x00003b83      0x141 ..\obj\gpio.o
                                0x57f (size before relaxing)
 .debug_str     0x00003cc4      0x42c ..\obj\stm32f10x_usart.o
                                0x6ba (size before relaxing)
 .debug_str     0x000040f0       0x72 ..\obj\canNodeValve.o
                                0x73a (size before relaxing)
 .debug_str     0x00004162      0x1a0 ..\obj\syscalls.o
                                0x376 (size before relaxing)
 .debug_str     0x00004302       0x72 ..\obj\canNodePulse.o
                                0xb33 (size before relaxing)
 .debug_str     0x00004374      0x12d ..\obj\misc.o
                                0x3e8 (size before relaxing)
 .debug_str     0x000044a1      0x2e7 ..\obj\stm32f10x_spi.o
                                0x627 (size before relaxing)
 .debug_str     0x00004788      0x3c3 ..\obj\usart.o
                                0xe2d (size before relaxing)
 .debug_str     0x00004b4b      0x102 ..\obj\stm32f10x_iwdg.o
                                0x286 (size before relaxing)

.comment        0x00000000       0x6e
 .comment       0x00000000       0x6e ..\obj\canNodeEncoder.o
                                 0x6f (size before relaxing)
 .comment       0x0000006e       0x6f ..\obj\spi.o
 .comment       0x0000006e       0x6f ..\obj\stm32f10x_tim.o
 .comment       0x0000006e       0x6f ..\obj\util.o
 .comment       0x0000006e       0x6f ..\obj\system_stm32f10x.o
 .comment       0x0000006e       0x6f ..\obj\canMotorDriver.o
 .comment       0x0000006e       0x6f ..\obj\tim.o
 .comment       0x0000006e       0x6f ..\obj\startup_stm32f10x_md.o
 .comment       0x0000006e       0x6f ..\obj\stm32f10x_can.o
 .comment       0x0000006e       0x6f ..\obj\stm32f10x_gpio.o
 .comment       0x0000006e       0x6f ..\obj\main.o
 .comment       0x0000006e       0x6f ..\obj\system.o
 .comment       0x0000006e       0x6f ..\obj\can.o
 .comment       0x0000006e       0x6f ..\obj\stm32f10x_rcc.o
 .comment       0x0000006e       0x6f ..\obj\gpio.o
 .comment       0x0000006e       0x6f ..\obj\stm32f10x_usart.o
 .comment       0x0000006e       0x6f ..\obj\canNodeValve.o
 .comment       0x0000006e       0x6f ..\obj\syscalls.o
 .comment       0x0000006e       0x6f ..\obj\canNodePulse.o
 .comment       0x0000006e       0x6f ..\obj\misc.o
 .comment       0x0000006e       0x6f ..\obj\stm32f10x_spi.o
 .comment       0x0000006e       0x6f ..\obj\usart.o
 .comment       0x0000006e       0x6f ..\obj\stm32f10x_iwdg.o

.ARM.attributes
                0x00000000       0x31
 .ARM.attributes
                0x00000000       0x33 ..\obj\canNodeEncoder.o
 .ARM.attributes
                0x00000033       0x33 ..\obj\spi.o
 .ARM.attributes
                0x00000066       0x33 ..\obj\stm32f10x_tim.o
 .ARM.attributes
                0x00000099       0x33 ..\obj\util.o
 .ARM.attributes
                0x000000cc       0x33 ..\obj\system_stm32f10x.o
 .ARM.attributes
                0x000000ff       0x33 ..\obj\canMotorDriver.o
 .ARM.attributes
                0x00000132       0x33 ..\obj\tim.o
 .ARM.attributes
                0x00000165       0x33 ..\obj\startup_stm32f10x_md.o
 .ARM.attributes
                0x00000198       0x33 ..\obj\stm32f10x_can.o
 .ARM.attributes
                0x000001cb       0x33 ..\obj\stm32f10x_gpio.o
 .ARM.attributes
                0x000001fe       0x33 ..\obj\main.o
 .ARM.attributes
                0x00000231       0x33 ..\obj\system.o
 .ARM.attributes
                0x00000264       0x33 ..\obj\can.o
 .ARM.attributes
                0x00000297       0x33 ..\obj\stm32f10x_rcc.o
 .ARM.attributes
                0x000002ca       0x33 ..\obj\gpio.o
 .ARM.attributes
                0x000002fd       0x33 ..\obj\stm32f10x_usart.o
 .ARM.attributes
                0x00000330       0x33 ..\obj\canNodeValve.o
 .ARM.attributes
                0x00000363       0x33 ..\obj\syscalls.o
 .ARM.attributes
                0x00000396       0x33 ..\obj\canNodePulse.o
 .ARM.attributes
                0x000003c9       0x33 ..\obj\misc.o
 .ARM.attributes
                0x000003fc       0x33 ..\obj\stm32f10x_spi.o
 .ARM.attributes
                0x0000042f       0x33 ..\obj\usart.o
 .ARM.attributes
                0x00000462       0x33 ..\obj\stm32f10x_iwdg.o
 .ARM.attributes
                0x00000495       0x1d c:/program files (x86)/gnu tools arm embedded/5.4 2016q3/bin/../lib/gcc/arm-none-eabi/5.4.1/armv7-m\libgcc.a(_arm_addsubdf3.o)
 .ARM.attributes
                0x000004b2       0x1d c:/program files (x86)/gnu tools arm embedded/5.4 2016q3/bin/../lib/gcc/arm-none-eabi/5.4.1/armv7-m\libgcc.a(_arm_muldivdf3.o)
 .ARM.attributes
                0x000004cf       0x1d c:/program files (x86)/gnu tools arm embedded/5.4 2016q3/bin/../lib/gcc/arm-none-eabi/5.4.1/armv7-m\libgcc.a(_arm_addsubsf3.o)
 .ARM.attributes
                0x000004ec       0x1d c:/program files (x86)/gnu tools arm embedded/5.4 2016q3/bin/../lib/gcc/arm-none-eabi/5.4.1/armv7-m\libgcc.a(_arm_muldivsf3.o)
 .ARM.attributes
                0x00000509       0x1d c:/program files (x86)/gnu tools arm embedded/5.4 2016q3/bin/../lib/gcc/arm-none-eabi/5.4.1/armv7-m\libgcc.a(_arm_fixsfsi.o)
 .ARM.attributes
                0x00000526       0x1d c:/program files (x86)/gnu tools arm embedded/5.4 2016q3/bin/../lib/gcc/arm-none-eabi/5.4.1/armv7-m\libgcc.a(_aeabi_uldivmod.o)
 .ARM.attributes
                0x00000543       0x2d c:/program files (x86)/gnu tools arm embedded/5.4 2016q3/bin/../lib/gcc/arm-none-eabi/5.4.1/armv7-m\libgcc.a(_udivmoddi4.o)
 .ARM.attributes
                0x00000570       0x1d c:/program files (x86)/gnu tools arm embedded/5.4 2016q3/bin/../lib/gcc/arm-none-eabi/5.4.1/armv7-m\libgcc.a(_dvmd_tls.o)
 .ARM.attributes
                0x0000058d       0x2d c:/program files (x86)/gnu tools arm embedded/5.4 2016q3/bin/../lib/gcc/arm-none-eabi/5.4.1/../../../../arm-none-eabi/lib/armv7-m\libg.a(lib_a-mallocr.o)
 .ARM.attributes
                0x000005ba       0x1b c:/program files (x86)/gnu tools arm embedded/5.4 2016q3/bin/../lib/gcc/arm-none-eabi/5.4.1/../../../../arm-none-eabi/lib/armv7-m\libg.a(lib_a-memcpy.o)
 .ARM.attributes
                0x000005d5       0x2d c:/program files (x86)/gnu tools arm embedded/5.4 2016q3/bin/../lib/gcc/arm-none-eabi/5.4.1/../../../../arm-none-eabi/lib/armv7-m\libg.a(lib_a-mlock.o)
 .ARM.attributes
                0x00000602       0x2d c:/program files (x86)/gnu tools arm embedded/5.4 2016q3/bin/../lib/gcc/arm-none-eabi/5.4.1/../../../../arm-none-eabi/lib/armv7-m\libg.a(lib_a-sbrkr.o)
 .ARM.attributes
                0x0000062f       0x2d c:/program files (x86)/gnu tools arm embedded/5.4 2016q3/bin/../lib/gcc/arm-none-eabi/5.4.1/../../../../arm-none-eabi/lib/armv7-m\libg.a(lib_a-vsprintf.o)
 .ARM.attributes
                0x0000065c       0x2d c:/program files (x86)/gnu tools arm embedded/5.4 2016q3/bin/../lib/gcc/arm-none-eabi/5.4.1/../../../../arm-none-eabi/lib/armv7-m\libg.a(lib_a-freer.o)
 .ARM.attributes
                0x00000689       0x2d c:/program files (x86)/gnu tools arm embedded/5.4 2016q3/bin/../lib/gcc/arm-none-eabi/5.4.1/../../../../arm-none-eabi/lib/armv7-m\libg.a(lib_a-impure.o)
 .ARM.attributes
                0x000006b6       0x2d c:/program files (x86)/gnu tools arm embedded/5.4 2016q3/bin/../lib/gcc/arm-none-eabi/5.4.1/../../../../arm-none-eabi/lib/armv7-m\libg.a(lib_a-reent.o)
 .ARM.attributes
                0x000006e3       0x2d c:/program files (x86)/gnu tools arm embedded/5.4 2016q3/bin/../lib/gcc/arm-none-eabi/5.4.1/../../../../arm-none-eabi/lib/armv7-m\libg.a(lib_a-svfprintf.o)
 .ARM.attributes
                0x00000710       0x2d c:/program files (x86)/gnu tools arm embedded/5.4 2016q3/bin/../lib/gcc/arm-none-eabi/5.4.1/../../../../arm-none-eabi/lib/armv7-m\libg.a(lib_a-dtoa.o)
 .ARM.attributes
                0x0000073d       0x2d c:/program files (x86)/gnu tools arm embedded/5.4 2016q3/bin/../lib/gcc/arm-none-eabi/5.4.1/../../../../arm-none-eabi/lib/armv7-m\libg.a(lib_a-localeconv.o)
 .ARM.attributes
                0x0000076a       0x2d c:/program files (x86)/gnu tools arm embedded/5.4 2016q3/bin/../lib/gcc/arm-none-eabi/5.4.1/../../../../arm-none-eabi/lib/armv7-m\libg.a(lib_a-memchr-stub.o)
 .ARM.attributes
                0x00000797       0x2d c:/program files (x86)/gnu tools arm embedded/5.4 2016q3/bin/../lib/gcc/arm-none-eabi/5.4.1/../../../../arm-none-eabi/lib/armv7-m\libg.a(lib_a-mprec.o)
 .ARM.attributes
                0x000007c4       0x2d c:/program files (x86)/gnu tools arm embedded/5.4 2016q3/bin/../lib/gcc/arm-none-eabi/5.4.1/../../../../arm-none-eabi/lib/armv7-m\libg.a(lib_a-strlen-stub.o)
 .ARM.attributes
                0x000007f1       0x2d c:/program files (x86)/gnu tools arm embedded/5.4 2016q3/bin/../lib/gcc/arm-none-eabi/5.4.1/../../../../arm-none-eabi/lib/armv7-m\libg.a(lib_a-svfiprintf.o)
 .ARM.attributes
                0x0000081e       0x2d c:/program files (x86)/gnu tools arm embedded/5.4 2016q3/bin/../lib/gcc/arm-none-eabi/5.4.1/../../../../arm-none-eabi/lib/armv7-m\libg.a(lib_a-callocr.o)
 .ARM.attributes
                0x0000084b       0x2d c:/program files (x86)/gnu tools arm embedded/5.4 2016q3/bin/../lib/gcc/arm-none-eabi/5.4.1/../../../../arm-none-eabi/lib/armv7-m\libg.a(lib_a-locale.o)
 .ARM.attributes
                0x00000878       0x2d c:/program files (x86)/gnu tools arm embedded/5.4 2016q3/bin/../lib/gcc/arm-none-eabi/5.4.1/../../../../arm-none-eabi/lib/armv7-m\libg.a(lib_a-mbtowc_r.o)
 .ARM.attributes
                0x000008a5       0x2d c:/program files (x86)/gnu tools arm embedded/5.4 2016q3/bin/../lib/gcc/arm-none-eabi/5.4.1/../../../../arm-none-eabi/lib/armv7-m\libg.a(lib_a-memmove.o)
 .ARM.attributes
                0x000008d2       0x2d c:/program files (x86)/gnu tools arm embedded/5.4 2016q3/bin/../lib/gcc/arm-none-eabi/5.4.1/../../../../arm-none-eabi/lib/armv7-m\libg.a(lib_a-memset.o)
 .ARM.attributes
                0x000008ff       0x2d c:/program files (x86)/gnu tools arm embedded/5.4 2016q3/bin/../lib/gcc/arm-none-eabi/5.4.1/../../../../arm-none-eabi/lib/armv7-m\libg.a(lib_a-reallocr.o)
 .ARM.attributes
                0x0000092c       0x2d c:/program files (x86)/gnu tools arm embedded/5.4 2016q3/bin/../lib/gcc/arm-none-eabi/5.4.1/../../../../arm-none-eabi/lib/armv7-m\libg.a(lib_a-wctomb_r.o)
 .ARM.attributes
                0x00000959       0x2d c:/program files (x86)/gnu tools arm embedded/5.4 2016q3/bin/../lib/gcc/arm-none-eabi/5.4.1/../../../../arm-none-eabi/lib/armv7-m\libg.a(lib_a-ctype_.o)
 .ARM.attributes