Archive member included to satisfy reference by file (symbol)

c:/program files (x86)/gnu tools arm embedded/5.4 2016q3/bin/../lib/gcc/arm-none-eabi/5.4.1/armv7-m\libgcc.a(_aeabi_uldivmod.o)
                              ..\obj\system.o (__aeabi_uldivmod)
c:/program files (x86)/gnu tools arm embedded/5.4 2016q3/bin/../lib/gcc/arm-none-eabi/5.4.1/armv7-m\libgcc.a(_udivmoddi4.o)
                              c:/program files (x86)/gnu tools arm embedded/5.4 2016q3/bin/../lib/gcc/arm-none-eabi/5.4.1/armv7-m\libgcc.a(_aeabi_uldivmod.o) (__udivmoddi4)
c:/program files (x86)/gnu tools arm embedded/5.4 2016q3/bin/../lib/gcc/arm-none-eabi/5.4.1/armv7-m\libgcc.a(unwind-arm.o)
                              ..\obj\spi.o (__aeabi_unwind_cpp_pr0)
c:/program files (x86)/gnu tools arm embedded/5.4 2016q3/bin/../lib/gcc/arm-none-eabi/5.4.1/armv7-m\libgcc.a(libunwind.o)
                              c:/program files (x86)/gnu tools arm embedded/5.4 2016q3/bin/../lib/gcc/arm-none-eabi/5.4.1/armv7-m\libgcc.a(unwind-arm.o) (restore_core_regs)
c:/program files (x86)/gnu tools arm embedded/5.4 2016q3/bin/../lib/gcc/arm-none-eabi/5.4.1/armv7-m\libgcc.a(pr-support.o)
                              c:/program files (x86)/gnu tools arm embedded/5.4 2016q3/bin/../lib/gcc/arm-none-eabi/5.4.1/armv7-m\libgcc.a(unwind-arm.o) (__gnu_unwind_execute)
c:/program files (x86)/gnu tools arm embedded/5.4 2016q3/bin/../lib/gcc/arm-none-eabi/5.4.1/armv7-m\libgcc.a(_dvmd_tls.o)
                              c:/program files (x86)/gnu tools arm embedded/5.4 2016q3/bin/../lib/gcc/arm-none-eabi/5.4.1/armv7-m\libgcc.a(_aeabi_uldivmod.o) (__aeabi_ldiv0)
c:/program files (x86)/gnu tools arm embedded/5.4 2016q3/bin/../lib/gcc/arm-none-eabi/5.4.1/../../../../arm-none-eabi/lib/armv7-m\libg.a(lib_a-memcpy.o)
                              c:/program files (x86)/gnu tools arm embedded/5.4 2016q3/bin/../lib/gcc/arm-none-eabi/5.4.1/armv7-m\libgcc.a(unwind-arm.o) (memcpy)
c:/program files (x86)/gnu tools arm embedded/5.4 2016q3/bin/../lib/gcc/arm-none-eabi/5.4.1/../../../../arm-none-eabi/lib/armv7-m\libg.a(lib_a-vsprintf.o)
                              ..\obj\usart.o (vsprintf)
c:/program files (x86)/gnu tools arm embedded/5.4 2016q3/bin/../lib/gcc/arm-none-eabi/5.4.1/../../../../arm-none-eabi/lib/armv7-m\libg.a(lib_a-impure.o)
                              c:/program files (x86)/gnu tools arm embedded/5.4 2016q3/bin/../lib/gcc/arm-none-eabi/5.4.1/../../../../arm-none-eabi/lib/armv7-m\libg.a(lib_a-vsprintf.o) (_impure_ptr)
c:/program files (x86)/gnu tools arm embedded/5.4 2016q3/bin/../lib/gcc/arm-none-eabi/5.4.1/../../../../arm-none-eabi/lib/armv7-m\libg.a(lib_a-svfprintf.o)
                              c:/program files (x86)/gnu tools arm embedded/5.4 2016q3/bin/../lib/gcc/arm-none-eabi/5.4.1/../../../../arm-none-eabi/lib/armv7-m\libg.a(lib_a-vsprintf.o) (_svfprintf_r)
c:/program files (x86)/gnu tools arm embedded/5.4 2016q3/bin/../lib/gcc/arm-none-eabi/5.4.1/../../../../arm-none-eabi/lib/armv7-m\libg.a(lib_a-dtoa.o)
                              c:/program files (x86)/gnu tools arm embedded/5.4 2016q3/bin/../lib/gcc/arm-none-eabi/5.4.1/../../../../arm-none-eabi/lib/armv7-m\libg.a(lib_a-svfprintf.o) (_dtoa_r)
c:/program files (x86)/gnu tools arm embedded/5.4 2016q3/bin/../lib/gcc/arm-none-eabi/5.4.1/../../../../arm-none-eabi/lib/armv7-m\libg.a(lib_a-localeconv.o)
                              c:/program files (x86)/gnu tools arm embedded/5.4 2016q3/bin/../lib/gcc/arm-none-eabi/5.4.1/../../../../arm-none-eabi/lib/armv7-m\libg.a(lib_a-svfprintf.o) (_localeconv_r)
c:/program files (x86)/gnu tools arm embedded/5.4 2016q3/bin/../lib/gcc/arm-none-eabi/5.4.1/../../../../arm-none-eabi/lib/armv7-m\libg.a(lib_a-mallocr.o)
                              c:/program files (x86)/gnu tools arm embedded/5.4 2016q3/bin/../lib/gcc/arm-none-eabi/5.4.1/../../../../arm-none-eabi/lib/armv7-m\libg.a(lib_a-svfprintf.o) (_malloc_r)
c:/program files (x86)/gnu tools arm embedded/5.4 2016q3/bin/../lib/gcc/arm-none-eabi/5.4.1/../../../../arm-none-eabi/lib/armv7-m\libg.a(lib_a-memchr-stub.o)
                              c:/program files (x86)/gnu tools arm embedded/5.4 2016q3/bin/../lib/gcc/arm-none-eabi/5.4.1/../../../../arm-none-eabi/lib/armv7-m\libg.a(lib_a-svfprintf.o) (memchr)
c:/program files (x86)/gnu tools arm embedded/5.4 2016q3/bin/../lib/gcc/arm-none-eabi/5.4.1/../../../../arm-none-eabi/lib/armv7-m\libg.a(lib_a-mlock.o)
                              c:/program files (x86)/gnu tools arm embedded/5.4 2016q3/bin/../lib/gcc/arm-none-eabi/5.4.1/../../../../arm-none-eabi/lib/armv7-m\libg.a(lib_a-mallocr.o) (__malloc_lock)
c:/program files (x86)/gnu tools arm embedded/5.4 2016q3/bin/../lib/gcc/arm-none-eabi/5.4.1/../../../../arm-none-eabi/lib/armv7-m\libg.a(lib_a-mprec.o)
                              c:/program files (x86)/gnu tools arm embedded/5.4 2016q3/bin/../lib/gcc/arm-none-eabi/5.4.1/../../../../arm-none-eabi/lib/armv7-m\libg.a(lib_a-dtoa.o) (_Balloc)
[...]
Memory Configuration

Name             Origin             Length             Attributes
rom              0x08000000         0x00010000         xr
ram              0x20000000         0x00005000         xrw
*default*        0x00000000         0xffffffff

Linker script and memory map

                0x20005000                _eram = 0x20005000

.text           0x08000000     0x86b9
 *(.isr_vector)
 .isr_vector    0x08000000      0x10c ..\obj\startup_stm32f10x_md.o
                0x08000000                g_pfnVectors
 *(.text*)
 .text.SPI1_IRQHandler
                0x0800010c       0x50 ..\obj\spi.o
                0x0800010c                SPI1_IRQHandler
 .text.TIM_ClearITPendingBit
                0x0800015c       0x20 ..\obj\stm32f10x_tim.o
                0x0800015c                TIM_ClearITPendingBit
 .text._Z9IWDGSetupth
                0x0800017c       0x38 ..\obj\iwdg.o
                0x0800017c                IWDGSetup(unsigned short, unsigned char)
 .text._Z9IWDGResetv
                0x080001b4        0xc ..\obj\iwdg.o
                0x080001b4                IWDGReset()
 .text.SystemInit
                0x080001c0       0x68 ..\obj\system_stm32f10x.o
                0x080001c0                SystemInit
 .text.SetSysClock
                0x08000228        0xc ..\obj\system_stm32f10x.o
 .text.SetSysClockTo72
                0x08000234      0x100 ..\obj\system_stm32f10x.o
 .text._ZN3TIM4readEv
                0x08000334       0x90 ..\obj\tim.o
                0x08000334                TIM::read()
 .text._ZN3TIM5resetEv
                0x080003c4       0x90 ..\obj\tim.o
                0x080003c4                TIM::reset()
 .text._ZN3TIM7reverseEa
                0x08000454       0x1c ..\obj\tim.o
                0x08000454                TIM::reverse(signed char)
 .text._Z8TIM1Readv
                0x08000470       0x24 ..\obj\tim.o
                0x08000470                TIM1Read()
 .text._Z8TIM2Readv
                0x08000494       0x24 ..\obj\tim.o
                0x08000494                TIM2Read()
 .text._Z8TIM3Readv
                0x080004b8       0x24 ..\obj\tim.o
                0x080004b8                TIM3Read()
 .text._Z8TIM4Readv
                0x080004dc       0x24 ..\obj\tim.o
                0x080004dc                TIM4Read()
 .text._Z16TIM1_ENCODER_IRQv
                0x08000500       0x40 ..\obj\tim.o
                0x08000500                TIM1_ENCODER_IRQ()
 .text._Z16TIM2_ENCODER_IRQv
                0x08000540       0x3c ..\obj\tim.o
                0x08000540                TIM2_ENCODER_IRQ()
 .text._Z16TIM3_ENCODER_IRQv
                0x0800057c       0x40 ..\obj\tim.o
                0x0800057c                TIM3_ENCODER_IRQ()
 .text._Z16TIM4_ENCODER_IRQv
                0x080005bc       0x40 ..\obj\tim.o
                0x080005bc                TIM4_ENCODER_IRQ()
 .text._Z19TIM1_TIM_Update_IRQv
                0x080005fc       0x1c ..\obj\tim.o
                0x080005fc                TIM1_TIM_Update_IRQ()
 .text._Z19TIM2_TIM_Update_IRQv
                0x08000618       0x1c ..\obj\tim.o
                0x08000618                TIM2_TIM_Update_IRQ()
 .text._Z19TIM3_TIM_Update_IRQv
                0x08000634       0x1c ..\obj\tim.o
                0x08000634                TIM3_TIM_Update_IRQ()
 .text._Z19TIM4_TIM_Update_IRQv
                0x08000650       0x1c ..\obj\tim.o
                0x08000650                TIM4_TIM_Update_IRQ()
 .text.TIM1_UP_IRQHandler
                0x0800066c       0x40 ..\obj\tim.o
                0x0800066c                TIM1_UP_IRQHandler
 .text.TIM2_IRQHandler
                0x080006ac       0x54 ..\obj\tim.o
                0x080006ac                TIM2_IRQHandler
 .text.TIM3_IRQHandler
                0x08000700       0x50 ..\obj\tim.o
                0x08000700                TIM3_IRQHandler
 .text.TIM4_IRQHandler
                0x08000750       0x50 ..\obj\tim.o
                0x08000750                TIM4_IRQHandler
 .text.Default_Reset_Handler
                0x080007a0       0x60 ..\obj\startup_stm32f10x_md.o
                0x080007a0                Default_Reset_Handler
                0x080007a0                Reset_Handler
 .text.Default_Handler
                0x08000800        0x8 ..\obj\startup_stm32f10x_md.o
                0x08000800                EXTI2_IRQHandler
                0x08000800                DebugMon_Handler
                0x08000800                TIM1_CC_IRQHandler
                0x08000800                HardFault_Handler
                0x08000800                PVD_IRQHandler
                0x08000800                PendSV_Handler
                0x08000800                NMI_Handler
                0x08000800                EXTI3_IRQHandler
                0x08000800                EXTI0_IRQHandler
                0x08000800                I2C2_EV_IRQHandler
                0x08000800                UsageFault_Handler
                0x08000800                ADC1_2_IRQHandler
                0x08000800                TAMPER_IRQHandler
                0x08000800                DMA1_Channel4_IRQHandler
                0x08000800                RTC_IRQHandler
                0x08000800                DMA1_Channel7_IRQHandler
                0x08000800                CAN1_RX1_IRQHandler
                0x08000800                I2C1_EV_IRQHandler
                0x08000800                DMA1_Channel6_IRQHandler
                0x08000800                RCC_IRQHandler
                0x08000800                TIM1_TRG_COM_IRQHandler
                0x08000800                DMA1_Channel1_IRQHandler
                0x08000800                EXTI15_10_IRQHandler
                0x08000800                EXTI9_5_IRQHandler
                0x08000800                SPI2_IRQHandler
                0x08000800                MemManage_Handler
                0x08000800                SVC_Handler
                0x08000800                DMA1_Channel5_IRQHandler
                0x08000800                EXTI4_IRQHandler
                0x08000800                USB_HP_CAN1_TX_IRQHandler
                0x08000800                DMA1_Channel3_IRQHandler
                0x08000800                WWDG_IRQHandler
                0x08000800                TIM1_BRK_IRQHandler
                0x08000800                EXTI1_IRQHandler
                0x08000800                RTCAlarm_IRQHandler
                0x08000800                I2C2_ER_IRQHandler
                0x08000800                DMA1_Channel2_IRQHandler
                0x08000800                CAN1_SCE_IRQHandler
                0x08000800                FLASH_IRQHandler
                0x08000800                BusFault_Handler
                0x08000800                I2C1_ER_IRQHandler
                0x08000800                USBWakeUp_IRQHandler
 .text.CAN_DeInit
                0x08000808       0x48 ..\obj\stm32f10x_can.o
                0x08000808                CAN_DeInit
 .text.CAN_Init
                0x08000850      0x1a0 ..\obj\stm32f10x_can.o
                0x08000850                CAN_Init
 .text.CAN_FilterInit
                0x080009f0      0x174 ..\obj\stm32f10x_can.o
                0x080009f0                CAN_FilterInit
 .text.CAN_StructInit
                0x08000b64       0x54 ..\obj\stm32f10x_can.o
                0x08000b64                CAN_StructInit
 .text.CAN_Transmit
                0x08000bb8      0x194 ..\obj\stm32f10x_can.o
                0x08000bb8                CAN_Transmit
 .text.CAN_Receive
                0x08000d4c      0x174 ..\obj\stm32f10x_can.o
                0x08000d4c                CAN_Receive
 .text.CAN_ITConfig
                0x08000ec0       0x3c ..\obj\stm32f10x_can.o
                0x08000ec0                CAN_ITConfig
 .text.GPIO_Init
                0x08000efc      0x178 ..\obj\stm32f10x_gpio.o
                0x08000efc                GPIO_Init
 .text.GPIO_StructInit
                0x08001074       0x28 ..\obj\stm32f10x_gpio.o
                0x08001074                GPIO_StructInit
 .text.GPIO_ReadOutputDataBit
                0x0800109c       0x34 ..\obj\stm32f10x_gpio.o
                0x0800109c                GPIO_ReadOutputDataBit
 .text.GPIO_WriteBit
                0x080010d0       0x30 ..\obj\stm32f10x_gpio.o
                0x080010d0                GPIO_WriteBit
 .text._ZN4GPIOC2Ev
                0x08001100       0x14 ..\obj\main.o
                0x08001100                GPIO::GPIO()
                0x08001100                GPIO::GPIO()
 .text._ZN3LedC2Ev
                0x08001114       0x2c ..\obj\main.o
                0x08001114                Led::Led()
                0x08001114                Led::Led()
 .text._ZN4PORTC2Ev
                0x08001140       0x1c ..\obj\main.o
                0x08001140                PORT::PORT()
                0x08001140                PORT::PORT()
 .text._ZN5Port0C2Ev
                0x0800115c       0xb0 ..\obj\main.o
                0x0800115c                Port0::Port0()
                0x0800115c                Port0::Port0()
 .text.main     0x0800120c      0x2e0 ..\obj\main.o
                0x0800120c                main
 .text.USB_LP_CAN1_RX0_IRQHandler
                0x080014ec      0x1b0 ..\obj\main.o
                0x080014ec                USB_LP_CAN1_RX0_IRQHandler
 .text._Z41__static_initialization_and_destruction_0ii
                0x0800169c       0x2c ..\obj\main.o
 .text._GLOBAL__sub_I_rxFlag
                0x080016c8       0x10 ..\obj\main.o
 .text.NVIC_SetPriority
                0x080016d8       0x54 ..\obj\system.o
 .text.SysTick_Config
                0x0800172c       0x44 ..\obj\system.o
 .text._Z5setupv
                0x08001770       0x24 ..\obj\system.o
                0x08001770                setup()
 .text._Z6microsv
                0x08001794       0x2c ..\obj\system.o
                0x08001794                micros()
 .text._Z6millisv
                0x080017c0       0x20 ..\obj\system.o
                0x080017c0                millis()
 .text.SysTick_Handler
                0x080017e0       0x20 ..\obj\system.o
                0x080017e0                SysTick_Handler
 .text._ZN3CAN5setupEP11CAN_TypeDef
                0x08001800       0x2c ..\obj\can.o
                0x08001800                CAN::setup(CAN_TypeDef*)
 .text._ZN3CAN9filterAddEtttt
                0x0800182c       0x30 ..\obj\can.o
                0x0800182c                CAN::filterAdd(unsigned short, unsigned short, unsigned short, unsigned short)
 .text._ZN3CAN7receiveEP8CanRxMsg
                0x0800185c       0x2c ..\obj\can.o
                0x0800185c                CAN::receive(CanRxMsg*)
 .text._Z9CAN1Setupv
                0x08001888       0x80 ..\obj\can.o
                0x08001888                CAN1Setup()
 .text._Z8CAN1SendthPh
                0x08001908       0x74 ..\obj\can.o
                0x08001908                CAN1Send(unsigned short, unsigned char, unsigned char*)
 .text._Z12CANFilterAddtttt
                0x0800197c       0x84 ..\obj\can.o
                0x0800197c                CANFilterAdd(unsigned short, unsigned short, unsigned short, unsigned short)
 .text.RCC_GetClocksFreq
                0x08001a00      0x160 ..\obj\stm32f10x_rcc.o
                0x08001a00                RCC_GetClocksFreq
 .text.RCC_APB2PeriphClockCmd
                0x08001b60       0x3c ..\obj\stm32f10x_rcc.o
                0x08001b60                RCC_APB2PeriphClockCmd
 .text.RCC_APB1PeriphClockCmd
                0x08001b9c       0x3c ..\obj\stm32f10x_rcc.o
                0x08001b9c                RCC_APB1PeriphClockCmd
 .text.RCC_APB1PeriphResetCmd
                0x08001bd8       0x3c ..\obj\stm32f10x_rcc.o
                0x08001bd8                RCC_APB1PeriphResetCmd
 .text._ZN4GPIO5setupEP12GPIO_TypeDeft16GPIOMode_TypeDef
                0x08001c14       0x7c ..\obj\gpio.o
                0x08001c14                GPIO::setup(GPIO_TypeDef*, unsigned short, GPIOMode_TypeDef)
 .text._ZN4GPIO5writeE9BitAction
                0x08001c90       0x28 ..\obj\gpio.o
                0x08001c90                GPIO::write(BitAction)
 .text._ZN4GPIO6toggleEv
                0x08001cb8       0x20 ..\obj\gpio.o
                0x08001cb8                GPIO::toggle()
 .text._Z9pinToggleP12GPIO_TypeDeft
                0x08001cd8       0x48 ..\obj\gpio.o
                0x08001cd8                pinToggle(GPIO_TypeDef*, unsigned short)
 .text.USART_Init
                0x08001d20      0x174 ..\obj\stm32f10x_usart.o
                0x08001d20                USART_Init
 .text.USART_StructInit
                0x08001e94       0x38 ..\obj\stm32f10x_usart.o
                0x08001e94                USART_StructInit
 .text.USART_Cmd
                0x08001ecc       0x40 ..\obj\stm32f10x_usart.o
                0x08001ecc                USART_Cmd
 .text.USART_ITConfig
                0x08001f0c       0x90 ..\obj\stm32f10x_usart.o
                0x08001f0c                USART_ITConfig
 .text.USART_SendData
                0x08001f9c       0x24 ..\obj\stm32f10x_usart.o
                0x08001f9c                USART_SendData
 .text.USART_ReceiveData
                0x08001fc0       0x20 ..\obj\stm32f10x_usart.o
                0x08001fc0                USART_ReceiveData
 .text.USART_GetITStatus
                0x08001fe0       0xb4 ..\obj\stm32f10x_usart.o
                0x08001fe0                USART_GetITStatus
 .text._sbrk    0x08002094       0x3c ..\obj\syscalls.o
                0x08002094                _sbrk
 .text.abort    0x080020d0        0x8 ..\obj\syscalls.o
                0x080020d0                abort
 .text._ZN4PORT6toggleEv
                0x080020d8       0x44 ..\obj\port.o
                0x080020d8                PORT::toggle()
 .text.NVIC_Init
                0x0800211c       0xc4 ..\obj\misc.o
                0x0800211c                NVIC_Init
 .text.SPI_I2S_GetITStatus
                0x080021e0       0x74 ..\obj\stm32f10x_spi.o
                0x080021e0                SPI_I2S_GetITStatus
 .text.SPI_I2S_ClearITPendingBit
                0x08002254       0x34 ..\obj\stm32f10x_spi.o
                0x08002254                SPI_I2S_ClearITPendingBit
 .text._ZN5USART4putsEPKc
                0x08002288       0x3c ..\obj\usart.o
                0x08002288                USART::puts(char const*)
 .text._ZN5USART6printfEPKcz
                0x080022c4       0x40 ..\obj\usart.o
                0x080022c4                USART::printf(char const*, ...)
 .text._ZN5USART5setupEP13USART_TypeDefm
                0x08002304       0xb0 ..\obj\usart.o
                0x08002304                USART::setup(USART_TypeDef*, unsigned long)
 .text._ZN5USART4sendEc
                0x080023b4      0x17c ..\obj\usart.o
                0x080023b4                USART::send(char)
 .text._Z11USART1Setupm
                0x08002530       0x54 ..\obj\usart.o
                0x08002530                USART1Setup(unsigned long)
 .text._Z11USART2Setupm
                0x08002584       0x54 ..\obj\usart.o
                0x08002584                USART2Setup(unsigned long)
 .text._Z11USART3Setupm
                0x080025d8       0x54 ..\obj\usart.o
                0x080025d8                USART3Setup(unsigned long)
 .text._Z13USART1ITSetupt
                0x0800262c       0x38 ..\obj\usart.o
                0x0800262c                USART1ITSetup(unsigned short)
 .text._Z13USART2ITSetupt
                0x08002664       0x38 ..\obj\usart.o
                0x08002664                USART2ITSetup(unsigned short)
 .text._Z13USART3ITSetupt
                0x0800269c       0x38 ..\obj\usart.o
                0x0800269c                USART3ITSetup(unsigned short)
 .text.USART1_IRQHandler
                0x080026d4       0xe8 ..\obj\usart.o
                0x080026d4                USART1_IRQHandler
 .text.USART2_IRQHandler
                0x080027bc       0xe8 ..\obj\usart.o
                0x080027bc                USART2_IRQHandler
 .text.USART3_IRQHandler
                0x080028a4       0xe8 ..\obj\usart.o
                0x080028a4                USART3_IRQHandler
 .text.IWDG_WriteAccessCmd
                0x0800298c       0x20 ..\obj\stm32f10x_iwdg.o
                0x0800298c                IWDG_WriteAccessCmd
 .text.IWDG_SetPrescaler
                0x080029ac       0x20 ..\obj\stm32f10x_iwdg.o
                0x080029ac                IWDG_SetPrescaler
 .text.IWDG_SetReload
                0x080029cc       0x20 ..\obj\stm32f10x_iwdg.o
                0x080029cc                IWDG_SetReload
 .text.IWDG_ReloadCounter
                0x080029ec       0x18 ..\obj\stm32f10x_iwdg.o
                0x080029ec                IWDG_ReloadCounter
 .text.IWDG_Enable
                0x08002a04       0x18 ..\obj\stm32f10x_iwdg.o
                0x08002a04                IWDG_Enable
 .text          0x08002a1c       0x30 c:/program files (x86)/gnu tools arm embedded/5.4 2016q3/bin/../lib/gcc/arm-none-eabi/5.4.1/armv7-m\libgcc.a(_aeabi_uldivmod.o)
                0x08002a1c                __aeabi_uldivmod
 .text          0x08002a4c      0x2ec c:/program files (x86)/gnu tools arm embedded/5.4 2016q3/bin/../lib/gcc/arm-none-eabi/5.4.1/armv7-m\libgcc.a(_udivmoddi4.o)
                0x08002a4c                __udivmoddi4
 .text          0x08002d38      0x9e4 c:/program files (x86)/gnu tools arm embedded/5.4 2016q3/bin/../lib/gcc/arm-none-eabi/5.4.1/armv7-m\libgcc.a(unwind-arm.o)
                0x08002ff8                _Unwind_GetCFA
                0x08002ffc                __gnu_Unwind_RaiseException
                0x0800305c                __gnu_Unwind_ForcedUnwind
                0x08003070                __gnu_Unwind_Resume
                0x080030b4                __gnu_Unwind_Resume_or_Rethrow
                0x080030c8                _Unwind_Complete
                0x080030cc                _Unwind_DeleteException
                0x080030d8                _Unwind_VRS_Get
                0x08003124                _Unwind_VRS_Set
                0x08003174                __gnu_Unwind_Backtrace
                0x080034c0                __aeabi_unwind_cpp_pr0
                0x080034c4                __aeabi_unwind_cpp_pr1
                0x080034c8                __aeabi_unwind_cpp_pr2
                0x080034cc                _Unwind_VRS_Pop
 .text          0x0800371c      0x1ac c:/program files (x86)/gnu tools arm embedded/5.4 2016q3/bin/../lib/gcc/arm-none-eabi/5.4.1/armv7-m\libgcc.a(libunwind.o)
                0x0800371c                __restore_core_regs
                0x0800371c                restore_core_regs
                0x08003734                __gnu_Unwind_Restore_VFP
                0x0800373c                __gnu_Unwind_Save_VFP
                0x08003744                __gnu_Unwind_Restore_VFP_D
                0x0800374c                __gnu_Unwind_Save_VFP_D
                0x08003754                __gnu_Unwind_Restore_VFP_D_16_to_31
                0x0800375c                __gnu_Unwind_Save_VFP_D_16_to_31
                0x08003764                __gnu_Unwind_Restore_WMMXD
                0x080037a8                __gnu_Unwind_Save_WMMXD
                0x080037ec                __gnu_Unwind_Restore_WMMXC
                0x08003800                __gnu_Unwind_Save_WMMXC
                0x08003814                ___Unwind_RaiseException
                0x08003814                _Unwind_RaiseException
                0x08003838                _Unwind_Resume
                0x08003838                ___Unwind_Resume
                0x0800385c                _Unwind_Resume_or_Rethrow
                0x0800385c                ___Unwind_Resume_or_Rethrow
                0x08003880                _Unwind_ForcedUnwind
                0x08003880                ___Unwind_ForcedUnwind
                0x080038a4                ___Unwind_Backtrace
                0x080038a4                _Unwind_Backtrace
 .text          0x080038c8      0x354 c:/program files (x86)/gnu tools arm embedded/5.4 2016q3/bin/../lib/gcc/arm-none-eabi/5.4.1/armv7-m\libgcc.a(pr-support.o)
                0x08003920                __gnu_unwind_execute
                0x08003bc4                __gnu_unwind_frame
                0x08003bec                _Unwind_GetRegionStart
                0x08003bf8                _Unwind_GetLanguageSpecificData
                0x08003c0c                _Unwind_GetTextRelBase
                0x08003c14                _Unwind_GetDataRelBase
 .text          0x08003c1c        0x4 c:/program files (x86)/gnu tools arm embedded/5.4 2016q3/bin/../lib/gcc/arm-none-eabi/5.4.1/armv7-m\libgcc.a(_dvmd_tls.o)
                0x08003c1c                __aeabi_idiv0
                0x08003c1c                __aeabi_ldiv0
 .text          0x08003c20       0xec c:/program files (x86)/gnu tools arm embedded/5.4 2016q3/bin/../lib/gcc/arm-none-eabi/5.4.1/../../../../arm-none-eabi/lib/armv7-m\libg.a(lib_a-memcpy.o)
                0x08003c20                memcpy
 .text._vsprintf_r
                0x08003d0c       0x34 c:/program files (x86)/gnu tools arm embedded/5.4 2016q3/bin/../lib/gcc/arm-none-eabi/5.4.1/../../../../arm-none-eabi/lib/armv7-m\libg.a(lib_a-vsprintf.o)
                0x08003d0c                _vsprintf_r
 .text.vsprintf
                0x08003d40       0x18 c:/program files (x86)/gnu tools arm embedded/5.4 2016q3/bin/../lib/gcc/arm-none-eabi/5.4.1/../../../../arm-none-eabi/lib/armv7-m\libg.a(lib_a-vsprintf.o)
                0x08003d40                vsprintf
 .text._svfprintf_r
                0x08003d58     0x1760 c:/program files (x86)/gnu tools arm embedded/5.4 2016q3/bin/../lib/gcc/arm-none-eabi/5.4.1/../../../../arm-none-eabi/lib/armv7-m\libg.a(lib_a-svfprintf.o)
                0x08003d58                _svfprintf_r
 .text.quorem   0x080054b8      0x12c c:/program files (x86)/gnu tools arm embedded/5.4 2016q3/bin/../lib/gcc/arm-none-eabi/5.4.1/../../../../arm-none-eabi/lib/armv7-m\libg.a(lib_a-dtoa.o)
 *fill*         0x080055e4        0x4 
 .text._dtoa_r  0x080055e8      0xe4c c:/program files (x86)/gnu tools arm embedded/5.4 2016q3/bin/../lib/gcc/arm-none-eabi/5.4.1/../../../../arm-none-eabi/lib/armv7-m\libg.a(lib_a-dtoa.o)
                0x080055e8                _dtoa_r
 .text._localeconv_r
                0x08006434       0x1c c:/program files (x86)/gnu tools arm embedded/5.4 2016q3/bin/../lib/gcc/arm-none-eabi/5.4.1/../../../../arm-none-eabi/lib/armv7-m\libg.a(lib_a-localeconv.o)
                0x08006434                _localeconv_r
 .text._malloc_r
                0x08006450      0x558 c:/program files (x86)/gnu tools arm embedded/5.4 2016q3/bin/../lib/gcc/arm-none-eabi/5.4.1/../../../../arm-none-eabi/lib/armv7-m\libg.a(lib_a-mallocr.o)
                0x08006450                _malloc_r
 .text.memchr   0x080069a8       0x8c c:/program files (x86)/gnu tools arm embedded/5.4 2016q3/bin/../lib/gcc/arm-none-eabi/5.4.1/../../../../arm-none-eabi/lib/armv7-m\libg.a(lib_a-memchr-stub.o)
                0x080069a8                memchr
 .text.__malloc_lock
                0x08006a34        0x4 c:/program files (x86)/gnu tools arm embedded/5.4 2016q3/bin/../lib/gcc/arm-none-eabi/5.4.1/../../../../arm-none-eabi/lib/armv7-m\libg.a(lib_a-mlock.o)
                0x08006a34                __malloc_lock
 .text.__malloc_unlock
                0x08006a38        0x4 c:/program files (x86)/gnu tools arm embedded/5.4 2016q3/bin/../lib/gcc/arm-none-eabi/5.4.1/../../../../arm-none-eabi/lib/armv7-m\libg.a(lib_a-mlock.o)
                0x08006a38                __malloc_unlock
 .text._Balloc  0x08006a3c       0x50 c:/program files (x86)/gnu tools arm embedded/5.4 2016q3/bin/../lib/gcc/arm-none-eabi/5.4.1/../../../../arm-none-eabi/lib/armv7-m\libg.a(lib_a-mprec.o)
                0x08006a3c                _Balloc
 .text._Bfree   0x08006a8c       0x14 c:/program files (x86)/gnu tools arm embedded/5.4 2016q3/bin/../lib/gcc/arm-none-eabi/5.4.1/../../../../arm-none-eabi/lib/armv7-m\libg.a(lib_a-mprec.o)
                0x08006a8c                _Bfree
 .text.__multadd
                0x08006aa0       0x80 c:/program files (x86)/gnu tools arm embedded/5.4 2016q3/bin/../lib/gcc/arm-none-eabi/5.4.1/../../../../arm-none-eabi/lib/armv7-m\libg.a(lib_a-mprec.o)
                0x08006aa0                __multadd
 .text.__hi0bits
                0x08006b20       0x40 c:/program files (x86)/gnu tools arm embedded/5.4 2016q3/bin/../lib/gcc/arm-none-eabi/5.4.1/../../../../arm-none-eabi/lib/armv7-m\libg.a(lib_a-mprec.o)
                0x08006b20                __hi0bits
 .text.__lo0bits
                0x08006b60       0x5c c:/program files (x86)/gnu tools arm embedded/5.4 2016q3/bin/../lib/gcc/arm-none-eabi/5.4.1/../../../../arm-none-eabi/lib/armv7-m\libg.a(lib_a-mprec.o)
                0x08006b60                __lo0bits
 .text.__i2b    0x08006bbc       0x14 c:/program files (x86)/gnu tools arm embedded/5.4 2016q3/bin/../lib/gcc/arm-none-eabi/5.4.1/../../../../arm-none-eabi/lib/armv7-m\libg.a(lib_a-mprec.o)
                0x08006bbc                __i2b
 .text.__multiply
                0x08006bd0      0x13c c:/program files (x86)/gnu tools arm embedded/5.4 2016q3/bin/../lib/gcc/arm-none-eabi/5.4.1/../../../../arm-none-eabi/lib/armv7-m\libg.a(lib_a-mprec.o)
                0x08006bd0                __multiply
 .text.__pow5mult
                0x08006d0c       0xa0 c:/program files (x86)/gnu tools arm embedded/5.4 2016q3/bin/../lib/gcc/arm-none-eabi/5.4.1/../../../../arm-none-eabi/lib/armv7-m\libg.a(lib_a-mprec.o)
                0x08006d0c                __pow5mult
 .text.__lshift
                0x08006dac       0xac c:/program files (x86)/gnu tools arm embedded/5.4 2016q3/bin/../lib/gcc/arm-none-eabi/5.4.1/../../../../arm-none-eabi/lib/armv7-m\libg.a(lib_a-mprec.o)
                0x08006dac                __lshift
 .text.__mcmp   0x08006e58       0x40 c:/program files (x86)/gnu tools arm embedded/5.4 2016q3/bin/../lib/gcc/arm-none-eabi/5.4.1/../../../../arm-none-eabi/lib/armv7-m\libg.a(lib_a-mprec.o)
                0x08006e58                __mcmp
 .text.__mdiff  0x08006e98      0x128 c:/program files (x86)/gnu tools arm embedded/5.4 2016q3/bin/../lib/gcc/arm-none-eabi/5.4.1/../../../../arm-none-eabi/lib/armv7-m\libg.a(lib_a-mprec.o)
                0x08006e98                __mdiff
 .text.__d2b    0x08006fc0       0xa8 c:/program files (x86)/gnu tools arm embedded/5.4 2016q3/bin/../lib/gcc/arm-none-eabi/5.4.1/../../../../arm-none-eabi/lib/armv7-m\libg.a(lib_a-mprec.o)
                0x08006fc0                __d2b
 .text._sbrk_r  0x08007068       0x24 c:/program files (x86)/gnu tools arm embedded/5.4 2016q3/bin/../lib/gcc/arm-none-eabi/5.4.1/../../../../arm-none-eabi/lib/armv7-m\libg.a(lib_a-sbrkr.o)
                0x08007068                _sbrk_r
 .text.strlen   0x0800708c       0x5c c:/program files (x86)/gnu tools arm embedded/5.4 2016q3/bin/../lib/gcc/arm-none-eabi/5.4.1/../../../../arm-none-eabi/lib/armv7-m\libg.a(lib_a-strlen-stub.o)
                0x0800708c                strlen
 .text.__ssprint_r
                0x080070e8      0x100 c:/program files (x86)/gnu tools arm embedded/5.4 2016q3/bin/../lib/gcc/arm-none-eabi/5.4.1/../../../../arm-none-eabi/lib/armv7-m\libg.a(lib_a-svfiprintf.o)
                0x080070e8                __ssprint_r
 .text._calloc_r
                0x080071e8       0x60 c:/program files (x86)/gnu tools arm embedded/5.4 2016q3/bin/../lib/gcc/arm-none-eabi/5.4.1/../../../../arm-none-eabi/lib/armv7-m\libg.a(lib_a-callocr.o)
                0x080071e8                _calloc_r
 .text._malloc_trim_r
                0x08007248       0x9c c:/program files (x86)/gnu tools arm embedded/5.4 2016q3/bin/../lib/gcc/arm-none-eabi/5.4.1/../../../../arm-none-eabi/lib/armv7-m\libg.a(lib_a-freer.o)
                0x08007248                _malloc_trim_r
 .text._free_r  0x080072e4      0x1d0 c:/program files (x86)/gnu tools arm embedded/5.4 2016q3/bin/../lib/gcc/arm-none-eabi/5.4.1/../../../../arm-none-eabi/lib/armv7-m\libg.a(lib_a-freer.o)
                0x080072e4                _free_r
 .text.__ascii_mbtowc
                0x080074b4       0x2c c:/program files (x86)/gnu tools arm embedded/5.4 2016q3/bin/../lib/gcc/arm-none-eabi/5.4.1/../../../../arm-none-eabi/lib/armv7-m\libg.a(lib_a-mbtowc_r.o)
                0x080074b4                __ascii_mbtowc
 .text.memmove  0x080074e0       0xc8 c:/program files (x86)/gnu tools arm embedded/5.4 2016q3/bin/../lib/gcc/arm-none-eabi/5.4.1/../../../../arm-none-eabi/lib/armv7-m\libg.a(lib_a-memmove.o)
                0x080074e0                memmove
 .text.memset   0x080075a8       0x9c c:/program files (x86)/gnu tools arm embedded/5.4 2016q3/bin/../lib/gcc/arm-none-eabi/5.4.1/../../../../arm-none-eabi/lib/armv7-m\libg.a(lib_a-memset.o)
                0x080075a8                memset
 .text._realloc_r
                0x08007644      0x3d4 c:/program files (x86)/gnu tools arm embedded/5.4 2016q3/bin/../lib/gcc/arm-none-eabi/5.4.1/../../../../arm-none-eabi/lib/armv7-m\libg.a(lib_a-reallocr.o)
                0x08007644                _realloc_r
 .text.__ascii_wctomb
                0x08007a18       0x1c c:/program files (x86)/gnu tools arm embedded/5.4 2016q3/bin/../lib/gcc/arm-none-eabi/5.4.1/../../../../arm-none-eabi/lib/armv7-m\libg.a(lib_a-wctomb_r.o)
                0x08007a18                __ascii_wctomb
 .text          0x08007a34      0x370 c:/program files (x86)/gnu tools arm embedded/5.4 2016q3/bin/../lib/gcc/arm-none-eabi/5.4.1/armv7-m\libgcc.a(_arm_addsubdf3.o)
                0x08007a34                __aeabi_drsub
                0x08007a3c                __aeabi_dsub
                0x08007a3c                __subdf3
                0x08007a40                __aeabi_dadd
                0x08007a40                __adddf3
                0x08007cb8                __floatunsidf
                0x08007cb8                __aeabi_ui2d
                0x08007cd8                __floatsidf
                0x08007cd8                __aeabi_i2d
                0x08007cfc                __aeabi_f2d
                0x08007cfc                __extendsfdf2
                0x08007d38                __floatundidf
                0x08007d38                __aeabi_ul2d
                0x08007d48                __floatdidf
                0x08007d48                __aeabi_l2d
 .text          0x08007da4      0x424 c:/program files (x86)/gnu tools arm embedded/5.4 2016q3/bin/../lib/gcc/arm-none-eabi/5.4.1/armv7-m\libgcc.a(_arm_muldivdf3.o)
                0x08007da4                __aeabi_dmul
                0x08007da4                __muldf3
                0x08007ff8                __divdf3
                0x08007ff8                __aeabi_ddiv
 .text          0x080081c8      0x110 c:/program files (x86)/gnu tools arm embedded/5.4 2016q3/bin/../lib/gcc/arm-none-eabi/5.4.1/armv7-m\libgcc.a(_arm_cmpdf2.o)
                0x080081c8                __gtdf2
                0x080081c8                __gedf2
                0x080081d0                __ltdf2
                0x080081d0                __ledf2
                0x080081d8                __nedf2
                0x080081d8                __eqdf2
                0x080081d8                __cmpdf2
                0x08008254                __aeabi_cdrcmple
                0x08008264                __aeabi_cdcmpeq
                0x08008264                __aeabi_cdcmple
                0x08008274                __aeabi_dcmpeq
                0x08008288                __aeabi_dcmplt
                0x0800829c                __aeabi_dcmple
                0x080082b0                __aeabi_dcmpge
                0x080082c4                __aeabi_dcmpgt
 .text          0x080082d8       0x2c c:/program files (x86)/gnu tools arm embedded/5.4 2016q3/bin/../lib/gcc/arm-none-eabi/5.4.1/armv7-m\libgcc.a(_arm_unorddf2.o)
                0x080082d8                __unorddf2
                0x080082d8                __aeabi_dcmpun
 .text          0x08008304       0x50 c:/program files (x86)/gnu tools arm embedded/5.4 2016q3/bin/../lib/gcc/arm-none-eabi/5.4.1/armv7-m\libgcc.a(_arm_fixdfsi.o)
                0x08008304                __aeabi_d2iz
                0x08008304                __fixdfsi
 *(.init)
 *(.fini)
 *crtbegin.o(.ctors)
 *crtbegin?.o(.ctors)
 *(EXCLUDE_FILE(*crtend.o *crtend?.o) .ctors)
 *(SORT(.ctors.*))
 *(.ctors)
 *crtbegin.o(.dtors)
 *crtbegin?.o(.dtors)
 *(EXCLUDE_FILE(*crtend.o *crtend?.o) .dtors)
 *(SORT(.dtors.*))
 *(.dtors)
 *(.rodata*)
 .rodata        0x08008354       0xd9 ..\obj\main.o
 *fill*         0x0800842d        0x3 
 .rodata.zeroes.7256
                0x08008430       0x10 c:/program files (x86)/gnu tools arm embedded/5.4 2016q3/bin/../lib/gcc/arm-none-eabi/5.4.1/../../../../arm-none-eabi/lib/armv7-m\libg.a(lib_a-svfprintf.o)
 .rodata.str1.4
                0x08008440       0x42 c:/program files (x86)/gnu tools arm embedded/5.4 2016q3/bin/../lib/gcc/arm-none-eabi/5.4.1/../../../../arm-none-eabi/lib/armv7-m\libg.a(lib_a-svfprintf.o)
 *fill*         0x08008482        0x2 
 .rodata.blanks.7255
                0x08008484       0x10 c:/program files (x86)/gnu tools arm embedded/5.4 2016q3/bin/../lib/gcc/arm-none-eabi/5.4.1/../../../../arm-none-eabi/lib/armv7-m\libg.a(lib_a-svfprintf.o)
 .rodata.str1.4
                0x08008494       0x10 c:/program files (x86)/gnu tools arm embedded/5.4 2016q3/bin/../lib/gcc/arm-none-eabi/5.4.1/../../../../arm-none-eabi/lib/armv7-m\libg.a(lib_a-dtoa.o)
                                 0x12 (size before relaxing)
 *fill*         0x080084a4        0x4 
 .rodata.__mprec_tens
                0x080084a8       0xc8 c:/program files (x86)/gnu tools arm embedded/5.4 2016q3/bin/../lib/gcc/arm-none-eabi/5.4.1/../../../../arm-none-eabi/lib/armv7-m\libg.a(lib_a-mprec.o)
                0x080084a8                __mprec_tens
 .rodata.p05.6085
                0x08008570        0xc c:/program files (x86)/gnu tools arm embedded/5.4 2016q3/bin/../lib/gcc/arm-none-eabi/5.4.1/../../../../arm-none-eabi/lib/armv7-m\libg.a(lib_a-mprec.o)
 *fill*         0x0800857c        0x4 
 .rodata.__mprec_bigtens
                0x08008580       0x28 c:/program files (x86)/gnu tools arm embedded/5.4 2016q3/bin/../lib/gcc/arm-none-eabi/5.4.1/../../../../arm-none-eabi/lib/armv7-m\libg.a(lib_a-mprec.o)
                0x08008580                __mprec_bigtens
 .rodata.str1.4
                0x080085a8       0x10 c:/program files (x86)/gnu tools arm embedded/5.4 2016q3/bin/../lib/gcc/arm-none-eabi/5.4.1/../../../../arm-none-eabi/lib/armv7-m\libg.a(lib_a-locale.o)
                                 0x12 (size before relaxing)
 .rodata._ctype_
                0x080085b8      0x101 c:/program files (x86)/gnu tools arm embedded/5.4 2016q3/bin/../lib/gcc/arm-none-eabi/5.4.1/../../../../arm-none-eabi/lib/armv7-m\libg.a(lib_a-ctype_.o)
                0x080085b8                _ctype_
 *(.eh_fram e*)

.glue_7         0x080086bc        0x0
 .glue_7        0x080086bc        0x0 linker stubs

.glue_7t        0x080086bc        0x0
 .glue_7t       0x080086bc        0x0 linker stubs

.vfp11_veneer   0x080086bc        0x0
 .vfp11_veneer  0x080086bc        0x0 linker stubs

.v4_bx          0x080086bc        0x0
 .v4_bx         0x080086bc        0x0 linker stubs

.iplt           0x080086bc        0x0
 .iplt          0x080086bc        0x0 ..\obj\spi.o

.ARM.extab      0x080086bc      0x168
 *(.ARM.extab* .gnu.linkonce.armextab.*)
 .ARM.extab.text._Z9IWDGSetupth
                0x080086bc        0xc ..\obj\iwdg.o
 .ARM.extab.text._ZN4GPIOC2Ev
                0x080086c8        0x0 ..\obj\main.o
 .ARM.extab.text._ZN3LedC2Ev
                0x080086c8        0xc ..\obj\main.o
 .ARM.extab.text._ZN4PORTC2Ev
                0x080086d4        0x0 ..\obj\main.o
 .ARM.extab.text._ZN5Port0C2Ev
                0x080086d4        0xc ..\obj\main.o
 .ARM.extab.text.USB_LP_CAN1_RX0_IRQHandler
                0x080086e0        0xc ..\obj\main.o
 .ARM.extab.text._ZN3CAN5setupEP11CAN_TypeDef
                0x080086ec        0xc ..\obj\can.o
 .ARM.extab.text._ZN3CAN9filterAddEtttt
                0x080086f8        0xc ..\obj\can.o
 .ARM.extab.text._ZN3CAN7receiveEP8CanRxMsg
                0x08008704        0xc ..\obj\can.o
 .ARM.extab.text._Z9CAN1Setupv
                0x08008710        0xc ..\obj\can.o
 .ARM.extab.text._Z8CAN1SendthPh
                0x0800871c        0xc ..\obj\can.o
 .ARM.extab.text._Z12CANFilterAddtttt
                0x08008728        0xc ..\obj\can.o
 .ARM.extab.text._ZN4GPIO5setupEP12GPIO_TypeDeft16GPIOMode_TypeDef
                0x08008734        0xc ..\obj\gpio.o
 .ARM.extab.text._ZN4GPIO5writeE9BitAction
                0x08008740        0xc ..\obj\gpio.o
 .ARM.extab.text._ZN4GPIO6toggleEv
                0x0800874c        0xc ..\obj\gpio.o
 .ARM.extab.text._Z9pinToggleP12GPIO_TypeDeft
                0x08008758        0xc ..\obj\gpio.o
 .ARM.extab.text._ZN4PORT6toggleEv
                0x08008764        0xc ..\obj\port.o
 .ARM.extab.text._ZN5USART4putsEPKc
                0x08008770        0xc ..\obj\usart.o
 .ARM.extab.text._ZN5USART6printfEPKcz
                0x0800877c        0xc ..\obj\usart.o
 .ARM.extab.text._ZN5USART5setupEP13USART_TypeDefm
                0x08008788        0xc ..\obj\usart.o
 .ARM.extab.text._ZN5USART4sendEc
                0x08008794        0xc ..\obj\usart.o
 .ARM.extab.text._Z11USART1Setupm
                0x080087a0        0xc ..\obj\usart.o
 .ARM.extab.text._Z11USART2Setupm
                0x080087ac        0xc ..\obj\usart.o
 .ARM.extab.text._Z11USART3Setupm
                0x080087b8        0xc ..\obj\usart.o
 .ARM.extab.text._Z13USART1ITSetupt
                0x080087c4        0xc ..\obj\usart.o
 .ARM.extab.text._Z13USART2ITSetupt
                0x080087d0        0xc ..\obj\usart.o
 .ARM.extab.text._Z13USART3ITSetupt
                0x080087dc        0xc ..\obj\usart.o
 .ARM.extab.text.USART1_IRQHandler
                0x080087e8        0xc ..\obj\usart.o
 .ARM.extab.text.USART2_IRQHandler
                0x080087f4        0xc ..\obj\usart.o
 .ARM.extab.text.USART3_IRQHandler
                0x08008800        0xc ..\obj\usart.o
 .ARM.extab     0x0800880c       0x18 c:/program files (x86)/gnu tools arm embedded/5.4 2016q3/bin/../lib/gcc/arm-none-eabi/5.4.1/armv7-m\libgcc.a(pr-support.o)
                0x08008824                __exidx_start = .

.ARM.exidx      0x08008824      0x1f8
 *(.ARM.exidx* .gnu.linkonce.armexidx.*)
 .ARM.exidx.text.SPI1_IRQHandler
                0x08008824       0x10 ..\obj\spi.o
                                  0x8 (size before relaxing)
 .ARM.exidx.text._Z9IWDGSetupth
                0x08008834        0x8 ..\obj\iwdg.o
 .ARM.exidx.text._Z9IWDGResetv
                0x0800883c       0x10 ..\obj\iwdg.o
                                  0x8 (size before relaxing)
 .ARM.exidx.text._ZN3TIM4readEv
                0x0800884c        0x0 ..\obj\tim.o
                                  0x8 (size before relaxing)
 .ARM.exidx.text._ZN3TIM5resetEv
                0x0800884c        0x0 ..\obj\tim.o
                                  0x8 (size before relaxing)
 .ARM.exidx.text._ZN3TIM7reverseEa
                0x0800884c        0x0 ..\obj\tim.o
                                  0x8 (size before relaxing)
 .ARM.exidx.text._Z8TIM1Readv
                0x0800884c        0x0 ..\obj\tim.o
                                  0x8 (size before relaxing)
 .ARM.exidx.text._Z8TIM2Readv
                0x0800884c        0x0 ..\obj\tim.o
                                  0x8 (size before relaxing)
 .ARM.exidx.text._Z8TIM3Readv
                0x0800884c        0x0 ..\obj\tim.o
                                  0x8 (size before relaxing)
 .ARM.exidx.text._Z8TIM4Readv
                0x0800884c        0x0 ..\obj\tim.o
                                  0x8 (size before relaxing)
 .ARM.exidx.text._Z16TIM1_ENCODER_IRQv
                0x0800884c        0x0 ..\obj\tim.o
                                  0x8 (size before relaxing)
 .ARM.exidx.text._Z16TIM2_ENCODER_IRQv
                0x0800884c        0x0 ..\obj\tim.o
                                  0x8 (size before relaxing)
 .ARM.exidx.text._Z16TIM3_ENCODER_IRQv
                0x0800884c        0x0 ..\obj\tim.o
                                  0x8 (size before relaxing)
 .ARM.exidx.text._Z16TIM4_ENCODER_IRQv
                0x0800884c        0x0 ..\obj\tim.o
                                  0x8 (size before relaxing)
 .ARM.exidx.text._Z19TIM1_TIM_Update_IRQv
                0x0800884c        0x0 ..\obj\tim.o
                                  0x8 (size before relaxing)
 .ARM.exidx.text._Z19TIM2_TIM_Update_IRQv
                0x0800884c        0x0 ..\obj\tim.o
                                  0x8 (size before relaxing)
 .ARM.exidx.text._Z19TIM3_TIM_Update_IRQv
                0x0800884c        0x0 ..\obj\tim.o
                                  0x8 (size before relaxing)
 .ARM.exidx.text._Z19TIM4_TIM_Update_IRQv
                0x0800884c        0x0 ..\obj\tim.o
                                  0x8 (size before relaxing)
 .ARM.exidx.text.TIM1_UP_IRQHandler
                0x0800884c        0x8 ..\obj\tim.o
 .ARM.exidx.text.TIM2_IRQHandler
                0x08008854        0x0 ..\obj\tim.o
                                  0x8 (size before relaxing)
 .ARM.exidx.text.TIM3_IRQHandler
                0x08008854        0x0 ..\obj\tim.o
                                  0x8 (size before relaxing)
 .ARM.exidx.text.TIM4_IRQHandler
                0x08008854        0x8 ..\obj\tim.o
 .ARM.exidx.text._ZN4GPIOC2Ev
                0x0800885c        0x0 ..\obj\main.o
                                  0x8 (size before relaxing)
 .ARM.exidx.text._ZN3LedC2Ev
                0x0800885c        0x8 ..\obj\main.o
 .ARM.exidx.text._ZN4PORTC2Ev
                0x08008864        0x8 ..\obj\main.o
 .ARM.exidx.text._ZN5Port0C2Ev
                0x0800886c        0x8 ..\obj\main.o
 .ARM.exidx.text.main
                0x08008874        0x8 ..\obj\main.o
 .ARM.exidx.text.USB_LP_CAN1_RX0_IRQHandler
                0x0800887c        0x8 ..\obj\main.o
 .ARM.exidx.text._Z41__static_initialization_and_destruction_0ii
                0x08008884        0x8 ..\obj\main.o
 .ARM.exidx.text._GLOBAL__sub_I_rxFlag
                0x0800888c        0x0 ..\obj\main.o
                                  0x8 (size before relaxing)
 .ARM.exidx.text.NVIC_SetPriority
                0x0800888c        0x0 ..\obj\system.o
                                  0x8 (size before relaxing)
 .ARM.exidx.text.SysTick_Config
                0x0800888c        0x0 ..\obj\system.o
                                  0x8 (size before relaxing)
 .ARM.exidx.text._Z5setupv
                0x0800888c        0x0 ..\obj\system.o
                                  0x8 (size before relaxing)
 .ARM.exidx.text._Z6microsv
                0x0800888c        0x0 ..\obj\system.o
                                  0x8 (size before relaxing)
 .ARM.exidx.text._Z6millisv
                0x0800888c        0x0 ..\obj\system.o
                                  0x8 (size before relaxing)
 .ARM.exidx.text.SysTick_Handler
                0x0800888c        0x0 ..\obj\system.o
                                  0x8 (size before relaxing)
 .ARM.exidx.text._ZN3CAN5setupEP11CAN_TypeDef
                0x0800888c        0x8 ..\obj\can.o
 .ARM.exidx.text._ZN3CAN9filterAddEtttt
                0x08008894        0x8 ..\obj\can.o
 .ARM.exidx.text._ZN3CAN7receiveEP8CanRxMsg
                0x0800889c        0x8 ..\obj\can.o
 .ARM.exidx.text._Z9CAN1Setupv
                0x080088a4        0x8 ..\obj\can.o
 .ARM.exidx.text._Z8CAN1SendthPh
                0x080088ac        0x8 ..\obj\can.o
 .ARM.exidx.text._Z12CANFilterAddtttt
                0x080088b4       0x10 ..\obj\can.o
                                  0x8 (size before relaxing)
 .ARM.exidx.text._ZN4GPIO5setupEP12GPIO_TypeDeft16GPIOMode_TypeDef
                0x080088c4        0x8 ..\obj\gpio.o
 .ARM.exidx.text._ZN4GPIO5writeE9BitAction
                0x080088cc        0x8 ..\obj\gpio.o
 .ARM.exidx.text._ZN4GPIO6toggleEv
                0x080088d4        0x8 ..\obj\gpio.o
 .ARM.exidx.text._Z9pinToggleP12GPIO_TypeDeft
                0x080088dc       0x10 ..\obj\gpio.o
                                  0x8 (size before relaxing)
 .ARM.exidx.text._ZN4PORT6toggleEv
                0x080088ec       0x10 ..\obj\port.o
                                  0x8 (size before relaxing)
 .ARM.exidx.text._ZN5USART4putsEPKc
                0x080088fc        0x8 ..\obj\usart.o
 .ARM.exidx.text._ZN5USART6printfEPKcz
                0x08008904        0x8 ..\obj\usart.o
 .ARM.exidx.text._ZN5USART5setupEP13USART_TypeDefm
                0x0800890c        0x8 ..\obj\usart.o
 .ARM.exidx.text._ZN5USART4sendEc
                0x08008914        0x8 ..\obj\usart.o
 .ARM.exidx.text._Z11USART1Setupm
                0x0800891c        0x8 ..\obj\usart.o
 .ARM.exidx.text._Z11USART2Setupm
                0x08008924        0x8 ..\obj\usart.o
 .ARM.exidx.text._Z11USART3Setupm
                0x0800892c        0x8 ..\obj\usart.o
 .ARM.exidx.text._Z13USART1ITSetupt
                0x08008934        0x8 ..\obj\usart.o
 .ARM.exidx.text._Z13USART2ITSetupt
                0x0800893c        0x8 ..\obj\usart.o
 .ARM.exidx.text._Z13USART3ITSetupt
                0x08008944        0x8 ..\obj\usart.o
 .ARM.exidx.text.USART1_IRQHandler
                0x0800894c        0x8 ..\obj\usart.o
 .ARM.exidx.text.USART2_IRQHandler
                0x08008954        0x8 ..\obj\usart.o
 .ARM.exidx.text.USART3_IRQHandler
                0x0800895c       0x10 ..\obj\usart.o
                                  0x8 (size before relaxing)
 .ARM.exidx     0x0800896c        0x0 c:/program files (x86)/gnu tools arm embedded/5.4 2016q3/bin/../lib/gcc/arm-none-eabi/5.4.1/armv7-m\libgcc.a(_udivmoddi4.o)
                                  0x8 (size before relaxing)
 .ARM.exidx     0x0800896c       0x78 c:/program files (x86)/gnu tools arm embedded/5.4 2016q3/bin/../lib/gcc/arm-none-eabi/5.4.1/armv7-m\libgcc.a(unwind-arm.o)
                                 0xd8 (size before relaxing)
 .ARM.exidx     0x080089e4       0x38 c:/program files (x86)/gnu tools arm embedded/5.4 2016q3/bin/../lib/gcc/arm-none-eabi/5.4.1/armv7-m\libgcc.a(pr-support.o)
                                 0x48 (size before relaxing)
                0x08008a1c                __exidx_end = .
                0x08008a1c                __etext = .
                0x08008a1c                _sidata = __etext

.rel.dyn        0x08008a1c        0x0
 .rel.iplt      0x08008a1c        0x0 ..\obj\spi.o

.data           0x20000000      0x9dc load address 0x08008a1c
                0x20000000                __data_start__ = .
                0x20000000                _sdata = __data_start__
 *(vtable)
 *(.data*)
 .data          0x20000000       0x14 ..\obj\system_stm32f10x.o
                0x20000000                SystemCoreClock
                0x20000004                AHBPrescTable
 .data          0x20000014       0x14 ..\obj\stm32f10x_rcc.o
 .data          0x20000028        0x6 ..\obj\usart.o
                0x20000028                USART::usart1RxAddress
                0x2000002a                USART::usart2RxAddress
                0x2000002c                USART::usart3RxAddress
 *fill*         0x2000002e        0x2 
 .data.impure_data
                0x20000030      0x428 c:/program files (x86)/gnu tools arm embedded/5.4 2016q3/bin/../lib/gcc/arm-none-eabi/5.4.1/../../../../arm-none-eabi/lib/armv7-m\libg.a(lib_a-impure.o)
 .data._impure_ptr
                0x20000458        0x4 c:/program files (x86)/gnu tools arm embedded/5.4 2016q3/bin/../lib/gcc/arm-none-eabi/5.4.1/../../../../arm-none-eabi/lib/armv7-m\libg.a(lib_a-impure.o)
                0x20000458                _impure_ptr
 .data.__malloc_av_
                0x2000045c      0x408 c:/program files (x86)/gnu tools arm embedded/5.4 2016q3/bin/../lib/gcc/arm-none-eabi/5.4.1/../../../../arm-none-eabi/lib/armv7-m\libg.a(lib_a-mallocr.o)
                0x2000045c                __malloc_av_
 .data.__malloc_trim_threshold
                0x20000864        0x4 c:/program files (x86)/gnu tools arm embedded/5.4 2016q3/bin/../lib/gcc/arm-none-eabi/5.4.1/../../../../arm-none-eabi/lib/armv7-m\libg.a(lib_a-mallocr.o)
                0x20000864                __malloc_trim_threshold
 .data.__malloc_sbrk_base
                0x20000868        0x4 c:/program files (x86)/gnu tools arm embedded/5.4 2016q3/bin/../lib/gcc/arm-none-eabi/5.4.1/../../../../arm-none-eabi/lib/armv7-m\libg.a(lib_a-mallocr.o)
                0x20000868                __malloc_sbrk_base
 .data.__global_locale
                0x2000086c      0x16c c:/program files (x86)/gnu tools arm embedded/5.4 2016q3/bin/../lib/gcc/arm-none-eabi/5.4.1/../../../../arm-none-eabi/lib/armv7-m\libg.a(lib_a-locale.o)
                0x2000086c                __global_locale
                0x200009d8                . = ALIGN (0x4)
                [!provide]                PROVIDE (__preinit_array_start, .)
 *(.preinit_array)
                [!provide]                PROVIDE (__preinit_array_end, .)
                0x200009d8                . = ALIGN (0x4)
                [!provide]                PROVIDE (__init_array_start, .)
 *(SORT(.init_array.*))
 *(.init_array)
 .init_array    0x200009d8        0x4 ..\obj\main.o
                [!provide]                PROVIDE (__init_array_end, .)
                0x200009dc                . = ALIGN (0x4)
                [!provide]                PROVIDE (__fini_array_start, .)
 *(SORT(.fini_array.*))
 *(.fini_array)
                [!provide]                PROVIDE (__fini_array_end, .)
 *(.jcr*)
                0x200009dc                . = ALIGN (0x4)
                0x200009dc                __data_end__ = .
                0x200009dc                _edata = __data_end__

.igot.plt       0x200009dc        0x0 load address 0x080093f8
 .igot.plt      0x200009dc        0x0 ..\obj\spi.o

.bss            0x200009e0      0x5e8 load address 0x08009400
                0x200009e0                . = ALIGN (0x4)
                0x200009e0                __bss_start__ = .
                0x200009e0                _sbss = __bss_start__
 *(.bss*)
 .bss           0x200009e0       0x20 ..\obj\tim.o
                0x200009e0                TIM::tim1_mode
                0x200009e4                TIM::tim2_mode
                0x200009e8                TIM::tim3_mode
                0x200009ec                TIM::tim4_mode
                0x200009f0                TIM::tim1Cnt
                0x200009f4                TIM::tim2Cnt
                0x200009f8                TIM::tim3Cnt
                0x200009fc                TIM::tim4Cnt
 .bss           0x20000a00      0x264 ..\obj\main.o
                0x20000a00                rxFlag
                0x20000a04                currentA_A
                0x20000a08                currentB_A
                0x20000a0c                canData
                0x20000a14                canAddress
                0x20000a15                serialFlag
                0x20000a18                intervalTimer
                0x20000a38                intervalTime
                0x20000a58                printTime
                0x20000a60                pdInterval
                0x20000a68                rxMessage
                0x20000a7c                enc1a
                0x20000a88                enc1b
                0x20000a94                enc2a
                0x20000aa0                enc2b
                0x20000aac                enc3a
                0x20000ab8                enc3b
                0x20000ac4                enc4a
                0x20000ad0                enc4b
                0x20000adc                port
                0x20000bac                usartTX
                0x20000bb8                usartRX
                0x20000bc4                canTX
                0x20000bd0                canRX
                0x20000bdc                enc
                0x20000c1c                pwm
                0x20000c5c                serial
                0x20000c60                can1
 *fill*         0x20000c64        0x4 
 .bss           0x20000c68        0x8 ..\obj\system.o
 .bss           0x20000c70        0x2 ..\obj\can.o
 *fill*         0x20000c72        0x2 
 .bss           0x20000c74        0x4 ..\obj\syscalls.o
 .bss           0x20000c78      0x318 ..\obj\usart.o
                0x20000c78                USART::usart1RxBuffer
                0x20000cf8                USART::usart1ReadAddress
                0x20000cfc                USART::usart2RxBuffer
                0x20000d7c                USART::usart2ReadAddress
                0x20000d80                USART::usart3RxBuffer
                0x20000e00                USART::usart3ReadAddress
                0x20000e04                USART::usart1TxBuffer
                0x20000e84                USART::usart1TxSendAddress
                0x20000e86                USART::usart1TxWriteAddress
                0x20000e88                USART::usart2TxBuffer
                0x20000f08                USART::usart2TxSendAddress
                0x20000f0a                USART::usart2TxWriteAddress
                0x20000f0c                USART::usart3TxBuffer
                0x20000f8c                USART::usart3TxSendAddress
                0x20000f8e                USART::usart3TxWriteAddress
 .bss.__malloc_max_total_mem
                0x20000f90        0x4 c:/program files (x86)/gnu tools arm embedded/5.4 2016q3/bin/../lib/gcc/arm-none-eabi/5.4.1/../../../../arm-none-eabi/lib/armv7-m\libg.a(lib_a-mallocr.o)
                0x20000f90                __malloc_max_total_mem
 .bss.__malloc_max_sbrked_mem
                0x20000f94        0x4 c:/program files (x86)/gnu tools arm embedded/5.4 2016q3/bin/../lib/gcc/arm-none-eabi/5.4.1/../../../../arm-none-eabi/lib/armv7-m\libg.a(lib_a-mallocr.o)
                0x20000f94                __malloc_max_sbrked_mem
 .bss.__malloc_top_pad
                0x20000f98        0x4 c:/program files (x86)/gnu tools arm embedded/5.4 2016q3/bin/../lib/gcc/arm-none-eabi/5.4.1/../../../../arm-none-eabi/lib/armv7-m\libg.a(lib_a-mallocr.o)
                0x20000f98                __malloc_top_pad
 .bss.__malloc_current_mallinfo
                0x20000f9c       0x28 c:/program files (x86)/gnu tools arm embedded/5.4 2016q3/bin/../lib/gcc/arm-none-eabi/5.4.1/../../../../arm-none-eabi/lib/armv7-m\libg.a(lib_a-mallocr.o)
                0x20000f9c                __malloc_current_mallinfo
 *(COMMON)
 COMMON         0x20000fc4        0x4 c:/program files (x86)/gnu tools arm embedded/5.4 2016q3/bin/../lib/gcc/arm-none-eabi/5.4.1/../../../../arm-none-eabi/lib/armv7-m\libg.a(lib_a-reent.o)
                0x20000fc4                errno
                0x20000fc8                . = ALIGN (0x4)
                0x20000fc8                __bss_end__ = .
                0x20000fc8                _ebss = __bss_end__

.heap           0x20000fc8        0x0
                0x20000fc8                __end__ = .
                0x20000fc8                _end = __end__
                0x20000fc8                end = __end__
 *(.heap*)
                0x20000fc8                __HeapLimit = .

.co_stack       0x20000fc8      0x400 load address 0x080099e8
                0x20000fc8                . = ALIGN (0x8)
 *(.co_stack .co_stack.*)
 .co_stack      0x20000fc8      0x400 ..\obj\startup_stm32f10x_md.o
                0x20000fc8                pulStack
                0x20005000                __StackTop = (ORIGIN (ram) + LENGTH (ram))
                0x20004c00                __StackLimit = (__StackTop - SIZEOF (.co_stack))
                [!provide]                PROVIDE (__stack, __StackTop)
                0x00000001                ASSERT ((__StackLimit >= __HeapLimit), region ram  overflowed with stack)
LOAD ..\obj\spi.o
LOAD ..\obj\stm32f10x_tim.o
LOAD ..\obj\stm32f10x_dbgmcu.o
LOAD ..\obj\iwdg.o
LOAD ..\obj\system_stm32f10x.o
LOAD ..\obj\tim.o
LOAD ..\obj\canEncoder.o
LOAD ..\obj\startup_stm32f10x_md.o
LOAD ..\obj\stm32f10x_can.o
LOAD ..\obj\stm32f10x_gpio.o
LOAD ..\obj\canValve.o
LOAD ..\obj\pin.o
LOAD ..\obj\main.o
LOAD ..\obj\system.o
LOAD ..\obj\can.o
LOAD ..\obj\stm32f10x_rcc.o
LOAD ..\obj\gpio.o
LOAD ..\obj\motor.o
LOAD ..\obj\stm32f10x_adc.o
LOAD ..\obj\remap.o
LOAD ..\obj\stm32f10x_usart.o
LOAD ..\obj\syscalls.o
LOAD ..\obj\adc.o
LOAD ..\obj\app.o
LOAD ..\obj\port.o
LOAD ..\obj\misc.o
LOAD ..\obj\stm32f10x_spi.o
LOAD ..\obj\usart.o
LOAD ..\obj\stm32f10x_iwdg.o
START GROUP
LOAD c:/program files (x86)/gnu tools arm embedded/5.4 2016q3/bin/../lib/gcc/arm-none-eabi/5.4.1/armv7-m\libgcc.a
LOAD c:/program files (x86)/gnu tools arm embedded/5.4 2016q3/bin/../lib/gcc/arm-none-eabi/5.4.1/../../../../arm-none-eabi/lib/armv7-m\libg.a
LOAD c:/program files (x86)/gnu tools arm embedded/5.4 2016q3/bin/../lib/gcc/arm-none-eabi/5.4.1/../../../../arm-none-eabi/lib/armv7-m\libc.a
END GROUP
OUTPUT(F103_mini.elf elf32-littlearm)

.debug_info     0x00000000     0xa8ab
 .debug_info    0x00000000      0x494 ..\obj\spi.o
 .debug_info    0x00000494     0x1c60 ..\obj\stm32f10x_tim.o
 .debug_info    0x000020f4      0x118 ..\obj\iwdg.o
 .debug_info    0x0000220c      0x49c ..\obj\system_stm32f10x.o
 .debug_info    0x000026a8     0x1122 ..\obj\tim.o
 .debug_info    0x000037ca       0xee ..\obj\startup_stm32f10x_md.o
 .debug_info    0x000038b8      0xba4 ..\obj\stm32f10x_can.o
 .debug_info    0x0000445c      0x6f6 ..\obj\stm32f10x_gpio.o
 .debug_info    0x00004b52     0x12a3 ..\obj\main.o
 .debug_info    0x00005df5      0x65d ..\obj\system.o
 .debug_info    0x00006452      0x9e4 ..\obj\can.o
 .debug_info    0x00006e36      0x8a3 ..\obj\stm32f10x_rcc.o
 .debug_info    0x000076d9      0x4d3 ..\obj\gpio.o
 .debug_info    0x00007bac      0x9f0 ..\obj\stm32f10x_usart.o
 .debug_info    0x0000859c      0x458 ..\obj\syscalls.o
 .debug_info    0x000089f4      0x39c ..\obj\port.o
 .debug_info    0x00008d90      0x556 ..\obj\misc.o
 .debug_info    0x000092e6      0x8fb ..\obj\stm32f10x_spi.o
 .debug_info    0x00009be1      0xabc ..\obj\usart.o
 .debug_info    0x0000a69d      0x20e ..\obj\stm32f10x_iwdg.o

.debug_abbrev   0x00000000     0x20db
 .debug_abbrev  0x00000000      0x129 ..\obj\spi.o
 .debug_abbrev  0x00000129      0x1b2 ..\obj\stm32f10x_tim.o
 .debug_abbrev  0x000002db       0x90 ..\obj\iwdg.o
 .debug_abbrev  0x0000036b      0x14e ..\obj\system_stm32f10x.o
 .debug_abbrev  0x000004b9      0x2ba ..\obj\tim.o
 .debug_abbrev  0x00000773       0xa7 ..\obj\startup_stm32f10x_md.o
 .debug_abbrev  0x0000081a      0x1f5 ..\obj\stm32f10x_can.o
 .debug_abbrev  0x00000a0f      0x1cc ..\obj\stm32f10x_gpio.o
 .debug_abbrev  0x00000bdb      0x328 ..\obj\main.o
 .debug_abbrev  0x00000f03      0x1dc ..\obj\system.o
 .debug_abbrev  0x000010df      0x201 ..\obj\can.o
 .debug_abbrev  0x000012e0      0x1bc ..\obj\stm32f10x_rcc.o
 .debug_abbrev  0x0000149c      0x1db ..\obj\gpio.o
 .debug_abbrev  0x00001677      0x164 ..\obj\stm32f10x_usart.o
 .debug_abbrev  0x000017db       0xe5 ..\obj\syscalls.o
 .debug_abbrev  0x000018c0      0x1a2 ..\obj\port.o
 .debug_abbrev  0x00001a62      0x147 ..\obj\misc.o
 .debug_abbrev  0x00001ba9      0x180 ..\obj\stm32f10x_spi.o
 .debug_abbrev  0x00001d29      0x2af ..\obj\usart.o
 .debug_abbrev  0x00001fd8      0x103 ..\obj\stm32f10x_iwdg.o

.debug_aranges  0x00000000      0xca0
 .debug_aranges
                0x00000000       0x28 ..\obj\spi.o
 .debug_aranges
                0x00000028      0x2f0 ..\obj\stm32f10x_tim.o
 .debug_aranges
                0x00000318       0x28 ..\obj\iwdg.o
 .debug_aranges
                0x00000340       0x38 ..\obj\system_stm32f10x.o
 .debug_aranges
                0x00000378      0x198 ..\obj\tim.o
 .debug_aranges
                0x00000510       0x28 ..\obj\startup_stm32f10x_md.o
 .debug_aranges
                0x00000538       0xe0 ..\obj\stm32f10x_can.o
 .debug_aranges
                0x00000618       0xa8 ..\obj\stm32f10x_gpio.o
 .debug_aranges
                0x000006c0       0x58 ..\obj\main.o
 .debug_aranges
                0x00000718       0x50 ..\obj\system.o
 .debug_aranges
                0x00000768       0x50 ..\obj\can.o
 .debug_aranges
                0x000007b8      0x118 ..\obj\stm32f10x_rcc.o
 .debug_aranges
                0x000008d0       0x58 ..\obj\gpio.o
 .debug_aranges
                0x00000928      0x100 ..\obj\stm32f10x_usart.o
 .debug_aranges
                0x00000a28       0x60 ..\obj\syscalls.o
 .debug_aranges
                0x00000a88       0x28 ..\obj\port.o
 .debug_aranges
                0x00000ab0       0x40 ..\obj\misc.o
 .debug_aranges
                0x00000af0       0xd0 ..\obj\stm32f10x_spi.o
 .debug_aranges
                0x00000bc0       0x98 ..\obj\usart.o
 .debug_aranges
                0x00000c58       0x48 ..\obj\stm32f10x_iwdg.o

.debug_ranges   0x00000000      0xb60
 .debug_ranges  0x00000000       0x18 ..\obj\spi.o
 .debug_ranges  0x00000018      0x2e0 ..\obj\stm32f10x_tim.o
 .debug_ranges  0x000002f8       0x18 ..\obj\iwdg.o
 .debug_ranges  0x00000310       0x28 ..\obj\system_stm32f10x.o
 .debug_ranges  0x00000338      0x188 ..\obj\tim.o
 .debug_ranges  0x000004c0       0x18 ..\obj\startup_stm32f10x_md.o
 .debug_ranges  0x000004d8       0xd0 ..\obj\stm32f10x_can.o
 .debug_ranges  0x000005a8       0x98 ..\obj\stm32f10x_gpio.o
 .debug_ranges  0x00000640       0x48 ..\obj\main.o
 .debug_ranges  0x00000688       0x40 ..\obj\system.o
 .debug_ranges  0x000006c8       0x40 ..\obj\can.o
 .debug_ranges  0x00000708      0x108 ..\obj\stm32f10x_rcc.o
 .debug_ranges  0x00000810       0x48 ..\obj\gpio.o
 .debug_ranges  0x00000858       0xf0 ..\obj\stm32f10x_usart.o
 .debug_ranges  0x00000948       0x50 ..\obj\syscalls.o
 .debug_ranges  0x00000998       0x18 ..\obj\port.o
 .debug_ranges  0x000009b0       0x30 ..\obj\misc.o
 .debug_ranges  0x000009e0       0xc0 ..\obj\stm32f10x_spi.o
 .debug_ranges  0x00000aa0       0x88 ..\obj\usart.o
 .debug_ranges  0x00000b28       0x38 ..\obj\stm32f10x_iwdg.o

.debug_line     0x00000000     0x5157
 .debug_line    0x00000000      0x2c6 ..\obj\spi.o
 .debug_line    0x000002c6      0xbb8 ..\obj\stm32f10x_tim.o
 .debug_line    0x00000e7e      0x1ba ..\obj\iwdg.o
 .debug_line    0x00001038      0x256 ..\obj\system_stm32f10x.o
 .debug_line    0x0000128e      0x755 ..\obj\tim.o
 .debug_line    0x000019e3       0xbb ..\obj\startup_stm32f10x_md.o
 .debug_line    0x00001a9e      0x5d2 ..\obj\stm32f10x_can.o
 .debug_line    0x00002070      0x438 ..\obj\stm32f10x_gpio.o
 .debug_line    0x000024a8      0x4a2 ..\obj\main.o
 .debug_line    0x0000294a      0x299 ..\obj\system.o
 .debug_line    0x00002be3      0x35b ..\obj\can.o
 .debug_line    0x00002f3e      0x533 ..\obj\stm32f10x_rcc.o
 .debug_line    0x00003471      0x343 ..\obj\gpio.o
 .debug_line    0x000037b4      0x51a ..\obj\stm32f10x_usart.o
 .debug_line    0x00003cce      0x207 ..\obj\syscalls.o
 .debug_line    0x00003ed5      0x340 ..\obj\port.o
 .debug_line    0x00004215      0x2ab ..\obj\misc.o
 .debug_line    0x000044c0      0x495 ..\obj\stm32f10x_spi.o
 .debug_line    0x00004955      0x5a2 ..\obj\usart.o
 .debug_line    0x00004ef7      0x260 ..\obj\stm32f10x_iwdg.o

.debug_str      0x00000000     0x424f
 .debug_str     0x00000000      0x68d ..\obj\spi.o
                                0x72a (size before relaxing)
 .debug_str     0x0000068d      0xbde ..\obj\stm32f10x_tim.o
                                0xdfe (size before relaxing)
 .debug_str     0x0000126b       0x8a ..\obj\iwdg.o
                                0x240 (size before relaxing)
 .debug_str     0x000012f5      0x17d ..\obj\system_stm32f10x.o
                                0x310 (size before relaxing)
 .debug_str     0x00001472      0x8d0 ..\obj\tim.o
                               0x1101 (size before relaxing)
 .debug_str     0x00001d42       0xc9 ..\obj\startup_stm32f10x_md.o
                                0x160 (size before relaxing)
 .debug_str     0x00001e0b      0x4ac ..\obj\stm32f10x_can.o
                                0x74f (size before relaxing)
 .debug_str     0x000022b7      0x34c ..\obj\stm32f10x_gpio.o
                                0x53a (size before relaxing)
 .debug_str     0x00002603      0x5f3 ..\obj\main.o
                                0xcb3 (size before relaxing)
 .debug_str     0x00002bf6      0x142 ..\obj\system.o
                                0x68f (size before relaxing)
 .debug_str     0x00002d38      0x12a ..\obj\can.o
                                0x9bf (size before relaxing)
 .debug_str     0x00002e62      0x3e7 ..\obj\stm32f10x_rcc.o
                                0x63b (size before relaxing)
 .debug_str     0x00003249      0x13e ..\obj\gpio.o
                                0x53a (size before relaxing)
 .debug_str     0x00003387      0x423 ..\obj\stm32f10x_usart.o
                                0x6b1 (size before relaxing)
 .debug_str     0x000037aa      0x197 ..\obj\syscalls.o
                                0x364 (size before relaxing)
 .debug_str     0x00003941       0x59 ..\obj\port.o
                                0x3e7 (size before relaxing)
 .debug_str     0x0000399a      0x124 ..\obj\misc.o
                                0x3df (size before relaxing)
 .debug_str     0x00003abe      0x2de ..\obj\stm32f10x_spi.o
                                0x61e (size before relaxing)
 .debug_str     0x00003d9c      0x3ba ..\obj\usart.o
                                0xc46 (size before relaxing)
 .debug_str     0x00004156       0xf9 ..\obj\stm32f10x_iwdg.o
                                0x27d (size before relaxing)

.comment        0x00000000       0x6e
 .comment       0x00000000       0x6e ..\obj\spi.o
                                 0x6f (size before relaxing)
 .comment       0x0000006e       0x6f ..\obj\stm32f10x_tim.o
 .comment       0x0000006e       0x6f ..\obj\iwdg.o
 .comment       0x0000006e       0x6f ..\obj\system_stm32f10x.o
 .comment       0x0000006e       0x6f ..\obj\tim.o
 .comment       0x0000006e       0x6f ..\obj\startup_stm32f10x_md.o
 .comment       0x0000006e       0x6f ..\obj\stm32f10x_can.o
 .comment       0x0000006e       0x6f ..\obj\stm32f10x_gpio.o
 .comment       0x0000006e       0x6f ..\obj\main.o
 .comment       0x0000006e       0x6f ..\obj\system.o
 .comment       0x0000006e       0x6f ..\obj\can.o
 .comment       0x0000006e       0x6f ..\obj\stm32f10x_rcc.o
 .comment       0x0000006e       0x6f ..\obj\gpio.o
 .comment       0x0000006e       0x6f ..\obj\stm32f10x_usart.o
 .comment       0x0000006e       0x6f ..\obj\syscalls.o
 .comment       0x0000006e       0x6f ..\obj\port.o
 .comment       0x0000006e       0x6f ..\obj\misc.o
 .comment       0x0000006e       0x6f ..\obj\stm32f10x_spi.o
 .comment       0x0000006e       0x6f ..\obj\usart.o
 .comment       0x0000006e       0x6f ..\obj\stm32f10x_iwdg.o

.ARM.attributes
                0x00000000       0x31
 .ARM.attributes
                0x00000000       0x33 ..\obj\spi.o
 .ARM.attributes
                0x00000033       0x33 ..\obj\stm32f10x_tim.o
 .ARM.attributes
                0x00000066       0x33 ..\obj\iwdg.o
 .ARM.attributes
                0x00000099       0x33 ..\obj\system_stm32f10x.o
 .ARM.attributes
                0x000000cc       0x33 ..\obj\tim.o
 .ARM.attributes
                0x000000ff       0x33 ..\obj\startup_stm32f10x_md.o
 .ARM.attributes
                0x00000132       0x33 ..\obj\stm32f10x_can.o
 .ARM.attributes
                0x00000165       0x33 ..\obj\stm32f10x_gpio.o
 .ARM.attributes
                0x00000198       0x33 ..\obj\main.o
 .ARM.attributes
                0x000001cb       0x33 ..\obj\system.o
 .ARM.attributes
                0x000001fe       0x33 ..\obj\can.o
 .ARM.attributes
                0x00000231       0x33 ..\obj\stm32f10x_rcc.o
 .ARM.attributes
                0x00000264       0x33 ..\obj\gpio.o
 .ARM.attributes
                0x00000297       0x33 ..\obj\stm32f10x_usart.o
 .ARM.attributes
                0x000002ca       0x33 ..\obj\syscalls.o
 .ARM.attributes
                0x000002fd       0x33 ..\obj\port.o
 .ARM.attributes
                0x00000330       0x33 ..\obj\misc.o
 .ARM.attributes
                0x00000363       0x33 ..\obj\stm32f10x_spi.o
 .ARM.attributes
                0x00000396       0x33 ..\obj\usart.o
 .ARM.attributes
                0x000003c9       0x33 ..\obj\stm32f10x_iwdg.o
 .ARM.attributes
                0x000003fc       0x1d c:/program files (x86)/gnu tools arm embedded/5.4 2016q3/bin/../lib/gcc/arm-none-eabi/5.4.1/armv7-m\libgcc.a(_aeabi_uldivmod.o)
 .ARM.attributes
                0x00000419       0x2d c:/program files (x86)/gnu tools arm embedded/5.4 2016q3/bin/../lib/gcc/arm-none-eabi/5.4.1/armv7-m\libgcc.a(_udivmoddi4.o)
 .ARM.attributes
                0x00000446       0x2d c:/program files (x86)/gnu tools arm embedded/5.4 2016q3/bin/../lib/gcc/arm-none-eabi/5.4.1/armv7-m\libgcc.a(unwind-arm.o)
 .ARM.attributes
                0x00000473       0x1d c:/program files (x86)/gnu tools arm embedded/5.4 2016q3/bin/../lib/gcc/arm-none-eabi/5.4.1/armv7-m\libgcc.a(libunwind.o)
 .ARM.attributes
                0x00000490       0x2d c:/program files (x86)/gnu tools arm embedded/5.4 2016q3/bin/../lib/gcc/arm-none-eabi/5.4.1/armv7-m\libgcc.a(pr-support.o)
 .ARM.attributes
                0x000004bd       0x1d c:/program files (x86)/gnu tools arm embedded/5.4 2016q3/bin/../lib/gcc/arm-none-eabi/5.4.1/armv7-m\libgcc.a(_dvmd_tls.o)
 .ARM.attributes
                0x000004da       0x1b c:/program files (x86)/gnu tools arm embedded/5.4 2016q3/bin/../lib/gcc/arm-none-eabi/5.4.1/../../../../arm-none-eabi/lib/armv7-m\libg.a(lib_a-memcpy.o)
 .ARM.attributes
                0x000004f5       0x2d c:/program files (x86)/gnu tools arm embedded/5.4 2016q3/bin/../lib/gcc/arm-none-eabi/5.4.1/../../../../arm-none-eabi/lib/armv7-m\libg.a(lib_a-vsprintf.o)
 .ARM.attributes
                0x00000522       0x2d c:/program files (x86)/gnu tools arm embedded/5.4 2016q3/bin/../lib/gcc/arm-none-eabi/5.4.1/../../../../arm-none-eabi/lib/armv7-m\libg.a(lib_a-impure.o)
 .ARM.attributes
                0x0000054f       0x2d c:/program files (x86)/gnu tools arm embedded/5.4 2016q3/bin/../lib/gcc/arm-none-eabi/5.4.1/../../../../arm-none-eabi/lib/armv7-m\libg.a(lib_a-svfprintf.o)
 .ARM.attributes
                0x0000057c       0x2d c:/program files (x86)/gnu tools arm embedded/5.4 2016q3/bin/../lib/gcc/arm-none-eabi/5.4.1/../../../../arm-none-eabi/lib/armv7-m\libg.a(lib_a-dtoa.o)
 .ARM.attributes
                0x000005a9       0x2d c:/program files (x86)/gnu tools arm embedded/5.4 2016q3/bin/../lib/gcc/arm-none-eabi/5.4.1/../../../../arm-none-eabi/lib/armv7-m\libg.a(lib_a-localeconv.o)
 .ARM.attributes
                0x000005d6       0x2d c:/program files (x86)/gnu tools arm embedded/5.4 2016q3/bin/../lib/gcc/arm-none-eabi/5.4.1/../../../../arm-none-eabi/lib/armv7-m\libg.a(lib_a-mallocr.o)
 .ARM.attributes
                0x00000603       0x2d c:/program files (x86)/gnu tools arm embedded/5.4 2016q3/bin/../lib/gcc/arm-none-eabi/5.4.1/../../../../arm-none-eabi/lib/armv7-m\libg.a(lib_a-memchr-stub.o)
 .ARM.attributes
                0x00000630       0x2d c:/program files (x86)/gnu tools arm embedded/5.4 2016q3/bin/../lib/gcc/arm-none-eabi/5.4.1/../../../../arm-none-eabi/lib/armv7-m\libg.a(lib_a-mlock.o)
 .ARM.attributes
                0x0000065d       0x2d c:/program files (x86)/gnu tools arm embedded/5.4 2016q3/bin/../lib/gcc/arm-none-eabi/5.4.1/../../../../arm-none-eabi/lib/armv7-m\libg.a(lib_a-mprec.o)
 .ARM.attributes
                0x0000068a       0x2d c:/program files (x86)/gnu tools arm embedded/5.4 2016q3/bin/../lib/gcc/arm-none-eabi/5.4.1/../../../../arm-none-eabi/lib/armv7-m\libg.a(lib_a-sbrkr.o)
 .ARM.attributes
                0x000006b7       0x2d c:/program files (x86)/gnu tools arm embedded/5.4 2016q3/bin/../lib/gcc/arm-none-eabi/5.4.1/../../../../arm-none-eabi/lib/armv7-m\libg.a(lib_a-strlen-stub.o)
 .ARM.attributes
                0x000006e4       0x2d c:/program files (x86)/gnu tools arm embedded/5.4 2016q3/bin/../lib/gcc/arm-none-eabi/5.4.1/../../../../arm-none-eabi/lib/armv7-m\libg.a(lib_a-svfiprintf.o)
 .ARM.attributes
                0x00000711       0x2d c:/program files (x86)/gnu tools arm embedded/5.4 2016q3/bin/../lib/gcc/arm-none-eabi/5.4.1/../../../../arm-none-eabi/lib/armv7-m\libg.a(lib_a-callocr.o)
 .ARM.attributes
                0x0000073e       0x2d c:/program files (x86)/gnu tools arm embedded/5.4 2016q3/bin/../lib/gcc/arm-none-eabi/5.4.1/../../../../arm-none-eabi/lib/armv7-m\libg.a(lib_a-freer.o)
 .ARM.attributes
                0x0000076b       0x2d c:/program files (x86)/gnu tools arm embedded/5.4 2016q3/bin/../lib/gcc/arm-none-eabi/5.4.1/../../../../arm-none-eabi/lib/armv7-m\libg.a(lib_a-locale.o)
 .ARM.attributes
                0x00000798       0x2d c:/program files (x86)/gnu tools arm embedded/5.4 2016q3/bin/../lib/gcc/arm-none-eabi/5.4.1/../../../../arm-none-eabi/lib/armv7-m\libg.a(lib_a-mbtowc_r.o)
 .ARM.attributes
                0x000007c5       0x2d c:/program files (x86)/gnu tools arm embedded/5.4 2016q3/bin/../lib/gcc/arm-none-eabi/5.4.1/../../../../arm-none-eabi/lib/armv7-m\libg.a(lib_a-memmove.o)
 .ARM.attributes
                0x000007f2       0x2d c:/program files (x86)/gnu tools arm embedded/5.4 2016q3/bin/../lib/gcc/arm-none-eabi/5.4.1/../../../../arm-none-eabi/lib/armv7-m\libg.a(lib_a-memset.o)
 .ARM.attributes
                0x0000081f       0x2d c:/program files (x86)/gnu tools arm embedded/5.4 2016q3/bin/../lib/gcc/arm-none-eabi/5.4.1/../../../../arm-none-eabi/lib/armv7-m\libg.a(lib_a-reallocr.o)
 .ARM.attributes
                0x0000084c       0x2d c:/program files (x86)/gnu tools arm embedded/5.4 2016q3/bin/../lib/gcc/arm-none-eabi/5.4.1/../../../../arm-none-eabi/lib/armv7-m\libg.a(lib_a-reent.o)
 .ARM.attributes
                0x00000879       0x2d c:/program files (x86)/gnu tools arm embedded/5.4 2016q3/bin/../lib/gcc/arm-none-eabi/5.4.1/../../../../arm-none-eabi/lib/armv7-m\libg.a(lib_a-wctomb_r.o)
 .ARM.attributes
                0x000008a6       0x2d c:/program files (x86)/gnu tools arm embedded/5.4 2016q3/bin/../lib/gcc/arm-none-eabi/5.4.1/../../../../arm-none-eabi/lib/armv7-m\libg.a(lib_a-ctype_.o)
 .ARM.attributes
                0x000008d3       0x1d c:/program files (x86)/gnu tools arm embedded/5.4 2016q3/bin/../lib/gcc/arm-none-eabi/5.4.1/armv7-m\libgcc.a(_arm_addsubdf3.o)
 .ARM.attributes
                0x000008f0       0x1d c:/program files (x86)/gnu tools arm embedded/5.4 2016q3/bin/../lib/gcc/arm-none-eabi/5.4.1/armv7-m\libgcc.a(_arm_muldivdf3.o)
 .ARM.attributes
                0x0000090d       0x1d c:/program files (x86)/gnu tools arm embedded/5.4 2016q3/bin/../lib/gcc/arm-none-eabi/5.4.1/armv7-m\libgcc.a(_arm_cmpdf2.o)
 .ARM.attributes
                0x0000092a       0x1d c:/program files (x86)/gnu tools arm embedded/5.4 2016q3/bin/../lib/gcc/arm-none-eabi/5.4.1/armv7-m\libgcc.a(_arm_unorddf2.o)
 .ARM.attributes
                0x00000947       0x1d c:/program files (x86)/gnu tools arm embedded/5.4 2016q3/bin/../lib/gcc/arm-none-eabi/5.4.1/armv7-m\libgcc.a(_arm_fixdfsi.o)

.debug_frame    0x00000000     0x40f0
 .debug_frame   0x00000000       0x50 ..\obj\spi.o
 .debug_frame   0x00000050      0xe2c ..\obj\stm32f10x_tim.o
 .debug_frame   0x00000e7c       0x50 ..\obj\iwdg.o
 .debug_frame   0x00000ecc       0x98 ..\obj\system_stm32f10x.o
 .debug_frame   0x00000f64      0x688 ..\obj\tim.o
 .debug_frame   0x000015ec       0x4c ..\obj\startup_stm32f10x_md.o
 .debug_frame   0x00001638      0x3f0 ..\obj\stm32f10x_can.o
 .debug_frame   0x00001a28      0x2d0 ..\obj\stm32f10x_gpio.o
 .debug_frame   0x00001cf8      0x134 ..\obj\main.o
 .debug_frame   0x00001e2c      0x108 ..\obj\system.o
 .debug_frame   0x00001f34      0x110 ..\obj\can.o
 .debug_frame   0x00002044      0x4f4 ..\obj\stm32f10x_rcc.o
 .debug_frame   0x00002538      0x128 ..\obj\gpio.o
 .debug_frame   0x00002660      0x490 ..\obj\stm32f10x_usart.o
 .debug_frame   0x00002af0      0x168 ..\obj\syscalls.o
 .debug_frame   0x00002c58       0x58 ..\obj\port.o
 .debug_frame   0x00002cb0       0xd8 ..\obj\misc.o
 .debug_frame   0x00002d88      0x3a0 ..\obj\stm32f10x_spi.o
 .debug_frame   0x00003128      0x27c ..\obj\usart.o
 .debug_frame   0x000033a4       0xf0 ..\obj\stm32f10x_iwdg.o
 .debug_frame   0x00003494       0x2c c:/program files (x86)/gnu tools arm embedded/5.4 2016q3/bin/../lib/gcc/arm-none-eabi/5.4.1/armv7-m\libgcc.a(_aeabi_uldivmod.o)
 .debug_frame   0x000034c0       0x38 c:/program files (x86)/gnu tools arm embedded/5.4 2016q3/bin/../lib/gcc/arm-none-eabi/5.4.1/armv7-m\libgcc.a(_udivmoddi4.o)
 .debug_frame   0x000034f8      0x300 c:/program files (x86)/gnu tools arm embedded/5.4 2016q3/bin/../lib/gcc/arm-none-eabi/5.4.1/armv7-m\libgcc.a(unwind-arm.o)
 .debug_frame   0x000037f8      0x104 c:/program files (x86)/gnu tools arm embedded/5.4 2016q3/bin/../lib/gcc/arm-none-eabi/5.4.1/armv7-m\libgcc.a(pr-support.o)
 .debug_frame   0x000038fc       0x50 c:/program files (x86)/gnu tools arm embedded/5.4 2016q3/bin/../lib/gcc/arm-none-eabi/5.4.1/../../../../arm-none-eabi/lib/armv7-m\libg.a(lib_a-vsprintf.o)
 .debug_frame   0x0000394c       0x44 c:/program files (x86)/gnu tools arm embedded/5.4 2016q3/bin/../lib/gcc/arm-none-eabi/5.4.1/../../../../arm-none-eabi/lib/armv7-m\libg.a(lib_a-svfprintf.o)
 .debug_frame   0x00003990       0x84 c:/program files (x86)/gnu tools arm embedded/5.4 2016q3/bin/../lib/gcc/arm-none-eabi/5.4.1/../../../../arm-none-eabi/lib/armv7-m\libg.a(lib_a-dtoa.o)
 .debug_frame   0x00003a14       0x40 c:/program files (x86)/gnu tools arm embedded/5.4 2016q3/bin/../lib/gcc/arm-none-eabi/5.4.1/../../../../arm-none-eabi/lib/armv7-m\libg.a(lib_a-localeconv.o)
 .debug_frame   0x00003a54       0x54 c:/program files (x86)/gnu tools arm embedded/5.4 2016q3/bin/../lib/gcc/arm-none-eabi/5.4.1/../../../../arm-none-eabi/lib/armv7-m\libg.a(lib_a-mallocr.o)
 .debug_frame   0x00003aa8       0x34 c:/program files (x86)/gnu tools arm embedded/5.4 2016q3/bin/../lib/gcc/arm-none-eabi/5.4.1/../../../../arm-none-eabi/lib/armv7-m\libg.a(lib_a-memchr-stub.o)
 .debug_frame   0x00003adc       0x30 c:/program files (x86)/gnu tools arm embedded/5.4 2016q3/bin/../lib/gcc/arm-none-eabi/5.4.1/../../../../arm-none-eabi/lib/armv7-m\libg.a(lib_a-mlock.o)
 .debug_frame   0x00003b0c      0x264 c:/program files (x86)/gnu tools arm embedded/5.4 2016q3/bin/../lib/gcc/arm-none-eabi/5.4.1/../../../../arm-none-eabi/lib/armv7-m\libg.a(lib_a-mprec.o)
 .debug_frame   0x00003d70       0x2c c:/program files (x86)/gnu tools arm embedded/5.4 2016q3/bin/../lib/gcc/arm-none-eabi/5.4.1/../../../../arm-none-eabi/lib/armv7-m\libg.a(lib_a-sbrkr.o)
 .debug_frame   0x00003d9c       0x20 c:/program files (x86)/gnu tools arm embedded/5.4 2016q3/bin/../lib/gcc/arm-none-eabi/5.4.1/../../../../arm-none-eabi/lib/armv7-m\libg.a(lib_a-strlen-stub.o)
 .debug_frame   0x00003dbc       0x78 c:/program files (x86)/gnu tools arm embedded/5.4 2016q3/bin/../lib/gcc/arm-none-eabi/5.4.1/../../../../arm-none-eabi/lib/armv7-m\libg.a(lib_a-svfiprintf.o)
 .debug_frame   0x00003e34       0x28 c:/program files (x86)/gnu tools arm embedded/5.4 2016q3/bin/../lib/gcc/arm-none-eabi/5.4.1/../../../../arm-none-eabi/lib/armv7-m\libg.a(lib_a-callocr.o)
 .debug_frame   0x00003e5c       0x74 c:/program files (x86)/gnu tools arm embedded/5.4 2016q3/bin/../lib/gcc/arm-none-eabi/5.4.1/../../../../arm-none-eabi/lib/armv7-m\libg.a(lib_a-freer.o)
 .debug_frame   0x00003ed0       0x84 c:/program files (x86)/gnu tools arm embedded/5.4 2016q3/bin/../lib/gcc/arm-none-eabi/5.4.1/../../../../arm-none-eabi/lib/armv7-m\libg.a(lib_a-locale.o)
 .debug_frame   0x00003f54       0x4c c:/program files (x86)/gnu tools arm embedded/5.4 2016q3/bin/../lib/gcc/arm-none-eabi/5.4.1/../../../../arm-none-eabi/lib/armv7-m\libg.a(lib_a-mbtowc_r.o)
 .debug_frame   0x00003fa0       0x30 c:/program files (x86)/gnu tools arm embedded/5.4 2016q3/bin/../lib/gcc/arm-none-eabi/5.4.1/../../../../arm-none-eabi/lib/armv7-m\libg.a(lib_a-memmove.o)
 .debug_frame   0x00003fd0       0x34 c:/program files (x86)/gnu tools arm embedded/5.4 2016q3/bin/../lib/gcc/arm-none-eabi/5.4.1/../../../../arm-none-eabi/lib/armv7-m\libg.a(lib_a-memset.o)
 .debug_frame   0x00004004       0x58 c:/program files (x86)/gnu tools arm embedded/5.4 2016q3/bin/../lib/gcc/arm-none-eabi/5.4.1/../../../../arm-none-eabi/lib/armv7-m\libg.a(lib_a-reallocr.o)
 .debug_frame   0x0000405c       0x58 c:/program files (x86)/gnu tools arm embedded/5.4 2016q3/bin/../lib/gcc/arm-none-eabi/5.4.1/../../../../arm-none-eabi/lib/armv7-m\libg.a(lib_a-reent.o)
 .debug_frame   0x000040b4       0x3c c:/program files (x86)/gnu tools arm embedded/5.4 2016q3/bin/../lib/gcc/arm-none-eabi/5.4.1/../../../../arm-none-eabi/lib/armv7-m\libg.a(lib_a-wctomb_r.o)
