Archive member included to satisfy reference by file (symbol)

c:/program files (x86)/gnu tools arm embedded/5.4 2016q3/bin/../lib/gcc/arm-none-eabi/5.4.1/armv7-m\libgcc.a(_aeabi_uldivmod.o)
                              ..\obj\system.o (__aeabi_uldivmod)
c:/program files (x86)/gnu tools arm embedded/5.4 2016q3/bin/../lib/gcc/arm-none-eabi/5.4.1/armv7-m\libgcc.a(_udivmoddi4.o)
                              c:/program files (x86)/gnu tools arm embedded/5.4 2016q3/bin/../lib/gcc/arm-none-eabi/5.4.1/armv7-m\libgcc.a(_aeabi_uldivmod.o) (__udivmoddi4)
c:/program files (x86)/gnu tools arm embedded/5.4 2016q3/bin/../lib/gcc/arm-none-eabi/5.4.1/armv7-m\libgcc.a(unwind-arm.o)
                              ..\obj\spi.o (__aeabi_unwind_cpp_pr0)
c:/program files (x86)/gnu tools arm embedded/5.4 2016q3/bin/../lib/gcc/arm-none-eabi/5.4.1/armv7-m\libgcc.a(libunwind.o)
                              c:/program files (x86)/gnu tools arm embedded/5.4 2016q3/bin/../lib/gcc/arm-none-eabi/5.4.1/armv7-m\libgcc.a(unwind-arm.o) (restore_core_regs)
c:/program files (x86)/gnu tools arm embedded/5.4 2016q3/bin/../lib/gcc/arm-none-eabi/5.4.1/armv7-m\libgcc.a(pr-support.o)
                              c:/program files (x86)/gnu tools arm embedded/5.4 2016q3/bin/../lib/gcc/arm-none-eabi/5.4.1/armv7-m\libgcc.a(unwind-arm.o) (__gnu_unwind_execute)
c:/program files (x86)/gnu tools arm embedded/5.4 2016q3/bin/../lib/gcc/arm-none-eabi/5.4.1/armv7-m\libgcc.a(_dvmd_tls.o)
                              c:/program files (x86)/gnu tools arm embedded/5.4 2016q3/bin/../lib/gcc/arm-none-eabi/5.4.1/armv7-m\libgcc.a(_aeabi_uldivmod.o) (__aeabi_ldiv0)
c:/program files (x86)/gnu tools arm embedded/5.4 2016q3/bin/../lib/gcc/arm-none-eabi/5.4.1/../../../../arm-none-eabi/lib/armv7-m\libg.a(lib_a-memcpy.o)
                              c:/program files (x86)/gnu tools arm embedded/5.4 2016q3/bin/../lib/gcc/arm-none-eabi/5.4.1/armv7-m\libgcc.a(unwind-arm.o) (memcpy)
c:/program files (x86)/gnu tools arm embedded/5.4 2016q3/bin/../lib/gcc/arm-none-eabi/5.4.1/../../../../arm-none-eabi/lib/armv7-m\libg.a(lib_a-vsprintf.o)
                              ..\obj\usart.o (vsprintf)
c:/program files (x86)/gnu tools arm embedded/5.4 2016q3/bin/../lib/gcc/arm-none-eabi/5.4.1/../../../../arm-none-eabi/lib/armv7-m\libg.a(lib_a-impure.o)
                              c:/program files (x86)/gnu tools arm embedded/5.4 2016q3/bin/../lib/gcc/arm-none-eabi/5.4.1/../../../../arm-none-eabi/lib/armv7-m\libg.a(lib_a-vsprintf.o) (_impure_ptr)
c:/program files (x86)/gnu tools arm embedded/5.4 2016q3/bin/../lib/gcc/arm-none-eabi/5.4.1/../../../../arm-none-eabi/lib/armv7-m\libg.a(lib_a-svfprintf.o)
                              c:/program files (x86)/gnu tools arm embedded/5.4 2016q3/bin/../lib/gcc/arm-none-eabi/5.4.1/../../../../arm-none-eabi/lib/armv7-m\libg.a(lib_a-vsprintf.o) (_svfprintf_r)
c:/program files (x86)/gnu tools arm embedded/5.4 2016q3/bin/../lib/gcc/arm-none-eabi/5.4.1/../../../../arm-none-eabi/lib/armv7-m\libg.a(lib_a-dtoa.o)
                              c:/program files (x86)/gnu tools arm embedded/5.4 2016q3/bin/../lib/gcc/arm-none-eabi/5.4.1/../../../../arm-none-eabi/lib/armv7-m\libg.a(lib_a-svfprintf.o) (_dtoa_r)
c:/program files (x86)/gnu tools arm embedded/5.4 2016q3/bin/../lib/gcc/arm-none-eabi/5.4.1/../../../../arm-none-eabi/lib/armv7-m\libg.a(lib_a-localeconv.o)
                              c:/program files (x86)/gnu tools arm embedded/5.4 2016q3/bin/../lib/gcc/arm-none-eabi/5.4.1/../../../../arm-none-eabi/lib/armv7-m\libg.a(lib_a-svfprintf.o) (_localeconv_r)
c:/program files (x86)/gnu tools arm embedded/5.4 2016q3/bin/../lib/gcc/arm-none-eabi/5.4.1/../../../../arm-none-eabi/lib/armv7-m\libg.a(lib_a-mallocr.o)
                              c:/program files (x86)/gnu tools arm embedded/5.4 2016q3/bin/../lib/gcc/arm-none-eabi/5.4.1/../../../../arm-none-eabi/lib/armv7-m\libg.a(lib_a-svfprintf.o) (_malloc_r)
c:/program files (x86)/gnu tools arm embedded/5.4 2016q3/bin/../lib/gcc/arm-none-eabi/5.4.1/../../../../arm-none-eabi/lib/armv7-m\libg.a(lib_a-memchr-stub.o)
                              c:/program files (x86)/gnu tools arm embedded/5.4 2016q3/bin/../lib/gcc/arm-none-eabi/5.4.1/../../../../arm-none-eabi/lib/armv7-m\libg.a(lib_a-svfprintf.o) (memchr)
c:/program files (x86)/gnu tools arm embedded/5.4 2016q3/bin/../lib/gcc/arm-none-eabi/5.4.1/../../../../arm-none-eabi/lib/armv7-m\libg.a(lib_a-mlock.o)
                              c:/program files (x86)/gnu tools arm embedded/5.4 2016q3/bin/../lib/gcc/arm-none-eabi/5.4.1/../../../../arm-none-eabi/lib/armv7-m\libg.a(lib_a-mallocr.o) (__malloc_lock)
c:/program files (x86)/gnu tools arm embedded/5.4 2016q3/bin/../lib/gcc/arm-none-eabi/5.4.1/../../../../arm-none-eabi/lib/armv7-m\libg.a(lib_a-mprec.o)
                              c:/program files (x86)/gnu tools arm embedded/5.4 2016q3/bin/../lib/gcc/arm-none-eabi/5.4.1/../../../../arm-none-eabi/lib/armv7-m\libg.a(lib_a-dtoa.o) (_Balloc)
[...]
Memory Configuration

Name             Origin             Length             Attributes
rom              0x08000000         0x00010000         xr
ram              0x20000000         0x00005000         xrw
*default*        0x00000000         0xffffffff

Linker script and memory map

                0x20005000                _eram = 0x20005000

.text           0x08000000     0x8a99
 *(.isr_vector)
 .isr_vector    0x08000000      0x10c ..\obj\startup_stm32f10x_md.o
                0x08000000                g_pfnVectors
 *(.text*)
 .text._ZN14CanNodeEncoder5setupER3TIMR3CANt
                0x0800010c       0x40 ..\obj\canNodeEncoder.o
                0x0800010c                CanNodeEncoder::setup(TIM&, CAN&, unsigned short)
 .text._ZN14CanNodeEncoder5cycleEv
                0x0800014c       0x90 ..\obj\canNodeEncoder.o
                0x0800014c                CanNodeEncoder::cycle()
 .text._ZN14CanNodeEncoder9interruptE8CanRxMsg
                0x080001dc       0x58 ..\obj\canNodeEncoder.o
                0x080001dc                CanNodeEncoder::interrupt(CanRxMsg)
 .text.SPI1_IRQHandler
                0x08000234       0x50 ..\obj\spi.o
                0x08000234                SPI1_IRQHandler
 .text.TIM_Cmd  0x08000284       0x40 ..\obj\stm32f10x_tim.o
                0x08000284                TIM_Cmd
 .text.TIM_ITConfig
                0x080002c4       0x48 ..\obj\stm32f10x_tim.o
                0x080002c4                TIM_ITConfig
 .text.TIM_EncoderInterfaceConfig
                0x0800030c       0x98 ..\obj\stm32f10x_tim.o
                0x0800030c                TIM_EncoderInterfaceConfig
 .text.TIM_ClearITPendingBit
                0x080003a4       0x20 ..\obj\stm32f10x_tim.o
                0x080003a4                TIM_ClearITPendingBit
 .text._Z9IWDGResetv
                0x080003c4        0xc ..\obj\iwdg.o
                0x080003c4                IWDGReset()
 .text.SystemInit
                0x080003d0       0x68 ..\obj\system_stm32f10x.o
                0x080003d0                SystemInit
 .text.SetSysClock
                0x08000438        0xc ..\obj\system_stm32f10x.o
 .text.SetSysClockTo72
                0x08000444      0x100 ..\obj\system_stm32f10x.o
 .text._ZN3TIM12encoderSetupEP11TIM_TypeDefP12GPIO_TypeDeftS3_t
                0x08000544       0xa4 ..\obj\tim.o
                0x08000544                TIM::encoderSetup(TIM_TypeDef*, GPIO_TypeDef*, unsigned short, GPIO_TypeDef*, unsigned short)
 .text._ZN3TIM7ioSetupEP12GPIO_TypeDeftS1_t
                0x080005e8       0x34 ..\obj\tim.o
                0x080005e8                TIM::ioSetup(GPIO_TypeDef*, unsigned short, GPIO_TypeDef*, unsigned short)
 .text._ZN3TIM4readEv
                0x0800061c       0x90 ..\obj\tim.o
                0x0800061c                TIM::read()
 .text._ZN3TIM5resetEv
                0x080006ac       0x90 ..\obj\tim.o
                0x080006ac                TIM::reset()
 .text._ZN3TIM7reverseEa
                0x0800073c       0x1c ..\obj\tim.o
                0x0800073c                TIM::reverse(signed char)
 .text._Z16TIM1EncoderSetupv
                0x08000758       0x54 ..\obj\tim.o
                0x08000758                TIM1EncoderSetup()
 .text._Z16TIM2EncoderSetupv
                0x080007ac       0x54 ..\obj\tim.o
                0x080007ac                TIM2EncoderSetup()
 .text._Z16TIM3EncoderSetupv
                0x08000800       0x50 ..\obj\tim.o
                0x08000800                TIM3EncoderSetup()
 .text._Z16TIM4EncoderSetupv
                0x08000850       0x50 ..\obj\tim.o
                0x08000850                TIM4EncoderSetup()
 .text._Z8TIM1Readv
                0x080008a0       0x24 ..\obj\tim.o
                0x080008a0                TIM1Read()
 .text._Z8TIM2Readv
                0x080008c4       0x24 ..\obj\tim.o
                0x080008c4                TIM2Read()
 .text._Z8TIM3Readv
                0x080008e8       0x24 ..\obj\tim.o
                0x080008e8                TIM3Read()
 .text._Z8TIM4Readv
                0x0800090c       0x24 ..\obj\tim.o
                0x0800090c                TIM4Read()
 .text._Z16TIM1_ENCODER_IRQv
                0x08000930       0x40 ..\obj\tim.o
                0x08000930                TIM1_ENCODER_IRQ()
 .text._Z16TIM2_ENCODER_IRQv
                0x08000970       0x3c ..\obj\tim.o
                0x08000970                TIM2_ENCODER_IRQ()
 .text._Z16TIM3_ENCODER_IRQv
                0x080009ac       0x40 ..\obj\tim.o
                0x080009ac                TIM3_ENCODER_IRQ()
 .text._Z16TIM4_ENCODER_IRQv
                0x080009ec       0x40 ..\obj\tim.o
                0x080009ec                TIM4_ENCODER_IRQ()
 .text._Z19TIM1_TIM_Update_IRQv
                0x08000a2c       0x1c ..\obj\tim.o
                0x08000a2c                TIM1_TIM_Update_IRQ()
 .text._Z19TIM2_TIM_Update_IRQv
                0x08000a48       0x1c ..\obj\tim.o
                0x08000a48                TIM2_TIM_Update_IRQ()
 .text._Z19TIM3_TIM_Update_IRQv
                0x08000a64       0x1c ..\obj\tim.o
                0x08000a64                TIM3_TIM_Update_IRQ()
 .text._Z19TIM4_TIM_Update_IRQv
                0x08000a80       0x1c ..\obj\tim.o
                0x08000a80                TIM4_TIM_Update_IRQ()
 .text.TIM1_UP_IRQHandler
                0x08000a9c       0x40 ..\obj\tim.o
                0x08000a9c                TIM1_UP_IRQHandler
 .text.TIM2_IRQHandler
                0x08000adc       0x54 ..\obj\tim.o
                0x08000adc                TIM2_IRQHandler
 .text.TIM3_IRQHandler
                0x08000b30       0x50 ..\obj\tim.o
                0x08000b30                TIM3_IRQHandler
 .text.TIM4_IRQHandler
                0x08000b80       0x50 ..\obj\tim.o
                0x08000b80                TIM4_IRQHandler
 .text.Default_Reset_Handler
                0x08000bd0       0x60 ..\obj\startup_stm32f10x_md.o
                0x08000bd0                Default_Reset_Handler
                0x08000bd0                Reset_Handler
 .text.Default_Handler
                0x08000c30        0x8 ..\obj\startup_stm32f10x_md.o
                0x08000c30                EXTI2_IRQHandler
                0x08000c30                DebugMon_Handler
                0x08000c30                TIM1_CC_IRQHandler
                0x08000c30                HardFault_Handler
                0x08000c30                PVD_IRQHandler
                0x08000c30                PendSV_Handler
                0x08000c30                NMI_Handler
                0x08000c30                EXTI3_IRQHandler
                0x08000c30                EXTI0_IRQHandler
                0x08000c30                I2C2_EV_IRQHandler
                0x08000c30                UsageFault_Handler
                0x08000c30                ADC1_2_IRQHandler
                0x08000c30                TAMPER_IRQHandler
                0x08000c30                DMA1_Channel4_IRQHandler
                0x08000c30                RTC_IRQHandler
                0x08000c30                DMA1_Channel7_IRQHandler
                0x08000c30                CAN1_RX1_IRQHandler
                0x08000c30                I2C1_EV_IRQHandler
                0x08000c30                DMA1_Channel6_IRQHandler
                0x08000c30                RCC_IRQHandler
                0x08000c30                TIM1_TRG_COM_IRQHandler
                0x08000c30                DMA1_Channel1_IRQHandler
                0x08000c30                EXTI15_10_IRQHandler
                0x08000c30                EXTI9_5_IRQHandler
                0x08000c30                SPI2_IRQHandler
                0x08000c30                MemManage_Handler
                0x08000c30                SVC_Handler
                0x08000c30                DMA1_Channel5_IRQHandler
                0x08000c30                EXTI4_IRQHandler
                0x08000c30                USB_HP_CAN1_TX_IRQHandler
                0x08000c30                DMA1_Channel3_IRQHandler
                0x08000c30                WWDG_IRQHandler
                0x08000c30                TIM1_BRK_IRQHandler
                0x08000c30                EXTI1_IRQHandler
                0x08000c30                RTCAlarm_IRQHandler
                0x08000c30                I2C2_ER_IRQHandler
                0x08000c30                DMA1_Channel2_IRQHandler
                0x08000c30                CAN1_SCE_IRQHandler
                0x08000c30                FLASH_IRQHandler
                0x08000c30                BusFault_Handler
                0x08000c30                I2C1_ER_IRQHandler
                0x08000c30                USBWakeUp_IRQHandler
 .text.CAN_DeInit
                0x08000c38       0x48 ..\obj\stm32f10x_can.o
                0x08000c38                CAN_DeInit
 .text.CAN_Init
                0x08000c80      0x1a0 ..\obj\stm32f10x_can.o
                0x08000c80                CAN_Init
 .text.CAN_FilterInit
                0x08000e20      0x174 ..\obj\stm32f10x_can.o
                0x08000e20                CAN_FilterInit
 .text.CAN_StructInit
                0x08000f94       0x54 ..\obj\stm32f10x_can.o
                0x08000f94                CAN_StructInit
 .text.CAN_Transmit
                0x08000fe8      0x194 ..\obj\stm32f10x_can.o
                0x08000fe8                CAN_Transmit
 .text.CAN_Receive
                0x0800117c      0x174 ..\obj\stm32f10x_can.o
                0x0800117c                CAN_Receive
 .text.CAN_ITConfig
                0x080012f0       0x3c ..\obj\stm32f10x_can.o
                0x080012f0                CAN_ITConfig
 .text.GPIO_Init
                0x0800132c      0x178 ..\obj\stm32f10x_gpio.o
                0x0800132c                GPIO_Init
 .text.GPIO_StructInit
                0x080014a4       0x28 ..\obj\stm32f10x_gpio.o
                0x080014a4                GPIO_StructInit
 .text.GPIO_ReadOutputDataBit
                0x080014cc       0x34 ..\obj\stm32f10x_gpio.o
                0x080014cc                GPIO_ReadOutputDataBit
 .text.GPIO_WriteBit
                0x08001500       0x30 ..\obj\stm32f10x_gpio.o
                0x08001500                GPIO_WriteBit
 .text._ZN4GPIOC2Ev
                0x08001530       0x14 ..\obj\main.o
                0x08001530                GPIO::GPIO()
                0x08001530                GPIO::GPIO()
 .text._ZN3LedC2Ev
                0x08001544       0x2c ..\obj\main.o
                0x08001544                Led::Led()
                0x08001544                Led::Led()
 .text._ZN4PORTC2Ev
                0x08001570       0x1c ..\obj\main.o
                0x08001570                PORT::PORT()
                0x08001570                PORT::PORT()
 .text._ZN5Port0C2Ev
                0x0800158c       0xb0 ..\obj\main.o
                0x0800158c                Port0::Port0()
                0x0800158c                Port0::Port0()
 .text._ZN3CANC2Ev
                0x0800163c       0x14 ..\obj\main.o
                0x0800163c                CAN::CAN()
                0x0800163c                CAN::CAN()
 .text._ZN4Can1C2Ev
                0x08001650       0x4c ..\obj\main.o
                0x08001650                Can1::Can1()
                0x08001650                Can1::Can1()
 .text._ZN5USARTC2Ev
                0x0800169c       0x14 ..\obj\main.o
                0x0800169c                USART::USART()
                0x0800169c                USART::USART()
 .text._ZN7Serial0C2Ev
                0x080016b0       0x50 ..\obj\main.o
                0x080016b0                Serial0::Serial0()
                0x080016b0                Serial0::Serial0()
 .text.main     0x08001700      0x260 ..\obj\main.o
                0x08001700                main
 .text.USB_LP_CAN1_RX0_IRQHandler
                0x08001960      0x124 ..\obj\main.o
                0x08001960                USB_LP_CAN1_RX0_IRQHandler
 .text.NVIC_SetPriority
                0x08001a84       0x54 ..\obj\system.o
 .text.SysTick_Config
                0x08001ad8       0x44 ..\obj\system.o
 .text._Z5setupv
                0x08001b1c       0x24 ..\obj\system.o
                0x08001b1c                setup()
 .text._Z6microsv
                0x08001b40       0x2c ..\obj\system.o
                0x08001b40                micros()
 .text._Z6millisv
                0x08001b6c       0x20 ..\obj\system.o
                0x08001b6c                millis()
 .text.SysTick_Handler
                0x08001b8c       0x20 ..\obj\system.o
                0x08001b8c                SysTick_Handler
 .text._ZN3CAN5setupEP11CAN_TypeDef
                0x08001bac       0x2c ..\obj\can.o
                0x08001bac                CAN::setup(CAN_TypeDef*)
 .text._ZN3CAN4sendEthPh
                0x08001bd8       0x34 ..\obj\can.o
                0x08001bd8                CAN::send(unsigned short, unsigned char, unsigned char*)
 .text._ZN3CAN9filterAddEtttt
                0x08001c0c       0x30 ..\obj\can.o
                0x08001c0c                CAN::filterAdd(unsigned short, unsigned short, unsigned short, unsigned short)
 .text._Z9CAN1Setupv
                0x08001c3c       0x80 ..\obj\can.o
                0x08001c3c                CAN1Setup()
 .text._Z8CAN1SendthPh
                0x08001cbc       0x74 ..\obj\can.o
                0x08001cbc                CAN1Send(unsigned short, unsigned char, unsigned char*)
 .text._Z12CANFilterAddtttt
                0x08001d30       0x84 ..\obj\can.o
                0x08001d30                CANFilterAdd(unsigned short, unsigned short, unsigned short, unsigned short)
 .text.RCC_GetClocksFreq
                0x08001db4      0x160 ..\obj\stm32f10x_rcc.o
                0x08001db4                RCC_GetClocksFreq
 .text.RCC_APB2PeriphClockCmd
                0x08001f14       0x3c ..\obj\stm32f10x_rcc.o
                0x08001f14                RCC_APB2PeriphClockCmd
 .text.RCC_APB1PeriphClockCmd
                0x08001f50       0x3c ..\obj\stm32f10x_rcc.o
                0x08001f50                RCC_APB1PeriphClockCmd
 .text.RCC_APB1PeriphResetCmd
                0x08001f8c       0x3c ..\obj\stm32f10x_rcc.o
                0x08001f8c                RCC_APB1PeriphResetCmd
 .text._ZN4GPIO5setupEP12GPIO_TypeDeft16GPIOMode_TypeDef
                0x08001fc8       0x7c ..\obj\gpio.o
                0x08001fc8                GPIO::setup(GPIO_TypeDef*, unsigned short, GPIOMode_TypeDef)
 .text._ZN4GPIO5writeE9BitAction
                0x08002044       0x28 ..\obj\gpio.o
                0x08002044                GPIO::write(BitAction)
 .text._ZN4GPIO6toggleEv
                0x0800206c       0x20 ..\obj\gpio.o
                0x0800206c                GPIO::toggle()
 .text._Z9pinToggleP12GPIO_TypeDeft
                0x0800208c       0x48 ..\obj\gpio.o
                0x0800208c                pinToggle(GPIO_TypeDef*, unsigned short)
 .text.USART_Init
                0x080020d4      0x174 ..\obj\stm32f10x_usart.o
                0x080020d4                USART_Init
 .text.USART_StructInit
                0x08002248       0x38 ..\obj\stm32f10x_usart.o
                0x08002248                USART_StructInit
 .text.USART_Cmd
                0x08002280       0x40 ..\obj\stm32f10x_usart.o
                0x08002280                USART_Cmd
 .text.USART_ITConfig
                0x080022c0       0x90 ..\obj\stm32f10x_usart.o
                0x080022c0                USART_ITConfig
 .text.USART_SendData
                0x08002350       0x24 ..\obj\stm32f10x_usart.o
                0x08002350                USART_SendData
 .text.USART_ReceiveData
                0x08002374       0x20 ..\obj\stm32f10x_usart.o
                0x08002374                USART_ReceiveData
 .text.USART_GetITStatus
                0x08002394       0xb4 ..\obj\stm32f10x_usart.o
                0x08002394                USART_GetITStatus
 .text._ZN12CanNodeValve5setupER4PORTR3CANt
                0x08002448       0x2c ..\obj\canNodeValve.o
                0x08002448                CanNodeValve::setup(PORT&, CAN&, unsigned short)
 .text._ZN12CanNodeValve9interruptE8CanRxMsg
                0x08002474       0xa0 ..\obj\canNodeValve.o
                0x08002474                CanNodeValve::interrupt(CanRxMsg)
 .text._sbrk    0x08002514       0x3c ..\obj\syscalls.o
                0x08002514                _sbrk
 .text.abort    0x08002550        0x8 ..\obj\syscalls.o
                0x08002550                abort
 .text._ZN4PORT6invertEv
                0x08002558       0x44 ..\obj\port.o
                0x08002558                PORT::invert()
 .text.NVIC_Init
                0x0800259c       0xc4 ..\obj\misc.o
                0x0800259c                NVIC_Init
 .text.SPI_I2S_GetITStatus
                0x08002660       0x74 ..\obj\stm32f10x_spi.o
                0x08002660                SPI_I2S_GetITStatus
 .text.SPI_I2S_ClearITPendingBit
                0x080026d4       0x34 ..\obj\stm32f10x_spi.o
                0x080026d4                SPI_I2S_ClearITPendingBit
 .text._ZN5USART4putsEPKc
                0x08002708       0x3c ..\obj\usart.o
                0x08002708                USART::puts(char const*)
 .text._ZN5USART6printfEPKcz
                0x08002744       0x40 ..\obj\usart.o
                0x08002744                USART::printf(char const*, ...)
 .text._ZN5USART5setupEP13USART_TypeDefm
                0x08002784       0xb0 ..\obj\usart.o
                0x08002784                USART::setup(USART_TypeDef*, unsigned long)
 .text._ZN5USART4sendEc
                0x08002834      0x17c ..\obj\usart.o
                0x08002834                USART::send(char)
 .text._Z11USART1Setupm
                0x080029b0       0x54 ..\obj\usart.o
                0x080029b0                USART1Setup(unsigned long)
 .text._Z11USART2Setupm
                0x08002a04       0x54 ..\obj\usart.o
                0x08002a04                USART2Setup(unsigned long)
 .text._Z11USART3Setupm
                0x08002a58       0x54 ..\obj\usart.o
                0x08002a58                USART3Setup(unsigned long)
 .text._Z13USART1ITSetupt
                0x08002aac       0x38 ..\obj\usart.o
                0x08002aac                USART1ITSetup(unsigned short)
 .text._Z13USART2ITSetupt
                0x08002ae4       0x38 ..\obj\usart.o
                0x08002ae4                USART2ITSetup(unsigned short)
 .text._Z13USART3ITSetupt
                0x08002b1c       0x38 ..\obj\usart.o
                0x08002b1c                USART3ITSetup(unsigned short)
 .text.USART1_IRQHandler
                0x08002b54       0xe8 ..\obj\usart.o
                0x08002b54                USART1_IRQHandler
 .text.USART2_IRQHandler
                0x08002c3c       0xe8 ..\obj\usart.o
                0x08002c3c                USART2_IRQHandler
 .text.USART3_IRQHandler
                0x08002d24       0xe8 ..\obj\usart.o
                0x08002d24                USART3_IRQHandler
 .text.IWDG_ReloadCounter
                0x08002e0c       0x18 ..\obj\stm32f10x_iwdg.o
                0x08002e0c                IWDG_ReloadCounter
 .text          0x08002e24       0x30 c:/program files (x86)/gnu tools arm embedded/5.4 2016q3/bin/../lib/gcc/arm-none-eabi/5.4.1/armv7-m\libgcc.a(_aeabi_uldivmod.o)
                0x08002e24                __aeabi_uldivmod
 .text          0x08002e54      0x2ec c:/program files (x86)/gnu tools arm embedded/5.4 2016q3/bin/../lib/gcc/arm-none-eabi/5.4.1/armv7-m\libgcc.a(_udivmoddi4.o)
                0x08002e54                __udivmoddi4
 .text          0x08003140      0x9e4 c:/program files (x86)/gnu tools arm embedded/5.4 2016q3/bin/../lib/gcc/arm-none-eabi/5.4.1/armv7-m\libgcc.a(unwind-arm.o)
                0x08003400                _Unwind_GetCFA
                0x08003404                __gnu_Unwind_RaiseException
                0x08003464                __gnu_Unwind_ForcedUnwind
                0x08003478                __gnu_Unwind_Resume
                0x080034bc                __gnu_Unwind_Resume_or_Rethrow
                0x080034d0                _Unwind_Complete
                0x080034d4                _Unwind_DeleteException
                0x080034e0                _Unwind_VRS_Get
                0x0800352c                _Unwind_VRS_Set
                0x0800357c                __gnu_Unwind_Backtrace
                0x080038c8                __aeabi_unwind_cpp_pr0
                0x080038cc                __aeabi_unwind_cpp_pr1
                0x080038d0                __aeabi_unwind_cpp_pr2
                0x080038d4                _Unwind_VRS_Pop
 .text          0x08003b24      0x1ac c:/program files (x86)/gnu tools arm embedded/5.4 2016q3/bin/../lib/gcc/arm-none-eabi/5.4.1/armv7-m\libgcc.a(libunwind.o)
                0x08003b24                __restore_core_regs
                0x08003b24                restore_core_regs
                0x08003b3c                __gnu_Unwind_Restore_VFP
                0x08003b44                __gnu_Unwind_Save_VFP
                0x08003b4c                __gnu_Unwind_Restore_VFP_D
                0x08003b54                __gnu_Unwind_Save_VFP_D
                0x08003b5c                __gnu_Unwind_Restore_VFP_D_16_to_31
                0x08003b64                __gnu_Unwind_Save_VFP_D_16_to_31
                0x08003b6c                __gnu_Unwind_Restore_WMMXD
                0x08003bb0                __gnu_Unwind_Save_WMMXD
                0x08003bf4                __gnu_Unwind_Restore_WMMXC
                0x08003c08                __gnu_Unwind_Save_WMMXC
                0x08003c1c                ___Unwind_RaiseException
                0x08003c1c                _Unwind_RaiseException
                0x08003c40                _Unwind_Resume
                0x08003c40                ___Unwind_Resume
                0x08003c64                _Unwind_Resume_or_Rethrow
                0x08003c64                ___Unwind_Resume_or_Rethrow
                0x08003c88                _Unwind_ForcedUnwind
                0x08003c88                ___Unwind_ForcedUnwind
                0x08003cac                ___Unwind_Backtrace
                0x08003cac                _Unwind_Backtrace
 .text          0x08003cd0      0x354 c:/program files (x86)/gnu tools arm embedded/5.4 2016q3/bin/../lib/gcc/arm-none-eabi/5.4.1/armv7-m\libgcc.a(pr-support.o)
                0x08003d28                __gnu_unwind_execute
                0x08003fcc                __gnu_unwind_frame
                0x08003ff4                _Unwind_GetRegionStart
                0x08004000                _Unwind_GetLanguageSpecificData
                0x08004014                _Unwind_GetTextRelBase
                0x0800401c                _Unwind_GetDataRelBase
 .text          0x08004024        0x4 c:/program files (x86)/gnu tools arm embedded/5.4 2016q3/bin/../lib/gcc/arm-none-eabi/5.4.1/armv7-m\libgcc.a(_dvmd_tls.o)
                0x08004024                __aeabi_idiv0
                0x08004024                __aeabi_ldiv0
 .text          0x08004028       0xec c:/program files (x86)/gnu tools arm embedded/5.4 2016q3/bin/../lib/gcc/arm-none-eabi/5.4.1/../../../../arm-none-eabi/lib/armv7-m\libg.a(lib_a-memcpy.o)
                0x08004028                memcpy
 .text._vsprintf_r
                0x08004114       0x34 c:/program files (x86)/gnu tools arm embedded/5.4 2016q3/bin/../lib/gcc/arm-none-eabi/5.4.1/../../../../arm-none-eabi/lib/armv7-m\libg.a(lib_a-vsprintf.o)
                0x08004114                _vsprintf_r
 .text.vsprintf
                0x08004148       0x18 c:/program files (x86)/gnu tools arm embedded/5.4 2016q3/bin/../lib/gcc/arm-none-eabi/5.4.1/../../../../arm-none-eabi/lib/armv7-m\libg.a(lib_a-vsprintf.o)
                0x08004148                vsprintf
 .text._svfprintf_r
                0x08004160     0x1760 c:/program files (x86)/gnu tools arm embedded/5.4 2016q3/bin/../lib/gcc/arm-none-eabi/5.4.1/../../../../arm-none-eabi/lib/armv7-m\libg.a(lib_a-svfprintf.o)
                0x08004160                _svfprintf_r
 .text.quorem   0x080058c0      0x12c c:/program files (x86)/gnu tools arm embedded/5.4 2016q3/bin/../lib/gcc/arm-none-eabi/5.4.1/../../../../arm-none-eabi/lib/armv7-m\libg.a(lib_a-dtoa.o)
 *fill*         0x080059ec        0x4 
 .text._dtoa_r  0x080059f0      0xe4c c:/program files (x86)/gnu tools arm embedded/5.4 2016q3/bin/../lib/gcc/arm-none-eabi/5.4.1/../../../../arm-none-eabi/lib/armv7-m\libg.a(lib_a-dtoa.o)
                0x080059f0                _dtoa_r
 .text._localeconv_r
                0x0800683c       0x1c c:/program files (x86)/gnu tools arm embedded/5.4 2016q3/bin/../lib/gcc/arm-none-eabi/5.4.1/../../../../arm-none-eabi/lib/armv7-m\libg.a(lib_a-localeconv.o)
                0x0800683c                _localeconv_r
 .text._malloc_r
                0x08006858      0x558 c:/program files (x86)/gnu tools arm embedded/5.4 2016q3/bin/../lib/gcc/arm-none-eabi/5.4.1/../../../../arm-none-eabi/lib/armv7-m\libg.a(lib_a-mallocr.o)
                0x08006858                _malloc_r
 .text.memchr   0x08006db0       0x8c c:/program files (x86)/gnu tools arm embedded/5.4 2016q3/bin/../lib/gcc/arm-none-eabi/5.4.1/../../../../arm-none-eabi/lib/armv7-m\libg.a(lib_a-memchr-stub.o)
                0x08006db0                memchr
 .text.__malloc_lock
                0x08006e3c        0x4 c:/program files (x86)/gnu tools arm embedded/5.4 2016q3/bin/../lib/gcc/arm-none-eabi/5.4.1/../../../../arm-none-eabi/lib/armv7-m\libg.a(lib_a-mlock.o)
                0x08006e3c                __malloc_lock
 .text.__malloc_unlock
                0x08006e40        0x4 c:/program files (x86)/gnu tools arm embedded/5.4 2016q3/bin/../lib/gcc/arm-none-eabi/5.4.1/../../../../arm-none-eabi/lib/armv7-m\libg.a(lib_a-mlock.o)
                0x08006e40                __malloc_unlock
 .text._Balloc  0x08006e44       0x50 c:/program files (x86)/gnu tools arm embedded/5.4 2016q3/bin/../lib/gcc/arm-none-eabi/5.4.1/../../../../arm-none-eabi/lib/armv7-m\libg.a(lib_a-mprec.o)
                0x08006e44                _Balloc
 .text._Bfree   0x08006e94       0x14 c:/program files (x86)/gnu tools arm embedded/5.4 2016q3/bin/../lib/gcc/arm-none-eabi/5.4.1/../../../../arm-none-eabi/lib/armv7-m\libg.a(lib_a-mprec.o)
                0x08006e94                _Bfree
 .text.__multadd
                0x08006ea8       0x80 c:/program files (x86)/gnu tools arm embedded/5.4 2016q3/bin/../lib/gcc/arm-none-eabi/5.4.1/../../../../arm-none-eabi/lib/armv7-m\libg.a(lib_a-mprec.o)
                0x08006ea8                __multadd
 .text.__hi0bits
                0x08006f28       0x40 c:/program files (x86)/gnu tools arm embedded/5.4 2016q3/bin/../lib/gcc/arm-none-eabi/5.4.1/../../../../arm-none-eabi/lib/armv7-m\libg.a(lib_a-mprec.o)
                0x08006f28                __hi0bits
 .text.__lo0bits
                0x08006f68       0x5c c:/program files (x86)/gnu tools arm embedded/5.4 2016q3/bin/../lib/gcc/arm-none-eabi/5.4.1/../../../../arm-none-eabi/lib/armv7-m\libg.a(lib_a-mprec.o)
                0x08006f68                __lo0bits
 .text.__i2b    0x08006fc4       0x14 c:/program files (x86)/gnu tools arm embedded/5.4 2016q3/bin/../lib/gcc/arm-none-eabi/5.4.1/../../../../arm-none-eabi/lib/armv7-m\libg.a(lib_a-mprec.o)
                0x08006fc4                __i2b
 .text.__multiply
                0x08006fd8      0x13c c:/program files (x86)/gnu tools arm embedded/5.4 2016q3/bin/../lib/gcc/arm-none-eabi/5.4.1/../../../../arm-none-eabi/lib/armv7-m\libg.a(lib_a-mprec.o)
                0x08006fd8                __multiply
 .text.__pow5mult
                0x08007114       0xa0 c:/program files (x86)/gnu tools arm embedded/5.4 2016q3/bin/../lib/gcc/arm-none-eabi/5.4.1/../../../../arm-none-eabi/lib/armv7-m\libg.a(lib_a-mprec.o)
                0x08007114                __pow5mult
 .text.__lshift
                0x080071b4       0xac c:/program files (x86)/gnu tools arm embedded/5.4 2016q3/bin/../lib/gcc/arm-none-eabi/5.4.1/../../../../arm-none-eabi/lib/armv7-m\libg.a(lib_a-mprec.o)
                0x080071b4                __lshift
 .text.__mcmp   0x08007260       0x40 c:/program files (x86)/gnu tools arm embedded/5.4 2016q3/bin/../lib/gcc/arm-none-eabi/5.4.1/../../../../arm-none-eabi/lib/armv7-m\libg.a(lib_a-mprec.o)
                0x08007260                __mcmp
 .text.__mdiff  0x080072a0      0x128 c:/program files (x86)/gnu tools arm embedded/5.4 2016q3/bin/../lib/gcc/arm-none-eabi/5.4.1/../../../../arm-none-eabi/lib/armv7-m\libg.a(lib_a-mprec.o)
                0x080072a0                __mdiff
 .text.__d2b    0x080073c8       0xa8 c:/program files (x86)/gnu tools arm embedded/5.4 2016q3/bin/../lib/gcc/arm-none-eabi/5.4.1/../../../../arm-none-eabi/lib/armv7-m\libg.a(lib_a-mprec.o)
                0x080073c8                __d2b
 .text._sbrk_r  0x08007470       0x24 c:/program files (x86)/gnu tools arm embedded/5.4 2016q3/bin/../lib/gcc/arm-none-eabi/5.4.1/../../../../arm-none-eabi/lib/armv7-m\libg.a(lib_a-sbrkr.o)
                0x08007470                _sbrk_r
 .text.strlen   0x08007494       0x5c c:/program files (x86)/gnu tools arm embedded/5.4 2016q3/bin/../lib/gcc/arm-none-eabi/5.4.1/../../../../arm-none-eabi/lib/armv7-m\libg.a(lib_a-strlen-stub.o)
                0x08007494                strlen
 .text.__ssprint_r
                0x080074f0      0x100 c:/program files (x86)/gnu tools arm embedded/5.4 2016q3/bin/../lib/gcc/arm-none-eabi/5.4.1/../../../../arm-none-eabi/lib/armv7-m\libg.a(lib_a-svfiprintf.o)
                0x080074f0                __ssprint_r
 .text._calloc_r
                0x080075f0       0x60 c:/program files (x86)/gnu tools arm embedded/5.4 2016q3/bin/../lib/gcc/arm-none-eabi/5.4.1/../../../../arm-none-eabi/lib/armv7-m\libg.a(lib_a-callocr.o)
                0x080075f0                _calloc_r
 .text._malloc_trim_r
                0x08007650       0x9c c:/program files (x86)/gnu tools arm embedded/5.4 2016q3/bin/../lib/gcc/arm-none-eabi/5.4.1/../../../../arm-none-eabi/lib/armv7-m\libg.a(lib_a-freer.o)
                0x08007650                _malloc_trim_r
 .text._free_r  0x080076ec      0x1d0 c:/program files (x86)/gnu tools arm embedded/5.4 2016q3/bin/../lib/gcc/arm-none-eabi/5.4.1/../../../../arm-none-eabi/lib/armv7-m\libg.a(lib_a-freer.o)
                0x080076ec                _free_r
 .text.__ascii_mbtowc
                0x080078bc       0x2c c:/program files (x86)/gnu tools arm embedded/5.4 2016q3/bin/../lib/gcc/arm-none-eabi/5.4.1/../../../../arm-none-eabi/lib/armv7-m\libg.a(lib_a-mbtowc_r.o)
                0x080078bc                __ascii_mbtowc
 .text.memmove  0x080078e8       0xc8 c:/program files (x86)/gnu tools arm embedded/5.4 2016q3/bin/../lib/gcc/arm-none-eabi/5.4.1/../../../../arm-none-eabi/lib/armv7-m\libg.a(lib_a-memmove.o)
                0x080078e8                memmove
 .text.memset   0x080079b0       0x9c c:/program files (x86)/gnu tools arm embedded/5.4 2016q3/bin/../lib/gcc/arm-none-eabi/5.4.1/../../../../arm-none-eabi/lib/armv7-m\libg.a(lib_a-memset.o)
                0x080079b0                memset
 .text._realloc_r
                0x08007a4c      0x3d4 c:/program files (x86)/gnu tools arm embedded/5.4 2016q3/bin/../lib/gcc/arm-none-eabi/5.4.1/../../../../arm-none-eabi/lib/armv7-m\libg.a(lib_a-reallocr.o)
                0x08007a4c                _realloc_r
 .text.__ascii_wctomb
                0x08007e20       0x1c c:/program files (x86)/gnu tools arm embedded/5.4 2016q3/bin/../lib/gcc/arm-none-eabi/5.4.1/../../../../arm-none-eabi/lib/armv7-m\libg.a(lib_a-wctomb_r.o)
                0x08007e20                __ascii_wctomb
 .text          0x08007e3c      0x370 c:/program files (x86)/gnu tools arm embedded/5.4 2016q3/bin/../lib/gcc/arm-none-eabi/5.4.1/armv7-m\libgcc.a(_arm_addsubdf3.o)
                0x08007e3c                __aeabi_drsub
                0x08007e44                __aeabi_dsub
                0x08007e44                __subdf3
                0x08007e48                __aeabi_dadd
                0x08007e48                __adddf3
                0x080080c0                __floatunsidf
                0x080080c0                __aeabi_ui2d
                0x080080e0                __floatsidf
                0x080080e0                __aeabi_i2d
                0x08008104                __aeabi_f2d
                0x08008104                __extendsfdf2
                0x08008140                __floatundidf
                0x08008140                __aeabi_ul2d
                0x08008150                __floatdidf
                0x08008150                __aeabi_l2d
 .text          0x080081ac      0x424 c:/program files (x86)/gnu tools arm embedded/5.4 2016q3/bin/../lib/gcc/arm-none-eabi/5.4.1/armv7-m\libgcc.a(_arm_muldivdf3.o)
                0x080081ac                __aeabi_dmul
                0x080081ac                __muldf3
                0x08008400                __divdf3
                0x08008400                __aeabi_ddiv
 .text          0x080085d0      0x110 c:/program files (x86)/gnu tools arm embedded/5.4 2016q3/bin/../lib/gcc/arm-none-eabi/5.4.1/armv7-m\libgcc.a(_arm_cmpdf2.o)
                0x080085d0                __gtdf2
                0x080085d0                __gedf2
                0x080085d8                __ltdf2
                0x080085d8                __ledf2
                0x080085e0                __nedf2
                0x080085e0                __eqdf2
                0x080085e0                __cmpdf2
                0x0800865c                __aeabi_cdrcmple
                0x0800866c                __aeabi_cdcmpeq
                0x0800866c                __aeabi_cdcmple
                0x0800867c                __aeabi_dcmpeq
                0x08008690                __aeabi_dcmplt
                0x080086a4                __aeabi_dcmple
                0x080086b8                __aeabi_dcmpge
                0x080086cc                __aeabi_dcmpgt
 .text          0x080086e0       0x2c c:/program files (x86)/gnu tools arm embedded/5.4 2016q3/bin/../lib/gcc/arm-none-eabi/5.4.1/armv7-m\libgcc.a(_arm_unorddf2.o)
                0x080086e0                __unorddf2
                0x080086e0                __aeabi_dcmpun
 .text          0x0800870c       0x50 c:/program files (x86)/gnu tools arm embedded/5.4 2016q3/bin/../lib/gcc/arm-none-eabi/5.4.1/armv7-m\libgcc.a(_arm_fixdfsi.o)
                0x0800870c                __aeabi_d2iz
                0x0800870c                __fixdfsi
 *(.init)
 *(.fini)
 *crtbegin.o(.ctors)
 *crtbegin?.o(.ctors)
 *(EXCLUDE_FILE(*crtend.o *crtend?.o) .ctors)
 *(SORT(.ctors.*))
 *(.ctors)
 *crtbegin.o(.dtors)
 *crtbegin?.o(.dtors)
 *(EXCLUDE_FILE(*crtend.o *crtend?.o) .dtors)
 *(SORT(.dtors.*))
 *(.dtors)
 *(.rodata*)
 .rodata        0x0800875c       0xb7 ..\obj\main.o
 *fill*         0x08008813        0x1 
 .rodata.zeroes.7256
                0x08008814       0x10 c:/program files (x86)/gnu tools arm embedded/5.4 2016q3/bin/../lib/gcc/arm-none-eabi/5.4.1/../../../../arm-none-eabi/lib/armv7-m\libg.a(lib_a-svfprintf.o)
 .rodata.str1.4
                0x08008824       0x42 c:/program files (x86)/gnu tools arm embedded/5.4 2016q3/bin/../lib/gcc/arm-none-eabi/5.4.1/../../../../arm-none-eabi/lib/armv7-m\libg.a(lib_a-svfprintf.o)
 *fill*         0x08008866        0x2 
 .rodata.blanks.7255
                0x08008868       0x10 c:/program files (x86)/gnu tools arm embedded/5.4 2016q3/bin/../lib/gcc/arm-none-eabi/5.4.1/../../../../arm-none-eabi/lib/armv7-m\libg.a(lib_a-svfprintf.o)
 .rodata.str1.4
                0x08008878       0x10 c:/program files (x86)/gnu tools arm embedded/5.4 2016q3/bin/../lib/gcc/arm-none-eabi/5.4.1/../../../../arm-none-eabi/lib/armv7-m\libg.a(lib_a-dtoa.o)
                                 0x12 (size before relaxing)
 .rodata.__mprec_tens
                0x08008888       0xc8 c:/program files (x86)/gnu tools arm embedded/5.4 2016q3/bin/../lib/gcc/arm-none-eabi/5.4.1/../../../../arm-none-eabi/lib/armv7-m\libg.a(lib_a-mprec.o)
                0x08008888                __mprec_tens
 .rodata.p05.6085
                0x08008950        0xc c:/program files (x86)/gnu tools arm embedded/5.4 2016q3/bin/../lib/gcc/arm-none-eabi/5.4.1/../../../../arm-none-eabi/lib/armv7-m\libg.a(lib_a-mprec.o)
 *fill*         0x0800895c        0x4 
 .rodata.__mprec_bigtens
                0x08008960       0x28 c:/program files (x86)/gnu tools arm embedded/5.4 2016q3/bin/../lib/gcc/arm-none-eabi/5.4.1/../../../../arm-none-eabi/lib/armv7-m\libg.a(lib_a-mprec.o)
                0x08008960                __mprec_bigtens
 .rodata.str1.4
                0x08008988       0x10 c:/program files (x86)/gnu tools arm embedded/5.4 2016q3/bin/../lib/gcc/arm-none-eabi/5.4.1/../../../../arm-none-eabi/lib/armv7-m\libg.a(lib_a-locale.o)
                                 0x12 (size before relaxing)
 .rodata._ctype_
                0x08008998      0x101 c:/program files (x86)/gnu tools arm embedded/5.4 2016q3/bin/../lib/gcc/arm-none-eabi/5.4.1/../../../../arm-none-eabi/lib/armv7-m\libg.a(lib_a-ctype_.o)
                0x08008998                _ctype_
 *(.eh_fram e*)

.glue_7         0x08008a9c        0x0
 .glue_7        0x08008a9c        0x0 linker stubs

.glue_7t        0x08008a9c        0x0
 .glue_7t       0x08008a9c        0x0 linker stubs

.vfp11_veneer   0x08008a9c        0x0
 .vfp11_veneer  0x08008a9c        0x0 linker stubs

.v4_bx          0x08008a9c        0x0
 .v4_bx         0x08008a9c        0x0 linker stubs

.iplt           0x08008a9c        0x0
 .iplt          0x08008a9c        0x0 ..\obj\canNodeEncoder.o

.ARM.extab      0x08008a9c      0x1ec
 *(.ARM.extab* .gnu.linkonce.armextab.*)
 .ARM.extab.text._ZN14CanNodeEncoder5setupER3TIMR3CANt
                0x08008a9c        0xc ..\obj\canNodeEncoder.o
 .ARM.extab.text._ZN14CanNodeEncoder5cycleEv
                0x08008aa8        0xc ..\obj\canNodeEncoder.o
 .ARM.extab.text._ZN14CanNodeEncoder9interruptE8CanRxMsg
                0x08008ab4        0xc ..\obj\canNodeEncoder.o
 .ARM.extab.text._ZN3TIM12encoderSetupEP11TIM_TypeDefP12GPIO_TypeDeftS3_t
                0x08008ac0        0xc ..\obj\tim.o
 .ARM.extab.text._ZN3TIM7ioSetupEP12GPIO_TypeDeftS1_t
                0x08008acc        0xc ..\obj\tim.o
 .ARM.extab.text._Z16TIM1EncoderSetupv
                0x08008ad8        0xc ..\obj\tim.o
 .ARM.extab.text._Z16TIM2EncoderSetupv
                0x08008ae4        0xc ..\obj\tim.o
 .ARM.extab.text._Z16TIM3EncoderSetupv
                0x08008af0        0xc ..\obj\tim.o
 .ARM.extab.text._Z16TIM4EncoderSetupv
                0x08008afc        0xc ..\obj\tim.o
 .ARM.extab.text._ZN4GPIOC2Ev
                0x08008b08        0x0 ..\obj\main.o
 .ARM.extab.text._ZN3LedC2Ev
                0x08008b08        0xc ..\obj\main.o
 .ARM.extab.text._ZN4PORTC2Ev
                0x08008b14        0x0 ..\obj\main.o
 .ARM.extab.text._ZN5Port0C2Ev
                0x08008b14        0xc ..\obj\main.o
 .ARM.extab.text._ZN3CANC2Ev
                0x08008b20        0x0 ..\obj\main.o
 .ARM.extab.text._ZN4Can1C2Ev
                0x08008b20        0xc ..\obj\main.o
 .ARM.extab.text._ZN5USARTC2Ev
                0x08008b2c        0x0 ..\obj\main.o
 .ARM.extab.text._ZN7Serial0C2Ev
                0x08008b2c        0xc ..\obj\main.o
 .ARM.extab.text.USB_LP_CAN1_RX0_IRQHandler
                0x08008b38        0xc ..\obj\main.o
 .ARM.extab.text._ZN3CAN5setupEP11CAN_TypeDef
                0x08008b44        0xc ..\obj\can.o
 .ARM.extab.text._ZN3CAN4sendEthPh
                0x08008b50        0xc ..\obj\can.o
 .ARM.extab.text._ZN3CAN9filterAddEtttt
                0x08008b5c        0xc ..\obj\can.o
 .ARM.extab.text._Z9CAN1Setupv
                0x08008b68        0xc ..\obj\can.o
 .ARM.extab.text._Z8CAN1SendthPh
                0x08008b74        0xc ..\obj\can.o
 .ARM.extab.text._Z12CANFilterAddtttt
                0x08008b80        0xc ..\obj\can.o
 .ARM.extab.text._ZN4GPIO5setupEP12GPIO_TypeDeft16GPIOMode_TypeDef
                0x08008b8c        0xc ..\obj\gpio.o
 .ARM.extab.text._ZN4GPIO5writeE9BitAction
                0x08008b98        0xc ..\obj\gpio.o
 .ARM.extab.text._ZN4GPIO6toggleEv
                0x08008ba4        0xc ..\obj\gpio.o
 .ARM.extab.text._Z9pinToggleP12GPIO_TypeDeft
                0x08008bb0        0xc ..\obj\gpio.o
 .ARM.extab.text._ZN12CanNodeValve9interruptE8CanRxMsg
                0x08008bbc        0xc ..\obj\canNodeValve.o
 .ARM.extab.text._ZN4PORT6invertEv
                0x08008bc8        0xc ..\obj\port.o
 .ARM.extab.text._ZN5USART4putsEPKc
                0x08008bd4        0xc ..\obj\usart.o
 .ARM.extab.text._ZN5USART6printfEPKcz
                0x08008be0        0xc ..\obj\usart.o
 .ARM.extab.text._ZN5USART5setupEP13USART_TypeDefm
                0x08008bec        0xc ..\obj\usart.o
 .ARM.extab.text._ZN5USART4sendEc
                0x08008bf8        0xc ..\obj\usart.o
 .ARM.extab.text._Z11USART1Setupm
                0x08008c04        0xc ..\obj\usart.o
 .ARM.extab.text._Z11USART2Setupm
                0x08008c10        0xc ..\obj\usart.o
 .ARM.extab.text._Z11USART3Setupm
                0x08008c1c        0xc ..\obj\usart.o
 .ARM.extab.text._Z13USART1ITSetupt
                0x08008c28        0xc ..\obj\usart.o
 .ARM.extab.text._Z13USART2ITSetupt
                0x08008c34        0xc ..\obj\usart.o
 .ARM.extab.text._Z13USART3ITSetupt
                0x08008c40        0xc ..\obj\usart.o
 .ARM.extab.text.USART1_IRQHandler
                0x08008c4c        0xc ..\obj\usart.o
 .ARM.extab.text.USART2_IRQHandler
                0x08008c58        0xc ..\obj\usart.o
 .ARM.extab.text.USART3_IRQHandler
                0x08008c64        0xc ..\obj\usart.o
 .ARM.extab     0x08008c70       0x18 c:/program files (x86)/gnu tools arm embedded/5.4 2016q3/bin/../lib/gcc/arm-none-eabi/5.4.1/armv7-m\libgcc.a(pr-support.o)
                0x08008c88                __exidx_start = .

.ARM.exidx      0x08008c88      0x278
 *(.ARM.exidx* .gnu.linkonce.armexidx.*)
 .ARM.exidx.text._ZN14CanNodeEncoder5setupER3TIMR3CANt
                0x08008c88        0x8 ..\obj\canNodeEncoder.o
 .ARM.exidx.text._ZN14CanNodeEncoder5cycleEv
                0x08008c90        0x8 ..\obj\canNodeEncoder.o
 .ARM.exidx.text._ZN14CanNodeEncoder9interruptE8CanRxMsg
                0x08008c98        0x8 ..\obj\canNodeEncoder.o
 .ARM.exidx.text.SPI1_IRQHandler
                0x08008ca0       0x10 ..\obj\spi.o
                                  0x8 (size before relaxing)
 .ARM.exidx.text._Z9IWDGResetv
                0x08008cb0       0x10 ..\obj\iwdg.o
                                  0x8 (size before relaxing)
 .ARM.exidx.text._ZN3TIM12encoderSetupEP11TIM_TypeDefP12GPIO_TypeDeftS3_t
                0x08008cc0        0x8 ..\obj\tim.o
 .ARM.exidx.text._ZN3TIM7ioSetupEP12GPIO_TypeDeftS1_t
                0x08008cc8        0x8 ..\obj\tim.o
 .ARM.exidx.text._ZN3TIM4readEv
                0x08008cd0        0x8 ..\obj\tim.o
 .ARM.exidx.text._ZN3TIM5resetEv
                0x08008cd8        0x0 ..\obj\tim.o
                                  0x8 (size before relaxing)
 .ARM.exidx.text._ZN3TIM7reverseEa
                0x08008cd8        0x0 ..\obj\tim.o
                                  0x8 (size before relaxing)
 .ARM.exidx.text._Z16TIM1EncoderSetupv
                0x08008cd8        0x8 ..\obj\tim.o
 .ARM.exidx.text._Z16TIM2EncoderSetupv
                0x08008ce0        0x8 ..\obj\tim.o
 .ARM.exidx.text._Z16TIM3EncoderSetupv
                0x08008ce8        0x8 ..\obj\tim.o
 .ARM.exidx.text._Z16TIM4EncoderSetupv
                0x08008cf0        0x8 ..\obj\tim.o
 .ARM.exidx.text._Z8TIM1Readv
                0x08008cf8        0x8 ..\obj\tim.o
 .ARM.exidx.text._Z8TIM2Readv
                0x08008d00        0x0 ..\obj\tim.o
                                  0x8 (size before relaxing)
 .ARM.exidx.text._Z8TIM3Readv
                0x08008d00        0x0 ..\obj\tim.o
                                  0x8 (size before relaxing)
 .ARM.exidx.text._Z8TIM4Readv
                0x08008d00        0x0 ..\obj\tim.o
                                  0x8 (size before relaxing)
 .ARM.exidx.text._Z16TIM1_ENCODER_IRQv
                0x08008d00        0x0 ..\obj\tim.o
                                  0x8 (size before relaxing)
 .ARM.exidx.text._Z16TIM2_ENCODER_IRQv
                0x08008d00        0x0 ..\obj\tim.o
                                  0x8 (size before relaxing)
 .ARM.exidx.text._Z16TIM3_ENCODER_IRQv
                0x08008d00        0x0 ..\obj\tim.o
                                  0x8 (size before relaxing)
 .ARM.exidx.text._Z16TIM4_ENCODER_IRQv
                0x08008d00        0x0 ..\obj\tim.o
                                  0x8 (size before relaxing)
 .ARM.exidx.text._Z19TIM1_TIM_Update_IRQv
                0x08008d00        0x0 ..\obj\tim.o
                                  0x8 (size before relaxing)
 .ARM.exidx.text._Z19TIM2_TIM_Update_IRQv
                0x08008d00        0x0 ..\obj\tim.o
                                  0x8 (size before relaxing)
 .ARM.exidx.text._Z19TIM3_TIM_Update_IRQv
                0x08008d00        0x0 ..\obj\tim.o
                                  0x8 (size before relaxing)
 .ARM.exidx.text._Z19TIM4_TIM_Update_IRQv
                0x08008d00        0x0 ..\obj\tim.o
                                  0x8 (size before relaxing)
 .ARM.exidx.text.TIM1_UP_IRQHandler
                0x08008d00        0x8 ..\obj\tim.o
 .ARM.exidx.text.TIM2_IRQHandler
                0x08008d08        0x0 ..\obj\tim.o
                                  0x8 (size before relaxing)
 .ARM.exidx.text.TIM3_IRQHandler
                0x08008d08        0x0 ..\obj\tim.o
                                  0x8 (size before relaxing)
 .ARM.exidx.text.TIM4_IRQHandler
                0x08008d08        0x8 ..\obj\tim.o
 .ARM.exidx.text._ZN4GPIOC2Ev
                0x08008d10        0x0 ..\obj\main.o
                                  0x8 (size before relaxing)
 .ARM.exidx.text._ZN3LedC2Ev
                0x08008d10        0x8 ..\obj\main.o
 .ARM.exidx.text._ZN4PORTC2Ev
                0x08008d18        0x8 ..\obj\main.o
 .ARM.exidx.text._ZN5Port0C2Ev
                0x08008d20        0x8 ..\obj\main.o
 .ARM.exidx.text._ZN3CANC2Ev
                0x08008d28        0x8 ..\obj\main.o
 .ARM.exidx.text._ZN4Can1C2Ev
                0x08008d30        0x8 ..\obj\main.o
 .ARM.exidx.text._ZN5USARTC2Ev
                0x08008d38        0x8 ..\obj\main.o
 .ARM.exidx.text._ZN7Serial0C2Ev
                0x08008d40        0x8 ..\obj\main.o
 .ARM.exidx.text.main
                0x08008d48        0x8 ..\obj\main.o
 .ARM.exidx.text.USB_LP_CAN1_RX0_IRQHandler
                0x08008d50        0x8 ..\obj\main.o
 .ARM.exidx.text.NVIC_SetPriority
                0x08008d58        0x8 ..\obj\system.o
 .ARM.exidx.text.SysTick_Config
                0x08008d60        0x0 ..\obj\system.o
                                  0x8 (size before relaxing)
 .ARM.exidx.text._Z5setupv
                0x08008d60        0x0 ..\obj\system.o
                                  0x8 (size before relaxing)
 .ARM.exidx.text._Z6microsv
                0x08008d60        0x0 ..\obj\system.o
                                  0x8 (size before relaxing)
 .ARM.exidx.text._Z6millisv
                0x08008d60        0x0 ..\obj\system.o
                                  0x8 (size before relaxing)
 .ARM.exidx.text.SysTick_Handler
                0x08008d60        0x0 ..\obj\system.o
                                  0x8 (size before relaxing)
 .ARM.exidx.text._ZN3CAN5setupEP11CAN_TypeDef
                0x08008d60        0x8 ..\obj\can.o
 .ARM.exidx.text._ZN3CAN4sendEthPh
                0x08008d68        0x8 ..\obj\can.o
 .ARM.exidx.text._ZN3CAN9filterAddEtttt
                0x08008d70        0x8 ..\obj\can.o
 .ARM.exidx.text._Z9CAN1Setupv
                0x08008d78        0x8 ..\obj\can.o
 .ARM.exidx.text._Z8CAN1SendthPh
                0x08008d80        0x8 ..\obj\can.o
 .ARM.exidx.text._Z12CANFilterAddtttt
                0x08008d88       0x10 ..\obj\can.o
                                  0x8 (size before relaxing)
 .ARM.exidx.text._ZN4GPIO5setupEP12GPIO_TypeDeft16GPIOMode_TypeDef
                0x08008d98        0x8 ..\obj\gpio.o
 .ARM.exidx.text._ZN4GPIO5writeE9BitAction
                0x08008da0        0x8 ..\obj\gpio.o
 .ARM.exidx.text._ZN4GPIO6toggleEv
                0x08008da8        0x8 ..\obj\gpio.o
 .ARM.exidx.text._Z9pinToggleP12GPIO_TypeDeft
                0x08008db0       0x10 ..\obj\gpio.o
                                  0x8 (size before relaxing)
 .ARM.exidx.text._ZN12CanNodeValve5setupER4PORTR3CANt
                0x08008dc0        0x0 ..\obj\canNodeValve.o
                                  0x8 (size before relaxing)
 .ARM.exidx.text._ZN12CanNodeValve9interruptE8CanRxMsg
                0x08008dc0       0x10 ..\obj\canNodeValve.o
                                  0x8 (size before relaxing)
 .ARM.exidx.text._ZN4PORT6invertEv
                0x08008dd0       0x10 ..\obj\port.o
                                  0x8 (size before relaxing)
 .ARM.exidx.text._ZN5USART4putsEPKc
                0x08008de0        0x8 ..\obj\usart.o
 .ARM.exidx.text._ZN5USART6printfEPKcz
                0x08008de8        0x8 ..\obj\usart.o
 .ARM.exidx.text._ZN5USART5setupEP13USART_TypeDefm
                0x08008df0        0x8 ..\obj\usart.o
 .ARM.exidx.text._ZN5USART4sendEc
                0x08008df8        0x8 ..\obj\usart.o
 .ARM.exidx.text._Z11USART1Setupm
                0x08008e00        0x8 ..\obj\usart.o
 .ARM.exidx.text._Z11USART2Setupm
                0x08008e08        0x8 ..\obj\usart.o
 .ARM.exidx.text._Z11USART3Setupm
                0x08008e10        0x8 ..\obj\usart.o
 .ARM.exidx.text._Z13USART1ITSetupt
                0x08008e18        0x8 ..\obj\usart.o
 .ARM.exidx.text._Z13USART2ITSetupt
                0x08008e20        0x8 ..\obj\usart.o
 .ARM.exidx.text._Z13USART3ITSetupt
                0x08008e28        0x8 ..\obj\usart.o
 .ARM.exidx.text.USART1_IRQHandler
                0x08008e30        0x8 ..\obj\usart.o
 .ARM.exidx.text.USART2_IRQHandler
                0x08008e38        0x8 ..\obj\usart.o
 .ARM.exidx.text.USART3_IRQHandler
                0x08008e40       0x10 ..\obj\usart.o
                                  0x8 (size before relaxing)
 .ARM.exidx     0x08008e50        0x0 c:/program files (x86)/gnu tools arm embedded/5.4 2016q3/bin/../lib/gcc/arm-none-eabi/5.4.1/armv7-m\libgcc.a(_udivmoddi4.o)
                                  0x8 (size before relaxing)
 .ARM.exidx     0x08008e50       0x78 c:/program files (x86)/gnu tools arm embedded/5.4 2016q3/bin/../lib/gcc/arm-none-eabi/5.4.1/armv7-m\libgcc.a(unwind-arm.o)
                                 0xd8 (size before relaxing)
 .ARM.exidx     0x08008ec8       0x38 c:/program files (x86)/gnu tools arm embedded/5.4 2016q3/bin/../lib/gcc/arm-none-eabi/5.4.1/armv7-m\libgcc.a(pr-support.o)
                                 0x48 (size before relaxing)
                0x08008f00                __exidx_end = .
                0x08008f00                __etext = .
                0x08008f00                _sidata = __etext

.rel.dyn        0x08008f00        0x0
 .rel.iplt      0x08008f00        0x0 ..\obj\canNodeEncoder.o

.data           0x20000000      0x9d8 load address 0x08008f00
                0x20000000                __data_start__ = .
                0x20000000                _sdata = __data_start__
 *(vtable)
 *(.data*)
 .data          0x20000000       0x14 ..\obj\system_stm32f10x.o
                0x20000000                SystemCoreClock
                0x20000004                AHBPrescTable
 .data          0x20000014       0x14 ..\obj\stm32f10x_rcc.o
 .data          0x20000028        0x6 ..\obj\usart.o
                0x20000028                USART::usart1RxAddress
                0x2000002a                USART::usart2RxAddress
                0x2000002c                USART::usart3RxAddress
 *fill*         0x2000002e        0x2 
 .data.impure_data
                0x20000030      0x428 c:/program files (x86)/gnu tools arm embedded/5.4 2016q3/bin/../lib/gcc/arm-none-eabi/5.4.1/../../../../arm-none-eabi/lib/armv7-m\libg.a(lib_a-impure.o)
 .data._impure_ptr
                0x20000458        0x4 c:/program files (x86)/gnu tools arm embedded/5.4 2016q3/bin/../lib/gcc/arm-none-eabi/5.4.1/../../../../arm-none-eabi/lib/armv7-m\libg.a(lib_a-impure.o)
                0x20000458                _impure_ptr
 .data.__malloc_av_
                0x2000045c      0x408 c:/program files (x86)/gnu tools arm embedded/5.4 2016q3/bin/../lib/gcc/arm-none-eabi/5.4.1/../../../../arm-none-eabi/lib/armv7-m\libg.a(lib_a-mallocr.o)
                0x2000045c                __malloc_av_
 .data.__malloc_trim_threshold
                0x20000864        0x4 c:/program files (x86)/gnu tools arm embedded/5.4 2016q3/bin/../lib/gcc/arm-none-eabi/5.4.1/../../../../arm-none-eabi/lib/armv7-m\libg.a(lib_a-mallocr.o)
                0x20000864                __malloc_trim_threshold
 .data.__malloc_sbrk_base
                0x20000868        0x4 c:/program files (x86)/gnu tools arm embedded/5.4 2016q3/bin/../lib/gcc/arm-none-eabi/5.4.1/../../../../arm-none-eabi/lib/armv7-m\libg.a(lib_a-mallocr.o)
                0x20000868                __malloc_sbrk_base
 .data.__global_locale
                0x2000086c      0x16c c:/program files (x86)/gnu tools arm embedded/5.4 2016q3/bin/../lib/gcc/arm-none-eabi/5.4.1/../../../../arm-none-eabi/lib/armv7-m\libg.a(lib_a-locale.o)
                0x2000086c                __global_locale
                0x200009d8                . = ALIGN (0x4)
                [!provide]                PROVIDE (__preinit_array_start, .)
 *(.preinit_array)
                [!provide]                PROVIDE (__preinit_array_end, .)
                0x200009d8                . = ALIGN (0x4)
                [!provide]                PROVIDE (__init_array_start, .)
 *(SORT(.init_array.*))
 *(.init_array)
                [!provide]                PROVIDE (__init_array_end, .)
                0x200009d8                . = ALIGN (0x4)
                [!provide]                PROVIDE (__fini_array_start, .)
 *(SORT(.fini_array.*))
 *(.fini_array)
                [!provide]                PROVIDE (__fini_array_end, .)
 *(.jcr*)
                0x200009d8                . = ALIGN (0x4)
                0x200009d8                __data_end__ = .
                0x200009d8                _edata = __data_end__

.igot.plt       0x200009d8        0x0 load address 0x080098d8
 .igot.plt      0x200009d8        0x0 ..\obj\canNodeEncoder.o

.bss            0x200009d8      0x3b0 load address 0x080098d8
                0x200009d8                . = ALIGN (0x4)
                0x200009d8                __bss_start__ = .
                0x200009d8                _sbss = __bss_start__
 *(.bss*)
 .bss           0x200009d8       0x20 ..\obj\tim.o
                0x200009d8                TIM::tim1_mode
                0x200009dc                TIM::tim2_mode
                0x200009e0                TIM::tim3_mode
                0x200009e4                TIM::tim4_mode
                0x200009e8                TIM::tim1Cnt
                0x200009ec                TIM::tim2Cnt
                0x200009f0                TIM::tim3Cnt
                0x200009f4                TIM::tim4Cnt
 .bss           0x200009f8      0x150 ..\obj\main.o
                0x200009f8                rxFlag
                0x200009fc                canData
                0x20000a04                canAddress
                0x20000a05                serialFlag
                0x20000a08                intervalTimer
                0x20000a28                intervalTime
                0x20000a48                printTime
                0x20000a50                pdInterval
                0x20000a58                rxMessage
                0x20000a6c                enc
                0x20000aac                pwm
                0x20000aec                canEnc
                0x20000b3c                canValve
 .bss           0x20000b48        0x8 ..\obj\system.o
 .bss           0x20000b50        0x2 ..\obj\can.o
 *fill*         0x20000b52        0x2 
 .bss           0x20000b54        0x4 ..\obj\syscalls.o
 .bss           0x20000b58      0x1f8 ..\obj\usart.o
                0x20000b58                USART::usart1RxBuffer
                0x20000b78                USART::usart1ReadAddress
                0x20000b7c                USART::usart2RxBuffer
                0x20000b9c                USART::usart2ReadAddress
                0x20000ba0                USART::usart3RxBuffer
                0x20000bc0                USART::usart3ReadAddress
                0x20000bc4                USART::usart1TxBuffer
                0x20000c44                USART::usart1TxSendAddress
                0x20000c46                USART::usart1TxWriteAddress
                0x20000c48                USART::usart2TxBuffer
                0x20000cc8                USART::usart2TxSendAddress
                0x20000cca                USART::usart2TxWriteAddress
                0x20000ccc                USART::usart3TxBuffer
                0x20000d4c                USART::usart3TxSendAddress
                0x20000d4e                USART::usart3TxWriteAddress
 .bss.__malloc_max_total_mem
                0x20000d50        0x4 c:/program files (x86)/gnu tools arm embedded/5.4 2016q3/bin/../lib/gcc/arm-none-eabi/5.4.1/../../../../arm-none-eabi/lib/armv7-m\libg.a(lib_a-mallocr.o)
                0x20000d50                __malloc_max_total_mem
 .bss.__malloc_max_sbrked_mem
                0x20000d54        0x4 c:/program files (x86)/gnu tools arm embedded/5.4 2016q3/bin/../lib/gcc/arm-none-eabi/5.4.1/../../../../arm-none-eabi/lib/armv7-m\libg.a(lib_a-mallocr.o)
                0x20000d54                __malloc_max_sbrked_mem
 .bss.__malloc_top_pad
                0x20000d58        0x4 c:/program files (x86)/gnu tools arm embedded/5.4 2016q3/bin/../lib/gcc/arm-none-eabi/5.4.1/../../../../arm-none-eabi/lib/armv7-m\libg.a(lib_a-mallocr.o)
                0x20000d58                __malloc_top_pad
 .bss.__malloc_current_mallinfo
                0x20000d5c       0x28 c:/program files (x86)/gnu tools arm embedded/5.4 2016q3/bin/../lib/gcc/arm-none-eabi/5.4.1/../../../../arm-none-eabi/lib/armv7-m\libg.a(lib_a-mallocr.o)
                0x20000d5c                __malloc_current_mallinfo
 *(COMMON)
 COMMON         0x20000d84        0x4 c:/program files (x86)/gnu tools arm embedded/5.4 2016q3/bin/../lib/gcc/arm-none-eabi/5.4.1/../../../../arm-none-eabi/lib/armv7-m\libg.a(lib_a-reent.o)
                0x20000d84                errno
                0x20000d88                . = ALIGN (0x4)
                0x20000d88                __bss_end__ = .
                0x20000d88                _ebss = __bss_end__

.heap           0x20000d88        0x0
                0x20000d88                __end__ = .
                0x20000d88                _end = __end__
                0x20000d88                end = __end__
 *(.heap*)
                0x20000d88                __HeapLimit = .

.co_stack       0x20000d88      0x400 load address 0x08009c88
                0x20000d88                . = ALIGN (0x8)
 *(.co_stack .co_stack.*)
 .co_stack      0x20000d88      0x400 ..\obj\startup_stm32f10x_md.o
                0x20000d88                pulStack
                0x20005000                __StackTop = (ORIGIN (ram) + LENGTH (ram))
                0x20004c00                __StackLimit = (__StackTop - SIZEOF (.co_stack))
                [!provide]                PROVIDE (__stack, __StackTop)
                0x00000001                ASSERT ((__StackLimit >= __HeapLimit), region ram  overflowed with stack)
LOAD ..\obj\canNodeEncoder.o
LOAD ..\obj\spi.o
LOAD ..\obj\stm32f10x_tim.o
LOAD ..\obj\stm32f10x_dbgmcu.o
LOAD ..\obj\iwdg.o
LOAD ..\obj\system_stm32f10x.o
LOAD ..\obj\tim.o
LOAD ..\obj\canEncoder.o
LOAD ..\obj\startup_stm32f10x_md.o
LOAD ..\obj\stm32f10x_can.o
LOAD ..\obj\stm32f10x_gpio.o
LOAD ..\obj\canValve.o
LOAD ..\obj\pin.o
LOAD ..\obj\main.o
LOAD ..\obj\system.o
LOAD ..\obj\can.o
LOAD ..\obj\stm32f10x_rcc.o
LOAD ..\obj\gpio.o
LOAD ..\obj\motor.o
LOAD ..\obj\stm32f10x_adc.o
LOAD ..\obj\remap.o
LOAD ..\obj\stm32f10x_usart.o
LOAD ..\obj\canNodeValve.o
LOAD ..\obj\syscalls.o
LOAD ..\obj\adc.o
LOAD ..\obj\app.o
LOAD ..\obj\port.o
LOAD ..\obj\misc.o
LOAD ..\obj\stm32f10x_spi.o
LOAD ..\obj\usart.o
LOAD ..\obj\stm32f10x_iwdg.o
START GROUP
LOAD c:/program files (x86)/gnu tools arm embedded/5.4 2016q3/bin/../lib/gcc/arm-none-eabi/5.4.1/armv7-m\libgcc.a
LOAD c:/program files (x86)/gnu tools arm embedded/5.4 2016q3/bin/../lib/gcc/arm-none-eabi/5.4.1/../../../../arm-none-eabi/lib/armv7-m\libg.a
LOAD c:/program files (x86)/gnu tools arm embedded/5.4 2016q3/bin/../lib/gcc/arm-none-eabi/5.4.1/../../../../arm-none-eabi/lib/armv7-m\libc.a
END GROUP
OUTPUT(F103_mini.elf elf32-littlearm)

.debug_info     0x00000000     0xc240
 .debug_info    0x00000000      0xb6c ..\obj\canNodeEncoder.o
 .debug_info    0x00000b6c      0x494 ..\obj\spi.o
 .debug_info    0x00001000     0x1c60 ..\obj\stm32f10x_tim.o
 .debug_info    0x00002c60      0x118 ..\obj\iwdg.o
 .debug_info    0x00002d78      0x49c ..\obj\system_stm32f10x.o
 .debug_info    0x00003214     0x13c2 ..\obj\tim.o
 .debug_info    0x000045d6       0xee ..\obj\startup_stm32f10x_md.o
 .debug_info    0x000046c4      0xba4 ..\obj\stm32f10x_can.o
 .debug_info    0x00005268      0x6f6 ..\obj\stm32f10x_gpio.o
 .debug_info    0x0000595e     0x1583 ..\obj\main.o
 .debug_info    0x00006ee1      0x65d ..\obj\system.o
 .debug_info    0x0000753e      0x9e4 ..\obj\can.o
 .debug_info    0x00007f22      0x8a3 ..\obj\stm32f10x_rcc.o
 .debug_info    0x000087c5      0x4d3 ..\obj\gpio.o
 .debug_info    0x00008c98      0x9f0 ..\obj\stm32f10x_usart.o
 .debug_info    0x00009688      0x84f ..\obj\canNodeValve.o
 .debug_info    0x00009ed7      0x458 ..\obj\syscalls.o
 .debug_info    0x0000a32f      0x3e6 ..\obj\port.o
 .debug_info    0x0000a715      0x556 ..\obj\misc.o
 .debug_info    0x0000ac6b      0x8fb ..\obj\stm32f10x_spi.o
 .debug_info    0x0000b566      0xacc ..\obj\usart.o
 .debug_info    0x0000c032      0x20e ..\obj\stm32f10x_iwdg.o

.debug_abbrev   0x00000000     0x25c6
 .debug_abbrev  0x00000000      0x229 ..\obj\canNodeEncoder.o
 .debug_abbrev  0x00000229      0x129 ..\obj\spi.o
 .debug_abbrev  0x00000352      0x1b2 ..\obj\stm32f10x_tim.o
 .debug_abbrev  0x00000504       0x90 ..\obj\iwdg.o
 .debug_abbrev  0x00000594      0x14e ..\obj\system_stm32f10x.o
 .debug_abbrev  0x000006e2      0x2fa ..\obj\tim.o
 .debug_abbrev  0x000009dc       0xa7 ..\obj\startup_stm32f10x_md.o
 .debug_abbrev  0x00000a83      0x1f5 ..\obj\stm32f10x_can.o
 .debug_abbrev  0x00000c78      0x1cc ..\obj\stm32f10x_gpio.o
 .debug_abbrev  0x00000e44      0x34a ..\obj\main.o
 .debug_abbrev  0x0000118e      0x1dc ..\obj\system.o
 .debug_abbrev  0x0000136a      0x201 ..\obj\can.o
 .debug_abbrev  0x0000156b      0x1bc ..\obj\stm32f10x_rcc.o
 .debug_abbrev  0x00001727      0x1db ..\obj\gpio.o
 .debug_abbrev  0x00001902      0x164 ..\obj\stm32f10x_usart.o
 .debug_abbrev  0x00001a66      0x251 ..\obj\canNodeValve.o
 .debug_abbrev  0x00001cb7       0xe5 ..\obj\syscalls.o
 .debug_abbrev  0x00001d9c      0x1b1 ..\obj\port.o
 .debug_abbrev  0x00001f4d      0x147 ..\obj\misc.o
 .debug_abbrev  0x00002094      0x180 ..\obj\stm32f10x_spi.o
 .debug_abbrev  0x00002214      0x2af ..\obj\usart.o
 .debug_abbrev  0x000024c3      0x103 ..\obj\stm32f10x_iwdg.o

.debug_aranges  0x00000000      0xd20
 .debug_aranges
                0x00000000       0x30 ..\obj\canNodeEncoder.o
 .debug_aranges
                0x00000030       0x28 ..\obj\spi.o
 .debug_aranges
                0x00000058      0x2f0 ..\obj\stm32f10x_tim.o
 .debug_aranges
                0x00000348       0x28 ..\obj\iwdg.o
 .debug_aranges
                0x00000370       0x38 ..\obj\system_stm32f10x.o
 .debug_aranges
                0x000003a8      0x1a0 ..\obj\tim.o
 .debug_aranges
                0x00000548       0x28 ..\obj\startup_stm32f10x_md.o
 .debug_aranges
                0x00000570       0xe0 ..\obj\stm32f10x_can.o
 .debug_aranges
                0x00000650       0xa8 ..\obj\stm32f10x_gpio.o
 .debug_aranges
                0x000006f8       0x68 ..\obj\main.o
 .debug_aranges
                0x00000760       0x50 ..\obj\system.o
 .debug_aranges
                0x000007b0       0x50 ..\obj\can.o
 .debug_aranges
                0x00000800      0x118 ..\obj\stm32f10x_rcc.o
 .debug_aranges
                0x00000918       0x58 ..\obj\gpio.o
 .debug_aranges
                0x00000970      0x100 ..\obj\stm32f10x_usart.o
 .debug_aranges
                0x00000a70       0x30 ..\obj\canNodeValve.o
 .debug_aranges
                0x00000aa0       0x60 ..\obj\syscalls.o
 .debug_aranges
                0x00000b00       0x30 ..\obj\port.o
 .debug_aranges
                0x00000b30       0x40 ..\obj\misc.o
 .debug_aranges
                0x00000b70       0xd0 ..\obj\stm32f10x_spi.o
 .debug_aranges
                0x00000c40       0x98 ..\obj\usart.o
 .debug_aranges
                0x00000cd8       0x48 ..\obj\stm32f10x_iwdg.o

.debug_ranges   0x00000000      0xbc0
 .debug_ranges  0x00000000       0x20 ..\obj\canNodeEncoder.o
 .debug_ranges  0x00000020       0x18 ..\obj\spi.o
 .debug_ranges  0x00000038      0x2e0 ..\obj\stm32f10x_tim.o
 .debug_ranges  0x00000318       0x18 ..\obj\iwdg.o
 .debug_ranges  0x00000330       0x28 ..\obj\system_stm32f10x.o
 .debug_ranges  0x00000358      0x190 ..\obj\tim.o
 .debug_ranges  0x000004e8       0x18 ..\obj\startup_stm32f10x_md.o
 .debug_ranges  0x00000500       0xd0 ..\obj\stm32f10x_can.o
 .debug_ranges  0x000005d0       0x98 ..\obj\stm32f10x_gpio.o
 .debug_ranges  0x00000668       0x58 ..\obj\main.o
 .debug_ranges  0x000006c0       0x40 ..\obj\system.o
 .debug_ranges  0x00000700       0x40 ..\obj\can.o
 .debug_ranges  0x00000740      0x108 ..\obj\stm32f10x_rcc.o
 .debug_ranges  0x00000848       0x48 ..\obj\gpio.o
 .debug_ranges  0x00000890       0xf0 ..\obj\stm32f10x_usart.o
 .debug_ranges  0x00000980       0x20 ..\obj\canNodeValve.o
 .debug_ranges  0x000009a0       0x50 ..\obj\syscalls.o
 .debug_ranges  0x000009f0       0x20 ..\obj\port.o
 .debug_ranges  0x00000a10       0x30 ..\obj\misc.o
 .debug_ranges  0x00000a40       0xc0 ..\obj\stm32f10x_spi.o
 .debug_ranges  0x00000b00       0x88 ..\obj\usart.o
 .debug_ranges  0x00000b88       0x38 ..\obj\stm32f10x_iwdg.o

.debug_line     0x00000000     0x57f1
 .debug_line    0x00000000      0x30f ..\obj\canNodeEncoder.o
 .debug_line    0x0000030f      0x2c6 ..\obj\spi.o
 .debug_line    0x000005d5      0xbb8 ..\obj\stm32f10x_tim.o
 .debug_line    0x0000118d      0x1ba ..\obj\iwdg.o
 .debug_line    0x00001347      0x256 ..\obj\system_stm32f10x.o
 .debug_line    0x0000159d      0x788 ..\obj\tim.o
 .debug_line    0x00001d25       0xbb ..\obj\startup_stm32f10x_md.o
 .debug_line    0x00001de0      0x5d2 ..\obj\stm32f10x_can.o
 .debug_line    0x000023b2      0x438 ..\obj\stm32f10x_gpio.o
 .debug_line    0x000027ea      0x4a9 ..\obj\main.o
 .debug_line    0x00002c93      0x299 ..\obj\system.o
 .debug_line    0x00002f2c      0x35b ..\obj\can.o
 .debug_line    0x00003287      0x533 ..\obj\stm32f10x_rcc.o
 .debug_line    0x000037ba      0x343 ..\obj\gpio.o
 .debug_line    0x00003afd      0x51a ..\obj\stm32f10x_usart.o
 .debug_line    0x00004017      0x32c ..\obj\canNodeValve.o
 .debug_line    0x00004343      0x207 ..\obj\syscalls.o
 .debug_line    0x0000454a      0x365 ..\obj\port.o
 .debug_line    0x000048af      0x2ab ..\obj\misc.o
 .debug_line    0x00004b5a      0x495 ..\obj\stm32f10x_spi.o
 .debug_line    0x00004fef      0x5a2 ..\obj\usart.o
 .debug_line    0x00005591      0x260 ..\obj\stm32f10x_iwdg.o

.debug_str      0x00000000     0x44cb
 .debug_str     0x00000000      0x730 ..\obj\canNodeEncoder.o
                                0x85c (size before relaxing)
 .debug_str     0x00000730      0x4d5 ..\obj\spi.o
                                0x72a (size before relaxing)
 .debug_str     0x00000c05      0xb2d ..\obj\stm32f10x_tim.o
                                0xdfe (size before relaxing)
 .debug_str     0x00001732       0x8a ..\obj\iwdg.o
                                0x240 (size before relaxing)
 .debug_str     0x000017bc      0x17d ..\obj\system_stm32f10x.o
                                0x310 (size before relaxing)
 .debug_str     0x00001939      0x840 ..\obj\tim.o
                               0x12ee (size before relaxing)
 .debug_str     0x00002179       0xc9 ..\obj\startup_stm32f10x_md.o
                                0x160 (size before relaxing)
 .debug_str     0x00002242      0x440 ..\obj\stm32f10x_can.o
                                0x74f (size before relaxing)
 .debug_str     0x00002682      0x2ae ..\obj\stm32f10x_gpio.o
                                0x53a (size before relaxing)
 .debug_str     0x00002930      0x4e1 ..\obj\main.o
                                0xe60 (size before relaxing)
 .debug_str     0x00002e11      0x142 ..\obj\system.o
                                0x68f (size before relaxing)
 .debug_str     0x00002f53      0x12a ..\obj\can.o
                                0x9bf (size before relaxing)
 .debug_str     0x0000307d      0x3e7 ..\obj\stm32f10x_rcc.o
                                0x63b (size before relaxing)
 .debug_str     0x00003464      0x13e ..\obj\gpio.o
                                0x53a (size before relaxing)
 .debug_str     0x000035a2      0x423 ..\obj\stm32f10x_usart.o
                                0x6b1 (size before relaxing)
 .debug_str     0x000039c5       0x61 ..\obj\canNodeValve.o
                                0x6be (size before relaxing)
 .debug_str     0x00003a26      0x197 ..\obj\syscalls.o
                                0x364 (size before relaxing)
 .debug_str     0x00003bbd       0x59 ..\obj\port.o
                                0x3ee (size before relaxing)
 .debug_str     0x00003c16      0x124 ..\obj\misc.o
                                0x3df (size before relaxing)
 .debug_str     0x00003d3a      0x2de ..\obj\stm32f10x_spi.o
                                0x61e (size before relaxing)
 .debug_str     0x00004018      0x3ba ..\obj\usart.o
                                0xc46 (size before relaxing)
 .debug_str     0x000043d2       0xf9 ..\obj\stm32f10x_iwdg.o
                                0x27d (size before relaxing)

.comment        0x00000000       0x6e
 .comment       0x00000000       0x6e ..\obj\canNodeEncoder.o
                                 0x6f (size before relaxing)
 .comment       0x0000006e       0x6f ..\obj\spi.o
 .comment       0x0000006e       0x6f ..\obj\stm32f10x_tim.o
 .comment       0x0000006e       0x6f ..\obj\iwdg.o
 .comment       0x0000006e       0x6f ..\obj\system_stm32f10x.o
 .comment       0x0000006e       0x6f ..\obj\tim.o
 .comment       0x0000006e       0x6f ..\obj\startup_stm32f10x_md.o
 .comment       0x0000006e       0x6f ..\obj\stm32f10x_can.o
 .comment       0x0000006e       0x6f ..\obj\stm32f10x_gpio.o
 .comment       0x0000006e       0x6f ..\obj\main.o
 .comment       0x0000006e       0x6f ..\obj\system.o
 .comment       0x0000006e       0x6f ..\obj\can.o
 .comment       0x0000006e       0x6f ..\obj\stm32f10x_rcc.o
 .comment       0x0000006e       0x6f ..\obj\gpio.o
 .comment       0x0000006e       0x6f ..\obj\stm32f10x_usart.o
 .comment       0x0000006e       0x6f ..\obj\canNodeValve.o
 .comment       0x0000006e       0x6f ..\obj\syscalls.o
 .comment       0x0000006e       0x6f ..\obj\port.o
 .comment       0x0000006e       0x6f ..\obj\misc.o
 .comment       0x0000006e       0x6f ..\obj\stm32f10x_spi.o
 .comment       0x0000006e       0x6f ..\obj\usart.o
 .comment       0x0000006e       0x6f ..\obj\stm32f10x_iwdg.o

.ARM.attributes
                0x00000000       0x31
 .ARM.attributes
                0x00000000       0x33 ..\obj\canNodeEncoder.o
 .ARM.attributes
                0x00000033       0x33 ..\obj\spi.o
 .ARM.attributes
                0x00000066       0x33 ..\obj\stm32f10x_tim.o
 .ARM.attributes
                0x00000099       0x33 ..\obj\iwdg.o
 .ARM.attributes
                0x000000cc       0x33 ..\obj\system_stm32f10x.o
 .ARM.attributes
                0x000000ff       0x33 ..\obj\tim.o
 .ARM.attributes
                0x00000132       0x33 ..\obj\startup_stm32f10x_md.o
 .ARM.attributes
                0x00000165       0x33 ..\obj\stm32f10x_can.o
 .ARM.attributes
                0x00000198       0x33 ..\obj\stm32f10x_gpio.o
 .ARM.attributes
                0x000001cb       0x33 ..\obj\main.o
 .ARM.attributes
                0x000001fe       0x33 ..\obj\system.o
 .ARM.attributes
                0x00000231       0x33 ..\obj\can.o
 .ARM.attributes
                0x00000264       0x33 ..\obj\stm32f10x_rcc.o
 .ARM.attributes
                0x00000297       0x33 ..\obj\gpio.o
 .ARM.attributes
                0x000002ca       0x33 ..\obj\stm32f10x_usart.o
 .ARM.attributes
                0x000002fd       0x33 ..\obj\canNodeValve.o
 .ARM.attributes
                0x00000330       0x33 ..\obj\syscalls.o
 .ARM.attributes
                0x00000363       0x33 ..\obj\port.o
 .ARM.attributes
                0x00000396       0x33 ..\obj\misc.o
 .ARM.attributes
                0x000003c9       0x33 ..\obj\stm32f10x_spi.o
 .ARM.attributes
                0x000003fc       0x33 ..\obj\usart.o
 .ARM.attributes
                0x0000042f       0x33 ..\obj\stm32f10x_iwdg.o
 .ARM.attributes
                0x00000462       0x1d c:/program files (x86)/gnu tools arm embedded/5.4 2016q3/bin/../lib/gcc/arm-none-eabi/5.4.1/armv7-m\libgcc.a(_aeabi_uldivmod.o)
 .ARM.attributes
                0x0000047f       0x2d c:/program files (x86)/gnu tools arm embedded/5.4 2016q3/bin/../lib/gcc/arm-none-eabi/5.4.1/armv7-m\libgcc.a(_udivmoddi4.o)
 .ARM.attributes
                0x000004ac       0x2d c:/program files (x86)/gnu tools arm embedded/5.4 2016q3/bin/../lib/gcc/arm-none-eabi/5.4.1/armv7-m\libgcc.a(unwind-arm.o)
 .ARM.attributes
                0x000004d9       0x1d c:/program files (x86)/gnu tools arm embedded/5.4 2016q3/bin/../lib/gcc/arm-none-eabi/5.4.1/armv7-m\libgcc.a(libunwind.o)
 .ARM.attributes
                0x000004f6       0x2d c:/program files (x86)/gnu tools arm embedded/5.4 2016q3/bin/../lib/gcc/arm-none-eabi/5.4.1/armv7-m\libgcc.a(pr-support.o)
 .ARM.attributes
                0x00000523       0x1d c:/program files (x86)/gnu tools arm embedded/5.4 2016q3/bin/../lib/gcc/arm-none-eabi/5.4.1/armv7-m\libgcc.a(_dvmd_tls.o)
 .ARM.attributes
                0x00000540       0x1b c:/program files (x86)/gnu tools arm embedded/5.4 2016q3/bin/../lib/gcc/arm-none-eabi/5.4.1/../../../../arm-none-eabi/lib/armv7-m\libg.a(lib_a-memcpy.o)
 .ARM.attributes
                0x0000055b       0x2d c:/program files (x86)/gnu tools arm embedded/5.4 2016q3/bin/../lib/gcc/arm-none-eabi/5.4.1/../../../../arm-none-eabi/lib/armv7-m\libg.a(lib_a-vsprintf.o)
 .ARM.attributes
                0x00000588       0x2d c:/program files (x86)/gnu tools arm embedded/5.4 2016q3/bin/../lib/gcc/arm-none-eabi/5.4.1/../../../../arm-none-eabi/lib/armv7-m\libg.a(lib_a-impure.o)
 .ARM.attributes
                0x000005b5       0x2d c:/program files (x86)/gnu tools arm embedded/5.4 2016q3/bin/../lib/gcc/arm-none-eabi/5.4.1/../../../../arm-none-eabi/lib/armv7-m\libg.a(lib_a-svfprintf.o)
 .ARM.attributes
                0x000005e2       0x2d c:/program files (x86)/gnu tools arm embedded/5.4 2016q3/bin/../lib/gcc/arm-none-eabi/5.4.1/../../../../arm-none-eabi/lib/armv7-m\libg.a(lib_a-dtoa.o)
 .ARM.attributes
                0x0000060f       0x2d c:/program files (x86)/gnu tools arm embedded/5.4 2016q3/bin/../lib/gcc/arm-none-eabi/5.4.1/../../../../arm-none-eabi/lib/armv7-m\libg.a(lib_a-localeconv.o)
 .ARM.attributes
                0x0000063c       0x2d c:/program files (x86)/gnu tools arm embedded/5.4 2016q3/bin/../lib/gcc/arm-none-eabi/5.4.1/../../../../arm-none-eabi/lib/armv7-m\libg.a(lib_a-mallocr.o)
 .ARM.attributes
                0x00000669       0x2d c:/program files (x86)/gnu tools arm embedded/5.4 2016q3/bin/../lib/gcc/arm-none-eabi/5.4.1/../../../../arm-none-eabi/lib/armv7-m\libg.a(lib_a-memchr-stub.o)
 .ARM.attributes
                0x00000696       0x2d c:/program files (x86)/gnu tools arm embedded/5.4 2016q3/bin/../lib/gcc/arm-none-eabi/5.4.1/../../../../arm-none-eabi/lib/armv7-m\libg.a(lib_a-mlock.o)
 .ARM.attributes
                0x000006c3       0x2d c:/program files (x86)/gnu tools arm embedded/5.4 2016q3/bin/../lib/gcc/arm-none-eabi/5.4.1/../../../../arm-none-eabi/lib/armv7-m\libg.a(lib_a-mprec.o)
 .ARM.attributes
                0x000006f0       0x2d c:/program files (x86)/gnu tools arm embedded/5.4 2016q3/bin/../lib/gcc/arm-none-eabi/5.4.1/../../../../arm-none-eabi/lib/armv7-m\libg.a(lib_a-sbrkr.o)
 .ARM.attributes
                0x0000071d       0x2d c:/program files (x86)/gnu tools arm embedded/5.4 2016q3/bin/../lib/gcc/arm-none-eabi/5.4.1/../../../../arm-none-eabi/lib/armv7-m\libg.a(lib_a-strlen-stub.o)
 .ARM.attributes
                0x0000074a       0x2d c:/program files (x86)/gnu tools arm embedded/5.4 2016q3/bin/../lib/gcc/arm-none-eabi/5.4.1/../../../../arm-none-eabi/lib/armv7-m\libg.a(lib_a-svfiprintf.o)
 .ARM.attributes
                0x00000777       0x2d c:/program files (x86)/gnu tools arm embedded/5.4 2016q3/bin/../lib/gcc/arm-none-eabi/5.4.1/../../../../arm-none-eabi/lib/armv7-m\libg.a(lib_a-callocr.o)
 .ARM.attributes
                0x000007a4       0x2d c:/program files (x86)/gnu tools arm embedded/5.4 2016q3/bin/../lib/gcc/arm-none-eabi/5.4.1/../../../../arm-none-eabi/lib/armv7-m\libg.a(lib_a-freer.o)
 .ARM.attributes
                0x000007d1       0x2d c:/program files (x86)/gnu tools arm embedded/5.4 2016q3/bin/../lib/gcc/arm-none-eabi/5.4.1/../../../../arm-none-eabi/lib/armv7-m\libg.a(lib_a-locale.o)
 .ARM.attributes
                0x000007fe       0x2d c:/program files (x86)/gnu tools arm embedded/5.4 2016q3/bin/../lib/gcc/arm-none-eabi/5.4.1/../../../../arm-none-eabi/lib/armv7-m\libg.a(lib_a-mbtowc_r.o)
 .ARM.attributes
                0x0000082b       0x2d c:/program files (x86)/gnu tools arm embedded/5.4 2016q3/bin/../lib/gcc/arm-none-eabi/5.4.1/../../../../arm-none-eabi/lib/armv7-m\libg.a(lib_a-memmove.o)
 .ARM.attributes
                0x00000858       0x2d c:/program files (x86)/gnu tools arm embedded/5.4 2016q3/bin/../lib/gcc/arm-none-eabi/5.4.1/../../../../arm-none-eabi/lib/armv7-m\libg.a(lib_a-memset.o)
 .ARM.attributes
                0x00000885       0x2d c:/program files (x86)/gnu tools arm embedded/5.4 2016q3/bin/../lib/gcc/arm-none-eabi/5.4.1/../../../../arm-none-eabi/lib/armv7-m\libg.a(lib_a-reallocr.o)
 .ARM.attributes
                0x000008b2       0x2d c:/program files (x86)/gnu tools arm embedded/5.4 2016q3/bin/../lib/gcc/arm-none-eabi/5.4.1/../../../../arm-none-eabi/lib/armv7-m\libg.a(lib_a-reent.o)
 .ARM.attributes
                0x000008df       0x2d c:/program files (x86)/gnu tools arm embedded/5.4 2016q3/bin/../lib/gcc/arm-none-eabi/5.4.1/../../../../arm-none-eabi/lib/armv7-m\libg.a(lib_a-wctomb_r.o)
 .ARM.attributes
                0x0000090c       0x2d c:/program files (x86)/gnu tools arm embedded/5.4 2016q3/bin/../lib/gcc/arm-none-eabi/5.4.1/../../../../arm-none-eabi/lib/armv7-m\libg.a(lib_a-ctype_.o)
 .ARM.attributes
                0x00000939       0x1d c:/program files (x86)/gnu tools arm embedded/5.4 2016q3/bin/../lib/gcc/arm-none-eabi/5.4.1/armv7-m\libgcc.a(_arm_addsubdf3.o)
 .ARM.attributes
                0x00000956       0x1d c:/program files (x86)/gnu tools arm embedded/5.4 2016q3/bin/../lib/gcc/arm-none-eabi/5.4.1/armv7-m\libgcc.a(_arm_muldivdf3.o)
 .ARM.attributes
                0x00000973       0x1d c:/program files (x86)/gnu tools arm embedded/5.4 2016q3/bin/../lib/gcc/arm-none-eabi/5.4.1/armv7-m\libgcc.a(_arm_cmpdf2.o)
 .ARM.attributes
                0x00000990       0x1d c:/program files (x86)/gnu tools arm embedded/5.4 2016q3/bin/../lib/gcc/arm-none-eabi/5.4.1/armv7-m\libgcc.a(_arm_unorddf2.o)
 .ARM.attributes
                0x000009ad       0x1d c:/program files (x86)/gnu tools arm embedded/5.4 2016q3/bin/../lib/gcc/arm-none-eabi/5.4.1/armv7-m\libgcc.a(_arm_fixdfsi.o)

.debug_frame    0x00000000     0x42b0
 .debug_frame   0x00000000       0x8c ..\obj\canNodeEncoder.o
 .debug_frame   0x0000008c       0x50 ..\obj\spi.o
 .debug_frame   0x000000dc      0xe2c ..\obj\stm32f10x_tim.o
 .debug_frame   0x00000f08       0x50 ..\obj\iwdg.o
 .debug_frame   0x00000f58       0x98 ..\obj\system_stm32f10x.o
 .debug_frame   0x00000ff0      0x6ac ..\obj\tim.o
 .debug_frame   0x0000169c       0x4c ..\obj\startup_stm32f10x_md.o
 .debug_frame   0x000016e8      0x3f0 ..\obj\stm32f10x_can.o
 .debug_frame   0x00001ad8      0x2d0 ..\obj\stm32f10x_gpio.o
 .debug_frame   0x00001da8      0x190 ..\obj\main.o
 .debug_frame   0x00001f38      0x108 ..\obj\system.o
 .debug_frame   0x00002040      0x110 ..\obj\can.o
 .debug_frame   0x00002150      0x4f4 ..\obj\stm32f10x_rcc.o
 .debug_frame   0x00002644      0x128 ..\obj\gpio.o
 .debug_frame   0x0000276c      0x490 ..\obj\stm32f10x_usart.o
 .debug_frame   0x00002bfc       0x90 ..\obj\canNodeValve.o
 .debug_frame   0x00002c8c      0x168 ..\obj\syscalls.o
 .debug_frame   0x00002df4       0x7c ..\obj\port.o
 .debug_frame   0x00002e70       0xd8 ..\obj\misc.o
 .debug_frame   0x00002f48      0x3a0 ..\obj\stm32f10x_spi.o
 .debug_frame   0x000032e8      0x27c ..\obj\usart.o
 .debug_frame   0x00003564       0xf0 ..\obj\stm32f10x_iwdg.o
 .debug_frame   0x00003654       0x2c c:/program files (x86)/gnu tools arm embedded/5.4 2016q3/bin/../lib/gcc/arm-none-eabi/5.4.1/armv7-m\libgcc.a(_aeabi_uldivmod.o)
 .debug_frame   0x00003680       0x38 c:/program files (x86)/gnu tools arm embedded/5.4 2016q3/bin/../lib/gcc/arm-none-eabi/5.4.1/armv7-m\libgcc.a(_udivmoddi4.o)
 .debug_frame   0x000036b8      0x300 c:/program files (x86)/gnu tools arm embedded/5.4 2016q3/bin/../lib/gcc/arm-none-eabi/5.4.1/armv7-m\libgcc.a(unwind-arm.o)
 .debug_frame   0x000039b8      0x104 c:/program files (x86)/gnu tools arm embedded/5.4 2016q3/bin/../lib/gcc/arm-none-eabi/5.4.1/armv7-m\libgcc.a(pr-support.o)
 .debug_frame   0x00003abc       0x50 c:/program files (x86)/gnu tools arm embedded/5.4 2016q3/bin/../lib/gcc/arm-none-eabi/5.4.1/../../../../arm-none-eabi/lib/armv7-m\libg.a(lib_a-vsprintf.o)
 .debug_frame   0x00003b0c       0x44 c:/program files (x86)/gnu tools arm embedded/5.4 2016q3/bin/../lib/gcc/arm-none-eabi/5.4.1/../../../../arm-none-eabi/lib/armv7-m\libg.a(lib_a-svfprintf.o)
 .debug_frame   0x00003b50       0x84 c:/program files (x86)/gnu tools arm embedded/5.4 2016q3/bin/../lib/gcc/arm-none-eabi/5.4.1/../../../../arm-none-eabi/lib/armv7-m\libg.a(lib_a-dtoa.o)
 .debug_frame   0x00003bd4       0x40 c:/program files (x86)/gnu tools arm embedded/5.4 2016q3/bin/../lib/gcc/arm-none-eabi/5.4.1/../../../../arm-none-eabi/lib/armv7-m\libg.a(lib_a-localeconv.o)
 .debug_frame   0x00003c14       0x54 c:/program files (x86)/gnu tools arm embedded/5.4 2016q3/bin/../lib/gcc/arm-none-eabi/5.4.1/../../../../arm-none-eabi/lib/armv7-m\libg.a(lib_a-mallocr.o)
 .debug_frame   0x00003c68       0x34 c:/program files (x86)/gnu tools arm embedded/5.4 2016q3/bin/../lib/gcc/arm-none-eabi/5.4.1/../../../../arm-none-eabi/lib/armv7-m\libg.a(lib_a-memchr-stub.o)
 .debug_frame   0x00003c9c       0x30 c:/program files (x86)/gnu tools arm embedded/5.4 2016q3/bin/../lib/gcc/arm-none-eabi/5.4.1/../../../../arm-none-eabi/lib/armv7-m\libg.a(lib_a-mlock.o)
 .debug_frame   0x00003ccc      0x264 c:/program files (x86)/gnu tools arm embedded/5.4 2016q3/bin/../lib/gcc/arm-none-eabi/5.4.1/../../../../arm-none-eabi/lib/armv7-m\libg.a(lib_a-mprec.o)
 .debug_frame   0x00003f30       0x2c c:/program files (x86)/gnu tools arm embedded/5.4 2016q3/bin/../lib/gcc/arm-none-eabi/5.4.1/../../../../arm-none-eabi/lib/armv7-m\libg.a(lib_a-sbrkr.o)
 .debug_frame   0x00003f5c       0x20 c:/program files (x86)/gnu tools arm embedded/5.4 2016q3/bin/../lib/gcc/arm-none-eabi/5.4.1/../../../../arm-none-eabi/lib/armv7-m\libg.a(lib_a-strlen-stub.o)
 .debug_frame   0x00003f7c       0x78 c:/program files (x86)/gnu tools arm embedded/5.4 2016q3/bin/../lib/gcc/arm-none-eabi/5.4.1/../../../../arm-none-eabi/lib/armv7-m\libg.a(lib_a-svfiprintf.o)
 .debug_frame   0x00003ff4       0x28 c:/program files (x86)/gnu tools arm embedded/5.4 2016q3/bin/../lib/gcc/arm-none-eabi/5.4.1/../../../../arm-none-eabi/lib/armv7-m\libg.a(lib_a-callocr.o)
 .debug_frame   0x0000401c       0x74 c:/program files (x86)/gnu tools arm embedded/5.4 2016q3/bin/../lib/gcc/arm-none-eabi/5.4.1/../../../../arm-none-eabi/lib/armv7-m\libg.a(lib_a-freer.o)
 .debug_frame   0x00004090       0x84 c:/program files (x86)/gnu tools arm embedded/5.4 2016q3/bin/../lib/gcc/arm-none-eabi/5.4.1/../../../../arm-none-eabi/lib/armv7-m\libg.a(lib_a-locale.o)
 .debug_frame   0x00004114       0x4c c:/program files (x86)/gnu tools arm embedded/5.4 2016q3/bin/../lib/gcc/arm-none-eabi/5.4.1/../../../../arm-none-eabi/lib/armv7-m\libg.a(lib_a-mbtowc_r.o)
 .debug_frame   0x00004160       0x30 c:/program files (x86)/gnu tools arm embedded/5.4 2016q3/bin/../lib/gcc/arm-none-eabi/5.4.1/../../../../arm-none-eabi/lib/armv7-m\libg.a(lib_a-memmove.o)
 .debug_frame   0x00004190       0x34 c:/program files (x86)/gnu tools arm embedded/5.4 2016q3/bin/../lib/gcc/arm-none-eabi/5.4.1/../../../../arm-none-eabi/lib/armv7-m\libg.a(lib_a-memset.o)
 .debug_frame   0x000041c4       0x58 c:/program files (x86)/gnu tools arm embedded/5.4 2016q3/bin/../lib/gcc/arm-none-eabi/5.4.1/../../../../arm-none-eabi/lib/armv7-m\libg.a(lib_a-reallocr.o)
 .debug_frame   0x0000421c       0x58 c:/program files (x86)/gnu tools arm embedded/5.4 2016q3/bin/../lib/gcc/arm-none-eabi/5.4.1/../../../../arm-none-eabi/lib/armv7-m\libg.a(lib_a-reent.o)
 .debug_frame   0x00004274       0x3c c:/program files (x86)/gnu tools arm embedded/5.4 2016q3/bin/../lib/gcc/arm-none-eabi/5.4.1/../../../../arm-none-eabi/lib/armv7-m\libg.a(lib_a-wctomb_r.o)
